10-13 14:34:15.739 14511 14637 I HighAvailableObject_JNI: onLog log = 14511-532789513392 [LV_APP][NE_HAV][lbs service] [lbs][host chooser manager]get host addr result 
10-13 14:34:15.739 14511 14637 I HighAvailableObject_JNI: host:59.111.209.229
10-13 14:34:15.739 14511 14637 I HighAvailableObject_JNI: port:8080
10-13 14:34:15.739 14511 14637 I HighAvailableObject_JNI: default:0
10-13 14:34:15.739 14511 14637 I HighAvailableObject_JNI: family:ip_v4
10-13 14:34:15.739 14511 14637 I HighAvailableObject_JNI: 
10-13 14:34:15.739 14511 14637 I jvm.cc  : GetEnv 0xb400007d8ce10290
10-13 14:34:15.739 14511 14637 I HighAvailableObject_JNI: onLog log = 14511-532789513392 [LV_APP][NE_HAV][lbs service] [lbs][host chooser manager][return]get host addr result 
10-13 14:34:15.739 14511 14637 I HighAvailableObject_JNI: host:59.111.209.229
10-13 14:34:15.739 14511 14637 I HighAvailableObject_JNI: port:8080
10-13 14:34:15.739 14511 14637 I HighAvailableObject_JNI: default:0
10-13 14:34:15.739 14511 14637 I HighAvailableObject_JNI: family:ip_v4
10-13 14:34:15.739 14511 14637 I HighAvailableObject_JNI: 
10-13 14:34:15.739 14511 14637 I jvm.cc  : GetEnv 0xb400007d8ce10290
10-13 14:34:15.739 14511 14637 I HighAvailableObject_JNI: onLog log = 14511-532789513392 [LV_APP][NE_HAV][lbs service] [lbs][host chooser manager]get host end
10-13 14:34:15.739 14511 14637 I HighAvailableLBSService_JNI: LBSInitCallback IN
10-13 14:34:15.739 14511 14637 I jvm.cc  : GetEnv 0xb400007d8ce10290
10-13 14:34:15.740 14511 14581 I HighAvailableLBSService: nativeGetLBSResponse = {"common":{"desc":"online","httpdns":["https://httpdns.n.netease.com","http://59.111.239.61","http://59.111.239.62"],"lbs":"https://lbs.netease.im/lbs/conf.jsp","lbs.backup":[],"link":["59.111.209.229:8080","link-bgp07.netease.im:9092","link-yqsx02.netease.im:8080","59.111.209.229:8080","59.111.209.22:8080","link-bgp64.netease.im:443","link-bgp07.netease.im:8080","link-yqsx03.netease.im:8080","link-bgp06.netease.im:443"],"link.default":["link.netease.im:8080"],"mix.link":[],"msg.stat.enable":false,"name":"","nos":["http://45.127.128.24","http://45.127.128.25"],"nosdl":"http://nos.netease.com","nosdls":["http://nos.netease.com"],"report":null,"ttl":43200}}
10-13 14:34:15.740 14511 14511 I HighAvailableLBSService: nativeGetLinkAddress = true
10-13 14:34:15.740 14511 14511 I HighAvailableLBSService: getLinkAddress OUT 
10-13 14:34:15.741 14511 14637 I HighAvailableLBSService: getLinkAddress onGetLinkAddressCallBack sn = 1697165310822-0,ip = 59.111.209.229,port = 8080,addressFamily = 1
10-13 14:34:15.741 14408 14499 I [ui]InvocationMgr: 71/on notify: Transaction: [id: 14, sync: false, priority: 0,   method: AuthServiceObserver/observeOnlineStatus]
10-13 14:34:15.741 14408 14507 D Linux   : [Posix_connect Debug]Process com.liquid.poros :8888 
10-13 14:34:15.742 14511 14581 I HighAvailableLBSService_JNI: nativeGetMessageDelayStaticsInfo IN
10-13 14:34:15.742 14511 14581 I HighAvailableLBSService_JNI: nativeGetMessageDelayStaticsInfo OUT
10-13 14:34:15.743 14511 14579 I [push]MainLinkLbsPush: 2/getLinkAddress (sync)
10-13 14:34:15.743 14511 14581 I HighAvailableLBSService: nativeGetMessageDelayStaticsInfo = MessageDelayStaticsInfo{enable=false, host='statistic.live.126.net', api='/statics/report/im/sdk/msgreceived', desc='default'}
10-13 14:34:15.744 14511 14579 I [push]MainLinkLbsPush: 2/start init
10-13 14:34:15.744 14511 14579 I [push]MainLinkLbsPush: 2/already init
10-13 14:34:15.745 14511 14579 I [push]MainLinkLbsPush: 2/updateAppKey (sync): f1d87fb4cf5bb62dc25c76430ef641e3
10-13 14:34:15.747 14511 14579 I [push]MainLinkLbsPush: 2/isInit lbsService = com.netease.nim.highavailable.HighAvailableLBSService@488ce36
10-13 14:34:15.747 14511 14579 I [push]MainLinkLbsPush: 2/fetch LBS in background (sync)
10-13 14:34:15.748 14511 14579 I [push]MainLinkLbsPush: 2/isInit lbsService = com.netease.nim.highavailable.HighAvailableLBSService@488ce36
10-13 14:34:15.749 14511 14579 I [push]LBSIPVHelper: 2/last chosen ip version is IPV4
10-13 14:34:15.750 14511 14579 I [push]highAvailable: 56/14511-532789513392 [LV_APP][NE_HAV][lbs service] [lbs][host chooser manager]get host begin
10-13 14:34:15.750 14511 14579 I [push]highAvailable: 
10-13 14:34:15.750 14511 14579 I [push]highAvailable: 56/14511-532789513392 [LV_APP][NE_HAV][lbs service] [lbs][host chooser manager]get host addr family:1
10-13 14:34:15.750 14511 14579 I [push]highAvailable: 
10-13 14:34:15.751 14511 14579 I [push]highAvailable: 56/14511-532789513392 [LV_APP][NE_HAV][lbs service] [lbs][host chooser manager]get host addr result is nullptr do get[1]
10-13 14:34:15.751 14511 14579 I [push]highAvailable: 
10-13 14:34:15.752 14511 14579 I [push]highAvailable: 56/14511-532789513392 [LV_APP][NE_HAV][lbs service] [lbs][host chooser][get host] water level :true threshold is reached: false
10-13 14:34:15.752 14511 14579 I [push]highAvailable: 
10-13 14:34:15.752 14511 14579 I [push]highAvailable: 56/14511-532789513392 [LV_APP][NE_HAV][lbs service] [lbs][host chooser][get host] water level :true use last: false
10-13 14:34:15.752 14511 14579 I [push]highAvailable: 
10-13 14:34:15.753 14511 14579 I [push]highAvailable: 56/14511-532789513392 [LV_APP][NE_HAV][lbs service] [lbs][host chooser][get host] host:59.111.209.229:8080 default:false current index:0 next index:0 need update lbs:false
10-13 14:34:15.753 14511 14579 I [push]highAvailable: 
10-13 14:34:15.753 14511 14579 I [push]highAvailable: 56/14511-532789513392 [LV_APP][NE_HAV][lbs service] [lbs][host chooser manager]get host addr result 
10-13 14:34:15.753 14511 14579 I [push]highAvailable: host:59.111.209.229
10-13 14:34:15.753 14511 14579 I [push]highAvailable: port:8080
10-13 14:34:15.753 14511 14579 I [push]highAvailable: default:0
10-13 14:34:15.753 14511 14579 I [push]highAvailable: family:ip_v4
10-13 14:34:15.753 14511 14579 I [push]highAvailable: 
10-13 14:34:15.753 14511 14579 I [push]highAvailable: 
10-13 14:34:15.754 14511 14579 I [push]highAvailable: 56/14511-532789513392 [LV_APP][NE_HAV][lbs service] [lbs][host chooser manager][return]get host addr result 
10-13 14:34:15.754 14511 14579 I [push]highAvailable: host:59.111.209.229
10-13 14:34:15.754 14511 14579 I [push]highAvailable: port:8080
10-13 14:34:15.754 14511 14579 I [push]highAvailable: default:0
10-13 14:34:15.754 14511 14579 I [push]highAvailable: family:ip_v4
10-13 14:34:15.754 14511 14579 I [push]highAvailable: 
10-13 14:34:15.754 14511 14579 I [push]highAvailable: 
10-13 14:34:15.754 14511 14579 I [push]highAvailable: 56/14511-532789513392 [LV_APP][NE_HAV][lbs service] [lbs][host chooser manager]get host end
10-13 14:34:15.754 14511 14579 I [push]highAvailable: 
10-13 14:34:15.756 14511 14579 I [push]ConnectivityWatcher: 2/receive CONNECTIVITY_ACTION,isConnected = true,available = true,typeName = WIFI
10-13 14:34:15.756 14511 14579 I [push]MainLinkLbsPush: 56/get link address: HighAvailableLinkAddress{sn='1697165310822-0', ip='59.111.209.229', port=8080, addressFamily=1}
10-13 14:34:15.757 14511 14579 I [push]core: 56/connect server 59.111.209.229:8080, rel=true
10-13 14:34:15.759 14511 14579 I [push]MainLinkLbsPush: 46/message delay report unavailable
10-13 14:34:15.759 14511 14579 I [push]MainLinkLbsPush: 46/update server address from LBS, links count=9, def links count=1, nosdl count=1
10-13 14:34:15.760 14511 14579 I [push]MainLinkLbsPush: 46/parse LBS json, origin content:{"common":{"desc":"online","httpdns":["https://httpdns.n.netease.com","http://59.111.239.61","http://59.111.239.62"],"lbs":"https://lbs.netease.im/lbs/conf.jsp","lbs.backup":[],"link":["59.111.209.229:8080","link-bgp07.netease.im:9092","link-yqsx02.netease.im:8080","59.111.209.229:8080","59.111.209.22:8080","link-bgp64.netease.im:443","link-bgp07.netease.im:8080","link-yqsx03.netease.im:8080","link-bgp06.netease.im:443"],"link.default":["link.netease.im:8080"],"mix.link":[],"msg.stat.enable":false,"name":"","nos":["http://45.127.128.24","http://45.127.128.25"],"nosdl":"http://nos.netease.com","nosdls":["http://nos.netease.com"],"report":null,"ttl":43200}}
10-13 14:34:15.760 14511 14637 I HighAvailableLBSService_JNI: LBSInitCallback OUT
10-13 14:34:15.800 14511 14579 I [push]core: 49/on connect completed, state=CONNECTED
10-13 14:34:15.805 14511 14579 I [push]core: 2/on connection changed to CONNECTED
10-13 14:34:15.806 14511 14579 D [push]SDKState: 2/set status to LOGINING
10-13 14:34:15.808 14511 14579 I [push]core: 2/SDK status change to LOGINING
10-13 14:34:15.808 14408 14499 I [ui]SDKCache: 71/set login info, account=1295319991, appKey=null
10-13 14:34:15.809 14408 14499 I [ui]ui  : 71/set status from CONNECTING to LOGINING
10-13 14:34:15.809 14408 14499 D [ui]SDKState: 71/set status to LOGINING
10-13 14:34:15.809 14408 14499 I [ui]InvocationMgr: 71/on notify: Transaction: [id: 15, sync: false, priority: 0,   method: AuthServiceObserver/observeOnlineStatus]
10-13 14:34:15.812 14511 14579 D [push]AuthManager: 2/appAccount:1295319991
10-13 14:34:15.815 14511 14579 D [push]AuthManager: 2/login with SdkType 1 HumanVersion:9.10.1
10-13 14:34:15.817 14511 14579 D [push]AuthManager: 2/login with UserAgent Native/9.10.1.11848
10-13 14:34:15.820 14511 14579 D [push]AuthManager: 2/authType:0
10-13 14:34:15.822 14511 14579 D [push]AuthManager: 2/clientVersion:91001
10-13 14:34:15.824 14511 14579 I [push]DeviceIdStore: 2/get file succeed, path=/data/user/0/com.liquid.poros/f1d87fb4cf5bb62dc25c76430ef641e3/nim_device2
10-13 14:34:15.826 14511 14579 I [push]DeviceIdStore: 2/read device id from nim_device2: c906e42c-34f3-4fce-aaa4-d5ea80b781ff
10-13 14:34:15.827 14408 14593 D ChannelUtils: 未解析到相应的渠道号，使用默认内部渠道号
10-13 14:34:15.827 14408 14593 D ChannelUtils: channel 2---------------=unknown_channel
10-13 14:34:15.827 14408 14593 D ChannelUtils: channel 3-------------=unknown_channel
10-13 14:34:15.829 14408 14585 D ChannelUtils: 未解析到相应的渠道号，使用默认内部渠道号
10-13 14:34:15.831 14511 14579 I [push]mix_push: 2/no push register, puthType=11
10-13 14:34:15.833 14511 14579 I [push]AuthManager: 2/make pres: manual login
10-13 14:34:15.852 14511 14579 I [push]core: 49/send PacketHeader [SID 1 , CID 1 , SER 0 , RES 200 , TAG 0 , LEN 521]
10-13 14:34:15.903 14511 14579 V [push]core: 49/received packetSize: 8, readableBytes: 4
10-13 14:34:15.904 14511 14579 I [push]core: 49/received PacketHeader [SID 1 , CID 1 , SER 0 , RES 200 , TAG 2 , LEN 7]
10-13 14:34:15.905 14511 14579 I [push]AlarmKeepAlive: 49/start keep alive alarm, delay=240000 executor:java.util.concurrent.Executors$DelegatedScheduledExecutorService@49be573
10-13 14:34:15.940 14511 14579 V [push]core: 49/received packetSize: 119, readableBytes: 115
10-13 14:34:15.942 14511 14579 I [push]core: 49/received PacketHeader [SID 2 , CID 2 , SER 2 , RES 200 , TAG 2 , LEN 118]
10-13 14:34:15.947 14511 14579 I [push]core: 49/handle packet: PacketHeader [SID 2 , CID 2 , SER 2 , RES 200 , TAG 2 , LEN 118]
10-13 14:34:15.950 14511 14579 I [push]DeviceIdStore: 2/read device id from ram: c906e42c-34f3-4fce-aaa4-d5ea80b781ff
10-13 14:34:15.952 14511 14511 I HighAvailableLBSService: notifyAddressSucceed, sn = 1697165310822-0
10-13 14:34:15.952 14511 14579 I [push]ui: 2/handler response PacketHeader [SID 2 , CID 2 , SER 2 , RES 200 , TAG 2 , LEN 118]
10-13 14:34:15.953 14511 14511 I HighAvailableLBSService_JNI: nativeNotifyAddressSucceed IN
10-13 14:34:15.953 14511 14511 I HighAvailableLBSService_JNI: nativeNotifyAddressSucceed sn = 1697165310822-0
10-13 14:34:15.953 14511 14511 I jvm.cc  : GetEnv 0xb400007d8ce10290
10-13 14:34:15.953 14511 14511 I HighAvailableObject_JNI: onLog log = 14511-547407066360 [LV_APP][NE_HAV][unknown] [lbs] Call NotifyAddressSucceed hold { sn:1697165310822-0 host:59.111.209.229 port:8080 }
10-13 14:34:15.953 14511 14511 I jvm.cc  : GetEnv 0xb400007d8ce10290
10-13 14:34:15.953 14511 14511 I HighAvailableObject_JNI: onLog log = 14511-547407066360 [LV_APP][NE_HAV][unknown] [lbs] Call NotifyAddressSucceed / start hold_host_timer
10-13 14:34:15.953 14511 14579 I [push]core: 2/onLoginPush SDK login success, account=1295319991
10-13 14:34:15.953 14511 14511 I HighAvailableLBSService_JNI: nativeNotifyAddressSucceed OUT
10-13 14:34:15.956 14511 14579 I [push]MainLinkLbsPush: 2/onConnected (sync) 59.111.209.229:8080
10-13 14:34:15.956 14511 14579 I [push]MainLinkLbsPush: 2/start init
10-13 14:34:15.957 14511 14579 I [push]MainLinkLbsPush: 2/already init
10-13 14:34:15.960 14511 14579 I [push]highAvailable: 2/14511-547407066360 [LV_APP][NE_HAV][unknown] [lbs] Call NotifyAddressSucceed hold { sn:1697165310822-0 host:59.111.209.229 port:8080 }
10-13 14:34:15.960 14511 14579 I [push]highAvailable: 
10-13 14:34:15.960 14511 14579 I [push]highAvailable: 2/14511-547407066360 [LV_APP][NE_HAV][unknown] [lbs] Call NotifyAddressSucceed / start hold_host_timer
10-13 14:34:15.960 14511 14579 I [push]highAvailable: 
10-13 14:34:15.963 14511 14579 D [push]SDKState: 2/set status to LOGINED
10-13 14:34:15.964 14511 14579 I [push]core: 2/SDK status change to LOGINED
10-13 14:34:15.966 14511 14579 I [push]DeviceIdStore: 2/no need to delete old device id file, not exist
10-13 14:34:15.975 14511 14579 D [push]session_ack: 2/sync session ack list, syncTimeTag=1697092316838
10-13 14:34:15.975 14511 14579 D [push]session_ack: 2/sync super team session ack list, syncTimeTag=0
10-13 14:34:15.978 14511 14579 I [push]core: 2/SDK send login sync data request
10-13 14:34:15.980 14511 14579 I [push]core: 2/request sync time tags : SyncTimeTagData{myUserInfoTimeTag=1697092316835, unreadMsgTimeTag=0, teamInfoTimeTag=0, noDisturbConfigTimeTag=0, avchatRecordsTimeTag=0, roamingMsgTimeTag=1697178820254, blackAndMuteListTimeTag=0, friendListTimeTag=0, friendInfoTimeTag=0, p2pSessionMsgReadTimeTag=0, myTeamMemberListTimeTag=0, dontPushConfigTimeTag=0, revokeMsgTimeTag=0, sessionAckListTimeTag=1697092316838, robotListTimeTag=0, lastBroadcastMsgId=0, signallingMsgTimeTag=0, superTeamInfoTimeTag=0, mySuperTeamMemberListTimeTag=0, superTeamRoamingMsgTimeTag=1697178820254, superTeamRevokeMsgTimeTag=0, superTeamSessionAckListTimeTag=0, deleteMsgSelfTimeTag=0, stickTopSessionTimeTag=0, sessionHistoryMsgDeleteTimeTag=0}
10-13 14:34:15.981 14511 14579 I [push]core: 49/send PacketHeader [SID 5 , CID 1 , SER 3 , RES 200 , TAG 0 , LEN 129]
10-13 14:34:15.983 14511 14579 I [push]core: 49/send PacketHeader [SID 3 , CID 2 , SER 1000 , RES 200 , TAG 0 , LEN 10]
10-13 14:34:15.985 14511 14591 E LinkClient: writeRequest 1001 275098837
10-13 14:34:15.987 14511 14579 I [push]core: 49/send PacketHeader [SID 6 , CID 23 , SER 1001 , RES 200 , TAG 0 , LEN 5]
10-13 14:34:15.988 14511 15081 E LinkClient: writeRequest 1001 275098840 isCanceled: false  isDone: true isSuccess: true
10-13 14:34:16.006 14408 14499 W ratelimit: Single process limit 250/s drop 69 lines.
10-13 14:34:16.006 14408 14499 I [ui]mix_push: 74/oppo push sdk find
10-13 14:34:16.006 14408 14512 E mcssdk---: MCS-->isExistPackage NameNotFoundException:com.coloros.mcs
10-13 14:34:16.007 14408 14499 I [ui]mix_push: 74/framework not support, puthType=10
10-13 14:34:16.008 14408 14499 I [ui]mix_push: 74/no push register, puthType=11
10-13 14:34:16.008 14408 14499 I [ui]mix_push: 74/MixPushSuggest filterSuggestPush = [9]
10-13 14:34:16.008 14408 14499 I [ui]mix_push: 74/afterLogin: pushType 9 hasPushed false deviceChanged false localEnabled true localEnvSupport true
10-13 14:34:16.008 14408 14499 I [ui]mix_push: 74/to init vivo push, version=3.4.0.0
10-13 14:34:16.012 14408 14499 I [ui]ui  : 74/notify LoginSyncDataStatus: BEGIN_SYNC
10-13 14:34:16.012 14408 14499 I [ui]NotificationCenter: 74/notifyLoginSyncDataStatus BEGIN_SYNC
10-13 14:34:16.013 14408 14499 I [ui]InvocationMgr: 74/on notify: Transaction: [id: 17, sync: false, priority: 0,   method: AuthServiceObserver/observeLoginSyncDataStatus]
10-13 14:34:16.015 14408 14499 I [ui]core: 74/add send task: Request [SID 6 , CID 17]
10-13 14:34:16.015 14408 14499 I [ui]core: 74/pend task: Request [SID 6 , CID 17]
10-13 14:34:16.016 14408 14499 I [ui]LocalAgent: 74/sender = android.os.Messenger@1940940
10-13 14:34:16.016 14408 14499 I [ui]core: 74/add send task: Request [SID 6 , CID 26]
10-13 14:34:16.016 14408 14499 I [ui]core: 74/pend task: Request [SID 6 , CID 26]
10-13 14:34:16.017 14408 14499 I [ui]LocalAgent: 74/sender = android.os.Messenger@1940940
10-13 14:34:16.018 14408 14408 E NEIMRoomService:  
10-13 14:34:16.018 14408 14408 E NEIMRoomService: ┌────────────────────────────────────────────────────────────────────────────────────────────────────────────────
10-13 14:34:16.018 14408 14408 E NEIMRoomService: │ main, com.liquid.lib.avchat.netease.im.NEIMRoomService$IMLogin$1.onResult(NEIMRoomService.kt:159)
10-13 14:34:16.018 14408 14408 E NEIMRoomService: ├┄┄┄┄┄┄┄┄┄┄┄┄┄┄┄┄┄┄┄┄┄┄┄┄┄┄┄┄┄┄┄┄┄┄┄┄┄┄┄┄┄┄┄┄┄┄┄┄┄┄┄┄┄┄┄┄┄┄┄┄┄┄┄┄┄┄┄┄┄┄┄┄┄┄┄┄┄┄┄┄┄┄┄┄┄┄┄┄┄┄┄┄┄┄┄┄┄┄┄┄┄┄┄┄┄┄┄┄┄┄┄┄
10-13 14:34:16.018 14408 14408 E NEIMRoomService: │ NetEaseImRoomService login im finish code:200 msg:null
10-13 14:34:16.018 14408 14408 E NEIMRoomService: └────────────────────────────────────────────────────────────────────────────────────────────────────────────────
10-13 14:34:16.019 14408 14499 I [ui]UICore: 74/onLoginDone 200 Transaction: [id: 13, sync: false, priority: 0,   method: AuthService/login] LoginInfo{account='1295319991', authType=0, customClientType=0} LoginInfo{account='1295319991', authType=0, customClientType=0}
10-13 14:34:16.019 14408 14499 I [ui]InvocationMgr: 74/execution result: Transaction: [id: 13, sync: false, priority: 0,   method: AuthService/login, result: 200]
10-13 14:34:16.020 14511 14579 I [push]core: 49/send PacketHeader [SID 6 , CID 17 , SER 1002 , RES 200 , TAG 0 , LEN 14]
10-13 14:34:16.021 14408 14499 I [ui]ui  : 74/get friend list timetag, -1
10-13 14:34:16.021 14408 14499 I [ui]ui  : 74/get friend list return timetag, 0
10-13 14:34:16.022 14408 14499 I [ui]statics: 67/event login data length = 2470
10-13 14:34:16.022 14408 14499 I [ui]ui  : 74/clear friend list dirty data
10-13 14:34:16.023 14511 14579 I [push]core: 49/send PacketHeader [SID 6 , CID 26 , SER 1003 , RES 200 , TAG 0 , LEN 5]
10-13 14:34:16.023 14408 14499 I [ui]ui  : 74/clear relation dirty data
10-13 14:34:16.023 14408 14499 I [ui]TeamDBHelper: 74/clear all teams
10-13 14:34:16.023 14408 14499 I [ui]ui  : 74/clear team info dirty data ， dirty size = 0
10-13 14:34:16.024 14408 14499 I [ui]ui  : 74/clear robot list dirty data
10-13 14:34:16.026 14408 14499 I [ui]SuperTeamDBHelper: 74/clear all teams
10-13 14:34:16.026 14408 14499 I [ui]ui  : 74/clear team info dirty data ， dirty size = 0
10-13 14:34:16.035 14408 14499 E [ui]nim_http: 70/http get error, e=java.security.cert.CertPathValidatorException: Trust anchor for certification path not found., url=https://statistic.live.126.net/dispatcher/req?sdkVer=9.10.1&appkey=f1d87fb4cf5bb62dc25c76430ef641e3&deviceId=c906e42c-34f3-4fce-aaa4-d5ea80b781ff&platform=AOS&sdktype=IM
10-13 14:34:16.036 14408 14499 I [ui]statics: 2/request strategy failed, code=0, e=java.security.cert.CertPathValidatorException: Trust anchor for certification path not found.
10-13 14:34:16.037 14511 14579 V [push]core: 49/received packetSize: 16, readableBytes: 12
10-13 14:34:16.037 14511 15081 E LinkClient: channelRead 1001 275098889
10-13 14:34:16.037 14511 14579 I [push]core: 49/received PacketHeader [SID 6 , CID 23 , SER 1001 , RES 200 , TAG 2 , LEN 15]
10-13 14:34:16.039 14408 14499 I [ui]NtpDaemon: 71/markNtpResponseReceivedUi serialId 1001 elapsedRealtime 275098889 cache 1001=NtpRecord{requestSentTimestamp=275098840, responseReceivedTimestamp=0, serverTime=0, selected=false}
10-13 14:34:16.039 14408 14499 I [ui]NtpDaemon: 71/checkNtpRecord: 1001 NtpRecord{requestSentTimestamp=275098840, responseReceivedTimestamp=275098889, serverTime=0, selected=false}
10-13 14:34:16.039 14408 14499 W [ui]NtpDaemon: 71/checkNtpRecord response received timestamp invalid: 1001 NtpRecord{requestSentTimestamp=275098840, responseReceivedTimestamp=275098889, serverTime=0, selected=false}
10-13 14:34:16.039 14408 14499 I [ui]LocalAgent: 71/handleNtpIpcEvent true {"KEY_IPC_EVENT_TYPE":2,"KEY_PROTOCOL_SERIAL_ID":1001,"KEY_RESPONSE_RECEIVED_TIMESTAMP":275098889}
10-13 14:34:16.040 14408 14499 I [ui]core: 71/handle packet: PacketHeader [SID 6 , CID 23 , SER 1001 , RES 200 , TAG 2 , LEN 15]
10-13 14:34:16.040 14408 14499 I [ui]ui  : 71/response queue size = 0
10-13 14:34:16.040 14408 14499 I [ui]NtpDaemon: 74/[SID 6 , CID 23] response: serialId 1001 code 200 1697178856730 
10-13 14:34:16.040 14408 14499 I [ui]NtpDaemon: 74/handleNtpResponse serialId 1001 resCode 200 serverTime 1697178856730 cache 1001=NtpRecord{requestSentTimestamp=275098840, responseReceivedTimestamp=275098889, serverTime=0, selected=false}
10-13 14:34:16.041 14408 14499 I [ui]NtpDaemon: 74/checkNtpRecord: 1001 NtpRecord{requestSentTimestamp=275098840, responseReceivedTimestamp=275098889, serverTime=1697178856730, selected=false}
10-13 14:34:16.041 14408 14499 I [ui]NtpDaemonCommon: 74/getServerNow OriginTimestamp{localTimestamp=275098889, ntpTimestamp=NtpTimestamp{time=1697178856730, rtt=49}}
10-13 14:34:16.042 14408 14499 I [ui]NtpDaemon: 74/checkNtpRecord serialId 1001 originTimestamp OriginTimestamp{localTimestamp=275098889, ntpTimestamp=NtpTimestamp{time=1697178856730, rtt=49}} ntpRecord NtpRecord{requestSentTimestamp=275098840, responseReceivedTimestamp=275098889, serverTime=1697178856730, selected=false} now 1697178856758
10-13 14:34:16.050 14511 14579 I [push]cp: 33/NIMContentProvider onHandleString key KEY_UPDATE_NTP value {"JSON_KEY_LOCAL_TIMESTAMP":275098889,"JSON_KEY_NTP_TIMESTAMP":"{\"JSON_KEY_TIME\":1697178856730,\"JSON_KEY_RTT\":49}"}
10-13 14:34:16.051 14511 14579 E [push]OriginTimestamp: 33/fromJson NtpTimestamp null {"JSON_KEY_LOCAL_TIMESTAMP":275098889,"JSON_KEY_NTP_TIMESTAMP":"{\"JSON_KEY_TIME\":1697178856730,\"JSON_KEY_RTT\":49}"}
10-13 14:34:16.053 14511 14579 I [push]NIMDataHandler: 33/KEY_UPDATE_NTP value {"JSON_KEY_LOCAL_TIMESTAMP":275098889,"JSON_KEY_NTP_TIMESTAMP":"{\"JSON_KEY_TIME\":1697178856730,\"JSON_KEY_RTT\":49}"} originTimestamp OriginTimestamp{localTimestamp=275098889, ntpTimestamp=NtpTimestamp{time=1697178856730, rtt=49}}
10-13 14:34:16.053 14408 14499 I [ui]NtpDaemon: 74/updateNtpToPush ipcUpdated 1
10-13 14:34:16.086 14511 14579 V [push]core: 49/received packetSize: 8, readableBytes: 1020
10-13 14:34:16.086 14511 14579 I [push]core: 49/received PacketHeader [SID 3 , CID 2 , SER 1000 , RES 200 , TAG 2 , LEN 7]
10-13 14:34:16.091 14511 14579 V [push]core: 49/received packetSize: 444, readableBytes: 1012
10-13 14:34:16.094 14511 14579 I [push]core: 49/received PacketHeader [SID 4 , CID 25 , SER 3 , RES 200 , TAG 2 , LEN 442]
10-13 14:34:16.095 14408 14499 I [ui]core: 71/handle packet: PacketHeader [SID 3 , CID 2 , SER 1000 , RES 200 , TAG 2 , LEN 7]
10-13 14:34:16.096 14408 14499 I [ui]ui  : 71/response queue size = 0
10-13 14:34:16.097 14408 14499 I [ui]core: 71/handle packet: PacketHeader [SID 4 , CID 25 , SER 3 , RES 200 , TAG 2 , LEN 442]
10-13 14:34:16.097 14408 14499 I [ui]ui  : 71/response queue size = 0
10-13 14:34:16.097 14511 14579 V [push]core: 49/received packetSize: 734, readableBytes: 568
10-13 14:34:16.098 14408 14499 I [ui]ui  : 74/handler response PacketHeader [SID 4 , CID 25 , SER 3 , RES 200 , TAG 2 , LEN 442]
10-13 14:34:16.100 14408 14499 I [ui]SessionReliableHelper: 74/function: onSyncReliableInfo RecentReliableInfo{syncRequestRoamingTimestamp=1697178820254, type=DYNAMIC, syncResponseTimestamp=0, syncSessionReliableInfos={p2p|0=SyncSessionReliableInfo{sessionId='0', sessionType=P2P, syncStatus=INCREMENTAL_FULL, syncStartMessageTime=1697178828126, syncStartMessageIdServer=8582604129973, syncStartMessageIdClient='34b30beb-b79b-4ba0-9cb6-c371c26139a6', syncStopMessageTime=1697178829447, syncStopMessageIdServer=8582604425030, syncStopMessageIdClient='02a3fe41-6d57-4049-8999-d73ffb0cc3a2', nextMessageTime=1697178820254, nextMessageIdServer=8582602901280, nextMessageIdClient='4eb565be-1121-457a-bd7e-e2b0c28419c9', syncRoamMsg=false, syncOfflineMsg=true, syncNetCallOfflineMsg=false}, p2p|1256780371=SyncSessionReliableInfo{sessionId='1256780371', sessionType=P2P, syncStatus=INCREMENTAL_EMPTY, syncStartMessageTime=0, syncStartMessageIdServer=0, syncStartMessageIdClient='null', syncStopMessageTime=0, syncStopMessageIdServer=0, syncStopMessageIdClient='null', nextMessageTime=1697081398793, nextMessageIdServer=8569032803455, nextMessageIdClient='cfb2d75e-e061-4254-989c-e7b6bf7ab17f', syncRoamMsg=false, syncOfflineMsg=false, syncNetCallOfflineMsg=false}, p2p|1074590021=SyncSessionReliableInfo{sessionId='1074590021', sessionType=P2P, syncStatus=INCREMENTAL_EMPTY, syncStartMessageTime=0, syncStartMessageIdServer=0, syncStartMessageIdClient='null', syncStopMessageTime=0, syncStopMessageIdServer=0, syncStopMessageIdClient='null', nextMessageTime=1697091142502, nextMessageIdServer=8570760152314, nextMessageIdClient='590002a7-c528-4124-a412-0cf334a037e2', syncRoamMsg=false, syncOfflineMsg=false, syncNetCallOfflineMsg=false}}}
10-13 14:34:16.102 14511 14579 V [push]core: 49/received packetSize: 734, readableBytes: 568
10-13 14:34:16.105 14511 14579 V [push]core: 49/received packetSize: 734, readableBytes: 763
10-13 14:34:16.105 14408 14499 I [ui]SessionReliableHelper: 74/function: onAllSyncMessageSaved(sessionId: 1256780371, sessionType: P2P)
10-13 14:34:16.108 14511 14579 I [push]core: 49/received PacketHeader [SID 4 , CID 4 , SER 3 , RES 200 , TAG 3 , LEN 732]
10-13 14:34:16.108 14408 14499 I [ui]db  : 74/query SessionReliableInfoInfos with SELECT id,session_id, session_type, start_time, start_server_id, start_client_id, stop_time, stop_server_id, stop_client_id FROM session_reliable_table WHERE session_id='1256780371' AND session_type=0 ORDER BY stop_time DESC LIMIT 1. result is SessionReliableInfo{sessionId='1256780371', sessionType=P2P, startMessageIdServer=8569032803455, startMessageIdClient='cfb2d75e-e061-4254-989c-e7b6bf7ab17f', startTime=1697081398793, stopMessageIdServer=8569032803455, stopMessageIdClient='cfb2d75e-e061-4254-989c-e7b6bf7ab17f', stopTime=1697081398793}
10-13 14:34:16.109 14408 14499 I [ui]SessionReliableHelper: 74/function: mergeSessionReliableInfo(info: SessionReliableInfo{sessionId='1256780371', sessionType=P2P, startMessageIdServer=8569032803455, startMessageIdClient='cfb2d75e-e061-4254-989c-e7b6bf7ab17f', startTime=1697081398793, stopMessageIdServer=8569032803455, stopMessageIdClient='cfb2d75e-e061-4254-989c-e7b6bf7ab17f', stopTime=1697081398793})
10-13 14:34:16.110 14408 14499 I [ui]SessionReliableHelper: 74/function: canMergeReliableInfo(info: SessionReliableInfo{sessionId='1256780371', sessionType=P2P, startMessageIdServer=8569032803455, startMessageIdClient='cfb2d75e-e061-4254-989c-e7b6bf7ab17f', startTime=1697081398793, stopMessageIdServer=8569032803455, stopMessageIdClient='cfb2d75e-e061-4254-989c-e7b6bf7ab17f', stopTime=1697081398793})
10-13 14:34:16.110 14511 14579 V [push]core: 49/received packetSize: 9, readableBytes: 29
10-13 14:34:16.111 14511 14579 I [push]core: 49/received PacketHeader [SID 4 , CID 15 , SER 3 , RES 200 , TAG 2 , LEN 8]
10-13 14:34:16.111 14408 14499 I [ui]core: 71/handle packet: PacketHeader [SID 4 , CID 4 , SER 3 , RES 200 , TAG 2 , LEN 732]
10-13 14:34:16.111 14408 14499 I [ui]ui  : 71/response queue size = 0
10-13 14:34:16.112 14408 14499 I [ui]core: 71/handle packet: PacketHeader [SID 4 , CID 15 , SER 3 , RES 200 , TAG 2 , LEN 8]
10-13 14:34:16.112 14408 14499 I [ui]ui  : 71/response queue size = 1
10-13 14:34:16.113 14511 14579 V [push]core: 49/received packetSize: 16, readableBytes: 20
10-13 14:34:16.113 14511 14579 I [push]core: 49/received PacketHeader [SID 5 , CID 1 , SER 3 , RES 200 , TAG 2 , LEN 15]
10-13 14:34:16.113 14408 14499 I [ui]db  : 74/query SessionReliableInfoInfos with SELECT id,session_id, session_type, start_time, start_server_id, start_client_id, stop_time, stop_server_id, stop_client_id FROM session_reliable_table WHERE session_id='1256780371' AND session_type=0 AND start_time<=1697081398793 AND stop_time>=1697081398793. result is SessionReliableInfo{sessionId='1256780371', sessionType=P2P, startMessageIdServer=8569032803455, startMessageIdClient='cfb2d75e-e061-4254-989c-e7b6bf7ab17f', startTime=1697081398793, stopMessageIdServer=8569032803455, stopMessageIdClient='cfb2d75e-e061-4254-989c-e7b6bf7ab17f', stopTime=1697081398793}
10-13 14:34:16.114 14408 14499 I [ui]core: 71/handle packet: PacketHeader [SID 5 , CID 1 , SER 3 , RES 200 , TAG 2 , LEN 15]
10-13 14:34:16.114 14408 14499 I [ui]ui  : 71/response queue size = 2
10-13 14:34:16.115 14511 14579 V [push]core: 49/received packetSize: 8, readableBytes: 4
10-13 14:34:16.115 14511 14579 I [push]core: 49/received PacketHeader [SID 6 , CID 17 , SER 1002 , RES 403 , TAG 2 , LEN 7]
10-13 14:34:16.116 14408 14499 I [ui]db  : 74/to remove session reliable info with whereClause id IN (179)
10-13 14:34:16.116 14408 14499 I [ui]core: 71/handle packet: PacketHeader [SID 6 , CID 17 , SER 1002 , RES 403 , TAG 2 , LEN 7]
10-13 14:34:16.116 14408 14499 I [ui]ui  : 71/response queue size = 3
10-13 14:34:16.118 14408 14499 I [ui]db  : 74/to save session reliable info SessionReliableInfo{sessionId='1256780371', sessionType=P2P, startMessageIdServer=8569032803455, startMessageIdClient='cfb2d75e-e061-4254-989c-e7b6bf7ab17f', startTime=1697081398793, stopMessageIdServer=8569032803455, stopMessageIdClient='cfb2d75e-e061-4254-989c-e7b6bf7ab17f', stopTime=1697081398793}
10-13 14:34:16.118 14511 14579 I [push]ipc: 49/Push wait ack id=2
10-13 14:34:16.120 14511 14579 I [push]core: 49/handle packet: PacketHeader [SID 5 , CID 1 , SER 3 , RES 200 , TAG 2 , LEN 15]
10-13 14:34:16.120 14408 14499 I [ui]db  : 74/query SessionReliableInfoInfos with SELECT id,session_id, session_type, start_time, start_server_id, start_client_id, stop_time, stop_server_id, stop_client_id FROM session_reliable_table WHERE session_id='1256780371' AND session_type=0 ORDER BY stop_time DESC LIMIT 1. result is SessionReliableInfo{sessionId='1256780371', sessionType=P2P, startMessageIdServer=8569032803455, startMessageIdClient='cfb2d75e-e061-4254-989c-e7b6bf7ab17f', startTime=1697081398793, stopMessageIdServer=8569032803455, stopMessageIdClient='cfb2d75e-e061-4254-989c-e7b6bf7ab17f', stopTime=1697081398793}
10-13 14:34:16.120 14511 14579 I [push]ui: 2/handler response PacketHeader [SID 5 , CID 1 , SER 3 , RES 200 , TAG 2 , LEN 15]
10-13 14:34:16.120 14408 14499 I [ui]SessionReliableHelper: 74/function: putCurrentSessionReliableInfo(sessionId: 1256780371, sessionType: P2P, info: SessionReliableInfo{sessionId='1256780371', sessionType=P2P, startMessageIdServer=8569032803455, startMessageIdClient='cfb2d75e-e061-4254-989c-e7b6bf7ab17f', startTime=1697081398793, stopMessageIdServer=8569032803455, stopMessageIdClient='cfb2d75e-e061-4254-989c-e7b6bf7ab17f', stopTime=1697081398793})
10-13 14:34:16.122 14408 14499 I [ui]SessionReliableHelper: 74/function: putCurrentSessionReliableInfo(sessionId: 1256780371, sessionType: P2P, info: SessionReliableInfo{sessionId='1256780371', sessionType=P2P, startMessageIdServer=8569032803455, startMessageIdClient='cfb2d75e-e061-4254-989c-e7b6bf7ab17f', startTime=1697081398793, stopMessageIdServer=8569032803455, stopMessageIdClient='cfb2d75e-e061-4254-989c-e7b6bf7ab17f', stopTime=1697081398793})
10-13 14:34:16.122 14408 14499 I [ui]SessionReliableHelper: 74/function: onAllSyncMessageSaved(sessionId: 1074590021, sessionType: P2P)
10-13 14:34:16.122 14511 14579 I [push]core: 2/SDK login sync data succeed
10-13 14:34:16.123 14408 14499 I [ui]db  : 74/query SessionReliableInfoInfos with SELECT id,session_id, session_type, start_time, start_server_id, start_client_id, stop_time, stop_server_id, stop_client_id FROM session_reliable_table WHERE session_id='1074590021' AND session_type=0 ORDER BY stop_time DESC LIMIT 1. result is SessionReliableInfo{sessionId='1074590021', sessionType=P2P, startMessageIdServer=8570760152314, startMessageIdClient='590002a7-c528-4124-a412-0cf334a037e2', startTime=1697091142502, stopMessageIdServer=8570760152314, stopMessageIdClient='590002a7-c528-4124-a412-0cf334a037e2', stopTime=1697091142502}
10-13 14:34:16.124 14408 14499 I [ui]SessionReliableHelper: 74/function: mergeSessionReliableInfo(info: SessionReliableInfo{sessionId='1074590021', sessionType=P2P, startMessageIdServer=8570760152314, startMessageIdClient='590002a7-c528-4124-a412-0cf334a037e2', startTime=1697091142502, stopMessageIdServer=8570760152314, stopMessageIdClient='590002a7-c528-4124-a412-0cf334a037e2', stopTime=1697091142502})
10-13 14:34:16.124 14511 14579 V [push]core: 49/received packetSize: 9, readableBytes: 45
10-13 14:34:16.125 14511 14579 I [push]core: 49/received PacketHeader [SID 6 , CID 26 , SER 1003 , RES 200 , TAG 2 , LEN 8]
10-13 14:34:16.125 14408 14499 I [ui]SessionReliableHelper: 74/function: canMergeReliableInfo(info: SessionReliableInfo{sessionId='1074590021', sessionType=P2P, startMessageIdServer=8570760152314, startMessageIdClient='590002a7-c528-4124-a412-0cf334a037e2', startTime=1697091142502, stopMessageIdServer=8570760152314, stopMessageIdClient='590002a7-c528-4124-a412-0cf334a037e2', stopTime=1697091142502})
10-13 14:34:16.126 14408 14499 I [ui]db  : 74/query SessionReliableInfoInfos with SELECT id,session_id, session_type, start_time, start_server_id, start_client_id, stop_time, stop_server_id, stop_client_id FROM session_reliable_table WHERE session_id='1074590021' AND session_type=0 AND start_time<=1697091142502 AND stop_time>=1697091142502. result is SessionReliableInfo{sessionId='1074590021', sessionType=P2P, startMessageIdServer=8570760152314, startMessageIdClient='590002a7-c528-4124-a412-0cf334a037e2', startTime=1697091142502, stopMessageIdServer=8570760152314, stopMessageIdClient='590002a7-c528-4124-a412-0cf334a037e2', stopTime=1697091142502}
10-13 14:34:16.126 14408 14499 I [ui]db  : 74/to remove session reliable info with whereClause id IN (180)
10-13 14:34:16.126 14511 14579 V [push]core: 49/received packetSize: 40, readableBytes: 36
10-13 14:34:16.127 14511 14579 I [push]core: 49/received PacketHeader [SID 6 , CID 31 , SER 0 , RES 200 , TAG 0 , LEN 39]
10-13 14:34:16.127 14408 14499 I [ui]core: 71/handle packet: PacketHeader [SID 6 , CID 26 , SER 1003 , RES 200 , TAG 2 , LEN 8]
10-13 14:34:16.127 14408 14499 I [ui]ui  : 71/response queue size = 4
10-13 14:34:16.128 14408 14499 I [ui]db  : 74/to save session reliable info SessionReliableInfo{sessionId='1074590021', sessionType=P2P, startMessageIdServer=8570760152314, startMessageIdClient='590002a7-c528-4124-a412-0cf334a037e2', startTime=1697091142502, stopMessageIdServer=8570760152314, stopMessageIdClient='590002a7-c528-4124-a412-0cf334a037e2', stopTime=1697091142502}
10-13 14:34:16.129 14408 14499 I [ui]core: 71/handle packet: PacketHeader [SID 6 , CID 31 , SER 0 , RES 200 , TAG 0 , LEN 39]
10-13 14:34:16.130 14408 14499 I [ui]ui  : 71/response queue size = 5
10-13 14:34:16.130 14408 14499 I [ui]db  : 74/query SessionReliableInfoInfos with SELECT id,session_id, session_type, start_time, start_server_id, start_client_id, stop_time, stop_server_id, stop_client_id FROM session_reliable_table WHERE session_id='1074590021' AND session_type=0 ORDER BY stop_time DESC LIMIT 1. result is SessionReliableInfo{sessionId='1074590021', sessionType=P2P, startMessageIdServer=8570760152314, startMessageIdClient='590002a7-c528-4124-a412-0cf334a037e2', startTime=1697091142502, stopMessageIdServer=8570760152314, stopMessageIdClient='590002a7-c528-4124-a412-0cf334a037e2', stopTime=1697091142502}
10-13 14:34:16.131 14408 14499 I [ui]SessionReliableHelper: 74/function: putCurrentSessionReliableInfo(sessionId: 1074590021, sessionType: P2P, info: SessionReliableInfo{sessionId='1074590021', sessionType=P2P, startMessageIdServer=8570760152314, startMessageIdClient='590002a7-c528-4124-a412-0cf334a037e2', startTime=1697091142502, stopMessageIdServer=8570760152314, stopMessageIdClient='590002a7-c528-4124-a412-0cf334a037e2', stopTime=1697091142502})
10-13 14:34:16.131 14408 14499 I [ui]SessionReliableHelper: 74/function: putCurrentSessionReliableInfo(sessionId: 1074590021, sessionType: P2P, info: SessionReliableInfo{sessionId='1074590021', sessionType=P2P, startMessageIdServer=8570760152314, startMessageIdClient='590002a7-c528-4124-a412-0cf334a037e2', startTime=1697091142502, stopMessageIdServer=8570760152314, stopMessageIdClient='590002a7-c528-4124-a412-0cf334a037e2', stopTime=1697091142502})
10-13 14:34:16.131 14511 14579 I [push]core: 49/handle packet: PacketHeader [SID 6 , CID 31 , SER 0 , RES 200 , TAG 0 , LEN 39]
10-13 14:34:16.131 14408 14499 I [ui]ui  : 74/handler response PacketHeader [SID 4 , CID 4 , SER 3 , RES 200 , TAG 2 , LEN 732]
10-13 14:34:16.131 14408 14499 I [ui]SyncUnreadMsgResponseHandler: 74/SyncUnreadMsgResponse processResponse IN,PacketHeader [SID 4 , CID 4 , SER 3 , RES 200 , TAG 2 , LEN 732]
10-13 14:34:16.132 14408 14499 I [ui]SyncUnreadMsgResponseHandler: 74/current msg size = 4
10-13 14:34:16.132 14408 14499 I [ui]SyncUnreadMsgResponseHandler: 74/msgCount = 4
10-13 14:34:16.132 14408 14499 I [ui]SessionReliableHelper: 74/function: onReceivedSyncMessage
10-13 14:34:16.132 14408 14499 V [ui]SessionReliableHelper: 74/function: getSessionListFromMessageProperties
10-13 14:34:16.132 14408 14499 V [ui]SessionReliableHelper: 74/function: markReceivedSyncMessage(sessions: Pair{P2P 0}, source: OFFLINE)
10-13 14:34:16.133 14511 14579 I [push]core: 49/send PacketHeader [SID 6 , CID 32 , SER 0 , RES 200 , TAG 0 , LEN 69]
10-13 14:34:16.133 14408 14499 V [ui]SessionReliableHelper: 74/function: getSavedSyncMessageSituations: Pair{P2P 0}
10-13 14:34:16.133 14408 14499 I [ui]SyncUnreadMsgResponseHandler: 74/ msg has exist = []
10-13 14:34:16.142 14408 14499 I [ui]SessionReliableHelper: 74/function: onSavedSyncMessage(messages: size=4, source: OFFLINE)
10-13 14:34:16.142 14408 14499 I [ui]SessionReliableHelper: 74/function: getSessionListFromMessages
10-13 14:34:16.142 14408 14499 V [ui]SessionReliableHelper: 74/function: markSavedSyncMessage(sessions: Pair{P2P 0}, source: OFFLINE)
10-13 14:34:16.142 14408 14499 V [ui]SessionReliableHelper: 74/function: getSavedSyncMessageSituations: Pair{P2P 0}
10-13 14:34:16.142 14408 14499 I [ui]SessionReliableHelper: 74/function: onAllSyncMessageSaved(sessionId: 0, sessionType: P2P)
10-13 14:34:16.143 14408 14499 I [ui]db  : 74/query SessionReliableInfoInfos with SELECT id,session_id, session_type, start_time, start_server_id, start_client_id, stop_time, stop_server_id, stop_client_id FROM session_reliable_table WHERE session_id='0' AND session_type=0 ORDER BY stop_time DESC LIMIT 1. result is SessionReliableInfo{sessionId='0', sessionType=P2P, startMessageIdServer=8569186535170, startMessageIdClient='0563ef04-e8bb-4047-93bf-5ba8a52f7c15', startTime=1697082197064, stopMessageIdServer=8582597444794, stopMessageIdClient='7cd9e69a-1ab3-4dd9-87a3-daeed891f970', stopTime=1697178793263}
10-13 14:34:16.143 14408 14499 I [ui]SessionReliableHelper: 74/function: mergeSessionReliableInfo(info: SessionReliableInfo{sessionId='0', sessionType=P2P, startMessageIdServer=8582604129973, startMessageIdClient='34b30beb-b79b-4ba0-9cb6-c371c26139a6', startTime=1697178828126, stopMessageIdServer=8582604425030, stopMessageIdClient='02a3fe41-6d57-4049-8999-d73ffb0cc3a2', stopTime=1697178829447})
10-13 14:34:16.143 14408 14499 I [ui]SessionReliableHelper: 74/function: canMergeReliableInfo(info: SessionReliableInfo{sessionId='0', sessionType=P2P, startMessageIdServer=8582604129973, startMessageIdClient='34b30beb-b79b-4ba0-9cb6-c371c26139a6', startTime=1697178828126, stopMessageIdServer=8582604425030, stopMessageIdClient='02a3fe41-6d57-4049-8999-d73ffb0cc3a2', stopTime=1697178829447})
10-13 14:34:16.143 14408 14499 I [ui]db  : 74/query SessionReliableInfoInfos with SELECT id,session_id, session_type, start_time, start_server_id, start_client_id, stop_time, stop_server_id, stop_client_id FROM session_reliable_table WHERE session_id='0' AND session_type=0 AND start_time<=1697178829447 AND stop_time>=1697178828126. result is 
10-13 14:34:16.143 14408 14499 I [ui]db  : 74/to save session reliable info SessionReliableInfo{sessionId='0', sessionType=P2P, startMessageIdServer=8582604129973, startMessageIdClient='34b30beb-b79b-4ba0-9cb6-c371c26139a6', startTime=1697178828126, stopMessageIdServer=8582604425030, stopMessageIdClient='02a3fe41-6d57-4049-8999-d73ffb0cc3a2', stopTime=1697178829447}
10-13 14:34:16.145 14408 14499 I [ui]db  : 74/query SessionReliableInfoInfos with SELECT id,session_id, session_type, start_time, start_server_id, start_client_id, stop_time, stop_server_id, stop_client_id FROM session_reliable_table WHERE session_id='0' AND session_type=0 ORDER BY stop_time DESC LIMIT 1. result is SessionReliableInfo{sessionId='0', sessionType=P2P, startMessageIdServer=8582604129973, startMessageIdClient='34b30beb-b79b-4ba0-9cb6-c371c26139a6', startTime=1697178828126, stopMessageIdServer=8582604425030, stopMessageIdClient='02a3fe41-6d57-4049-8999-d73ffb0cc3a2', stopTime=1697178829447}
10-13 14:34:16.145 14408 14499 I [ui]SessionReliableHelper: 74/function: putCurrentSessionReliableInfo(sessionId: 0, sessionType: P2P, info: SessionReliableInfo{sessionId='0', sessionType=P2P, startMessageIdServer=8582604129973, startMessageIdClient='34b30beb-b79b-4ba0-9cb6-c371c26139a6', startTime=1697178828126, stopMessageIdServer=8582604425030, stopMessageIdClient='02a3fe41-6d57-4049-8999-d73ffb0cc3a2', stopTime=1697178829447})
10-13 14:34:16.145 14408 14499 I [ui]SessionReliableHelper: 74/function: putCurrentSessionReliableInfo(sessionId: 0, sessionType: P2P, info: SessionReliableInfo{sessionId='0', sessionType=P2P, startMessageIdServer=8582604129973, startMessageIdClient='34b30beb-b79b-4ba0-9cb6-c371c26139a6', startTime=1697178828126, stopMessageIdServer=8582604425030, stopMessageIdClient='02a3fe41-6d57-4049-8999-d73ffb0cc3a2', stopTime=1697178829447})
10-13 14:34:16.146 14408 14499 I [ui]db  : 74/queryMsgMapByProperty, msgProperty size is 0
10-13 14:34:16.146 14408 14499 I [ui]SyncUnreadMsgResponseHandler: 74/session id = 0
10-13 14:34:16.149 14408 14499 I [ui]ui  : 74/notify received messages: [P2P 0] [34b30beb-b79b-4ba0-9cb6-c371c26139a6, null 3f437613-5839-4640-9ecf-f6385b433836, null 0fc53a80-6e57-4e19-b818-726c4639128a, null 02a3fe41-6d57-4049-8999-d73ffb0cc3a2, null ]
10-13 14:34:16.149 14408 14499 I [ui]InvocationMgr: 74/on notify: Transaction: [id: 18, sync: false, priority: 0,   method: MsgServiceObserve/observeReceiveMessage]
10-13 14:34:16.150 14408 14499 I [ui]NotificationCenter: 74/notify recent contact list, [{"contactId":"0","sessionType":"P2P","unreadCount":298,"recentMessageId":"02a3fe41-6d57-4049-8999-d73ffb0cc3a2"}]
10-13 14:34:16.150 14408 14499 I [ui]InvocationMgr: 74/on notify: Transaction: [id: 19, sync: false, priority: 0,   method: MsgServiceObserve/observeRecentContact]
10-13 14:34:16.150 14408 14499 I [ui]NtpDaemonCommon: 74/getServerNow OriginTimestamp{localTimestamp=275098889, ntpTimestamp=NtpTimestamp{time=1697178856730, rtt=49}}
10-13 14:34:16.151 14408 14499 I [ui]core: 74/add send task: Request [SID 4 , CID 5]
10-13 14:34:16.151 14408 14499 I [ui]LocalAgent: 74/sender = android.os.Messenger@1940940
10-13 14:34:16.151 14408 14499 I [ui]ui  : 74/received offline messages, count=4
10-13 14:34:16.151 14408 14499 I [ui]SyncUnreadMsgResponseHandler: 74/SyncUnreadMsgResponse processResponse OUT,cost = 20,PacketHeader [SID 4 , CID 4 , SER 3 , RES 200 , TAG 2 , LEN 732]
10-13 14:34:16.153 14408 14499 I [ui]ui  : 74/handler response PacketHeader [SID 4 , CID 15 , SER 3 , RES 200 , TAG 2 , LEN 8]
10-13 14:34:16.153 14408 14499 I [ui]InvocationMgr: 74/on notify: Transaction: [id: 20, sync: false, priority: 0,   method: RobotServiceObserve/observeRobotChangedNotify]
10-13 14:34:16.153 14408 14499 I [ui]ui  : 74/handler response PacketHeader [SID 5 , CID 1 , SER 3 , RES 200 , TAG 2 , LEN 15]
10-13 14:34:16.154 14408 14499 I [ui]mix_push: 74/after sync, set hasPushed to false
10-13 14:34:16.154 14408 14499 I [ui]UserPreferences: 74/save sync time tags: roamingMsgTimeTag =1697178856759
10-13 14:34:16.154 14408 14499 I [ui]SessionReliableHelper: 74/function: onSyncDone(timestamp: 1697178856759)
10-13 14:34:16.155 14511 14579 I [push]core: 49/send PacketHeader [SID 4 , CID 5 , SER 1004 , RES 200 , TAG 0 , LEN 40]
10-13 14:34:16.155 14408 14499 I [ui]ui  : 74/SDK login sync data completed
10-13 14:34:16.155 14408 14499 I [ui]NotificationCenter: 74/notifyLoginSyncDataStatus SYNC_COMPLETED
10-13 14:34:16.155 14408 14499 I [ui]InvocationMgr: 74/on notify: Transaction: [id: 21, sync: false, priority: 0,   method: AuthServiceObserver/observeLoginSyncDataStatus]
10-13 14:34:16.155 14408 14499 I [ui]ui  : 74/clear team member dirty data, size =0 , data = []
10-13 14:34:16.156 14408 14499 I [ui]InvocationMgr: 74/on notify: Transaction: [id: 22, sync: false, priority: 0,   method: AuthServiceObserver/observeLoginSyncTeamMembersCompleteResult]
10-13 14:34:16.156 14408 14499 I [ui]ui  : 74/no need to sync team member info 
10-13 14:34:16.156 14408 14499 I [ui]ui  : 74/clear super team member dirty data, size =0 , data = []
10-13 14:34:16.156 14408 14499 I [ui]InvocationMgr: 74/on notify: Transaction: [id: 23, sync: false, priority: 0,   method: AuthServiceObserver/observeLoginSyncSuperTeamMembersCompleteResult]
10-13 14:34:16.156 14408 14499 I [ui]ui  : 74/no need to sync super team member info 
10-13 14:34:16.157 14408 14499 I [ui]ui  : 74/handler response PacketHeader [SID 6 , CID 17 , SER 1002 , RES 403 , TAG 2 , LEN 7]
10-13 14:34:16.157 14408 14499 I [ui]ui  : 74/handler response PacketHeader [SID 6 , CID 26 , SER 1003 , RES 200 , TAG 2 , LEN 8]
10-13 14:34:16.157 14408 14499 I [ui]SDKCache: 74/update nos download config: NosConfig{bucket='null', cdnDomain='null', deadline=0, objectNamePrefix='null'}
10-13 14:34:16.185 14408 14499 I [ui]core: 71/handle packet: PacketHeader [SID 6 , CID 32 , SER 0 , RES 200 , TAG 2 , LEN 7]
10-13 14:34:16.185 14511 14579 V [push]core: 49/received packetSize: 8, readableBytes: 4
10-13 14:34:16.185 14408 14499 I [ui]ui  : 71/response queue size = 0
10-13 14:34:16.187 14511 14579 I [push]core: 49/received PacketHeader [SID 6 , CID 32 , SER 0 , RES 200 , TAG 2 , LEN 7]
10-13 14:34:16.189 14511 14579 I [push]core: 49/handle packet: PacketHeader [SID 6 , CID 32 , SER 0 , RES 200 , TAG 2 , LEN 7]
10-13 14:34:16.228 14408 14642 D apiRecord: 2023-10-13 14:34:16 |-| GET |-| http://poros-test.diffusenetwork.com/service/user/im_video_token?user_id=1295319991&token=ea3cc82a-4d37-44c1-bb39-78ec9aeba27f&channel_name=unknown_channel&app=jinquan&hotfix_version=&nonce_str=984872bc-5062-4a3a-9d59-512b89417ce4&own_family_id=97895279&device_id=68b3db9d-9ada-3174-a05a-cf26161b8c64&sign=l3Jp-UlmUGd2Gf5WRCZhAA&Latitude=&Longitude=&et=1697178855300&pkg_name=com.liquid.poros&biz=jinquan&version_name=2.0.2.3&device_serial=unknown&wifi_proxy=true&mac_addr=020000000000&user_id=1295319991&wifi_mac_addr=unknow&wifi_vpn=false&platform_name=Android&imei=&own_union_id=615015c215703a6fd28e39d4&android_id=24c40c57d13f0bc6&oaid=11df45db5cebdaab16293e7bdfbdfa05357a989197129dabf30bf8d0c19f85f3 |-| curl -X GET -H 'Accept-Charset: UTF-8' -H 'Content-Type: application/x-www-form-urlencoded;charset=UTF-8' -H 'Connection: keep-alive' -H 'Accept: */*' -H 'channel_name: unknown_channel' -H 'app: jinquan' -H 'hotfix_version: ' -H 'nonce_str: cf02b942-4b7e-47d3-82d3-ea521571be3c' -H 'own_family_id: 97895279' -H 'device_id: 68b3db9d-9ada-3174-a05a-cf26161b8c64' -H 'sign: Tnq0KTsXi7qjHs4li0n6Ag' -H 'Latitude: ' -H 'Longitude: ' -H 'et: 1697178855300' -H 'pkg_name: com.liquid.poros' -H 'biz: jinquan' -H 'version_name: 2.0.2.3' -H 'device_serial: unknown' -H 'wifi_proxy: true' -H 'mac_addr: 020000000000' -H 'user_id: 1295319991' -H 'wifi_mac_addr: unknow' -H 'wifi_vpn: false' -H 'platform_name: Android' -H 'imei: ' -H 'own_union_id: 615015c215703a6fd28e39d4' -H 'android_id: 24c40c57d13f0bc6' -H 'oaid: 11df45db5cebdaab16293e7bdfbdfa05357a989197129dabf30bf8d0c19f85f3' -H 'User-Agent: Mozilla/5.0 (Linux; Android 12; V2118A Build/SP1A.210812.003; wv) AppleWebKit/537.36 (KHTML, like Gecko) Version/4.0 Chrome/91.0.4472.114 Mobile Safari/537.36' -H 'Host: poros-test.diffusenetwork.com' -H 'Accept-Encoding: gzip' --compressed http://poros-test.diffusenetwork.com/service/user/im_video_token?user_id=1295319991&token=ea3cc82a-4d37-44c1-bb39-78ec9aeba27f&channel_name=unknown_channel&app=jinquan&hotfix_version=&nonce_str=984872bc-5062-4a3a-9d59-512b89417ce4&own_family_id=97895279&device_id=68b3db9d-9ada-3174-a05a-cf26161b8c64&sign=l3Jp-UlmUGd2Gf5WRCZhAA&Latitude=&Longitude=&et=1697178855300&pkg_name=com.liquid.poros&biz=jinquan&version_name=2.0.2.3&device_serial=unknown&wifi_proxy=true&mac_addr=020000000000&user_id=1295319991&wifi_mac_addr=unknow&wifi_vpn=false&platform_name=Android&imei=&own_union_id=615015c215703a6fd28e39d4&android_id=24c40c57d13f0bc6&oaid=11df45db5cebdaab16293e7bdfbdfa05357a989197129dabf30bf8d0c19f85f3 |-| {"code":0,"data":{"expire":86400,"im_video_token":"72204cea0609127e4d866c67a16f4bc218f9d38b","tx_video_sign":"eJw1zV0LgjAUxvGvIrsOObNt7gRdRIRERoi9YHfBZpykMUwjiL57Wnr7-8HzvNk*zcOnrdksYFEIbBL8ChnrGirpDzxCOeWIyEd-mOriPZlOuQBQUgklB7MvT7XtRIHQAENt6N43rjDmsdZSjUt07S*swGqTlq7d7g7H7GQW0OaoE1xXzi*TFRhwaSZvZyjEnH2*c0oxqQ__"},"msg":"\u6210\u529f"}
