10-13 14:34:17.517 14408 15176 W System.err: 	at com.android.org.conscrypt.SSLUtils.toSSLHandshakeException(SSLUtils.java:363)
10-13 14:34:17.517 14408 15176 W System.err: 	at com.android.org.conscrypt.ConscryptEngine.convertException(ConscryptEngine.java:1134)
10-13 14:34:17.517 14408 15176 W System.err: 	at com.android.org.conscrypt.ConscryptEngine.readPlaintextData(ConscryptEngine.java:1089)
10-13 14:34:17.517 14408 15176 W System.err: 	at com.android.org.conscrypt.ConscryptEngine.unwrap(ConscryptEngine.java:876)
10-13 14:34:17.517 14408 15176 W System.err: 	at com.android.org.conscrypt.ConscryptEngine.unwrap(ConscryptEngine.java:747)
10-13 14:34:17.517 14408 15176 W System.err: 	at com.android.org.conscrypt.ConscryptEngine.unwrap(ConscryptEngine.java:712)
10-13 14:34:17.517 14408 15176 W System.err: 	at com.android.org.conscrypt.ConscryptEngineSocket$SSLInputStream.processDataFromSocket(ConscryptEngineSocket.java:858)
10-13 14:34:17.517 14408 15176 W System.err: 	at com.android.org.conscrypt.ConscryptEngineSocket$SSLInputStream.access$100(ConscryptEngineSocket.java:731)
10-13 14:34:17.517 14408 15176 W System.err: 	at com.android.org.conscrypt.ConscryptEngineSocket.doHandshake(ConscryptEngineSocket.java:241)
10-13 14:34:17.517 14408 15176 W System.err: 	at com.android.org.conscrypt.ConscryptEngineSocket.startHandshake(ConscryptEngineSocket.java:220)
10-13 14:34:17.517 14408 15176 W System.err: 	at com.android.okhttp.internal.io.RealConnection.connectTls(RealConnection.java:196)
10-13 14:34:17.518 14408 15176 W System.err: 	at com.android.okhttp.internal.io.RealConnection.connectSocket(RealConnection.java:153)
10-13 14:34:17.518 14408 15176 W System.err: 	at com.android.okhttp.internal.io.RealConnection.connect(RealConnection.java:116)
10-13 14:34:17.518 14408 15176 W System.err: 	at com.android.okhttp.internal.http.StreamAllocation.findConnection(StreamAllocation.java:186)
10-13 14:34:17.518 14408 15176 W System.err: 	at com.android.okhttp.internal.http.StreamAllocation.findHealthyConnection(StreamAllocation.java:128)
10-13 14:34:17.518 14408 15176 W System.err: 	at com.android.okhttp.internal.http.StreamAllocation.newStream(StreamAllocation.java:97)
10-13 14:34:17.518 14408 15176 W System.err: 	at com.android.okhttp.internal.http.HttpEngine.connect(HttpEngine.java:289)
10-13 14:34:17.518 14408 15176 W System.err: 	at com.android.okhttp.internal.http.HttpEngine.sendRequest(HttpEngine.java:232)
10-13 14:34:17.518 14408 15176 W System.err: 	at com.android.okhttp.internal.huc.HttpURLConnectionImpl.execute(HttpURLConnectionImpl.java:465)
10-13 14:34:17.518 14408 15176 W System.err: 	at com.android.okhttp.internal.huc.HttpURLConnectionImpl.getResponse(HttpURLConnectionImpl.java:411)
10-13 14:34:17.518 14408 15176 W System.err: 	at com.android.okhttp.internal.huc.HttpURLConnectionImpl.getResponseCode(HttpURLConnectionImpl.java:542)
10-13 14:34:17.518 14408 15176 W System.err: 	at com.android.okhttp.internal.huc.DelegatingHttpsURLConnection.getResponseCode(DelegatingHttpsURLConnection.java:106)
10-13 14:34:17.518 14408 15176 W System.err: 	at com.android.okhttp.internal.huc.HttpsURLConnectionImpl.getResponseCode(HttpsURLConnectionImpl.java:30)
10-13 14:34:17.518 14408 15176 W System.err: 	at com.netease.lava.base.http.HttpStack.doGet(HttpStack.java:159)
10-13 14:34:17.518 14408 15176 W System.err: Caused by: java.security.cert.CertificateException: java.security.cert.CertPathValidatorException: Trust anchor for certification path not found.
10-13 14:34:17.518 14408 15176 W System.err: 	at com.android.org.conscrypt.TrustManagerImpl.verifyChain(TrustManagerImpl.java:672)
10-13 14:34:17.518 14408 15176 W System.err: 	at com.android.org.conscrypt.TrustManagerImpl.checkTrustedRecursive(TrustManagerImpl.java:549)
10-13 14:34:17.518 14408 15176 W System.err: 	at com.android.org.conscrypt.TrustManagerImpl.checkTrustedRecursive(TrustManagerImpl.java:615)
10-13 14:34:17.518 14408 15176 W System.err: 	at com.android.org.conscrypt.TrustManagerImpl.checkTrusted(TrustManagerImpl.java:505)
10-13 14:34:17.518 14408 15176 W System.err: 	at com.android.org.conscrypt.TrustManagerImpl.checkTrusted(TrustManagerImpl.java:425)
10-13 14:34:17.518 14408 15176 W System.err: 	at com.android.org.conscrypt.TrustManagerImpl.getTrustedChainForServer(TrustManagerImpl.java:353)
10-13 14:34:17.518 14408 15176 W System.err: 	at android.security.net.config.NetworkSecurityTrustManager.checkServerTrusted(NetworkSecurityTrustManager.java:94)
10-13 14:34:17.518 14408 15176 W System.err: 	at android.security.net.config.RootTrustManager.checkServerTrusted(RootTrustManager.java:90)
10-13 14:34:17.518 14408 15176 W System.err: 	at com.android.org.conscrypt.ConscryptEngineSocket$2.checkServerTrusted(ConscryptEngineSocket.java:163)
10-13 14:34:17.518 14408 15176 W System.err: 	at com.android.org.conscrypt.Platform.checkServerTrusted(Platform.java:255)
10-13 14:34:17.518 14408 15176 W System.err: 	at com.android.org.conscrypt.ConscryptEngine.verifyCertificateChain(ConscryptEngine.java:1638)
10-13 14:34:17.518 14408 15176 W System.err: 	at com.android.org.conscrypt.NativeCrypto.ENGINE_SSL_read_direct(Native Method)
10-13 14:34:17.518 14408 15176 W System.err: 	at com.android.org.conscrypt.NativeSsl.readDirectByteBuffer(NativeSsl.java:569)
10-13 14:34:17.518 14408 15176 W System.err: 	at com.android.org.conscrypt.ConscryptEngine.readPlaintextDataDirect(ConscryptEngine.java:1095)
10-13 14:34:17.518 14408 15176 W System.err: 	at com.android.org.conscrypt.ConscryptEngine.readPlaintextData(ConscryptEngine.java:1079)
10-13 14:34:17.518 14408 15176 W System.err: 	... 21 more
10-13 14:34:17.519 14408 15176 W System.err: Caused by: java.security.cert.CertPathValidatorException: Trust anchor for certification path not found.
10-13 14:34:17.519 14408 15176 W System.err: 	... 36 more
10-13 14:34:17.519 14408 15176 E HttpStack: http get error: java.security.cert.CertPathValidatorException: Trust anchor for certification path not found.
10-13 14:34:17.519 14408 15174 W Orc     : 10-13 14:34:17.519 W/RemoteCompatItem:15185; http dns checkCallback failed index: 0 code: -1
10-13 14:34:17.520 14408 15176 D Linux   : [Posix_connect Debug]Process com.liquid.poros :8888 
10-13 14:34:17.539 14408 15177 W System.err: javax.net.ssl.SSLHandshakeException: java.security.cert.CertPathValidatorException: Trust anchor for certification path not found.
10-13 14:34:17.539 14408 15177 W System.err: 	at com.android.org.conscrypt.SSLUtils.toSSLHandshakeException(SSLUtils.java:363)
10-13 14:34:17.539 14408 15177 W System.err: 	at com.android.org.conscrypt.ConscryptEngine.convertException(ConscryptEngine.java:1134)
10-13 14:34:17.539 14408 15177 W System.err: 	at com.android.org.conscrypt.ConscryptEngine.readPlaintextData(ConscryptEngine.java:1089)
10-13 14:34:17.539 14408 15177 W System.err: 	at com.android.org.conscrypt.ConscryptEngine.unwrap(ConscryptEngine.java:876)
10-13 14:34:17.539 14408 15177 W System.err: 	at com.android.org.conscrypt.ConscryptEngine.unwrap(ConscryptEngine.java:747)
10-13 14:34:17.540 14408 15177 W System.err: 	at com.android.org.conscrypt.ConscryptEngine.unwrap(ConscryptEngine.java:712)
10-13 14:34:17.540 14408 15177 W System.err: 	at com.android.org.conscrypt.ConscryptEngineSocket$SSLInputStream.processDataFromSocket(ConscryptEngineSocket.java:858)
10-13 14:34:17.540 14408 15177 W System.err: 	at com.android.org.conscrypt.ConscryptEngineSocket$SSLInputStream.access$100(ConscryptEngineSocket.java:731)
10-13 14:34:17.540 14408 15177 W System.err: 	at com.android.org.conscrypt.ConscryptEngineSocket.doHandshake(ConscryptEngineSocket.java:241)
10-13 14:34:17.540 14408 15177 W System.err: 	at com.android.org.conscrypt.ConscryptEngineSocket.startHandshake(ConscryptEngineSocket.java:220)
10-13 14:34:17.540 14408 15177 W System.err: 	at com.android.okhttp.internal.io.RealConnection.connectTls(RealConnection.java:196)
10-13 14:34:17.540 14408 15177 W System.err: 	at com.android.okhttp.internal.io.RealConnection.connectSocket(RealConnection.java:153)
10-13 14:34:17.540 14408 15177 W System.err: 	at com.android.okhttp.internal.io.RealConnection.connect(RealConnection.java:116)
10-13 14:34:17.540 14408 15177 W System.err: 	at com.android.okhttp.internal.http.StreamAllocation.findConnection(StreamAllocation.java:186)
10-13 14:34:17.540 14408 15177 W System.err: 	at com.android.okhttp.internal.http.StreamAllocation.findHealthyConnection(StreamAllocation.java:128)
10-13 14:34:17.540 14408 15177 W System.err: 	at com.android.okhttp.internal.http.StreamAllocation.newStream(StreamAllocation.java:97)
10-13 14:34:17.540 14408 15177 W System.err: 	at com.android.okhttp.internal.http.HttpEngine.connect(HttpEngine.java:289)
10-13 14:34:17.540 14408 15177 W System.err: 	at com.android.okhttp.internal.http.HttpEngine.sendRequest(HttpEngine.java:232)
10-13 14:34:17.540 14408 15177 W System.err: 	at com.android.okhttp.internal.huc.HttpURLConnectionImpl.execute(HttpURLConnectionImpl.java:465)
10-13 14:34:17.540 14408 15177 W System.err: 	at com.android.okhttp.internal.huc.HttpURLConnectionImpl.getResponse(HttpURLConnectionImpl.java:411)
10-13 14:34:17.540 14408 15177 W System.err: 	at com.android.okhttp.internal.huc.HttpURLConnectionImpl.getResponseCode(HttpURLConnectionImpl.java:542)
10-13 14:34:17.540 14408 15177 W System.err: 	at com.android.okhttp.internal.huc.DelegatingHttpsURLConnection.getResponseCode(DelegatingHttpsURLConnection.java:106)
10-13 14:34:17.540 14408 15177 W System.err: 	at com.android.okhttp.internal.huc.HttpsURLConnectionImpl.getResponseCode(HttpsURLConnectionImpl.java:30)
10-13 14:34:17.540 14408 15177 W System.err: 	at com.netease.lava.base.http.HttpStack.doGet(HttpStack.java:159)
10-13 14:34:17.540 14408 15177 W System.err: Caused by: java.security.cert.CertificateException: java.security.cert.CertPathValidatorException: Trust anchor for certification path not found.
10-13 14:34:17.540 14408 15177 W System.err: 	at com.android.org.conscrypt.TrustManagerImpl.verifyChain(TrustManagerImpl.java:672)
10-13 14:34:17.540 14408 15177 W System.err: 	at com.android.org.conscrypt.TrustManagerImpl.checkTrustedRecursive(TrustManagerImpl.java:549)
10-13 14:34:17.540 14408 15177 W System.err: 	at com.android.org.conscrypt.TrustManagerImpl.checkTrustedRecursive(TrustManagerImpl.java:615)
10-13 14:34:17.540 14408 15177 W System.err: 	at com.android.org.conscrypt.TrustManagerImpl.checkTrusted(TrustManagerImpl.java:505)
10-13 14:34:17.540 14408 15177 W System.err: 	at com.android.org.conscrypt.TrustManagerImpl.checkTrusted(TrustManagerImpl.java:425)
10-13 14:34:17.540 14408 15177 W System.err: 	at com.android.org.conscrypt.TrustManagerImpl.getTrustedChainForServer(TrustManagerImpl.java:353)
10-13 14:34:17.540 14408 15177 W System.err: 	at android.security.net.config.NetworkSecurityTrustManager.checkServerTrusted(NetworkSecurityTrustManager.java:94)
10-13 14:34:17.540 14408 15177 W System.err: 	at android.security.net.config.RootTrustManager.checkServerTrusted(RootTrustManager.java:90)
10-13 14:34:17.540 14408 15177 W System.err: 	at com.android.org.conscrypt.ConscryptEngineSocket$2.checkServerTrusted(ConscryptEngineSocket.java:163)
10-13 14:34:17.540 14408 15177 W System.err: 	at com.android.org.conscrypt.Platform.checkServerTrusted(Platform.java:255)
10-13 14:34:17.540 14408 15177 W System.err: 	at com.android.org.conscrypt.ConscryptEngine.verifyCertificateChain(ConscryptEngine.java:1638)
10-13 14:34:17.540 14408 15177 W System.err: 	at com.android.org.conscrypt.NativeCrypto.ENGINE_SSL_read_direct(Native Method)
10-13 14:34:17.540 14408 15177 W System.err: 	at com.android.org.conscrypt.NativeSsl.readDirectByteBuffer(NativeSsl.java:569)
10-13 14:34:17.541 14408 15177 W System.err: 	at com.android.org.conscrypt.ConscryptEngine.readPlaintextDataDirect(ConscryptEngine.java:1095)
10-13 14:34:17.541 14408 15177 W System.err: 	at com.android.org.conscrypt.ConscryptEngine.readPlaintextData(ConscryptEngine.java:1079)
10-13 14:34:17.541 14408 15177 W System.err: 	... 21 more
10-13 14:34:17.541 14408 15177 W System.err: Caused by: java.security.cert.CertPathValidatorException: Trust anchor for certification path not found.
10-13 14:34:17.541 14408 15177 W System.err: 	... 36 more
10-13 14:34:17.541 14408 15177 E HttpStack: http get error: java.security.cert.CertPathValidatorException: Trust anchor for certification path not found.
10-13 14:34:17.542 14408 15177 D Linux   : [Posix_connect Debug]Process com.liquid.poros :8888 
10-13 14:34:17.629 14408 15154 D Linux   : [Posix_connect Debug]Process com.liquid.poros :443 
10-13 14:34:17.739 14408 15174 W Orc     : 10-13 14:34:17.739 W/BuiltinCompatItem:14408; verify fails, discard by key -> video.camera.fps
10-13 14:34:17.745 14408 14408 W VideoCapabilities: Unsupported mime image/vnd.android.heic
10-13 14:34:17.748 14408 14408 W VideoCapabilities: Unrecognized profile/level 0/3 for video/mpeg2
10-13 14:34:17.748 14408 14408 W VideoCapabilities: Unrecognized profile/level 0/3 for video/mpeg2
10-13 14:34:17.751 14408 14408 W AudioCapabilities: Unsupported mime audio/x-ms-wma
10-13 14:34:17.752 14408 14408 W AudioCapabilities: Unsupported mime audio/x-ms-wma
10-13 14:34:17.752 14408 14408 W AudioCapabilities: Unsupported mime audio/mpeg-L1
10-13 14:34:17.752 14408 14408 W AudioCapabilities: Unsupported mime audio/mpeg-L2
10-13 14:34:17.752 14408 14408 W AudioCapabilities: Unsupported mime audio/mpeg-L1
10-13 14:34:17.752 14408 14408 W AudioCapabilities: Unsupported mime audio/mpeg-L2
10-13 14:34:17.752 14408 14408 W AudioCapabilities: Unsupported mime audio/ra
10-13 14:34:17.753 14408 14408 W AudioCapabilities: Unsupported mime audio/ra
10-13 14:34:17.753 14408 14408 W AudioCapabilities: Unsupported mime audio/alac
10-13 14:34:17.753 14408 14408 W AudioCapabilities: Unsupported mime audio/alac
10-13 14:34:17.753 14408 14408 W AudioCapabilities: Unsupported mime audio/ape
10-13 14:34:17.753 14408 14408 W AudioCapabilities: Unsupported mime audio/x-ape
10-13 14:34:17.753 14408 14408 W AudioCapabilities: Unsupported mime audio/ape
10-13 14:34:17.754 14408 14408 W AudioCapabilities: Unsupported mime audio/x-ape
10-13 14:34:17.754 14408 14408 W AudioCapabilities: Unsupported mime audio/adpcm
10-13 14:34:17.754 14408 14408 W AudioCapabilities: Unsupported mime audio/x-ms-adpcm
10-13 14:34:17.754 14408 14408 W AudioCapabilities: Unsupported mime audio/pcm
10-13 14:34:17.754 14408 14408 W AudioCapabilities: Unsupported mime audio/pcm
10-13 14:34:17.754 14408 14408 W AudioCapabilities: Unsupported mime audio/dsd
10-13 14:34:17.754 14408 14408 W AudioCapabilities: Unsupported mime audio/dsd
10-13 14:34:17.759 14408 14408 W VideoCapabilities: Unsupported mime video/rv
10-13 14:34:17.759 14408 14408 W VideoCapabilities: Unsupported mime video/rv
10-13 14:34:17.759 14408 14408 W VideoCapabilities: Unsupported mime video/x-ms-wmv
10-13 14:34:17.759 14408 14408 W VideoCapabilities: Unsupported mime video/x-ms-wmv2
10-13 14:34:17.760 14408 14408 W VideoCapabilities: Unsupported mime video/x-ms-wmv
10-13 14:34:17.760 14408 14408 W VideoCapabilities: Unsupported mime video/x-ms-wmv2
10-13 14:34:17.760 14408 14408 W VideoCapabilities: Unsupported mime video/divx3
10-13 14:34:17.760 14408 14408 W VideoCapabilities: Unsupported mime video/divx3
10-13 14:34:17.761 14408 14408 W VideoCapabilities: Unsupported mime video/flv1
10-13 14:34:17.761 14408 14408 W VideoCapabilities: Unsupported mime video/x-flv
10-13 14:34:17.761 14408 14408 W VideoCapabilities: Unsupported mime video/flv1
10-13 14:34:17.761 14408 14408 W VideoCapabilities: Unsupported mime video/x-flv
10-13 14:34:17.762 14408 14408 W VideoCapabilities: Unsupported mime video/mjpeg
10-13 14:34:17.762 14408 14408 W VideoCapabilities: Unsupported mime video/x-motion-jpeg
10-13 14:34:17.762 14408 14408 W VideoCapabilities: Unsupported mime video/mjpeg
10-13 14:34:17.762 14408 14408 W VideoCapabilities: Unsupported mime video/x-motion-jpeg
10-13 14:34:17.771 14408 14408 I YX_Crash_SDK_YXExceptionHandler: create instance
10-13 14:34:17.772 14408 14408 I YX_Crash_SDK_YXExceptionHandler: setup , sdkType : nrtc2
10-13 14:34:17.773 14408 14408 W linker  : Warning: "/data/app/~~XTQ7EVCygFlnMtUSrt3K1Q==/com.liquid.poros-j3FeV2EY8Qy67QF2MzFhYg==/lib/arm64/libNERtcFaceDetect.so" unused DT entry: DT_RPATH (type 0xf arg 0x1a87e) (ignoring)
10-13 14:34:17.774 14408 14408 I Iven    :  FaceDetect  JNI_OnLoad 
10-13 14:34:17.774 14408 14408 E Iven setJVM:  jni_onload
10-13 14:34:17.774 14408 14408 E dylibShardPtr: getInstanceAddrPtr not set
10-13 14:34:17.774 14408 14408 E dylibShardPtr: setInstanceAddrPtr suc
10-13 14:34:17.774 14408 14408 I Iven    :  FaceDetect  JNI_OnLoad  ver: 0 
10-13 14:34:17.775 14408 14408 W linker  : Warning: "/data/app/~~XTQ7EVCygFlnMtUSrt3K1Q==/com.liquid.poros-j3FeV2EY8Qy67QF2MzFhYg==/lib/arm64/libNERtcBeauty.so" unused DT entry: DT_RPATH (type 0xf arg 0x383de) (ignoring)
10-13 14:34:17.776 14408 14408 I Iven    :  FaceBeauty  JNI_OnLoad 
10-13 14:34:17.776 14408 14408 E Iven setJVM:  jni_onload
10-13 14:34:17.776 14408 14408 I Iven    :  FaceBeauty initExportFunc createOMXComponent 
10-13 14:34:17.776 14408 14408 I Iven    :  FaceBeauty initExportFunc destroyOMXComponent
10-13 14:34:17.776 14408 14408 I Iven    :  FaceBeauty  JNI_OnLoad  ver: 0 
10-13 14:34:17.776 14408 14408 W linker  : Warning: "/data/app/~~XTQ7EVCygFlnMtUSrt3K1Q==/com.liquid.poros-j3FeV2EY8Qy67QF2MzFhYg==/lib/arm64/libNERtcPersonSegment.so" unused DT entry: DT_RPATH (type 0xf arg 0x27b0c) (ignoring)
10-13 14:34:17.778 14408 14408 I Iven    :  segment  JNI_OnLoad 
10-13 14:34:17.778 14408 14408 E Iven setJVM:  jni_onload
10-13 14:34:17.778 14408 14408 I Iven    :  segment  JNI_OnLoad  ver: 0 
10-13 14:34:17.779 14408 14408 I Audio   :  AiHowling  JNI_OnLoad 
10-13 14:34:17.779 14408 14408 E Iven setJVM:  jni_onload
10-13 14:34:17.779 14408 14408 I Audio   :  AiHowling  JNI_OnLoad  ver: 0 
10-13 14:34:17.779 14408 14408 I Iven    :  segment  JNI_OnLoad 
10-13 14:34:17.779 14408 14408 E Iven setJVM:  jni_onload
10-13 14:34:17.779 14408 14408 I Iven    :  segment  JNI_OnLoad  ver: 0 
10-13 14:34:17.779 14408 14408 D LavaRtcEngine: check nrtc_sdk.so ok
10-13 14:34:17.780 14408 14408 I Logging : AndroidDeviceInfo: init memory info time cost: 0ms
10-13 14:34:17.781 14408 14408 W Logging : WebRtcAudioManager: Overriding default input behavior: setStereoInput(false)
10-13 14:34:17.781 14408 14408 W Logging : WebRtcAudioManager: Overriding default output behavior: setStereoOutput(false)
10-13 14:34:17.788 14408 15174 W Orc     : 10-13 14:34:17.788 W/WebRtcAudioManager:15207; AAudio support is currently disabled on all devices!
10-13 14:34:17.790 14408 15207 I AudioManager: In isSpeakerphoneOn(), calling application: com.liquid.poros
10-13 14:34:17.790 14408 15207 I AudioManager: In isBluetoothScoOn(), calling application: com.liquid.poros
10-13 14:34:17.790 14408 15207 D AudioManager: isBluetoothScoOn()=false
10-13 14:34:17.796 14408 15174 E Orc     : 10-13 14:34:17.796 E/[LAVA]:15207; (line 235): CreatePlatformSpecificObjects request = 5
10-13 14:34:17.797 14408 15174 W Orc     : 10-13 14:34:17.797 W/[LAVA]:14408; (line 38): [AVProcessEngine] [AVProcessEngineImp] InitOMXLibrary ======
10-13 14:34:17.797 14408 14408 I setJVM  : global_plugin_helper_class: 257, jvm:-1931410800
10-13 14:34:17.797 14408 15174 W Orc     : 10-13 14:34:17.797 W/[LAVA]:14408; (line 38): [AVProcessEngine][OMXCppWrap]find matching component Name.
10-13 14:34:17.797 14408 14408 I initJavaSharedPlugin: get plugin helper class 257  method sucess
10-13 14:34:17.797 14408 15174 W Orc     : 10-13 14:34:17.797 W/[LAVA]:14408; (line 38): [AVProcessEngine][OMXLibLoad] NERtcAiDenoise loadLib sucess.
10-13 14:34:17.797 14408 15174 W Orc     : 10-13 14:34:17.797 W/[LAVA]:14408; (line 38): [AVProcessEngine][OMXLibLoad] NERtcAiDenoise createOMXComponent sucess
10-13 14:34:17.803 14408 15174 W Orc     : 10-13 14:34:17.797 W/[LAVA]:14408; (line 38): [AVProcessEngine][OMXClient]makeComponentInstance sucess.
10-13 14:34:17.803 14408 15174 W Orc     : 10-13 14:34:17.797 W/[LAVA]:14408; (line 38): [AVProcessEngine] [AVProcessEngineImp] InitOMXLibrary Success ======
10-13 14:34:17.803 14408 15174 W Orc     : 10-13 14:34:17.797 W/[LAVA]:14408; (line 38): [AVProcessEngine] [AVProcessEngineImp] AV_InitImp  Finished ======
10-13 14:34:17.804 14408 15174 W Orc     : 10-13 14:34:17.803 W/[LAVA]:14408; (line 43): [AVProcessEngine] [AVProcessEngineImp] InitOMXLibrary ======
10-13 14:34:17.804 14408 14408 I setJVM  : global_plugin_helper_class: 281, jvm:-1931410800
10-13 14:34:17.804 14408 15174 W Orc     : 10-13 14:34:17.804 W/[LAVA]:14408; (line 43): [AVProcessEngine][OMXCppWrap]find matching component Name.
10-13 14:34:17.916 14408 15216 W libc    : Access denied finding property "net.dns1"
10-13 14:34:17.916 14408 15216 W libc    : Access denied finding property "net.dns2"
10-13 14:34:17.916 14408 15216 W libc    : Access denied finding property "net.dns3"
10-13 14:34:17.916 14408 15216 W libc    : Access denied finding property "net.dns4"
10-13 14:34:18.000 14408 15216 W ratelimit: Single process limit 250/s drop 893 lines.
10-13 14:34:18.000 14408 15216 I agora.io: [12085247354497074572|remote:120.******.222:8443] [12085247354497074572|remote:120.******.222:8443] 112877390 switch best path to [12085247354497074572|remote:120.******.222:8443] , predict transfer time: 35ms, rtt : 35ms, loss 0
10-13 14:34:18.000 14408 15216 I agora.io: [12085247354497074572|remote:120.******.222:8443] create connection 0xb400007dcce63c00, self initial seq: 15405761, peer initial seq: 8050231, initial rtt: 35ms, version: Unknown, connection_id: 12085247354497074572, perspective: Perspective::kClient, multipath: false, reinjection strategy: kReinjectIfPossible, path scheduling: kDynamic
10-13 14:34:18.000 14408 15216 I agora.io: [12085247354497074572|remote:120.******.222:8443] SetFromConfig max_packet_size:1280, mtu_discover_target:1450, initial_bandwidth_estimation:0 kbps, enable_connection_migration:true, 
10-13 14:34:18.000 14408 15326 I liteav  : [I][10-13/14:34:18.000+8.0][14408,15326][log_jni.cc:30]CameraSupervisor: setCamera2SupportMinApiLevel apiLevel:23
10-13 14:34:18.000 14408 15216 I agora.io: [12085247354497074572|remote:120.******.222:8443] create session 0xb400007dcce6c9a0
10-13 14:34:18.000 14408 15216 I agora.io: [ap-6] connected to 120.******.222:8443, transport type = 5, verify code: VerifyOk
10-13 14:34:18.000 14408 15326 I liteav  : [I][10-13/14:34:18.000+8.0][14408,15326][log_jni.cc:30]CameraCaptureSingleton: setServerConfig minApiLevel:23
10-13 14:34:18.000 14408 15216 I agora.io: [ap-6] send message to: 120.******.222:8443 with opid: 922404212, transport type = 5, send ts = 1697178858000
10-13 14:34:18.000 14408 14589 W okhttp.OkHttpClient: --> POST http://poros-test.diffusenetwork.com/service/tab_union/tab_union_pre_config
10-13 14:34:18.000 14408 15216 I agora.io: destroy dangling client connection 0xb400007ddcee45e0
10-13 14:34:18.000 14408 14589 W okhttp.OkHttpClient: Content-Type: application/json;charset=utf-8
10-13 14:34:18.000 14408 14589 W okhttp.OkHttpClient: Content-Length: 86
10-13 14:34:18.000 14408 15216 I agora.io: [ipstack]: apply stack ipv4 same as preference
10-13 14:34:18.000 14408 15216 I agora.io: [ap-6] response from 110.******.231:8443 success, opid: 922404208, service_id: 6, uri: 7
10-13 14:34:18.000 14408 15216 I agora.io: [CS]:u, ap 110.******.231:8443 returns 
10-13 14:34:18.000 14408 14589 W okhttp.OkHttpClient: {"union_id":"615015c215703a6fd28e39d4","token":"ea3cc82a-4d37-44c1-bb39-78ec9aeba27f"}
10-13 14:34:18.000 14408 15216 I agora.io: [CS]: AP Tds success with config: {"_store _onconnectionlost_30s #50836":{"A":{"rtc.connection_lost_period":30000}},"_store custom_test #50949":{"A":{"rtc.vocs_list":["81.70.100.39","125.88.159.163","139.186.128.31"]}},"_store _JQ_disable_opensl #50607":{"A":{"che.audio.opensl":false}},"_store enable xdump since 3.4.6":{"A":{"rtc.enable_xdump":true,"rtc.enable_xdump_file":true,"rtc.enable_xdump_upload":true}}}, size: 4
10-13 14:34:18.000 14408 14589 W okhttp.OkHttpClient: --> END POST (86-byte body)
10-13 14:34:18.000 14408 15326 I liteav  : [I][10-13/14:34:18.000+8.0][14408,15326][log_jni.cc:30]CameraSupervisor: setCamera2SupportMinApiLevel apiLevel:23
10-13 14:34:18.001 14408 15326 I liteav  : [I][10-13/14:34:18.001+8.0][14408,15326][log_jni.cc:30]CameraCaptureSingleton: setServerConfig minApiLevel:23
10-13 14:34:18.001 14408 15328 I liteav  : [I][10-13/14:34:18.001+8.0][14408,15328][resolution_decider_patch.cc:121]SetResolutionMode mode:1
10-13 14:34:18.002 14408 15328 I liteav  : [I][10-13/14:34:18.002+8.0][14408,15328][capture_resolution_decider.cc:36]SetEncodeSize(w:720 h:1280)
10-13 14:34:18.002 14408 15328 I liteav  : [I][10-13/14:34:18.002+8.0][14408,15328][resolution_decider_patch.cc:36]SetEncodeSize(w:720 h:1280)
10-13 14:34:18.002 14408 15323 I liteav  : [I][10-13/14:34:18.002+8.0][14408,15323][capture_resolution_decider.cc:36]SetEncodeSize(w:720 h:1280)
10-13 14:34:18.002 14408 15323 I liteav  : [I][10-13/14:34:18.002+8.0][14408,15323][resolution_decider_patch.cc:36]SetEncodeSize(w:720 h:1280)
10-13 14:34:18.003 14408 15216 I agora.io: [CONN-0]: not in call, it is setting abtest now...
10-13 14:34:18.003 14408 15216 I agora.io: on set parameters doc='{"rtc.connection_lost_period":30000}', ret=0
10-13 14:34:18.003 14408 15216 I agora.io: on set parameters doc='{"rtc.vocs_list":["81.70.100.39","125.88.159.163","139.186.128.31"]}', ret=0
10-13 14:34:18.003 14408 15216 I agora.io: on set parameters doc='{"che.audio.opensl":false}', ret=-4
10-13 14:34:18.003 14408 15216 I agora.io: on set parameters doc='{"rtc.enable_xdump":true,"rtc.enable_xdump_file":true,"rtc.enable_xdump_upload":true}', ret=-4
10-13 14:34:18.004 14408 15216 I agora.io: [9163276511991735833|remote:110.******.231:8443] Source::kPeer destroy outgoing stream: 2 with error: kSessionClosed, detail: session closed by local with delay
10-13 14:34:18.006 14408 15319 I liteav  : [I][10-13/14:34:18.006+8.0][14408,15319][trtc_pipeline.cc:3651][a010]AudioConfig: { Common: { , aec_level:256, restart_device_min_interval_ms:10000, max_streams_to_play:15, enable_ai_3a:2, enable_abnormal_detection:2, force_dtx_interval_ms:400 }, Android: { enable_opensles:1, support_low_latency_sample_rate:0, support_aaudio:0, low_latency_audio_api_type:2, enable_system_audio_kit:1 } }
10-13 14:34:18.006 14408 15319 I liteav  : [I][10-13/14:34:18.006+8.0][14408,15319][trtc_pipeline.cc:3595]TRTCPipeline-main: GetPersistDomain with persis_sdk_app_id: 1400656465
10-13 14:34:18.006 14408 15319 I liteav  : [I][10-13/14:34:18.006+8.0][14408,15319][trtc_pipeline.cc:3595]TRTCPipeline-main: GetPersistDomain with persis_sdk_app_id: 1400656465
10-13 14:34:18.006 14408 15308 I liteav  : [I][10-13/14:34:18.006+8.0][14408,15308][dump_writer.cc:311]Forbid local dumping flag is 0
10-13 14:34:18.006 14408 15319 I liteav  : [I][10-13/14:34:18.006+8.0][14408,15319][experimental_api_invoker.cc:510]enableBlackStream[CaptureParams: source=VirtualCamera has bitmap:0 mode=3 framerate=null width=64 height=64 is_front=null ]
10-13 14:34:18.006 14408 15319 I liteav  : [I][10-13/14:34:18.006+8.0][14408,15319][trtc_pipeline.cc:2469][a010]trtc_api: EnableBlackStream [enable:1|source:3|width:64|height:64]
10-13 14:34:18.006 14408 15319 I liteav  : [I][10-13/14:34:18.006+8.0][14408,15319][video_producer_impl_android.cc:122]enable private system info for manufacture:vivo model:V2118A
10-13 14:34:18.007 14408 15319 I liteav  : [I][10-13/14:34:18.007+8.0][14408,15319][log_jni.cc:30]ReportDauManager: report DAU eventId: 1201
10-13 14:34:18.007 14408 15319 I liteav  : [I][10-13/14:34:18.007+8.0][14408,15319][log_jni.cc:30]NativeVideoReporter: notifyEvent event code:EVT_VIDEO_PREPROCESS_COSMETIC_FIRST_USE, do not need transfer to LiteAvCode:0
10-13 14:34:18.007 14408 15317 I liteav  : [I][10-13/14:34:18.007+8.0][14408,15317][log_jni.cc:30]AudioRouteManager: enable usb device: false
10-13 14:34:18.007 14408 15317 E liteav  : [E][10-13/14:34:18.007+8.0][14408,15317][log_jni.cc:42]AudioRouteSupervisor: error in updateRouteAvailability(), it's not been initialized yet
10-13 14:34:18.008 14408 15317 E liteav  : [E][10-13/14:34:18.008+8.0][14408,15317][log_jni.cc:42]AudioRouteSupervisor: error in updateRouteAvailability(), it's not been initialized yet
10-13 14:34:18.008 14408 15317 E liteav  : [E][10-13/14:34:18.008+8.0][14408,15317][log_jni.cc:42]AudioRouteSupervisor: error in updateRouteAvailability(), it's not been initialized yet
10-13 14:34:18.008 14408 15317 E liteav  : [E][10-13/14:34:18.008+8.0][14408,15317][log_jni.cc:42]AudioRouteSupervisor: error in updateRouteAvailability(), it's not been initialized yet
10-13 14:34:18.008 14408 15317 E liteav  : [E][10-13/14:34:18.008+8.0][14408,15317][log_jni.cc:42]AudioRouteSupervisor: error in updateRouteAvailability(), it's not been initialized yet
10-13 14:34:18.008 14408 15319 I liteav  : [I][10-13/14:34:18.008+8.0][14408,15319][log_jni.cc:30]TXCHandler_73946252: [liteav_main_que]
10-13 14:34:18.008 14408 15332 I liteav  : [I][10-13/14:34:18.008+8.0][14408,15332][log_jni.cc:30]VideoPreprocessor: initialize
10-13 14:34:18.009 14408 15332 I liteav  : [I][10-13/14:34:18.009+8.0][14408,15332][log_jni.cc:30]TXCHandler_236649450: [videoProducer_17834777]
10-13 14:34:18.009 14408 15332 I liteav  : [I][10-13/14:34:18.009+8.0][14408,15332][log_jni.cc:30]TXCHandler_109849976: [videoProducer_17834777]
10-13 14:34:18.009 14408 15332 I liteav  : [I][10-13/14:34:18.009+8.0][14408,15332][log_jni.cc:30]TXCHandler_39459921: [videoProducer_17834777]
10-13 14:34:18.009 14408 15319 W liteav  : [W][10-13/14:34:18.009+8.0][14408,15319][video_producer_impl_android.cc:508]not set resolutionMode.
10-13 14:34:18.009 14408 15332 I liteav  : [I][10-13/14:34:18.009+8.0][14408,15332][log_jni.cc:30]VideoProducer_17834777: setServerConfig=hardwareEncodeType: 2, hardwareEncoderHighProfileEnable: true, hardwareEncoderHighProfileSupport: true, camera2SupportMinApiLevel: 23, frontCameraRealRotation: null, backCameraRealRotation: null, hardwareEncoderBitrateModeCBRSupported: null, gsensorRotationCorrection: null
10-13 14:34:18.009 14408 15319 I liteav  : [I][10-13/14:34:18.009+8.0][14408,15319][video_producer_impl_android.cc:622]capture isn't started, update capture params to CaptureParams: source=VirtualCamera has bitmap:0 mode=3 framerate=15 width=64 height=64 is_front=null 
10-13 14:34:18.009 14408 15319 I liteav  : [I][10-13/14:34:18.009+8.0][14408,15319][video_producer_impl_android.cc:481]not start encode!
10-13 14:34:18.009 14408 15319 I liteav  : [I][10-13/14:34:18.009+8.0][14408,15319][video_producer_impl_android.cc:481]not start encode!
10-13 14:34:18.009 14408 15332 I liteav  : [I][10-13/14:34:18.009+8.0][14408,15332][capture_resolution_decider.cc:36]SetEncodeSize(w:64 h:64)
10-13 14:34:18.009 14408 15332 I liteav  : [I][10-13/14:34:18.009+8.0][14408,15332][resolution_decider_patch.cc:36]SetEncodeSize(w:64 h:64)
10-13 14:34:18.010 14408 15319 I liteav  : [I][10-13/14:34:18.009+8.0][14408,15319][video_producer_impl_android.cc:481]not start encode!
10-13 14:34:18.010 14408 15332 I liteav  : [I][10-13/14:34:18.010+8.0][14408,15332][log_jni.cc:30]VideoProducer_17834777: stopCaptureInternal
10-13 14:34:18.010 14408 15319 I liteav  : [I][10-13/14:34:18.010+8.0][14408,15319][video_producer_impl_android.cc:481]not start encode!
10-13 14:34:18.010 14408 15319 I liteav  : [I][10-13/14:34:18.010+8.0][14408,15319][experimental_api_invoker.cc:510]enableBlackStream[CaptureParams: source=VirtualCamera has bitmap:0 mode=3 framerate=null width=64 height=64 is_front=null ]
10-13 14:34:18.010 14408 15319 I liteav  : [I][10-13/14:34:18.010+8.0][14408,15319][trtc_pipeline.cc:2469][a010]trtc_api: EnableBlackStream [enable:1|source:3|width:64|height:64]
10-13 14:34:18.010 14408 15319 W liteav  : [W][10-13/14:34:18.010+8.0][14408,15319][video_producer_impl_android.cc:508]not set resolutionMode.
10-13 14:34:18.010 14408 15326 I liteav  : [I][10-13/14:34:18.010+8.0][14408,15326][log_jni.cc:30]CameraSupervisor: setCamera2SupportMinApiLevel apiLevel:23
10-13 14:34:18.010 14408 15319 I liteav  : [I][10-13/14:34:18.010+8.0][14408,15319][video_producer_impl_android.cc:481]not start encode!
10-13 14:34:18.010 14408 15326 I liteav  : [I][10-13/14:34:18.010+8.0][14408,15326][log_jni.cc:30]CameraCaptureSingleton: setServerConfig minApiLevel:23
10-13 14:34:18.013 14408 15332 I liteav  : [I][10-13/14:34:18.010+8.0][14408,15332][log_jni.cc:30]VideoRenderer_188399323: Stop,clearLastImage=true
10-13 14:34:18.013 14408 15332 W liteav  : [W][10-13/14:34:18.013+8.0][14408,15332][log_jni.cc:38]VideoRenderer_188399323: renderer is not started!
10-13 14:34:18.013 14408 15332 I liteav  : [I][10-13/14:34:18.013+8.0][14408,15332][log_jni.cc:30]VideoRenderStatistic_216448990: notify renderer stopped, isCustomRenderer: false
10-13 14:34:18.013 14408 15332 I liteav  : [I][10-13/14:34:18.013+8.0][14408,15332][log_jni.cc:30]VideoProducer_17834777: uninitOpenGLComponents
10-13 14:34:18.014 14408 15332 I liteav  : [I][10-13/14:34:18.014+8.0][14408,15332][log_jni.cc:30]TXCHandler_67120723: [videoProducer_17834777]
10-13 14:34:18.014 14408 15332 I liteav  : [I][10-13/14:34:18.014+8.0][14408,15332][log_jni.cc:30]VideoProducer_17834777: setCaptureParams VIRTUAL_CAMERA ,mode = MANUAL , size: 64x64, fps: 15, hasBitmap:false, w*h:0*0
10-13 14:34:18.014 14408 15332 I liteav  : [I][10-13/14:34:18.014+8.0][14408,15332][log_jni.cc:30]VideoProducer_17834777: setCaptureParamInternal sourcetype not match: VIRTUAL_CAMERA , current is NONE
10-13 14:34:18.014 14408 15332 I liteav  : [I][10-13/14:34:18.014+8.0][14408,15332][log_jni.cc:30]VideoProducer_17834777: stopCaptureInternal
10-13 14:34:18.014 14408 15216 I agora.io: [ap-5] response from 116.******.88:8443 success, opid: 2797742039, service_id: 5, uri: 2
10-13 14:34:18.014 14408 15332 I liteav  : [I][10-13/14:34:18.014+8.0][14408,15332][log_jni.cc:30]VideoRenderer_188399323: Stop,clearLastImage=true
10-13 14:34:18.014 14408 15332 W liteav  : [W][10-13/14:34:18.014+8.0][14408,15332][log_jni.cc:38]VideoRenderer_188399323: renderer is not started!
10-13 14:34:18.014 14408 15332 I liteav  : [I][10-13/14:34:18.014+8.0][14408,15332][log_jni.cc:30]VideoRenderStatistic_216448990: notify renderer stopped, isCustomRenderer: false
10-13 14:34:18.014 14408 15216 I agora.io: [rlbs/u]  responsed from 116.******.88:8443 with 3 servers: 119.******.82, 42.******.39, 112.******.84, 
10-13 14:34:18.014 14408 15216 I agora.io: [rs] updateServers 119.******.82:8130, priority 3
10-13 14:34:18.014 14408 15216 I agora.io: [rs] updateServers 42.******.39:8130, priority 3
10-13 14:34:18.014 14408 15216 I agora.io: [rs] updateServers 112.******.84:8130, priority 3
10-13 14:34:18.015 14408 15216 I agora.io: create session builder 0xb400007dbcf88830
10-13 14:34:18.015 14408 15216 I agora.io: destroy session builder 0xb400007dbcf71df0
10-13 14:34:18.015 14408 15216 I agora.io: destroy dangling client connection 0xb400007ddcee2520
10-13 14:34:18.016 14408 15216 I agora.io: [14175834980911815816|remote:116.******.88:8443] destroy session 0xb400007dcce5d500
10-13 14:34:18.016 14408 15216 I agora.io: [14175834980911815816|remote:116.******.88:8443] start last ack, duration: 2000 ms
10-13 14:34:18.016 14408 15216 I agora.io: destroy session builder 0xb400007dbcfbe6b0
10-13 14:34:18.017 14408 15216 I agora.io: [14175834980911815816|remote:116.******.88:8443] destroy connection 0xb400007dcce5eec0
10-13 14:34:18.017 14408 15216 I agora.io: [14175834980911815816|remote:116.******.88:8443] destroy path 0xb400007e2cf40280
10-13 14:34:18.017 14408 15216 I agora.io: create dangling client connection 0xb400007ddceea820
10-13 14:34:18.018 14408 15216 I agora.io: [remote:119.******.82:8130] start 0th connect, send client hello 13374536|syn, early data: 0, tags: SNI :3131392d3138...(27), NELD:, PDMD:, CPTO:4e4f4e432000...(129), CCRT:fa110cc04c5f...(24), CID: 1383796331689902410
10-13 14:34:18.030 14408 15216 I agora.io: [remote:182.******.198:8443] current in 0th connect, send client response 4597524|ack:10948885, early data: 375, tags: , CID: 13307184775395896195
10-13 14:34:18.030 14408 15216 I agora.io: [13307184775395896195|remote:182.******.198:8443] set congestion control type: BBRv1 pacing: true, initial cwin in pkts: 20
10-13 14:34:18.030 14408 15216 I agora.io: [13307184775395896195|remote:182.******.198:8443] set loss detection type: AdaptiveSequence
10-13 14:34:18.030 14408 15216 I agora.io: [13307184775395896195|remote:182.******.198:8443] create path 0xb400007e2cf62ec0, self initial seq: 4597525, peer initial seq: 10948886, local public address: 0, initial rtt: 67ms, version: Unknown, forged protocol: 0, connection_id: 13307184775395896195, path_id: null, cc: BBRv1, pacing: true
10-13 14:34:18.030 14408 15216 I agora.io: [13307184775395896195|remote:182.******.198:8443] SetFromConfig max_packet_size:1280, mtu_discover_target:1450, initial_bandwidth_estimation:0 kbps, enable_connection_migration:true, 
10-13 14:34:18.030 14408 15216 I agora.io: [13307184775395896195|remote:182.******.198:8443] [13307184775395896195|remote:182.******.198:8443] 112877421 switch best path to [13307184775395896195|remote:182.******.198:8443] , predict transfer time: 67ms, rtt : 67ms, loss 0
10-13 14:34:18.030 14408 15216 I agora.io: [13307184775395896195|remote:182.******.198:8443] create connection 0xb400007dcce6a970, self initial seq: 4597525, peer initial seq: 10948886, initial rtt: 67ms, version: Unknown, connection_id: 13307184775395896195, perspective: Perspective::kClient, multipath: false, reinjection strategy: kReinjectIfPossible, path scheduling: kDynamic
10-13 14:34:18.030 14408 15216 I agora.io: [13307184775395896195|remote:182.******.198:8443] SetFromConfig max_packet_size:1280, mtu_discover_target:1450, initial_bandwidth_estimation:0 kbps, enable_connection_migration:true, 
10-13 14:34:18.030 14408 15216 I agora.io: [13307184775395896195|remote:182.******.198:8443] create session 0xb400007dcce655c0
10-13 14:34:18.030 14408 15216 I agora.io: [ap-6] connected to 182.******.198:8443, transport type = 5, verify code: VerifyOk
10-13 14:34:18.030 14408 15216 I agora.io: destroy dangling client connection 0xb400007ddcee3db0
10-13 14:34:18.039 14408 15216 I agora.io: [ap-6] response from 120.******.222:8443 success, opid: 922404209, service_id: 6, uri: 7
10-13 14:34:18.039 14408 15216 I agora.io: [CS]:u, ap 120.******.222:8443 returns 
10-13 14:34:18.039 14408 15216 I agora.io: [CS]: AP Tds success with config: {"_store _onconnectionlost_30s #50836":{"A":{"rtc.connection_lost_period":30000}},"_store custom_test #50949":{"A":{"rtc.vocs_list":["81.70.100.39","125.88.159.163","139.186.128.31"]}},"_store _JQ_disable_opensl #50607":{"A":{"che.audio.opensl":false}},"_store enable xdump since 3.4.6":{"A":{"rtc.enable_xdump":true,"rtc.enable_xdump_file":true,"rtc.enable_xdump_upload":true}}}, size: 4
10-13 14:34:18.039 14408 15216 I agora.io: [CALLCTX]: here are tds, but isABTestSuccess is true...
10-13 14:34:18.039 14408 15216 I agora.io: [12085247354497074572|remote:120.******.222:8443] Source::kPeer destroy outgoing stream: 2 with error: kSessionClosed, detail: session closed by local with delay
10-13 14:34:18.039 14408 15216 I agora.io: tcptls handshake success with 139.******.147:8443
10-13 14:34:18.039 14408 15216 I agora.io: [ap-6] connected to 139.******.147:8443, transport type = 1, verify code: VerifyOk
10-13 14:34:18.039 14408 15216 I agora.io: [remote:119.******.82:8130] receive server hello piece id: 0, 1/1, complete
10-13 14:34:18.040 14408 15216 I agora.io: [TM]: Evaluate cert chain size 3
10-13 14:34:18.040 14408 15216 I agora.io: [TM]: Add cert to cert store
10-13 14:34:18.040 14408 15216 I agora.io: [TM]: Add root certs to cert store
10-13 14:34:18.040 14408 15216 I agora.io: [TM]: Begin verify leaf cert
10-13 14:34:18.041 14408 15216 I agora.io: [TM]: End verify leaf cert, ret succ
10-13 14:34:18.041 14408 15216 I agora.io: [remote:119.******.82:8130] current in 0th connect, send client response 13374536|ack:14656071, early data: 0, tags: , CID: 1383796331689902410
10-13 14:34:18.041 14408 15216 I agora.io: [1383796331689902410|remote:119.******.82:8130] set congestion control type: BBRv1 pacing: true, initial cwin in pkts: 20
10-13 14:34:18.041 14408 15216 I agora.io: [1383796331689902410|remote:119.******.82:8130] set loss detection type: AdaptiveSequence
10-13 14:34:18.041 14408 15216 I agora.io: [1383796331689902410|remote:119.******.82:8130] create path 0xb400007e2d1e4590, self initial seq: 13374537, peer initial seq: 14656072, local public address: 0, initial rtt: 23ms, version: Unknown, forged protocol: 0, connection_id: 1383796331689902410, path_id: null, cc: BBRv1, pacing: true
10-13 14:34:18.041 14408 15216 I agora.io: [1383796331689902410|remote:119.******.82:8130] SetFromConfig max_packet_size:1280, mtu_discover_target:1450, initial_bandwidth_estimation:0 kbps, enable_connection_migration:true, 
10-13 14:34:18.041 14408 15216 I agora.io: [1383796331689902410|remote:119.******.82:8130] [1383796331689902410|remote:119.******.82:8130] 112877432 switch best path to [1383796331689902410|remote:119.******.82:8130] , predict transfer time: 23ms, rtt : 23ms, loss 0
10-13 14:34:18.041 14408 15216 I agora.io: [1383796331689902410|remote:119.******.82:8130] create connection 0xb400007dcce84be0, self initial seq: 13374537, peer initial seq: 14656072, initial rtt: 23ms, version: Unknown, connection_id: 1383796331689902410, perspective: Perspective::kClient, multipath: false, reinjection strategy: kReinjectIfPossible, path scheduling: kDynamic
10-13 14:34:18.041 14408 15216 I agora.io: [1383796331689902410|remote:119.******.82:8130] SetFromConfig max_packet_size:1280, mtu_discover_target:1450, initial_bandwidth_estimation:0 kbps, enable_connection_migration:true, 
10-13 14:34:18.041 14408 15216 I agora.io: [1383796331689902410|remote:119.******.82:8130] create session 0xb400007dcce87280
10-13 14:34:18.041 14408 15216 I agora.io: [rs] link aut to 119.******.82:8130 connected
10-13 14:34:18.041 14408 15216 I agora.io: RawDataList has been sent && clear by 1 transportor, totoal buffer: 1
10-13 14:34:18.041 14408 15216 I agora.io: destroy dangling client connection 0xb400007ddceea820
10-13 14:34:18.049 14408 15176 I TlsSniSocketFactory: customized createSocket. host: wecan-httpdns.yunxinvcloud.com
10-13 14:34:18.053 14408 15176 D Linux   : [Posix_connect Debug]Process com.liquid.poros :443 
10-13 14:34:18.060 14408 14408 E mcssdk---: MCS-->isExistPackage NameNotFoundException:com.coloros.mcs
10-13 14:34:18.075 14408 14408 I PUSH_LOG: [GT-PUSH] [LogController] Sdk version = 3.2.11.0
10-13 14:34:18.076 14408 14408 I PUSH_LOG: [GT-PUSH] PushManager|call turnOnPush
10-13 14:34:18.080 14408 14499 I [ui]ui  : 2/ObserverManager add MsgServiceObserve/observeReceiveMessage
10-13 14:34:18.082 14408 14593 W okhttp.OkHttpClient: --> GET http://poros-test.diffusenetwork.com/service/kin/kin_list?target_user_id=1295319991&token=ea3cc82a-4d37-44c1-bb39-78ec9aeba27f
10-13 14:34:18.082 14408 14593 W okhttp.OkHttpClient: --> END GET
10-13 14:34:18.082 14408 14408 D PRETTY_LOGGER: ┌────────────────────────────────────────────────────────────────────────────────────────────────────────────────
10-13 14:34:18.082 14408 14408 D PRETTY_LOGGER: │ Thread: main
10-13 14:34:18.082 14408 14408 D PRETTY_LOGGER: ├┄┄┄┄┄┄┄┄┄┄┄┄┄┄┄┄┄┄┄┄┄┄┄┄┄┄┄┄┄┄┄┄┄┄┄┄┄┄┄┄┄┄┄┄┄┄┄┄┄┄┄┄┄┄┄┄┄┄┄┄┄┄┄┄┄┄┄┄┄┄┄┄┄┄┄┄┄┄┄┄┄┄┄┄┄┄┄┄┄┄┄┄┄┄┄┄┄┄┄┄┄┄┄┄┄┄┄┄┄┄┄┄
10-13 14:34:18.082 14408 14408 D PRETTY_LOGGER: │ HeartBeatUtil.startHeartBeatTask  (HeartBeatUtil.kt:90)
10-13 14:34:18.082 14408 14408 D PRETTY_LOGGER: │    LogOut.debug  (LogOut.java:46)
10-13 14:34:18.082 14408 14408 D PRETTY_LOGGER: ├┄┄┄┄┄┄┄┄┄┄┄┄┄┄┄┄┄┄┄┄┄┄┄┄┄┄┄┄┄┄┄┄┄┄┄┄┄┄┄┄┄┄┄┄┄┄┄┄┄┄┄┄┄┄┄┄┄┄┄┄┄┄┄┄┄┄┄┄┄┄┄┄┄┄┄┄┄┄┄┄┄┄┄┄┄┄┄┄┄┄┄┄┄┄┄┄┄┄┄┄┄┄┄┄┄┄┄┄┄┄┄┄
10-13 14:34:18.082 14408 14408 D PRETTY_LOGGER: │ 心跳初始化：:执行间隔：30
10-13 14:34:18.082 14408 14408 D PRETTY_LOGGER: └────────────────────────────────────────────────────────────────────────────────────────────────────────────────
10-13 14:34:18.085 14408 14499 I [ui]ui  : 2/ObserverManager add MsgServiceObserve/observeMsgStatus
10-13 14:34:18.085 14408 14499 I [ui]ui  : 2/ObserverManager add MsgServiceObserve/observeRevokeMessage
10-13 14:34:18.086 14408 14499 I [ui]ui  : 2/ObserverManager add MsgServiceObserve/observeCustomNotification
10-13 14:34:18.086 14408 14499 I [ui]ui  : 2/ObserverManager add ChatRoomServiceObserver/observeReceiveMessage
10-13 14:34:18.087 14408 14499 I [ui]ui  : 2/ObserverManager add UserServiceObserve/observeUserInfoUpdate
10-13 14:34:18.090 14408 14408 I StickerManager: Sticker Manager init...
10-13 14:34:18.090 14408 15216 I agora.io: [9163276511991735833|remote:110.******.231:8443] on connection close received, reason: 0, detail: 
10-13 14:34:18.090 14408 15216 I agora.io: [9163276511991735833|remote:110.******.231:8443] start time wait, duration: 2000 ms
10-13 14:34:18.090 14408 15216 E agora.io: [ap-6] OnError to 110.******.231:8443, transport type = 5, error type = 4
10-13 14:34:18.091 14408 14408 E logAndReport: getCacheData ROOM_TYPE_HALL
10-13 14:34:18.091 14408 14408 D PUSH_X  : handlePushOpenActivity null    null
10-13 14:34:18.092 14408 14408 D PRETTY_LOGGER: ┌────────────────────────────────────────────────────────────────────────────────────────────────────────────────
10-13 14:34:18.093 14408 14408 D PRETTY_LOGGER: │ Thread: main
10-13 14:34:18.093 14408 14408 D PRETTY_LOGGER: ├┄┄┄┄┄┄┄┄┄┄┄┄┄┄┄┄┄┄┄┄┄┄┄┄┄┄┄┄┄┄┄┄┄┄┄┄┄┄┄┄┄┄┄┄┄┄┄┄┄┄┄┄┄┄┄┄┄┄┄┄┄┄┄┄┄┄┄┄┄┄┄┄┄┄┄┄┄┄┄┄┄┄┄┄┄┄┄┄┄┄┄┄┄┄┄┄┄┄┄┄┄┄┄┄┄┄┄┄┄┄┄┄
10-13 14:34:18.093 14408 14408 D PRETTY_LOGGER: │ SystemUtils.isResolutionReduced  (SystemUtils.java:195)
10-13 14:34:18.093 14408 14408 D PRETTY_LOGGER: │    LogOut.debug  (LogOut.java:46)
10-13 14:34:18.093 14408 14408 D PRETTY_LOGGER: ├┄┄┄┄┄┄┄┄┄┄┄┄┄┄┄┄┄┄┄┄┄┄┄┄┄┄┄┄┄┄┄┄┄┄┄┄┄┄┄┄┄┄┄┄┄┄┄┄┄┄┄┄┄┄┄┄┄┄┄┄┄┄┄┄┄┄┄┄┄┄┄┄┄┄┄┄┄┄┄┄┄┄┄┄┄┄┄┄┄┄┄┄┄┄┄┄┄┄┄┄┄┄┄┄┄┄┄┄┄┄┄┄
10-13 14:34:18.093 14408 14408 D PRETTY_LOGGER: │ resolution:metricsStr{"density":3.0,"densityDpi":480,"heightPixels":2182,"noncompatDensity":3.0,"noncompatDensityDpi":480,"noncompatHeightPixels":2182,"noncompatScaledDensity":3.0,"noncompatWidthPixels":1080,"noncompatXdpi":403.411,"noncompatYdpi":402.389,"scaledDensity":3.0,"widthPixels":1080,"xdpi":403.411,"ydpi":402.389}
10-13 14:34:18.093 14408 14408 D PRETTY_LOGGER: └────────────────────────────────────────────────────────────────────────────────────────────────────────────────
10-13 14:34:18.097 14408 15297 I liteav  : [I][10-13/14:34:18.097+8.0][14408,15297][ntp_service_impl.cc:254]Sufficient samples have been received, sample num:20, trtc.time.tencent-cloud.com, 120.53.64.253
10-13 14:34:18.097 14408 15297 I liteav  : [I][10-13/14:34:18.097+8.0][14408,15297][ntp_service_impl.cc:336]NTP time sync successful, took(ms): 101, success offset(us): 727479, trtc.time.tencent-cloud.com, IP:120.53.64.253
10-13 14:34:18.098 14408 14408 D PRETTY_LOGGER: ┌────────────────────────────────────────────────────────────────────────────────────────────────────────────────
10-13 14:34:18.098 14408 14408 D PRETTY_LOGGER: │ Thread: main
10-13 14:34:18.098 14408 14408 D PRETTY_LOGGER: ├┄┄┄┄┄┄┄┄┄┄┄┄┄┄┄┄┄┄┄┄┄┄┄┄┄┄┄┄┄┄┄┄┄┄┄┄┄┄┄┄┄┄┄┄┄┄┄┄┄┄┄┄┄┄┄┄┄┄┄┄┄┄┄┄┄┄┄┄┄┄┄┄┄┄┄┄┄┄┄┄┄┄┄┄┄┄┄┄┄┄┄┄┄┄┄┄┄┄┄┄┄┄┄┄┄┄┄┄┄┄┄┄
10-13 14:34:18.098 14408 14408 D PRETTY_LOGGER: │ InviteConditionManager.canFetch  (InviteConditionManager.kt:82)
10-13 14:34:18.098 14408 14408 D PRETTY_LOGGER: │    LogOut.debug  (LogOut.java:46)
10-13 14:34:18.098 14408 14408 D PRETTY_LOGGER: ├┄┄┄┄┄┄┄┄┄┄┄┄┄┄┄┄┄┄┄┄┄┄┄┄┄┄┄┄┄┄┄┄┄┄┄┄┄┄┄┄┄┄┄┄┄┄┄┄┄┄┄┄┄┄┄┄┄┄┄┄┄┄┄┄┄┄┄┄┄┄┄┄┄┄┄┄┄┄┄┄┄┄┄┄┄┄┄┄┄┄┄┄┄┄┄┄┄┄┄┄┄┄┄┄┄┄┄┄┄┄┄┄
10-13 14:34:18.098 14408 14408 D PRETTY_LOGGER: │ SameCityInviter:maxNum: 10, getInviteCount: 0
10-13 14:34:18.098 14408 14408 D PRETTY_LOGGER: └────────────────────────────────────────────────────────────────────────────────────────────────────────────────
10-13 14:34:18.099 14408 14408 D PRETTY_LOGGER: ┌────────────────────────────────────────────────────────────────────────────────────────────────────────────────
10-13 14:34:18.099 14408 14408 D PRETTY_LOGGER: │ Thread: main
10-13 14:34:18.099 14408 14408 D PRETTY_LOGGER: ├┄┄┄┄┄┄┄┄┄┄┄┄┄┄┄┄┄┄┄┄┄┄┄┄┄┄┄┄┄┄┄┄┄┄┄┄┄┄┄┄┄┄┄┄┄┄┄┄┄┄┄┄┄┄┄┄┄┄┄┄┄┄┄┄┄┄┄┄┄┄┄┄┄┄┄┄┄┄┄┄┄┄┄┄┄┄┄┄┄┄┄┄┄┄┄┄┄┄┄┄┄┄┄┄┄┄┄┄┄┄┄┄
10-13 14:34:18.099 14408 14408 D PRETTY_LOGGER: │ InviteConditionManager.canFetch  (InviteConditionManager.kt:89)
10-13 14:34:18.099 14408 14408 D PRETTY_LOGGER: │    LogOut.debug  (LogOut.java:46)
10-13 14:34:18.099 14408 14408 D PRETTY_