10-13 14:30:39.211 12719 12719 I UIRoute : Load RouterInitializer com.tencent.mobileqq.qroute.route.generated.qqrtc_feature_impl_RouterInitializer
10-13 14:30:39.211 12719 12719 I UIRoute : Load RouterInitializer com.tencent.mobileqq.qroute.route.generated.qq_comic_impl_RouterInitializer
10-13 14:30:39.211 12719 12719 I UIRoute : Load RouterInitializer com.tencent.mobileqq.qroute.route.generated.cmshow_impl_RouterInitializer
10-13 14:30:39.211 12719 12719 I UIRoute : Load RouterInitializer com.tencent.mobileqq.qroute.route.generated.zplan_impl_RouterInitializer
10-13 14:30:39.211 12719 12719 I UIRoute : Load RouterInitializer com.tencent.mobileqq.qroute.route.generated.webview_impl_RouterInitializer
10-13 14:30:39.211 12719 12719 I UIRoute : Load RouterInitializer com.tencent.mobileqq.qroute.route.generated.qqpubaccount_impl_RouterInitializer
10-13 14:30:39.211 12719 12719 I UIRoute : Load RouterInitializer com.tencent.mobileqq.qroute.route.generated.qqnearby_impl_RouterInitializer
10-13 14:30:39.211 12719 12719 I UIRoute : Load RouterInitializer com.tencent.mobileqq.qroute.route.generated.qqweishi_impl_RouterInitializer
10-13 14:30:39.211 12719 12719 I UIRoute : Load RouterInitializer com.tencent.mobileqq.qroute.route.generated.qqexpand_impl_RouterInitializer
10-13 14:30:39.211 12719 12719 I UIRoute : Load RouterInitializer com.tencent.mobileqq.qroute.route.generated.wxmini_impl_RouterInitializer
10-13 14:30:39.211 12719 12719 I UIRoute : Load RouterInitializer com.tencent.mobileqq.qroute.route.generated.profilecard_feature_impl_RouterInitializer
10-13 14:30:39.211 12719 12719 I UIRoute : Load RouterInitializer com.tencent.mobileqq.qroute.route.generated.party_room_impl_RouterInitializer
10-13 14:30:39.211 12719 12719 I UIRoute : Load RouterInitializer com.tencent.mobileqq.qroute.route.generated.matchfriend_impl_RouterInitializer
10-13 14:30:39.211 12719 12719 I UIRoute : Load RouterInitializer com.tencent.mobileqq.qroute.route.generated.qq_winkpublish_impl_RouterInitializer
10-13 14:30:39.211 12719 12719 I UIRoute : Load RouterInitializer com.tencent.mobileqq.qroute.route.generated.qqecommerce_impl_RouterInitializer
10-13 14:30:39.211 12719 12719 I UIRoute : Load RouterInitializer com.tencent.mobileqq.qroute.route.generated.qq_qzone_plugin_impl_RouterInitializer
10-13 14:30:39.211 12719 12719 I UIRoute : checkTime init route cost: 1
10-13 14:30:39.212 12719 12719 D QLog    : [init] setDebugMode call.  UIN_REPORTLOG_LEVEL: 1 _DEFAULT_REPORTLOG_LEVEL: 1 debug: false
10-13 14:30:39.212 12719 12719 D LocaleManager: initializeAppLocale, sCurrentLocaleId:0
10-13 14:30:39.213 12719 12719 D LocaleManager: initializeAppLocale, localeIdStr:2052
10-13 14:30:39.213 12719 12719 D LocaleManager: initializeAppLocale, HwEngine.localeId:2052
10-13 14:30:39.213 12719 12719 D LocaleManager: tryApplyLocaleIfNeeded, resLocale:zh_CN
10-13 14:30:39.213 12719 12719 D LocaleManager: queryCurrentLocale, currentLocale:zh_CN
10-13 14:30:39.213 12719 12719 D MultiLanguageEngine: initAndDelegate:false, context:android.app.ContextImpl@62254c4
10-13 14:30:39.213 12719 12719 I GlobalDisplayMetricsManager: getDeviceWidth mode is {id=4, width=1080, height=2408, fps=60.000004, alternativeRefreshRates=[90.0, 120.00001, 144.00002]}
10-13 14:30:39.213 12719 12719 D GlobalDisplayMetricsManager: sDeviceWidth is 1080
10-13 14:30:39.213 12719 12719 D GlobalDisplayMetricsManager.Toggle: readToggleOnce com.tencent.mobileqq:openSdk 1 102
10-13 14:30:39.213 12719 12719 D DisplayMetricsUtil: update toggle : true
10-13 14:30:39.213 12719 12719 D GlobalDisplayMetricsManager: defaultMode is {id=1, width=1080, height=2408, fps=144.00002, alternativeRefreshRates=[60.000004, 90.0, 120.00001]}
10-13 14:30:39.213 12719 12719 I GlobalDisplayMetricsManager: default width is 1080 currentWidth is 1080
10-13 14:30:39.213 12719 12740 D LogWriterManager: initLog: useNewLog false MSF_IS_COLOR_LEVEL=false fullEncryptedLogMode=false DebugVersion=false EncryptedKey=LAgEhb2hmQw4qO4FxZOjuVQCczDiRmBYLHuQbpj+TXl5YW3J3QI3rSOVNetMQTY//bb+VStpOruktgrmye//w0BdcbNq/vdt2XmHqC6m+VqCMAsk1Im6toEFQmiGYPWIdKv5i+P0VMb1anjOcPKczUyBSoeEaNpy9gvyhvYxKKzhQuV56w7xybI+oNK41fK+oEwrXwYAv1b6TP4SBtbvvxppyUtHxP1vwEZ+wQPo2DjALN1h70lDv0IROVK93xKnXyIEHxvFC/vy0npTbEfjG6261L1cJIyNV9autHGsYuEc3woTxYiXcPVsnm3Wrk2pTBAUpsQPO7U1sv6sR5+xow== QLog.isColorLevel()=false UIN_REPORTLOG_LEVEL=1
10-13 14:30:39.214 12719 12740 W System.err: java.lang.ClassNotFoundException: java.nio.CharArrayBuffer
10-13 14:30:39.214 12719 12719 I GlobalDisplayMetricsManager: sysCurDensityDpi is 480 sysDefultDensityDpi is 480
10-13 14:30:39.214 12719 12740 W System.err: 	at java.lang.Class.classForName(Native Method)
10-13 14:30:39.214 12719 12719 I GlobalDisplayMetricsManager: before displayMetrics is DisplayMetrics{density=3.0, width=1080, height=2182, scaledDensity=3.0, xdpi=403.411, ydpi=402.389}
10-13 14:30:39.214 12719 12740 W System.err: 	at java.lang.Class.forName(Class.java:454)
10-13 14:30:39.214 12719 12719 I GlobalDisplayMetricsManager: after displayMetrics is DisplayMetrics{density=2.7, width=1080, height=2182, scaledDensity=2.7, xdpi=403.411, ydpi=402.389} hashCode is 101318573
10-13 14:30:39.214 12719 12740 W System.err: 	at java.lang.Class.forName(Class.java:379)
10-13 14:30:39.214 12719 12740 W System.err: 	at com.tencent.qphone.base.util.log.QLogWriter.wrap(P:279)
10-13 14:30:39.214 12719 12740 W System.err: 	at com.tencent.qphone.base.util.log.QLogWriter.write(P:228)
10-13 14:30:39.214 12719 12740 W System.err: 	at com.tencent.qphone.base.util.log.QBufferedWriter.flushBuffer(P:64)
10-13 14:30:39.214 12719 12740 W System.err: 	at com.tencent.qphone.base.util.log.QBufferedWriter.flush(P:181)
10-13 14:30:39.214 12719 12740 W System.err: 	at com.tencent.qphone.base.util.LogWriterManager.writeLogItem(P:307)
10-13 14:30:39.214 12719 12740 W System.err: 	at com.tencent.qphone.base.util.LogWriterManager.writeLogItems(P:207)
10-13 14:30:39.214 12719 12740 W System.err: 	at com.tencent.qphone.base.util.QLogItemManager.writeLogItems(P:248)
10-13 14:30:39.214 12719 12740 W System.err: 	at com.tencent.qphone.base.util.QLogItemManager.access$100(P:23)
10-13 14:30:39.214 12719 12740 W System.err: 	at com.tencent.qphone.base.util.QLogItemManager$WriteHandler.handleMessage(P:82)
10-13 14:30:39.214 12719 12719 D FontSettingManager: currentDm: 2.7, 2.7, 432
10-13 14:30:39.214 12719 12740 W System.err: 	at android.os.Handler.dispatchMessage(Handler.java:106)
10-13 14:30:39.214 12719 12740 W System.err: 	at android.os.Looper.loopOnce(Looper.java:233)
10-13 14:30:39.214 12719 12740 W System.err: 	at android.os.Looper.loop(Looper.java:334)
10-13 14:30:39.214 12719 12740 W System.err: 	at android.os.HandlerThread.run(HandlerThread.java:67)
10-13 14:30:39.214 12719 12740 W System.err: Caused by: java.lang.ClassNotFoundException: java.nio.CharArrayBuffer
10-13 14:30:39.214 12719 12740 W System.err: 	... 16 more
10-13 14:30:39.214 12719 12719 I Utils   : current process name: com.tencent.mobileqq:openSdk
10-13 14:30:39.214 12719 12719 I MMKV    : Disable checkProcessMode()
10-13 14:30:39.215 12719 12719 I MMKV    : <native-bridge.cpp:104::JNI_OnLoad> current API level = 31, libc++_shared=0
10-13 14:30:39.215 12719 12719 I MMKV    : <MMKV.cpp:165::initialize> version v1.2.12, page size 4096, arch arm64-v8a
10-13 14:30:39.215 12719 12719 I MMKV    : <MMKV.cpp:176::initialize> armv8 AES instructions is supported
10-13 14:30:39.215 12719 12719 I MMKV    : <MMKV.cpp:184::initialize> armv8 CRC32 instructions is supported
10-13 14:30:39.215 12719 12719 I MMKV    : <MMKV.cpp:207::initializeMMKV> root dir: /data/user/0/com.tencent.mobileqq/files/mmkv
10-13 14:30:39.216 12719 12719 I AutoMonitor: nextState -1, 0
10-13 14:30:39.216 12719 12719 D [DynamicFeature] LoadCompactDynamicFeature: [compact] load: invoked.  BuildConfig.IS_QRUN_COMPACT: false AppSetting.isQRunCompact(): false
10-13 14:30:39.217 12719 12719 I SharedPreferencesProxy: create new ContentProviderClient: hotpatch_preference
10-13 14:30:39.220 12719 12719 D PatchLogTag: DexPatchInstaller checkDexPatchConfigAndStatus patch config is null
10-13 14:30:39.220 12719 12719 D PatchLogTag: DexPatchInstaller installDexPatch Not inject patch, status=0
10-13 14:30:39.220 12719 12719 D VFSRegisterProxy: initConfig start!
10-13 14:30:39.220 12719 12719 I SharedPreferencesProxy: create new ContentProviderClient: StepUpdate
10-13 14:30:39.221 12719 12719 D VFSRegisterProxy: initConfig checkSP is called, return val = false
10-13 14:30:39.221 12719 12719 D VFSRegisterProxy: initConfig end!
10-13 14:30:39.222 12719 12719 D PandoraEx.ActivityMonitor: ActivityMonitor init success
10-13 14:30:39.222 12719 12719 D PandoraEx.Utils: convertAndUpdateConfig: Config{module[default_module], systemApi[null], rules[{}], specialPage[null], isBanAccess[false], isBanBackgroundAccess[false], isReportRealTime[false], reportSampleRate[1], configHighFrequency[null}
10-13 14:30:39.222 12719 12719 E PandoraEx.ConfigManager: initDefaultConfig initLevel is defaultConfig
10-13 14:30:39.222 12719 12719 D PandoraEx.Utils: convertAndUpdateConfig: Config{module[default_module], systemApi[null], rules[{back=Rule{scene[back], strategy[cache_only], highFreq[null], cacheTime[0], silenceTime[0], reportRate[0], legalPage[[]], illegalPage[[]]}, before=Rule{scene[before], strategy[ban], highFreq[null], cacheTime[0], silenceTime[0], reportRate[0], legalPage[[]], illegalPage[[]]}}], specialPage[null], isBanAccess[false], isBanBackgroundAccess[false], isReportRealTime[false], reportSampleRate[1], configHighFrequency[null}
10-13 14:30:39.222 12719 12719 D PandoraEx.Utils: convertAndUpdateConfig: Config{module[clipboard], systemApi[null], rules[{high_freq=Rule{scene[high_freq], strategy[normal], highFreq[ConfigHighFrequency{count[10], durationMillSecond[10000], actualDuration[0]}], cacheTime[0], silenceTime[0], reportRate[0], legalPage[[]], illegalPage[[]]}}], specialPage[null], isBanAccess[false], isBanBackgroundAccess[false], isReportRealTime[false], reportSampleRate[1], configHighFrequency[ConfigHighFrequency{count[10], durationMillSecond[10000], actualDuration[0]}}
10-13 14:30:39.222 12719 12719 D PandoraEx.Utils: convertAndUpdateConfig: Config{module[contact], systemApi[null], rules[{back=Rule{scene[back], strategy[cache_only], highFreq[null], cacheTime[0], silenceTime[0], reportRate[0], legalPage[[]], illegalPage[[]]}}], specialPage[null], isBanAccess[false], isBanBackgroundAccess[true], isReportRealTime[false], reportSampleRate[1], configHighFrequency[null}
10-13 14:30:39.222 12719 12719 D PandoraEx.Utils: convertAndUpdateConfig: Config{module[location], systemApi[null], rules[{back=Rule{scene[back], strategy[cache_only], highFreq[null], cacheTime[0], silenceTime[0], reportRate[0], legalPage[[]], illegalPage[[]]}}], specialPage[null], isBanAccess[false], isBanBackgroundAccess[true], isReportRealTime[false], reportSampleRate[1], configHighFrequency[null}
10-13 14:30:39.222 12719 12719 D PandoraEx.Utils: convertAndUpdateConfig: Config{module[device], systemApi[null], rules[{normal=Rule{scene[normal], strategy[storage], highFreq[null], cacheTime[-1], silenceTime[0], reportRate[0], legalPage[[]], illegalPage[[]]}}], specialPage[null], isBanAccess[false], isBanBackgroundAccess[false], isReportRealTime[false], reportSampleRate[1], configHighFrequency[null}
10-13 14:30:39.222 12719 12719 D PandoraEx.Utils: convertAndUpdateConfig: Config{module[network], systemApi[WI#G_MA_ADDR], rules[{normal=Rule{scene[normal], strategy[storage], highFreq[null], cacheTime[-1], silenceTime[0], reportRate[0], legalPage[[]], illegalPage[[]]}}], specialPage[null], isBanAccess[false], isBanBackgroundAccess[false], isReportRealTime[false], reportSampleRate[1], configHighFrequency[null}
10-13 14:30:39.222 12719 12719 D PandoraEx.Utils: convertAndUpdateConfig: Config{module[network], systemApi[NI#G_HW_ADDR], rules[{normal=Rule{scene[normal], strategy[storage], highFreq[null], cacheTime[-1], silenceTime[0], reportRate[0], legalPage[[]], illegalPage[[]]}}], specialPage[null], isBanAccess[false], isBanBackgroundAccess[false], isReportRealTime[false], reportSampleRate[1], configHighFrequency[null}
10-13 14:30:39.222 12719 12719 D PandoraEx.Utils: convertAndUpdateConfig: Config{module[device], systemApi[TM#G_LI_NUM], rules[{normal=Rule{scene[normal], strategy[normal], highFreq[null], cacheTime[10000], silenceTime[0], reportRate[0], legalPage[[]], illegalPage[[]]}}], specialPage[null], isBanAccess[false], isBanBackgroundAccess[false], isReportRealTime[false], reportSampleRate[1], configHighFrequency[null}
10-13 14:30:39.223 12719 12719 D PandoraEx.Utils: convertAndUpdateConfig: Config{module[device], systemApi[TM#G_SIM_OP], rules[{normal=Rule{scene[normal], strategy[normal], highFreq[null], cacheTime[10000], silenceTime[0], reportRate[0], legalPage[[]], illegalPage[[]]}}], specialPage[null], isBanAccess[false], isBanBackgroundAccess[false], isReportRealTime[false], reportSampleRate[1], configHighFrequency[null}
10-13 14:30:39.223 12719 12719 D PandoraEx.Utils: convertAndUpdateConfig: Config{module[device], systemApi[TM#G_SIM_SE_NUM], rules[{normal=Rule{scene[normal], strategy[normal], highFreq[null], cacheTime[10000], silenceTime[0], reportRate[0], legalPage[[]], illegalPage[[]]}}], specialPage[null], isBanAccess[false], isBanBackgroundAccess[false], isReportRealTime[false], reportSampleRate[1], configHighFrequency[null}
10-13 14:30:39.223 12719 12719 D PandoraEx.Utils: convertAndUpdateConfig: Config{module[sensor], systemApi[null], rules[{back=Rule{scene[back], strategy[normal], highFreq[null], cacheTime[0], silenceTime[0], reportRate[0], legalPage[[]], illegalPage[[]]}}], specialPage[null], isBanAccess[false], isBanBackgroundAccess[false], isReportRealTime[false], reportSampleRate[1], configHighFrequency[null}
10-13 14:30:39.223 12719 12719 D TraceUtil: config cost = 0.622083
10-13 14:30:39.223 12719 12719 D PandoraEx.Utils: convertAndUpdateConfig: Config{module[network], systemApi[WI#G_MA_ADDR], rules[{}], specialPage[null], isBanAccess[false], isBanBackgroundAccess[false], isReportRealTime[false], reportSampleRate[100000], configHighFrequency[null}
10-13 14:30:39.223 12719 12719 D PandoraEx.Utils: convertAndUpdateConfig: Config{module[network], systemApi[NI#G_HW_ADDR], rules[{}], specialPage[null], isBanAccess[false], isBanBackgroundAccess[false], isReportRealTime[false], reportSampleRate[100000], configHighFrequency[null}
10-13 14:30:39.223 12719 12719 D PandoraEx.Utils: convertAndUpdateConfig: Config{module[network], systemApi[NC#HAS_TRANS], rules[{normal=Rule{scene[normal], strategy[normal], highFreq[null], cacheTime[0], silenceTime[0], reportRate[0], legalPage[[]], illegalPage[[]]}, before=Rule{scene[before], strategy[ban], highFreq[null], cacheTime[0], silenceTime[0], reportRate[0], legalPage[[]], illegalPage[[]]}, back=Rule{scene[back], strategy[ban], highFreq[null], cacheTime[0], silenceTime[0], reportRate[0], legalPage[[]], illegalPage[[]]}}], specialPage[null], isBanAccess[false], isBanBackgroundAccess[false], isReportRealTime[false], reportSampleRate[100000], configHighFrequency[null}
10-13 14:30:39.223 12719 12719 D PandoraEx.Utils: convertAndUpdateConfig: Config{module[default_module], systemApi[null], rules[{}], specialPage[null], isBanAccess[false], isBanBackgroundAccess[false], isReportRealTime[false], reportSampleRate[100000], configHighFrequency[null}
10-13 14:30:39.223 12719 12719 D PandoraEx.Utils: convertAndUpdateConfig: Config{module[device], systemApi[null], rules[{}], specialPage[null], isBanAccess[false], isBanBackgroundAccess[false], isReportRealTime[false], reportSampleRate[100000], configHighFrequency[null}
10-13 14:30:39.223 12719 12719 D PandoraEx.Utils: convertAndUpdateConfig: Config{module[device], systemApi[TM#G_LI_NUM], rules[{}], specialPage[null], isBanAccess[false], isBanBackgroundAccess[false], isReportRealTime[false], reportSampleRate[100000], configHighFrequency[null}
10-13 14:30:39.223 12719 12719 D PandoraEx.Utils: convertAndUpdateConfig: Config{module[device], systemApi[TM#G_SIM_OP], rules[{}], specialPage[null], isBanAccess[false], isBanBackgroundAccess[false], isReportRealTime[false], reportSampleRate[100000], configHighFrequency[null}
10-13 14:30:39.223 12719 12719 D PandoraEx.Utils: convertAndUpdateConfig: Config{module[device], systemApi[TM#G_SIM_SE_NUM], rules[{}], specialPage[null], isBanAccess[false], isBanBackgroundAccess[false], isReportRealTime[false], reportSampleRate[100000], configHighFrequency[null}
10-13 14:30:39.223 12719 12719 D PandoraEx.Utils: convertAndUpdateConfig: Config{module[recorder], systemApi[null], rules[{normal=Rule{scene[normal], strategy[normal], highFreq[null], cacheTime[0], silenceTime[0], reportRate[0], legalPage[[]], illegalPage[[]]}, before=Rule{scene[before], strategy[ban], highFreq[null], cacheTime[0], silenceTime[0], reportRate[0], legalPage[[]], illegalPage[[]]}, back=Rule{scene[back], strategy[normal], highFreq[null], cacheTime[0], silenceTime[0], reportRate[0], legalPage[[]], illegalPage[[]]}}], specialPage[null], isBanAccess[false], isBanBackgroundAccess[false], isReportRealTime[false], reportSampleRate[1], configHighFrequency[null}
10-13 14:30:39.223 12719 12719 D PandoraEx.Utils: convertAndUpdateConfig: Config{module[camera], systemApi[null], rules[{normal=Rule{scene[normal], strategy[normal], highFreq[null], cacheTime[0], silenceTime[0], reportRate[0], legalPage[[]], illegalPage[[]]}, before=Rule{scene[before], strategy[ban], highFreq[null], cacheTime[0], silenceTime[0], reportRate[0], legalPage[[]], illegalPage[[]]}, back=Rule{scene[back], strategy[normal], highFreq[null], cacheTime[0], silenceTime[0], reportRate[0], legalPage[[]], illegalPage[[]]}}], specialPage[null], isBanAccess[false], isBanBackgroundAccess[false], isReportRealTime[false], reportSampleRate[1], configHighFrequency[null}
10-13 14:30:39.223 12719 12719 D PandoraEx.Utils: convertAndUpdateConfig: Config{module[contact], systemApi[null], rules[{normal=Rule{scene[normal], strategy[normal], highFreq[null], cacheTime[0], silenceTime[0], reportRate[0], legalPage[[]], illegalPage[[]]}, before=Rule{scene[before], strategy[ban], highFreq[null], cacheTime[0], silenceTime[0], reportRate[0], legalPage[[]], illegalPage[[]]}, back=Rule{scene[back], strategy[cache_only], highFreq[null], cacheTime[0], silenceTime[0], reportRate[0], legalPage[[]], illegalPage[[]]}}], specialPage[null], isBanAccess[false], isBanBackgroundAccess[false], isReportRealTime[false], reportSampleRate[100000], configHighFrequency[null}
10-13 14:30:39.223 12719 12719 D PandoraEx.Utils: convertAndUpdateConfig: Config{module[location], systemApi[null], rules[{normal=Rule{scene[normal], strategy[normal], highFreq[null], cacheTime[0], silenceTime[0], reportRate[0], legalPage[[]], illegalPage[[]]}, before=Rule{scene[before], strategy[ban], highFreq[null], cacheTime[0], silenceTime[0], reportRate[0], legalPage[[]], illegalPage[[]]}, back=Rule{scene[back], strategy[cache_only], highFreq[null], cacheTime[0], silenceTime[0], reportRate[0], legalPage[[]], illegalPage[[]]}}], specialPage[null], isBanAccess[false], isBanBackgroundAccess[false], isReportRealTime[false], reportSampleRate[100000], configHighFrequency[null}
10-13 14:30:39.223 12719 12719 D PandoraEx.Utils: convertAndUpdateConfig: Config{module[location], systemApi[WM#G_CON_INFO], rules[{normal=Rule{scene[normal], strategy[normal], highFreq[null], cacheTime[0], silenceTime[0], reportRate[0], legalPage[[]], illegalPage[[]]}, before=Rule{scene[before], strategy[ban], highFreq[null], cacheTime[0], silenceTime[0], reportRate[0], legalPage[[]], illegalPage[[]]}, back=Rule{scene[back], strategy[cache_only], highFreq[null], cacheTime[0], silenceTime[0], reportRate[0], legalPage[[]], illegalPage[[]]}}], specialPage[null], isBanAccess[false], isBanBackgroundAccess[false], isReportRealTime[false], reportSampleRate[300000], configHighFrequency[null}
10-13 14:30:39.223 12719 12719 D PandoraEx.Utils: convertAndUpdateConfig: Config{module[location], systemApi[TM#REQ_NW_SC#REC], rules[{normal=Rule{scene[normal], strategy[normal], highFreq[null], cacheTime[0], silenceTime[0], reportRate[0], legalPage[[]], illegalPage[[]]}, before=Rule{scene[before], strategy[ban], highFreq[null], cacheTime[0], silenceTime[0], reportRate[0], legalPage[[]], illegalPage[[]]}, back=Rule{scene[back], strategy[normal], highFreq[null], cacheTime[0], silenceTime[0], reportRate[0], legalPage[[]], illegalPage[[]]}}], specialPage[null], isBanAccess[false], isBanBackgroundAccess[false], isReportRealTime[false], reportSampleRate[100000], configHighFrequency[null}
10-13 14:30:39.223 12719 12719 D PandoraEx.Utils: convertAndUpdateConfig: Config{module[location], systemApi[BLS#STRT_SC#S], rules[{normal=Rule{scene[normal], strategy[normal], highFreq[null], cacheTime[0], silenceTime[0], reportRate[0], legalPage[[]], illegalPage[[]]}, before=Rule{scene[before], strategy[ban], highFreq[null], cacheTime[0], silenceTime[0], reportRate[0], legalPage[[]], illegalPage[[]]}, back=Rule{scene[back], strategy[normal], highFreq[null], cacheTime[0], silenceTime[0], reportRate[0], legalPage[[]], illegalPage[[]]}}], specialPage[null], isBanAccess[false], isBanBackgroundAccess[false], isReportRealTime[false], reportSampleRate[100000], configHighFrequency[null}
10-13 14:30:39.223 12719 12719 D PandoraEx.Utils: convertAndUpdateConfig: Config{module[location], systemApi[BLS#STRT_SC#LSS], rules[{normal=Rule{scene[normal], strategy[normal], highFreq[null], cacheTime[0], silenceTime[0], reportRate[0], legalPage[[]], illegalPage[[]]}, before=Rule{scene[before], strategy[ban], highFreq[null], cacheTime[0], silenceTime[0], reportRate[0], legalPage[[]], illegalPage[[]]}, back=Rule{scene[back], strategy[normal], highFreq[null], cacheTime[0], silenceTime[0], reportRate[0], legalPage[[]], illegalPage[[]]}}], specialPage[null], isBanAccess[false], isBanBackgroundAccess[false], isReportRealTime[false], reportSampleRate[100000], configHighFrequency[null}
10-13 14:30:39.223 12719 12719 D PandoraEx.Utils: convertAndUpdateConfig: Config{module[location], systemApi[BLS#STRT_SC#LSP], rules[{normal=Rule{scene[normal], strategy[normal], highFreq[null], cacheTime[0], silenceTime[0], reportRate[0], legalPage[[]], illegalPage[[]]}, before=Rule{scene[before], strategy[ban], highFreq[null], cacheTime[0], silenceTime[0], reportRate[0], legalPage[[]], illegalPage[[]]}, back=Rule{scene[back], strategy[normal], highFreq[null], cacheTime[0], silenceTime[0], reportRate[0], legalPage[[]], illegalPage[[]]}}], specialPage[null], isBanAccess[false], isBanBackgroundAccess[false], isReportRealTime[false], reportSampleRate[100000], configHighFrequency[null}
10-13 14:30:39.223 12719 12719 D PandoraEx.Utils: convertAndUpdateConfig: Config{module[location], systemApi[BA#STRT_DIS_COV], rules[{normal=Rule{scene[normal], strategy[normal], highFreq[null], cacheTime[0], silenceTime[0], reportRate[0], legalPage[[]], illegalPage[[]]}, before=Rule{scene[before], strategy[ban], highFreq[null], cacheTime[0], silenceTime[0], reportRate[0], legalPage[[]], illegalPage[[]]}, back=Rule{scene[back], strategy[normal], highFreq[null], cacheTime[0], silenceTime[0], reportRate[0], legalPage[[]], illegalPage[[]]}}], specialPage[null], isBanAccess[false], isBanBackgroundAccess[false], isReportRealTime[false], reportSampleRate[100000], configHighFrequency[null}
10-13 14:30:39.223 12719 12719 D PandoraEx.Utils: convertAndUpdateConfig: Config{module[location], systemApi[BA#STRT_LE_SC#L], rules[{normal=Rule{scene[normal], strategy[normal], highFreq[null], cacheTime[0], silenceTime[0], reportRate[0], legalPage[[]], illegalPage[[]]}, before=Rule{scene[before], strategy[ban], highFreq[null], cacheTime[0], silenceTime[0], reportRate[0], legalPage[[]], illegalPage[[]]}, back=Rule{scene[back], strategy[normal], highFreq[null], cacheTime[0], silenceTime[0], reportRate[0], legalPage[[]], illegalPage[[]]}}], specialPage[null], isBanAccess[false], isBanBackgroundAccess[false], isReportRealTime[false], reportSampleRate[100000], configHighFrequency[null}
10-13 14:30:39.223 12719 12719 D PandoraEx.Utils: convertAndUpdateConfig: Config{module[location], systemApi[BA#STRT_LE_SC#UL], rules[{normal=Rule{scene[normal], strategy[normal], highFreq[null], cacheTime[0], silenceTime[0], reportRate[0], legalPage[[]], illegalPage[[]]}, before=Rule{scene[before], strategy[ban], highFreq[null], cacheTime[0], silenceTime[0], reportRate[0], legalPage[[]], illegalPage[[]]}, back=Rule{scene[back], strategy[normal], highFreq[null], cacheTime[0], silenceTime[0], reportRate[0], legalPage[[]], illegalPage[[]]}}], specialPage[null], isBanAccess[false], isBanBackgroundAccess[false], isReportRealTime[false], reportSampleRate[100000], configHighFrequency[null}
10-13 14:30:39.223 12719 12719 D PandoraEx.Utils: convertAndUpdateConfig: Config{module[location], systemApi[TM#G_SER_STATE], rules[{normal=Rule{scene[normal], strategy[normal], highFreq[null], cacheTime[0], silenceTime[0], reportRate[0], legalPage[[]], illegalPage[[]]}, before=Rule{scene[before], strategy[ban], highFreq[null], cacheTime[0], silenceTime[0], reportRate[0], legalPage[[]], illegalPage[[]]}, back=Rule{scene[back], strategy[normal], highFreq[null], cacheTime[0], silenceTime[0], reportRate[0], legalPage[[]], illegalPage[[]]}}], specialPage[null], isBanAccess[false], isBanBackgroundAccess[false], isReportRealTime[false], reportSampleRate[100000], configHighFrequency[null}
10-13 14:30:39.223 12719 12719 D PandoraEx.Utils: convertAndUpdateConfig: Config{module[location], systemApi[TM#LIS#PI], rules[{normal=Rule{scene[normal], strategy[normal], highFreq[null], cacheTime[0], silenceTime[0], reportRate[0], legalPage[[]], illegalPage[[]]}, before=Rule{scene[before], strategy[ban], highFreq[null], cacheTime[0], silenceTime[0], reportRate[0], legalPage[[]], illegalPage[[]]}, back=Rule{scene[back], strategy[normal], highFreq[null], cacheTime[0], silenceTime[0], reportRate[0], legalPage[[]], illegalPage[[]]}}], specialPage[null], isBanAccess[false], isBanBackgroundAccess[false], isReportRealTime[false], reportSampleRate[100000], configHighFrequency[null}
10-13 14:30:39.223 12719 12719 D PandoraEx.Utils: convertAndUpdateConfig: Config{module[network], systemApi[null], rules[{normal=Rule{scene[normal], strategy[normal], highFreq[null], cacheTime[0], silenceTime[0], reportRate[0], legalPage[[]], illegalPage[[]]}, before=Rule{scene[before], strategy[ban], highFreq[null], cacheTime[0], silenceTime[0], reportRate[0], legalPage[[]], illegalPage[[]]}, back=Rule{scene[back], strategy[normal], highFreq[null], cacheTime[0], silenceTime[0], reportRate[0], legalPage[[]], illegalPage[[]]}}], specialPage[null], isBanAccess[false], isBanBackgroundAccess[false], isReportRealTime[false], reportSampleRate[100000], configHighFrequency[null}
10-13 14:30:39.223 12719 12719 D PandoraEx.Utils: convertAndUpdateConfig: Config{module[network], systemApi[WI#G_BSSID], rules[{normal=Rule{scene[normal], strategy[normal], highFreq[null], cacheTime[0], silenceTime[0], reportRate[0], legalPage[[]], illegalPage[[]]}, before=Rule{scene[before], strategy[ban], highFreq[null], cacheTime[0], silenceTime[0], reportRate[0], legalPage[[]], illegalPage[[]]}, back=Rule{scene[back], strategy[normal], highFreq[null], cacheTime[0], silenceTime[0], reportRate[0], legalPage[[]], illegalPage[[]]}}], specialPage[null], isBanAccess[false], isBanBackgroundAccess[false], isReportRealTime[false], reportSampleRate[100000], configHighFrequency[null}
10-13 14:30:39.223 12719 12719 D PandoraEx.Utils: convertAndUpdateConfig: Config{module[network], systemApi[NI#G_TYPE], rules[{normal=Rule{scene[normal], strategy[normal], highFreq[null], cacheTime[0], silenceTime[0], reportRate[0], legalPage[[]], illegalPage[[]]}, before=Rule{scene[before], strategy[ban], highFreq[null], cacheTime[0], silenceTime[0], reportRate[0], legalPage[[]], illegalPage[[]]}, back=Rule{scene[back], strategy[normal], highFreq[null], cacheTime[0], silenceTime[0], reportRate[0], legalPage[[]], illegalPage[[]]}}], specialPage[null], isBanAccess[false], isBanBackgroundAccess[false], isReportRealTime[false], reportSampleRate[5000000], configHighFrequency[null}
10-13 14:30:39.223 12719 12719 D PandoraEx.Utils: convertAndUpdateConfig: Config{module[clipboard], systemApi[CM#G_PRI_CLIP_DESC], rules[{normal=Rule{scene[normal], strategy[normal], highFreq[null], cacheTime[0], silenceTime[0], reportRate[0], legalPage[[]], illegalPage[[]]}, before=Rule{scene[before], strategy[ban], highFreq[null], cacheTime[0], silenceTime[0], reportRate[0], legalPage[[]], illegalPage[[]]}, back=Rule{scene[back], strategy[cache_only], highFreq[null], cacheTime[0], silenceTime[0], reportRate[0], legalPage[[]], illegalPage[[]]}}], specialPage[null], isBanAccess[false], isBanBackgroundAccess[false], isReportRealTime[false], reportSampleRate[5000000], configHighFrequency[null}
10-13 14:30:39.223 12719 12719 D PandoraEx.Utils: convertAndUpdateConfig: Config{module[sensor], systemApi[null], rules[{normal=Rule{scene[normal], strategy[normal], highFreq[null], cacheTime[0], silenceTime[0], reportRate[0], legalPage[[]], illegalPage[[]]}, before=Rule{scene[before], strategy[ban], highFreq[null], cacheTime[0], silenceTime[0], reportRate[0], legalPage[[]], illegalPage[[]]}, back=Rule{scene[back], strategy[normal], highFreq[null], cacheTime[0], silenceTime[0], reportRate[0], legalPage[[]], illegalPage[[]]}}], specialPage[null], isBanAccess[false], isBanBackgroundAccess[false], isReportRealTime[false], reportSampleRate[100000], configHighFrequency[null}
10-13 14:30:39.224 12719 12719 D PandoraEx.Utils: convertAndUpdateConfig: Config{module[network], systemApi[WI#G_MA_ADDR], rules[{normal=Rule{scene[normal], strategy[storage], highFreq[null], cacheTime[-1], silenceTime[0], reportRate[0], legalPage[[]], illegalPage[[]]}, before=Rule{scene[before], strategy[ban], highFreq[null], cacheTime[0], silenceTime[0], reportRate[0], legalPage[[]], illegalPage[[]]}, back=Rule{scene[back], strategy[cache_only], highFreq[null], cacheTime[0], silenceTime[0], reportRate[0], legalPage[[]], illegalPage[[]]}}], specialPage[null], isBanAccess[false], isBanBackgroundAccess[false], isReportRealTime[false], reportSampleRate[20000], configHighFrequency[null}
10-13 14:30:39.224 12719 12719 D PandoraEx.Utils: convertAndUpdateConfig: Config{module[network], systemApi[NI#G_HW_ADDR], rules[{normal=Rule{scene[normal], strategy[storage], highFreq[null], cacheTime[-1], silenceTime[0], reportRate[0], legalPage[[]], illegalPage[[]]}, before=Rule{scene[before], strategy[ban], highFreq[null], cacheTime[0], silenceTime[0], reportRate[0], legalPage[[]], illegalPage[[]]}, back=Rule{scene[back], strategy[cache_only], highFreq[null], cacheTime[0], silenceTime[0], reportRate[0], legalPage[[]], illegalPage[[]]}}], specialPage[null], isBanAccess[false], isBanBackgroundAccess[false], isReportRealTime[false], reportSampleRate[20000], configHighFrequency[null}
10-13 14:30:39.224 12719 12719 D PandoraEx.Utils: convertAndUpdateConfig: Config{module[device], systemApi[BU#MODEL], rules[{normal=Rule{scene[normal], strategy[storage], highFreq[null], cacheTime[-1], silenceTime[0], reportRate[0], legalPage[[]], illegalPage[[]]}, before=Rule{scene[before], strategy[ban], highFreq[null], cacheTime[0], silenceTime[0], reportRate[0], legalPage[[]], illegalPage[[]]}, back=Rule{scene[back], strategy[cache_only], highFreq[null], cacheTime[0], silenceTime[0], reportRate[0], legalPage[[]], illegalPage[[]]}}], specialPage[null], isBanAccess[false], isBanBackgroundAccess[false], isReportRealTime[false], reportSampleRate[10000000], configHighFrequency[null}
10-13 14:30:39.224 12719 12719 D PandoraEx.Utils: convertAndUpdateConfig: Config{module[device], systemApi[TM#G_IM], rules[{normal=Rule{scene[normal], strategy[storage], highFreq[null], cacheTime[-1], silenceTime[0], reportRate[0], legalPage[[]], illegalPage[[]]}, before=Rule{scene[before], strategy[ban], highFreq[null], cacheTime[0], silenceTime[0], reportRate[0], legalPage[[]], illegalPage[[]]}, back=Rule{scene[back], strategy[cache_only], highFreq[null], cacheTime[0], silenceTime[0], reportRate[0], legalPage[[]], illegalPage[[]]}}], specialPage[null], isBanAccess[false], isBanBackgroundAccess[false], isReportRealTime[false], reportSampleRate[1000000], configHighFrequency[null}
10-13 14:30:39.224 12719 12719 D PandoraEx.Utils: convertAndUpdateConfig: Config{module[device], systemApi[TM#G_IM#I], rules[{normal=Rule{scene[normal], strategy[storage], highFreq[null], cacheTime[-1], silenceTime[0], reportRate[0], legalPage[[]], illegalPage[[]]}, before=Rule{scene[before], strategy[ban], highFreq[null], cacheTime[0], silenceTime[0], reportRate[0], legalPage[[]], illegalPage[[]]}, back=Rule{scene[back], strategy[cache_only], highFreq[null], cacheTime[0], silenceTime[0], reportRate[0], legalPage[[]], illegalPage[[]]}}], specialPage[null], isBanAccess[false], isBanBackgroundAccess[false], isReportRealTime[false], reportSampleRate[1000000], configHighFrequency[null}
10-13 14:30:39.224 12719 12719 D PandoraEx.Utils: convertAndUpdateConfig: Config{module[device], systemApi[TM#G_DID], rules[{normal=Rule{scene[normal], strategy[storage], highFreq[null], cacheTime[-1], silenceTime[0], reportRate[0], legalPage[[]], illegalPage[[]]}, before=Rule{scene[before], strategy[ban], highFreq[null], cacheTime[0], silenceTime[0], reportRate[0], legalPage[[]], illegalPage[[]]}, back=Rule{scene[back], strategy[cache_only], highFreq[null], cacheTime[0], silenceTime[0], reportRate[0], legalPage[[]], illegalPage[[]]}}], specialPage[null], isBanAccess[false], isBanBackgroundAccess[false], isReportRealTime[false], reportSampleRate[1000000], configHighFrequency[null}
10-13 14:30:39.224 12719 12719 D PandoraEx.Utils: convertAndUpdateConfig: Config{module[device], systemApi[TM#G_DID#I], rules[{normal=Rule{scene[normal], strategy[storage], highFreq[null], cacheTime[-1], silenceTime[0], reportRate[0], legalPage[[]], illegalPage[[]]}, before=Rule{scene[before], strategy[ban], highFreq[null], cacheTime[0], silenceTime[0], reportRate[0], legalPage[[]], illegalPage[[]]}, back=Rule{scene[back], strategy[cache_only], highFreq[null], cacheTime[0], silenceTime[0], reportRate[0], legalPage[[]], illegalPage[[]]}}], specialPage[null], isBanAccess[false], isBanBackgroundAccess[false], isReportRealTime[false], reportSampleRate[1000000], configHighFrequency[null}
10-13 14:30:39.224 12719 12719 D PandoraEx.Utils: convertAndUpdateConfig: Config{module[device], systemApi[TM#G_SID], rules[{normal=Rule{scene[normal], strategy[storage], highFreq[null], cacheTime[-1], silenceTime[0], reportRate[0], legalPage[[]], illegalPage[[]]}, before=Rule{scene[before], strategy[ban], highFreq[null], cacheTime[0], silenceTime[0], reportRate[0], legalPage[[]], illegalPage[[]]}, back=Rule{scene[back], strategy[cache_only], highFreq[null], cacheTime[0], silenceTime[0], reportRate[0], legalPage[[]], illegalPage[[]]}}], specialPage[null], isBanAccess[false], isBanBackgroundAccess[false], isReportRealTime[false], reportSampleRate[200000], configHighFrequency[null}
10-13 14:30:39.224 12719 12719 D PandoraEx.Utils: convertAndUpdateConfig: Config{module[device], systemApi[TM#G_MID], rules[{normal=Rule{scene[normal], strategy[storage], highFreq[null], cacheTime[-1], silenceTime[0], reportRate[0], legalPage[[]], illegalPage[[]]}, before=Rule{scene[before], strategy[ban], highFreq[null], cacheTime[0], silenceTime[0], reportRate[0], legalPage[[]], illegalPage[[]]}, back=Rule{scene[back], strategy[cache_only], highFreq[null], cacheTime[0], silenceTime[0], reportRate[0], legalPage[[]], illegalPage[[]]}}], specialPage[null], isBanAccess[false], isBanBackgroundAccess[false], isReportRealTime[false], reportSampleRate[300000], configHighFrequency[null}
10-13 14:30:39.224 12719 12719 D PandoraEx.Utils: convertAndUpdateConfig: Config{module[device], systemApi[TM#G_MID#I], rules[{normal=Rule{scene[normal], strategy[storage], highFreq[null], cacheTime[-1], silenceTime[0], reportRate[0], legalPage[[]], illegalPage[[]]}, before=Rule{scene[before], strategy[ban], highFreq[null], cacheTime[0], silenceTime[0], reportRate[0], legalPage[[]], illegalPage[[]]}, back=Rule{scene[back], strategy[cache_only], highFreq[null], cacheTime[0], silenceTime[0], reportRate[0], legalPage[[]], illegalPage[[]]}}], specialPage[null], isBanAccess[false], isBanBackgroundAccess[false], isReportRealTime[false], reportSampleRate[300000], configHighFrequency[null}
10-13 14:30:39.224 12719 12719 D PandoraEx.Utils: convertAndUpdateConfig: Config{module[device], systemApi[SE#G_AID], rules[{normal=Rule{scene[normal], strategy[storage], highFreq[null], cacheTime[-1], silenceTime[0], reportRate[0], legalPage[[]], illegalPage[[]]}, before=Rule{scene[before], strategy[ban], highFreq[null], cacheTime[0], silenceTime[0], reportRate[0], legalPage[[]], illegalPage[[]]}, back=Rule{scene[back], strategy[cache_only], highFreq[null], cacheTime[0], silenceTime[0], reportRate[0], legalPage[[]], illegalPage[[]]}}], specialPage[null], isBanAccess[false], isBanBackgroundAccess[false], isReportRealTime[false], reportSampleRate[500000], configHighFrequency[null}
10-13 14:30:39.224 12719 12719 D PandoraEx.Utils: convertAndUpdateConfig: Config{module[appinfo], systemApi[null], rules[{normal=Rule{scene[normal], strategy[normal], highFreq[null], cacheTime[0], silenceTime[0], reportRate[0], legalPage[[]], illegalPage[[]]}, before=Rule{scene[before], strategy[ban], highFreq[null], cacheTime[0], silenceTime[0], reportRate[0], legalPage[[]], illegalPage[[]]}, back=Rule{scene[back], strategy[normal], highFreq[null], cacheTime[0], silenceTime[0], reportRate[0], legalPage[[]], illegalPage[[]]}}], specialPage[null], isBanAccess[false], isBanBackgroundAccess[false], isReportRealTime[false], reportSampleRate[10000], configHighFrequency[null}
10-13 14:30:39.224 12719 12719 D PrivacyProtectionManager: getConfigFormMmkv begin
10-13 14:30:39.224 12719 12719 I MMKV    : Disable checkProcessMode()
10-13 14:30:39.224 12719 12719 D PandoraEx.PandoraExConfigMMKV: initMMKV at: /data/user/0/com.tencent.mobileqq/files/mmkv
10-13 14:30:39.224 12719 12719 D PrivacyMonitorConfigProcessor: [config] getConfigFormMMKV: PrivacyMonitorConfigBean{ configList = []}
10-13 14:30:39.224 12719 12719 I MMKV    : Disable checkProcessMode()
10-13 14:30:39.225 12719 12719 D PandoraEx.MMKVStrategy: initMMKV at: /data/user/0/com.tencent.mobileqq/files/mmkv
10-13 14:30:39.225 12719 12719 I SharedPreferencesProxy: create new ContentProviderClient: c_profile_sharepreference
10-13 14:30:39.226 12719 12719 D PandoraEx.PrivacyPolicyHelper: setPrivacyPolicyStatus, state=1
10-13 14:30:39.226 12719 12719 D PrivacyProtectionManager: com.tencent.mobileqq:openSdk init privacy_protection successful
10-13 14:30:39.227 12719 12719 I SharedPreferencesProxy: create new ContentProviderClient: dt_sdk_start
10-13 14:30:39.230 12719 12719 I NativeMemoryMonitor: load so res: true
10-13 14:30:39.231 12719 12719 D LIBNATIVE-MEMORY-LIBRARY-LIB: native-lib.cpp:initJniHook(49) >> mark: 2691516232, mark2: 2691516264
10-13 14:30:39.231 12719 12719 D LIBNATIVE-MEMORY-LIBRARY-LIB: FileHooker.cpp:hookFile(129) >> file hooked
10-13 14:30:39.234 12719 12719 D TeleScreen|JefsClass: JefsClassInjectUtil newInstance
10-13 14:30:39.240 12719 12719 D DtSdkInitStep: [setDtVideoSwitch] switch: true
10-13 14:30:39.240 12719 12719 D DtSdkInitStep: markToProceed
10-13 14:30:39.240 12719 12719 D DtSdkInitStep: 848QQDT initDTCost : 5 msï¼Œ from = 1
10-13 14:30:39.240 12719 12719 D AutoMonitor: LoadDex, cost=24 results: true
10-13 14:30:39.241 12719 12719 D AutoMonitor: LoadModule, cost=1 results: true
10-13 14:30:39.242 12719 12719 D MSF.D.MonitorSocket: phoneDisplays: KOT49H|KTU84P, phoneModels: COOLPAD7295, appid: , version: , currVersion: *********75, process: , com.tencent.mobileqq:openSdk
10-13 14:30:39.243 12719 12719 I MSF.D.MonitorSocket: Socket imple class: java.net.SocksSocketImpl
10-13 14:30:39.243 12719 12719 D MSF.D.MonitorSocket:  Monitor Socket started.
10-13 14:30:39.243 12719 12742 E 2g.outt : init
10-13 14:30:39.243 12719 12742 E 2g.outt : sync
10-13 14:30:39.247 12719 12742 I 2g.outt : vm onResult true
10-13 14:30:39.249 12719 12719 D AutoMonitor: OldApplication, cost=7 results: false
10-13 14:30:39.249 12719 12719 D AutoMonitor: [LoadDex, LoadModule, OldApplication, ManageThread], cost=32 results: false
10-13 14:30:39.249 12719 12742 D PandoraEx.MonitorReporter: module[device], systemApi[SE#G_AID], scene[back], strategy[cache_only], isSystemCall[false
10-13 14:30:39.250 12719 12719 I AutoMonitor: updateVersion ProcFirstLaunchcom.tencent.mobileqq:openSdk 83e6c009 83e6c009
10-13 14:30:39.250 12719 12719 D AutoMonitor: Update, cost=1 results: true
10-13 14:30:39.250 12719 12719 D RdmInit : doStep process=com.tencent.mobileqq:openSdk, sRdmState=0
10-13 14:30:39.250 12719 12719 D mqq     : *2438 true 1696927136328 *2449 true 1697096552408
10-13 14:30:39.250 12719 12719 D mqq     : *9755 true 1694603073046 *2438 true 1696927136328
10-13 14:30:39.250 12719 12719 D mqq     : *8233 true 1689145378879 *9755 true 1694603073046
10-13 14:30:39.250 12719 12719 D mqq     : *5781 true 1696925839748 *8233 true 1689145378879
10-13 14:30:39.250 12719 12719 D mqq     : *5781 true 1696925839748 *9755 true 1694603073046
10-13 14:30:39.250 12719 12719 D mqq     : *5781 true 1696925839748 *2438 true 1696927136328
10-13 14:30:39.250 12719 12719 D mqq     : *4021 true 1694603087813 *5781 true 1696925839748
10-13 14:30:39.250 12719 12719 D mqq     : *4021 true 1694603087813 *8233 true 1689145378879
10-13 14:30:39.250 12719 12719 D mqq     : *4021 true 1694603087813 *9755 true 1694603073046
10-13 14:30:39.250 12719 12719 D mqq     : *6094 true 1694603096243 *4021 true 1694603087813
10-13 14:30:39.250 12719 12719 D mqq     : *6094 true 1694603096243 *2438 true 1696927136328
10-13 14:30:39.250 12719 12719 D mqq     : *6094 true 1694603096243 *5781 true 1696925839748
10-13 14:30:39.251 12719 12719 D QQCrashReportManager: CrashReport init started.
10-13 14:30:39.251 12719 12719 D QQCrashReportManager: SET CrashConfig publicVersionMergeSwitch=false| anrNeedThreadMonitor=false
10-13 14:30:39.251 12719 12719 D QQCrashReportManager: initCrashReport process=com.tencent.mobileqq:openSdk, pid=12719
10-13 14:30:39.251 12719 12719 D PandoraEx.MonitorReporter: module[device], systemApi[SE#G_AID], scene[back], strategy[cache_only], isSystemCall[false
10-13 14:30:39.251 12719 12742 D BeaconChannelProcessor: [parse] content: {"channel":1}
10-13 14:30:39.252 12719 12742 D QQBeaconReport: [start] useSocket: true
10-13 14:30:39.252 12719 12742 I beacon  : beacon logAble: false
10-13 14:30:39.252 12719 12742 D Qq******************] force: false, allow: true, init: false: 
10-13 14:30:39.252 12719 12742 I qimei   : beacon logAble: false
10-13 14:30:39.253 12719 12719 D QQCrashReportManager: initNativeCrashReport process=com.tencent.mobileqq:openSdk, pid=12719
10-13 14:30:39.254 12719 12719 I native_eup: register native abi method success
10-13 14:30:39.256 12719 12742 D Qq******************] init. process: com.tencent.mobileqq:openSdk: 
10-13 14:30:39.256 12719 12742 I beacon  : logAble: false , SDKVersion: ********-hf4
10-13 14:30:39.256 12719 12742 D QQBeaconReport: start Beacon & QIMEI SDK: isDebugVersion = false, appVersion: , appKey: 0S200MNJT807V3GE, log: false, userAllow: true
10-13 14:30:39.257 12719 12742 D DtSdkInitStep: init beacon-dt success ! cost : 17 ms
10-13 14:30:39.259 12719 12719 D QQCrashReportManager: CrashReport init finished.
10-13 14:30:39.259 12719 12719 D AutoMonitor: Rdm, cost=9 results: true
10-13 14:30:39.259 12719 12719 D AutoMonitor: HackVm, cost=0 results: true
10-13 14:30:39.259 12719 12719 D mqq     : doInit begin withcom.tencent.mobileqq:openSdk
10-13 14:30:39.259 12719 12719 I SharedPreferencesProxy: create new ContentProviderClient: msf_sdk_proxy_factory
10-13 14:30:39.261 12719 12719 D PandoraEx.MonitorReporter: module[device], systemApi[BU#MODEL], scene[back], strategy[cache_only], isSystemCall[false
10-13 14:30:39.261 12719 12719 I MsfServiceSdk: vivo_v2118a create isUseNewProxy=false randomInt=58
10-13 14:30:39.262 12719 12719 D PandoraEx.MonitorReporter: module[network], systemApi[NI#G_TY_NAME], scene[back], strategy[normal], isSystemCall[true
10-13 14:30:39.263 12719 12719 D PandoraEx.MonitorReporter: module[network], systemApi[NI#G_TY_NAME], scene[back], strategy[normal], isSystemCall[true
10-13 14:30:39.263 12719 12719 I MSF.D.NetworkProvider: refresh currentAPN:. received networkInfo: CONNECTED :NetworkInfo: type: WIFI[], state: CONNECTED/CONNECTED, reason: (unspecified), extra: "æµä½“, roaming: false, failover: false, isAvailable: true, isConnectedToProvisioningNetwork: true. ExtraNetInfo: null
10-13 14:30:39.263 12719 12719 D MSF.D.NetworkProvider: netchange NONE to WiFi
10-13 14:30:39.263 12719 12719 D MsfServiceSdk: MsfServiceSdk init proxyNew=false processName=com.tencent.mobileqq:openSdk
10-13 14:30:39.266 12719 12719 D MSF.D.Proxy: MSF_Alive_Log start service finish
10-13 14:30:39.266 12918 12918 D MSF.S.MsfService: MSF_Alive_Log serivce onStart: com.tencent.mobileqq:openSdk
10-13 14:30:39.267 12719 12719 D MSF.D.Proxy: threadID:2, threadName: main bind service finished true
10-13 14:30:39.267 12719 12719 D MobileQQ: createNewRuntime, needSaveLoginTime:false, forLogin:false, cnrType:5, process:null
10-13 14:30:39.268 12719 12719 D MSF.D.RemoteServiceProxy: linkToDeath
10-13 14:30:39.269 12719 12719 D MSF.D.Proxy: MSF_Alive_Log start service finish
10-13 14:30:39.269 12918 12918 D MSF.S.MsfService: MSF_Alive_Log serivce onStart: com.tencent.mobileqq:openSdk
10-13 14:30:39.270 12719 12719 D MSF.D.Proxy: threadID:2, threadName: main bind service finished true
10-13 14:30:39.270 12719 12719 I SharedPreferencesProxy: create new ContentProviderClient: sp_login_auto
10-13 14:30:39.271 12719 12775 E System  :  ******** DEPRECATED FUNCTIONALITY ********
10-13 14:30:39.271 12719 12775 E System  :  * The implementation of the KeyFactory.RSA algorithm from
10-13 14:30:39.271 12719 12775 E System  :  * the BC provider is deprecated in this version of Android.
10-13 14:30:39.271 12719 12719 D MobileQQ: createNewRuntime, canAutoOK: true uin : *2449
10-13 14:30:39.271 12719 12719 D SimpleTintManager: mThemeId is null, reinit
10-13 14:30:39.272 12719 12719 I SharedPreferencesProxy: create new ContentProviderClient: theme
10-13 14:30:39.272 12719 12775 E System  :  * It will be removed in a future version of Android and your
10-13 14:30:39.272 12719 12775 E System  :  * application will no longer be able to request it.  Please see
10-13 14:30:39.272 12719 12775 E System  :  * ****************************************************************************************
10-13 14:30:39.276 12377 12570 D ChannelUtils: æœªè§£æåˆ°ç›¸åº”çš„æ¸ é“å·ï¼Œä½¿ç”¨é»˜è®¤å†…éƒ¨æ¸ é“å·
10-13 14:30:39.276 12377 12570 D ChannelUtils: channel 2---------------=unknown_channel
10-13 14:30:39.276 12377 12570 D ChannelUtils: channel 3-------------=unknown_channel
10-13 14:30:39.278 12377 12570 I okhttp.OkHttpClient: --> POST http://poros-test.diffusenetwork.com/service/views/user/device_info?channel_name=unknown_channel&app=jinquan&hotfix_version=&nonce_str=e99c13e1-4975-47a3-9dfc-ef02fd878e30&own_family_id=&device_id=68b3db9d-9ada-3174-a05a-cf26161b8c64&sign=RfTx8ikGECPGG8b_Jn4gEA&Latitude=&Longitude=&et=1697178639300&pkg_name=com.liquid.poros&biz=jinquan&version_name=2.0.2.3&device_serial=unknown&wifi_proxy=true&mac_addr=020000000000&user_id=&wifi_mac_addr=unknow&wifi_vpn=false&platform_name=Android&imei=&own_union_id=&android_id=24c40c57d13f0bc6&oaid=11df45db5cebdaab16293e7bdfbdfa05357a989197129dabf30bf8d0c19f85f3
10-13 14:30:39.278 12377 12570 I okhttp.OkHttpClient: Content-Length: 1031
10-13 14:30:39.278 12377 12570 I okhttp.OkHttpClient: Accept-Charset: UTF-8
10-13 14:30:39.278 12377 12570 I okhttp.OkHttpClient: Content-Type: application/x-www-form-urlencoded;charset=UTF-8
10-13 14:30:39.279 12377 12570 I okhttp.OkHttpClient: Connection: keep-alive
10-13 14:30:39.279 12377 12570 I okhttp.OkHttpClient: Accept: */*
10-13 14:30:39.279 12377 12570 I okhttp.OkHttpClient: channel_name: unknown_channel
10-13 14:30:39.279 12377 12570 I okhttp.OkHttpClient: app: jinquan
10-13 14:30:39.279 12377 12570 I okhttp.OkHttpClient: hotfix_version: 
10-13 14:30:39.279 12377 12570 I okhttp.OkHttpClient: nonce_str: 72336db3-f483-470e-9ee7-944f465ef824
10-13 14:30:39.279 12377 12570 I okhttp.OkHttpClient: own_family_id: 
10-13 14:30:39.279 12377 12570 I okhttp.OkHttpClient: device_id: 68b3db9d-9ada-3174-a05a-cf26161b8c64
10-13 14:30:39.279 12377 12570 I okhttp.OkHttpClient: sign: j9Ht-rQssAWZK2C6IwosGw
10-13 14:30:39.279 12377 12570 I okhttp.OkHttpClient: Latitude: 
10-13 14:30:39.279 12377 12570 I okhttp.OkHttpClient: Longitude: 
10-13 14:30:39.279 12377 12570 I okhttp.OkHttpClient: et: 1697178639300
10-13 14:30:39.279 12377 12570 I okhttp.OkHttpClient: pkg_name: com.liquid.poros
10-13 14:30:39.279 12377 12570 I okhttp.OkHttpClient: biz: jinquan
10-13 14:30:39.279 12377 12570 I okhttp.OkHttpClient: version_name: 2.0.2.3
10-13 14:30:39.279 12377 12570 I okhttp.OkHttpClient: device_serial: unknown
10-13 14:30:39.279 12377 12570 I okhttp.OkHttpClient: wifi_proxy: true
10-13 14:30:39.279 12377 12570 I okhttp.OkHttpClient: mac_addr: 020000000000
10-13 14:30:39.279 12377 12570 I okhttp.OkHttpClient: user_id: 
10-13 14:30:39.280 12377 12570 I okhttp.OkHttpClient: wifi_mac_addr: unknow
10-13 14:30:39.280 12377 12570 I okhttp.OkHttpClient: wifi_vpn: false
10-13 14:30:39.280 12377 12570 I okhttp.OkHttpClient: platform_name: Android
10-13 14:30:39.280 12377 12570 I okhttp.OkHttpClient: imei: 
10-13 14:30:39.280 12377 12570 I okhttp.OkHttpClient: own_union_id: 
10-13 14:30:39.280 12377 12570 I okhttp.OkHttpClient: android_id: 24c40c57d13f0bc6
10-13 14:30:39.280 12377 12570 I okhttp.OkHttpClient: oaid: 11df45db5cebdaab16293e7bdfbdfa05357a989197129dabf30bf8d0c19f85f3
