10-13 14:24:11.147  9365  9365 D SDK_LOGIN.OpenCardContainer: 	at androidx.fragment.app.FragmentController.dispatchActivityCreated(P:247)
10-13 14:24:11.147  9365  9365 D SDK_LOGIN.OpenCardContainer: 	at androidx.fragment.app.FragmentActivity.onStart(P:541)
10-13 14:24:11.147  9365  9365 D SDK_LOGIN.OpenCardContainer: 	at mqq.app.AppActivity.onStart(P:282)
10-13 14:24:11.147  9365  9365 D SDK_LOGIN.OpenCardContainer: 	at android.app.Instrumentation.callActivityOnStart(Instrumentation.java:1455)
10-13 14:24:11.147  9365  9365 D SDK_LOGIN.OpenCardContainer: 	at android.app.Activity.performStart(Activity.java:8388)
10-13 14:24:11.147  9365  9365 D SDK_LOGIN.OpenCardContainer: 	at android.app.ActivityThread.handleStartActivity(ActivityThread.java:3957)
10-13 14:24:11.147  9365  9365 D SDK_LOGIN.OpenCardContainer: 	at android.app.servertransaction.TransactionExecutor.performLifecycleSequence(TransactionExecutor.java:221)
10-13 14:24:11.147  9365  9365 D SDK_LOGIN.OpenCardContainer: 	at android.app.servertransaction.TransactionExecutor.cycleToPath(TransactionExecutor.java:201)
10-13 14:24:11.147  9365  9365 D SDK_LOGIN.OpenCardContainer: 	at android.app.servertransaction.TransactionExecutor.executeLifecycleState(TransactionExecutor.java:173)
10-13 14:24:11.147  9365  9365 D SDK_LOGIN.OpenCardContainer: 	at android.app.servertransaction.TransactionExecutor.execute(TransactionExecutor.java:97)
10-13 14:24:11.147  9365  9365 D SDK_LOGIN.OpenCardContainer: 	at android.app.ActivityThread$H.handleMessage(ActivityThread.java:2434)
10-13 14:24:11.147  9365  9365 D SDK_LOGIN.OpenCardContainer: 	at android.os.Handler.dispatchMessage(Handler.java:106)
10-13 14:24:11.147  9365  9365 D SDK_LOGIN.OpenCardContainer: 	at android.os.Looper.loopOnce(Looper.java:233)
10-13 14:24:11.147  9365  9365 D SDK_LOGIN.OpenCardContainer: 	at android.os.Looper.loop(Looper.java:334)
10-13 14:24:11.147  9365  9365 D SDK_LOGIN.OpenCardContainer: 	at android.app.ActivityThread.main(ActivityThread.java:8344)
10-13 14:24:11.147  9365  9365 D SDK_LOGIN.OpenCardContainer: 	at java.lang.reflect.Method.invoke(Native Method)
10-13 14:24:11.147  9365  9365 D SDK_LOGIN.OpenCardContainer: 	at com.android.internal.os.RuntimeInit$MethodAndArgsCaller.run(RuntimeInit.java:582)
10-13 14:24:11.147  9365  9365 D SDK_LOGIN.OpenCardContainer: 	at com.android.internal.os.ZygoteInit.main(ZygoteInit.java:1065)
10-13 14:24:11.149  9365  9365 D SkinEngine: get index : 34359741624
10-13 14:24:11.149  9365  9365 D SkinEngine: get index : 34359758906
10-13 14:24:11.149  9365  9365 D SDK_LOGIN.NewAuthorityPresenter: onCreate44
10-13 14:24:11.150  9365  9365 D SDK_LOGIN.AuthorityUtil: --> getCurrentUin isLogin currentUin=2449
10-13 14:24:11.150  9365  9365 D SDK_LOGIN.BaseAuthorityPresenter: init internal=false, fromSdk=false, appId=1109220675, fromQr=false
10-13 14:24:11.155  9365  9386 D ApplicationLife: [process] handleMessage: invoked. send starting sProcessName: com.tencent.mobileqq:openSdk
10-13 14:24:11.156  9365  9386 D ApplicationLife: [process] handleMessage: invoked.  sCountActivity: 2
10-13 14:24:11.156 12918 14323 D MSF.C.DeepSleepDetector: onProcessViewableChanged process: com.tencent.mobileqq:openSdk, state: true, at: 112270446
10-13 14:24:11.157 30521 30521 I AutoMonitor: onComponentCreate, component: com.tencent.mobileqq.statistics.ReportReceiver@a71dcf4 ,mCurState = 201
10-13 14:24:11.158 30521 30521 D GuardManager: [process][put] onReceive: invoked.  process: com.tencent.mobileqq:openSdk
10-13 14:24:11.158 30521 30554 D GuardManager: [handleMessageForQQPluginFG] old: com.tencent.mobileqq:openSdk, new: com.tencent.mobileqq:openSdk
10-13 14:24:11.158 30521 30521 D GuardManager: [process][ACTION_PLUGIN_FG] onReceive: invoked.  runningTimeAllowed: true
10-13 14:24:11.159 30521 30554 D GuardManager.GuardStateScheduler: [process] filterRealForegroundProcMap: invoked.  realProcMap: {com.tencent.mobileqq:openSdk=1697178251155}
10-13 14:24:11.159  9365  9365 D SDK_LOGIN.BaseAuthorityPresenter: jumpToPWDUnlock false
10-13 14:24:11.159  9365  9365 D SDK_LOGIN.BaseAuthorityPresenter: startAccountActivity
10-13 14:24:11.159  9365  9365 D SDK_LOGIN.BaseAuthorityPresenter: login uin=2449
10-13 14:24:11.159  9365  9365 D SDK_LOGIN.AuthorityUtil: IsNeedLoginWithPasswd false uin=2449
10-13 14:24:11.159  9365  9365 D SDK_LOGIN.BaseAuthorityPresenter: send | cmd: g_t_n_p | uin : *2449
10-13 14:24:11.159  9365  9365 D SDK_LOGIN.BaseAuthorityPresenter: refreshTicket uin=2449
10-13 14:24:11.159  9365  9365 E SDK_LOGIN.AuthorityUtil: getConnectData appid=1109220675&sdkp=a
10-13 14:24:11.159  9365  9365 D SDK_LOGIN.AuthMemoryCache: isForceTo540 uin=2449, force540=false
10-13 14:24:11.160  9365  9365 D TicketManager: get ticket succ, a!
10-13 14:24:11.160  9365  9365 D SDK_LOGIN.AuthorityUtil: host getA2 uin=2449  3858
10-13 14:24:11.160  9365  9365 D SDK_LOGIN.AuthorityUtil: isUse540Ticket qq current account hasA2=true, hasD2=true
10-13 14:24:11.160  9365  9365 D SDK_LOGIN.BaseAccountManage: -->delegateGetTicketNoPasswd--refresh=1
10-13 14:24:11.160  9365  9365 D TicketManager: get ticket succ, sk!
10-13 14:24:11.160  9365  9365 E open_log: shouldUpdateSkey ret=false
10-13 14:24:11.160  9365  9365 D SDK_LOGIN.BaseAccountManage: ticketqq valid
10-13 14:24:11.161  9365  9365 D TicketManager: get ticket succ, st!
10-13 14:24:11.161  9365  9365 D TicketManager: get ticket succ, stKey!
10-13 14:24:11.161  9365  9365 D SDK_LOGIN.BaseAccountManage: delegateGetTicketNoPasswd fake SSOAccountObserver success.
10-13 14:24:11.161  9365  9365 E SDK_LOGIN.AuthUIUtil: showLoading
10-13 14:24:11.163 30521 30521 I AutoMonitor: onComponentCreate, component: com.tencent.mobileqq.statistics.ReportReceiver@5e27e92 ,mCurState = 201
10-13 14:24:11.164 30521 30554 D GuardManager.GuardStateScheduler: [process] filterRealForegroundProcMap: invoked.  realProcMap: {com.tencent.mobileqq:openSdk=1697178251155}
10-13 14:24:11.168  9365  9365 E SDK_LOGIN.NewAuthorityPresenter: showLocalInfo uin=2449
10-13 14:24:11.168  9365  9365 D SDK_LOGIN.BaseAuthorityAccountView: -->updateAccountFace uin=2449
10-13 14:24:11.168  9365  9365 D SDK_LOGIN.BaseAuthorityAccountView: 当前帐号：2449
10-13 14:24:11.168  9365  9365 D SDK_LOGIN.OpenCardContainer: switchToMode -->mode: 1, mMode=-1
10-13 14:24:11.169  9365  9511 D SDK_LOGIN.BaseCardContainer: --> result: gamead://open.gtimg.cn/open/app_icon/09/22/06/75/1109220675_android_ad_0.jpg
10-13 14:24:11.169  9365  9365 D SDK_LOGIN.PublicFragmentActivityForOpenSDK: doOnStart hashCode=243896828
10-13 14:24:11.169  9365  9365 I PERF_LOG: SM.onActivityResumed, scene is com.tencent.open.agent.PublicFragmentActivityForOpenSDK
10-13 14:24:11.169  9365  9365 D DtSdkInitStep: 848QQDT [ignoreAppEvent] activity: com.tencent.open.agent.PublicFragmentActivityForOpenSDK@e8991fc#com.tencent.open.agent.OpenAuthorityFragment@eddf0e7
10-13 14:24:11.169  9365  9365 I app.AppEventReporter: onActivityResume(), activity=com.tencent.open.agent.PublicFragmentActivityForOpenSDK@e8991fc#com.tencent.open.agent.OpenAuthorityFragment@eddf0e7
10-13 14:24:11.169  9365  9365 D SDK_LOGIN.PublicFragmentActivityForOpenSDK: doOnResume hashCode=243896828
10-13 14:24:11.174  9365  9365 D SDK_LOGIN.BaseAuthorityPresenter: doOnResume
10-13 14:24:11.174 30521 20187 I SDK_LOGIN.OpenSdkQIPCModule: onCall main proc action : action_open_auth_telemetry_report
10-13 14:24:11.174  9365  9365 I PERF_LOG: SM.onFragmentResumed, scene is com.tencent.open.agent.OpenAuthorityFragment
10-13 14:24:11.174 30521 20187 E MetricRecorder: innerCreateCounter error: invalid condition
10-13 14:24:11.174 30521 20187 E MetricCounter: add error: param wrong
10-13 14:24:11.188  9365  9365 E page.PageSwitchObserver: postAppearDetectionTask: unable to detect activity
10-13 14:24:11.188  9365  9365 E page.PageSwitchObserver: postAppearDetectionTask: unable to detect activity
10-13 14:24:11.191  9365  9442 I System.out: begin to call ****** send due to user permission
10-13 14:24:11.193  9365  9442 D Linux   : [Posix_connect Debug]Process com.tencent.mobileqq:openSdk :8888 
10-13 14:24:11.202  9365  9365 D SDK_LOGIN.BaseAuthorityPresenter: onGetTicketNoPasswd uin=2449
10-13 14:24:11.202  9365  9387 I PERF_LOG: SM.on foreground
10-13 14:24:11.203  9365  9365 D ForwardStatisticsReporter: KEY_DELEGATE_GET_TICKET_NO_PASSWD=43, uin=2449
10-13 14:24:11.203  9365  9365 D ForwardStatisticsReporter: KEY_LOGIN_STAGE_1_TOTAL=325, uin=2449
10-13 14:24:11.203  9365  9365 D SDK_LOGIN.NewAuthorityPresenter: queryAuthorityUseCache response=com.tencent.qconn.protofile.preAuth$PreAuthResponse@44c637c
10-13 14:24:11.203  9365  9365 D SDK_LOGIN.BaseCardContainer: -->genGameUrlImg: set error img
10-13 14:24:11.204  9365  9365 E page.PageSwitchObserver: postAppearDetectionTask: unable to detect activity
10-13 14:24:11.204  9365  9365 D SDK_LOGIN.NewAuthorityPresenter: showUserInfo uin=2449
10-13 14:24:11.204  9365  9365 D SDK_LOGIN.BaseAuthorityAccountView: -->updateAccountFace uin=2449
10-13 14:24:11.204  9365  9365 D SDK_LOGIN.BaseAuthorityAccountView: 当前帐号：2449
10-13 14:24:11.205  9365  9365 D AvatarUpdateService: -->updateAvatar--uin = 2449
10-13 14:24:11.205  9365  9365 D SDK_LOGIN.NewAuthorityPresenter: parseGetAuthListResult ret=0
10-13 14:24:11.205  9365  9365 D SDK_LOGIN.OpenCardContainer: Permission{mFlag=1, mTitle='获取你的详细资料, mDescription='昵称、头像、性别等信息, mIsNew=true, mApi=', mId=1010, mChecked=false}
10-13 14:24:11.205  9365  9365 D SDK_LOGIN.OpenCardContainer: switchToMode -->mode: 0, mMode=1
10-13 14:24:11.205  9365  9365 D SDK_LOGIN.OpenCardContainer: --> has not been authority.
10-13 14:24:11.205  9365  9365 D SDK_LOGIN.BaseCardContainer: --> result: gamead://open.gtimg.cn/open/app_icon/09/22/06/75/1109220675_android_ad_0.jpg
10-13 14:24:11.205  9365  9365 D SDK_LOGIN.BaseCardContainer: getStatus OTHERS: 
10-13 14:24:11.205  9365  9365 D SDK_LOGIN.BaseAuthorityPresenter: onGetApiListSuccess authorized=false
10-13 14:24:11.205  9365  9525 D SDK_LOGIN.BaseCardContainer: --> result: gamead://open.gtimg.cn/open/app_icon/09/22/06/75/1109220675_android_ad_0.jpg
10-13 14:24:11.205  9365  9429 D mqq     : newServlet = com.tencent.mobileqq.servlet.ReportServlet@fd33cb2
10-13 14:24:11.206  9365  9365 E SDK_LOGIN.AuthUIUtil: dismissDialog
10-13 14:24:11.206  9365  9489 I System.out: begin to call ****** send due to user permission
10-13 14:24:11.206  9365  9429 D mqq     : registerServletCommand className:com.tencent.mobileqq.servlet.ReportServlet servlet:com.tencent.mobileqq.servlet.ReportServlet@fd33cb2
10-13 14:24:11.208 12918 13200 D MSF.C.NetConnTag.true: pa ok: 75345
10-13 14:24:11.208 12918 13200 D MSF.C.NetConnTag.DualConnContext.true: tryDualConn
10-13 14:24:11.208  1251  1792 I ActivityTaskManager: Displayed com.tencent.mobileqq/com.tencent.open.agent.PublicFragmentActivityForOpenSDK: +188ms
10-13 14:24:11.209  9365  9489 D Linux   : [Posix_connect Debug]Process com.tencent.mobileqq:openSdk :8888 
10-13 14:24:11.209 12918 13200 D MSF.C.NetConnTag.true: netSend ssoSeq:75345 uin:*2449 cmd:CS85GDU/FiwpbQUkNjckPhgmIQ 75589 1aebaf2 socketEngineID: 0 socket: 28228338
10-13 14:24:11.217  9365  9365 E page.PageSwitchObserver: postAppearDetectionTask: unable to detect activity
10-13 14:24:11.217  9365  9365 D SDK_LOGIN.NewAuthorityPresenter: getAppInfo use cached appid=1109220675, appInfo=appName=进圈
10-13 14:24:11.227  9365  9365 D SDK_LOGIN.BaseCardContainer: -->genGameUrlImg: set error img
10-13 14:24:11.228  9365  9365 D SDK_LOGIN.NewAuthorityPresenter: parseAppInfoResponse hasAppIcon=false, response=appName=进圈
10-13 14:24:11.228  9365  9365 D SDK_LOGIN.NewAuthorityPresenter: parseGetAppInfoResponse appName=进圈
10-13 14:24:11.228  9365  9365 I SDK_LOGIN.BaseAuthorityPresenter: fetchAppIcon imgUrl is com.tencent.open.agent.entity.IconUrlSize@177307b
10-13 14:24:11.232  9365  9533 I System.out: begin to call ****** send due to user permission
10-13 14:24:11.237  9365  9532 D Linux   : [Posix_connect Debug]Process com.tencent.mobileqq:openSdk :8888 
10-13 14:24:11.238  9365  9533 D Linux   : [Posix_connect Debug]Process com.tencent.mobileqq:openSdk :8888 
10-13 14:24:11.244  9365  9365 D ImeFocusController: onViewFocusChanged, view=android.widget.RelativeLayout{7b12e6b VFE...... .F...... 0,130-1080,200 #7f0b05db app:id/vr}, mServedView=null
10-13 14:24:11.244  9365  9365 V ImeFocusController: onWindowFocus: android.widget.RelativeLayout{7b12e6b VFE...... .F...... 0,130-1080,200 #7f0b05db app:id/vr} softInputMode=STATE_UNSPECIFIED|ADJUST_RESIZE|IS_FORWARD_NAVIGATION
10-13 14:24:11.244  9365  9439 D Linux   : [Posix_connect Debug]Process com.tencent.mobileqq:openSdk :8888 
10-13 14:24:11.244  9365  9365 D ImeFocusController: onViewFocusChanged, view=android.widget.RelativeLayout{7b12e6b VFE...... .F...... 0,130-1080,200 #7f0b05db app:id/vr}, mServedView=null
10-13 14:24:11.244  9365  9365 V ImeFocusController: checkFocus: view=null next=android.widget.RelativeLayout{7b12e6b VFE...... .F...... 0,130-1080,200 #7f0b05db app:id/vr} force=false package=<none>
10-13 14:24:11.246  9365  9365 D SDK_LOGIN.BaseAuthorityAccountView: -->updateAccountFace success uin = 2449
10-13 14:24:11.246  9365  9365 D SDK_LOGIN.BaseAuthorityAccountView: -->updateAccountFace success uin = 2438
10-13 14:24:11.246  9365  9365 D SDK_LOGIN.BaseAuthorityAccountView: -->updateAccountFace success uin = 5781
10-13 14:24:11.246  9365  9365 D SDK_LOGIN.BaseAuthorityAccountView: -->updateAccountFace success uin = 6094
10-13 14:24:11.246  9365  9365 D SDK_LOGIN.BaseAuthorityAccountView: -->updateAccountFace success uin = 4021
10-13 14:24:11.246  9365  9365 D SDK_LOGIN.BaseAuthorityAccountView: -->updateAccountFace success uin = 9755
10-13 14:24:11.246  9365  9365 D SDK_LOGIN.BaseAuthorityAccountView: -->updateAccountFace success uin = 8233
10-13 14:24:11.246  9365  9365 D SDK_LOGIN.BaseAuthorityAccountView: -->updateAccountFace success uin = 2449
10-13 14:24:11.261  9365  9365 D SDK_LOGIN.BaseAuthorityAccountView: -->updateAccountFace success uin = 2449
10-13 14:24:11.309  9365  9439 W SSLCertificateSocketFactory: Bypassing SSL security checks at caller's request
10-13 14:24:11.471  9365  9535 D PandoraEx.MonitorReporter: module[network], systemApi[NI#G_TY_NAME], scene[normal], strategy[normal], isSystemCall[true
10-13 14:24:11.473  9365  9535 D PandoraEx.MonitorReporter: module[network], systemApi[NI#G_TY_NAME], scene[normal], strategy[normal], isSystemCall[true
10-13 14:24:11.487  9365  9535 D PandoraEx.MonitorReporter: module[network], systemApi[NI#G_TY_NAME], scene[normal], strategy[normal], isSystemCall[true
10-13 14:24:11.489  9365  9535 D PandoraEx.MonitorReporter: module[network], systemApi[NI#G_TY_NAME], scene[normal], strategy[normal], isSystemCall[true
10-13 14:24:11.490  9365  9535 D PandoraEx.MonitorReporter: module[network], systemApi[NI#G_TY_NAME], scene[normal], strategy[normal], isSystemCall[true
10-13 14:24:11.491  9365  9442 I System.out: begin to call ****** send due to user permission
10-13 14:24:11.493  9365  9535 D PandoraEx.MonitorReporter: module[network], systemApi[NI#G_TY_NAME], scene[normal], strategy[normal], isSystemCall[true
10-13 14:24:11.493  9365  9442 D Linux   : [Posix_connect Debug]Process com.tencent.mobileqq:openSdk :8888 
10-13 14:24:11.494  9365  9535 D PandoraEx.MonitorReporter: module[network], systemApi[NI#G_TY_NAME], scene[normal], strategy[normal], isSystemCall[true
10-13 14:24:11.495  9365  9535 D PandoraEx.MonitorReporter: module[network], systemApi[NI#G_TY_NAME], scene[normal], strategy[normal], isSystemCall[true
10-13 14:24:11.496  9365  9535 D PandoraEx.MonitorReporter: module[network], systemApi[NI#G_TY_NAME], scene[normal], strategy[normal], isSystemCall[true
10-13 14:24:11.497  9365  9535 D PandoraEx.MonitorReporter: module[network], systemApi[NI#G_TY_NAME], scene[normal], strategy[normal], isSystemCall[true
10-13 14:24:11.498  9365  9535 D PandoraEx.MonitorReporter: module[network], systemApi[NI#G_TY_NAME], scene[normal], strategy[normal], isSystemCall[true
10-13 14:24:11.499  9365  9535 D PandoraEx.MonitorReporter: module[network], systemApi[NI#G_TY_NAME], scene[normal], strategy[normal], isSystemCall[true
10-13 14:24:11.500  9365  9535 D PandoraEx.MonitorReporter: module[network], systemApi[NI#G_TY_NAME], scene[normal], strategy[normal], isSystemCall[true
10-13 14:24:11.501  9365  9535 D PandoraEx.MonitorReporter: module[network], systemApi[NI#G_TY_NAME], scene[normal], strategy[normal], isSystemCall[true
10-13 14:24:11.502  9365  9535 D PandoraEx.MonitorReporter: module[network], systemApi[NI#G_TY_NAME], scene[normal], strategy[normal], isSystemCall[true
10-13 14:24:11.503  9365  9535 D PandoraEx.MonitorReporter: module[network], systemApi[NI#G_TY_NAME], scene[normal], strategy[normal], isSystemCall[true
10-13 14:24:11.504  9365  9535 D PandoraEx.MonitorReporter: module[network], systemApi[NI#G_TY_NAME], scene[normal], strategy[normal], isSystemCall[true
10-13 14:24:11.504  9365  9535 D PandoraEx.MonitorReporter: module[network], systemApi[NI#G_TY_NAME], scene[normal], strategy[normal], isSystemCall[true
10-13 14:24:11.505  9365  9535 D PandoraEx.MonitorReporter: module[network], systemApi[NI#G_TY_NAME], scene[normal], strategy[normal], isSystemCall[true
10-13 14:24:11.506  9365  9535 D PandoraEx.MonitorReporter: module[network], systemApi[NI#G_TY_NAME], scene[normal], strategy[normal], isSystemCall[true
10-13 14:24:11.507  9365  9535 D PandoraEx.MonitorReporter: module[network], systemApi[NI#G_TY_NAME], scene[normal], strategy[normal], isSystemCall[true
10-13 14:24:11.508  9365  9535 D PandoraEx.MonitorReporter: module[network], systemApi[NI#G_TY_NAME], scene[normal], strategy[normal], isSystemCall[true
10-13 14:24:11.509  9365  9535 D PandoraEx.MonitorReporter: module[network], systemApi[NI#G_TY_NAME], scene[normal], strategy[normal], isSystemCall[true
10-13 14:24:11.510  9365  9535 I System.out: begin to call ****** send due to user permission
10-13 14:24:11.612  9013  9013 D PRETTY_LOGGER: ┌────────────────────────────────────────────────────────────────────────────────────────────────────────────────
10-13 14:24:11.612  9013  9013 D PRETTY_LOGGER: │ Thread: main
10-13 14:24:11.612  9013  9013 D PRETTY_LOGGER: ├┄┄┄┄┄┄┄┄┄┄┄┄┄┄┄┄┄┄┄┄┄┄┄┄┄┄┄┄┄┄┄┄┄┄┄┄┄┄┄┄┄┄┄┄┄┄┄┄┄┄┄┄┄┄┄┄┄┄┄┄┄┄┄┄┄┄┄┄┄┄┄┄┄┄┄┄┄┄┄┄┄┄┄┄┄┄┄┄┄┄┄┄┄┄┄┄┄┄┄┄┄┄┄┄┄┄┄┄┄┄┄┄
10-13 14:24:11.612  9013  9013 D PRETTY_LOGGER: │ BaseActivity.onStop  (BaseActivity.kt:160)
10-13 14:24:11.612  9013  9013 D PRETTY_LOGGER: │    LogOut.debug  (LogOut.java:46)
10-13 14:24:11.612  9013  9013 D PRETTY_LOGGER: ├┄┄┄┄┄┄┄┄┄┄┄┄┄┄┄┄┄┄┄┄┄┄┄┄┄┄┄┄┄┄┄┄┄┄┄┄┄┄┄┄┄┄┄┄┄┄┄┄┄┄┄┄┄┄┄┄┄┄┄┄┄┄┄┄┄┄┄┄┄┄┄┄┄┄┄┄┄┄┄┄┄┄┄┄┄┄┄┄┄┄┄┄┄┄┄┄┄┄┄┄┄┄┄┄┄┄┄┄┄┄┄┄
10-13 14:24:11.612  9013  9013 D PRETTY_LOGGER: │ wei:onStop()-- 是不是在后台false，有没有rtc运行true
10-13 14:24:11.612  9013  9013 D PRETTY_LOGGER: └────────────────────────────────────────────────────────────────────────────────────────────────────────────────
10-13 14:24:11.619  9013  9013 D PRETTY_LOGGER: ┌────────────────────────────────────────────────────────────────────────────────────────────────────────────────
10-13 14:24:11.619  9013  9013 D PRETTY_LOGGER: │ Thread: main
10-13 14:24:11.619  9013  9013 D PRETTY_LOGGER: ├┄┄┄┄┄┄┄┄┄┄┄┄┄┄┄┄┄┄┄┄┄┄┄┄┄┄┄┄┄┄┄┄┄┄┄┄┄┄┄┄┄┄┄┄┄┄┄┄┄┄┄┄┄┄┄┄┄┄┄┄┄┄┄┄┄┄┄┄┄┄┄┄┄┄┄┄┄┄┄┄┄┄┄┄┄┄┄┄┄┄┄┄┄┄┄┄┄┄┄┄┄┄┄┄┄┄┄┄┄┄┄┄
10-13 14:24:11.619  9013  9013 D PRETTY_LOGGER: │ PorosApplication$registerActivityLifecycle$1.onBackground  (PorosApplication.kt:278)
10-13 14:24:11.619  9013  9013 D PRETTY_LOGGER: │    LogOut.debug  (LogOut.java:46)
10-13 14:24:11.619  9013  9013 D PRETTY_LOGGER: ├┄┄┄┄┄┄┄┄┄┄┄┄┄┄┄┄┄┄┄┄┄┄┄┄┄┄┄┄┄┄┄┄┄┄┄┄┄┄┄┄┄┄┄┄┄┄┄┄┄┄┄┄┄┄┄┄┄┄┄┄┄┄┄┄┄┄┄┄┄┄┄┄┄┄┄┄┄┄┄┄┄┄┄┄┄┄┄┄┄┄┄┄┄┄┄┄┄┄┄┄┄┄┄┄┄┄┄┄┄┄┄┄
10-13 14:24:11.619  9013  9013 D PRETTY_LOGGER: │ 当前APP切换到后台:com.tencent.connect.common.AssistActivity@fc3cb42
10-13 14:24:11.619  9013  9013 D PRETTY_LOGGER: └────────────────────────────────────────────────────────────────────────────────────────────────────────────────
10-13 14:24:11.623  9013  9109 E imsdk   : TIM: |-im_engine_impl.cpp:639                  DoEnterBackground                       |error code:6014|error message:not login
10-13 14:24:11.625  9013  9013 D LeakCanary: Scheduling check for retained objects in 5000ms because app became invisible
10-13 14:24:11.647  9013  9013 D 当前GlideModule: class com.liquid.porostwo.base.glide.GlidePerformanceModule
10-13 14:24:11.655  9013  9013 I GlidePerformanceModule:  
10-13 14:24:11.655  9013  9013 I GlidePerformanceModule: ┌────────────────────────────────────────────────────────────────────────────────────────────────────────────────
10-13 14:24:11.655  9013  9013 I GlidePerformanceModule: │ main, com.liquid.porostwo.base.glide.GlidePerformanceModule.applyOptions(GlidePerformanceModule.kt:35)
10-13 14:24:11.655  9013  9013 I GlidePerformanceModule: ├┄┄┄┄┄┄┄┄┄┄┄┄┄┄┄┄┄┄┄┄┄┄┄┄┄┄┄┄┄┄┄┄┄┄┄┄┄┄┄┄┄┄┄┄┄┄┄┄┄┄┄┄┄┄┄┄┄┄┄┄┄┄┄┄┄┄┄┄┄┄┄┄┄┄┄┄┄┄┄┄┄┄┄┄┄┄┄┄┄┄┄┄┄┄┄┄┄┄┄┄┄┄┄┄┄┄┄┄┄┄┄┄
10-13 14:24:11.655  9013  9013 I GlidePerformanceModule: │ Glide Module Register
10-13 14:24:11.655  9013  9013 I GlidePerformanceModule: └────────────────────────────────────────────────────────────────────────────────────────────────────────────────
10-13 14:24:11.657  9013  9013 I GlidePerformanceModule:  
10-13 14:24:11.657  9013  9013 I GlidePerformanceModule: ┌────────────────────────────────────────────────────────────────────────────────────────────────────────────────
10-13 14:24:11.657  9013  9013 I GlidePerformanceModule: │ main, com.liquid.porostwo.base.glide.GlidePerformanceModule.applyOptions(GlidePerformanceModule.kt:42)
10-13 14:24:11.657  9013  9013 I GlidePerformanceModule: ├┄┄┄┄┄┄┄┄┄┄┄┄┄┄┄┄┄┄┄┄┄┄┄┄┄┄┄┄┄┄┄┄┄┄┄┄┄┄┄┄┄┄┄┄┄┄┄┄┄┄┄┄┄┄┄┄┄┄┄┄┄┄┄┄┄┄┄┄┄┄┄┄┄┄┄┄┄┄┄┄┄┄┄┄┄┄┄┄┄┄┄┄┄┄┄┄┄┄┄┄┄┄┄┄┄┄┄┄┄┄┄┄
10-13 14:24:11.657  9013  9013 I GlidePerformanceModule: │ 系统剩余内存=>2801m
10-13 14:24:11.657  9013  9013 I GlidePerformanceModule: │ 系统是否处于低内存运行=>false
10-13 14:24:11.657  9013  9013 I GlidePerformanceModule: │ 当系统剩余内存低于216m 时就看成低内存运行
10-13 14:24:11.657  9013  9013 I GlidePerformanceModule: └────────────────────────────────────────────────────────────────────────────────────────────────────────────────
10-13 14:24:11.671  9013  9013 D push_   : tencent->  doBackground onError  code=6014 desc=not login
10-13 14:24:11.766 12918 13238 D MSF.C.MonitorNetFlowStore: MonitorWriteDataThread Enter
10-13 14:24:11.768 12918 13238 D MSF.C.MonitorNetFlowStore: write data lenth : 0 | read data lenth : 937, has been stored.
10-13 14:24:11.770 12918 13238 D MSF.C.MonitorNetFlowStore: MonitorWriteDataThread End takeTimes=4
10-13 14:24:11.770 12918 13238 D MSF.C.MonitorNetFlowStore: MonitorWriteDataThread Enter
10-13 14:24:11.774 12918 13238 D MSF.C.MonitorNetFlowStore: write data lenth : 200 | read data lenth : 933, has been stored.
10-13 14:24:11.774 12918 13238 D MSF.C.MonitorNetFlowStore: MonitorWriteDataThread End takeTimes=4
10-13 14:24:11.775 12918 13238 D MSF.C.MonitorNetFlowStore: MonitorWriteDataThread Enter
10-13 14:24:11.776 12918 13238 D MSF.C.MonitorNetFlowStore: write data lenth : 0 | read data lenth : 0, has been stored.
10-13 14:24:11.777 12918 13238 D MSF.C.MonitorNetFlowStore: MonitorWriteDataThread End takeTimes=2
10-13 14:24:11.777 12918 13238 D MSF.C.MonitorNetFlowStore: MonitorWriteDataThread Enter
10-13 14:24:11.778 12918 13238 D MSF.C.MonitorNetFlowStore: write data lenth : 0 | read data lenth : 0, has been stored.
10-13 14:24:11.778 12918 13238 D MSF.C.MonitorNetFlowStore: MonitorWriteDataThread End takeTimes=1
10-13 14:24:11.963 12918 14324 D GuardManager: onEvent:7, 0, 0
10-13 14:24:12.053  9365  9535 W ratelimit: Single process limit 250/s drop 20 lines.
10-13 14:24:12.053  9365  9535 D PandoraEx.MonitorReporter: module[network], systemApi[NI#G_TY_NAME], scene[normal], strategy[normal], isSystemCall[true
10-13 14:24:12.056  9365  9535 D PandoraEx.MonitorReporter: module[network], systemApi[NI#G_TY_NAME], scene[normal], strategy[normal], isSystemCall[true
10-13 14:24:12.068  9365  9535 D PandoraEx.MonitorReporter: module[network], systemApi[NI#G_TY_NAME], scene[normal], strategy[normal], isSystemCall[true
10-13 14:24:12.069  9365  9535 D PandoraEx.MonitorReporter: module[network], systemApi[NI#G_TY_NAME], scene[normal], strategy[normal], isSystemCall[true
10-13 14:24:12.071  9365  9535 D PandoraEx.MonitorReporter: module[network], systemApi[NI#G_TY_NAME], scene[normal], strategy[normal], isSystemCall[true
10-13 14:24:12.073  9365  9535 D PandoraEx.MonitorReporter: module[network], systemApi[NI#G_TY_NAME], scene[normal], strategy[normal], isSystemCall[true
10-13 14:24:12.075  9365  9535 D PandoraEx.MonitorReporter: module[network], systemApi[NI#G_TY_NAME], scene[normal], strategy[normal], isSystemCall[true
10-13 14:24:12.077  9365  9535 D PandoraEx.MonitorReporter: module[network], systemApi[NI#G_TY_NAME], scene[normal], strategy[normal], isSystemCall[true
10-13 14:24:12.078  9365  9535 D PandoraEx.MonitorReporter: module[network], systemApi[NI#G_TY_NAME], scene[normal], strategy[normal], isSystemCall[true
10-13 14:24:12.079  9365  9535 D PandoraEx.MonitorReporter: module[network], systemApi[NI#G_TY_NAME], scene[normal], strategy[normal], isSystemCall[true
10-13 14:24:12.080  9365  9535 D PandoraEx.MonitorReporter: module[network], systemApi[NI#G_TY_NAME], scene[normal], strategy[normal], isSystemCall[true
10-13 14:24:12.082  9365  9535 D PandoraEx.MonitorReporter: module[network], systemApi[NI#G_TY_NAME], scene[normal], strategy[normal], isSystemCall[true
10-13 14:24:12.083  9365  9535 D PandoraEx.MonitorReporter: module[network], systemApi[NI#G_TY_NAME], scene[normal], strategy[normal], isSystemCall[true
10-13 14:24:12.084  9365  9535 D PandoraEx.MonitorReporter: module[network], systemApi[NI#G_TY_NAME], scene[normal], strategy[normal], isSystemCall[true
10-13 14:24:12.085  9365  9535 D PandoraEx.MonitorReporter: module[network], systemApi[NI#G_TY_NAME], scene[normal], strategy[normal], isSystemCall[true
10-13 14:24:12.086  9365  9535 D PandoraEx.MonitorReporter: module[network], systemApi[NI#G_TY_NAME], scene[normal], strategy[normal], isSystemCall[true
10-13 14:24:12.088  9365  9535 D PandoraEx.MonitorReporter: module[network], systemApi[NI#G_TY_NAME], scene[normal], strategy[normal], isSystemCall[true
10-13 14:24:12.089  9365  9535 D PandoraEx.MonitorReporter: module[network], systemApi[NI#G_TY_NAME], scene[normal], strategy[normal], isSystemCall[true
10-13 14:24:12.090  9365  9535 D PandoraEx.MonitorReporter: module[network], systemApi[NI#G_TY_NAME], scene[normal], strategy[normal], isSystemCall[true
10-13 14:24:12.091  9365  9535 D PandoraEx.MonitorReporter: module[network], systemApi[NI#G_TY_NAME], scene[normal], strategy[normal], isSystemCall[true
10-13 14:24:12.091  9365  9535 D PandoraEx.MonitorReporter: module[network], systemApi[NI#G_TY_NAME], scene[normal], strategy[normal], isSystemCall[true
10-13 14:24:12.092  9365  9535 D PandoraEx.MonitorReporter: module[network], systemApi[NI#G_TY_NAME], scene[normal], strategy[normal], isSystemCall[true
10-13 14:24:12.093  9365  9535 D PandoraEx.MonitorReporter: module[network], systemApi[NI#G_TY_NAME], scene[normal], strategy[normal], isSystemCall[true
10-13 14:24:12.095  9365  9535 I System.out: begin to call ****** send due to user permission
10-13 14:24:12.096  9365  9535 D Linux   : [Posix_connect Debug]Process com.tencent.mobileqq:openSdk :8888 
10-13 14:24:12.311  9365  9544 D HttpImageDownloadAsyncTask: doInBackground result==null : false
10-13 14:24:12.327  9365  9365 D SDK_LOGIN.NewAuthorityPresenter: onTaskCompleted uin=2449, bitmap=android.graphics.Bitmap@da53907
10-13 14:24:12.329  9365  9365 D SDK_LOGIN.BaseAuthorityAccountView: -->updateAccountFace uin=2449
10-13 14:24:12.329  9365  9365 D SDK_LOGIN.BaseAuthorityAccountView: 当前帐号：2449
10-13 14:24:12.336  9365  9365 D SDK_LOGIN.BaseAuthorityAccountView: -->updateAccountFace success uin = 2449
10-13 14:24:12.566  9365  9375 W System  : A resource failed to call release. 
10-13 14:24:12.567  9365  9375 W System  : A resource failed to call release. 
10-13 14:24:12.567  9365  9375 W System  : A resource failed to call release. 
10-13 14:24:12.568  9365  9375 W System  : A resource failed to call release. 
10-13 14:24:12.569  9365  9375 W System  : A resource failed to call release. 
10-13 14:24:12.569  9365  9375 W System  : A resource failed to call release. 
10-13 14:24:12.814 12918 13042 D MemoryCeilingMonitor: [handleMemoryCalculate]
10-13 14:24:12.814 12918 13042 D MemoryCeilingMonitor: [calculate] tot: 8931304, max: 268435456, free: 1445768, heap: 7485536, per: 0.027885794639587402
10-13 14:24:12.872 12918 13190 W Settings: Setting airplane_mode_on has moved from android.provider.Settings.System to android.provider.Settings.Global, returning read-only value.
10-13 14:24:12.874 12918 13190 W Settings: Setting airplane_mode_on has moved from android.provider.Settings.System to android.provider.Settings.Global, returning read-only value.
10-13 14:24:12.875 12918 13190 W Settings: Setting airplane_mode_on has moved from android.provider.Settings.System to android.provider.Settings.Global, returning read-only value.
10-13 14:24:12.877 12918 13190 W Settings: Setting airplane_mode_on has moved from android.provider.Settings.System to android.provider.Settings.Global, returning read-only value.
10-13 14:24:12.883 12918 13190 W Settings: Setting airplane_mode_on has moved from android.provider.Settings.System to android.provider.Settings.Global, returning read-only value.
10-13 14:24:12.886 12918 13190 W Settings: Setting airplane_mode_on has moved from android.provider.Settings.System to android.provider.Settings.Global, returning read-only value.
10-13 14:24:12.888 12918 13190 W Settings: Setting airplane_mode_on has moved from android.provider.Settings.System to android.provider.Settings.Global, returning read-only value.
10-13 14:24:12.889 12918 13190 W Settings: Setting airplane_mode_on has moved from android.provider.Settings.System to android.provider.Settings.Global, returning read-only value.
10-13 14:24:12.891 12918 13190 W Settings: Setting airplane_mode_on has moved from android.provider.Settings.System to android.provider.Settings.Global, returning read-only value.
10-13 14:24:12.900 12918 13190 W Settings: Setting airplane_mode_on has moved from android.provider.Settings.System to android.provider.Settings.Global, returning read-only value.
10-13 14:24:12.901 12918 13190 W Settings: Setting airplane_mode_on has moved from android.provider.Settings.System to android.provider.Settings.Global, returning read-only value.
10-13 14:24:12.914 12918 13196 D Linux   : [Posix_connect Debug]Process com.tencent.mobileqq:MSF :8081 
10-13 14:24:12.936  9365  9365 W halley_3401_Tem: type=1400 audit(0.0:62029): avc: granted { nlmsg_readpriv } for scontext=u:r:untrusted_app_27:s0:c512,c768 tcontext=u:r:untrusted_app_27:s0:c512,c768 tclass=netlink_route_socket app=com.tencent.mobileqq
10-13 14:24:13.037  9365  9365 D SDK_LOGIN.OpenAuthorityFragment: onClick authorize btn
10-13 14:24:13.037  9365  9365 D SDK_LOGIN.NewAuthorityPresenter: onLoginBtnClick mGetTicketFailed=false
10-13 14:24:13.038  9365  9365 D ForwardStatisticsReporter: KEY_LOGIN_STAGE_2_1_NEW_TOTAL=1888, uin=2449
10-13 14:24:13.038  9365  9365 D SDK_LOGIN.NewAuthorityPresenter: onClick doAuthorize
10-13 14:24:13.038  9365  9365 D ForwardStatisticsReporter: KEY_LOGIN_STAGE_2_NEW_TOTAL=1888, uin=2449
10-13 14:24:13.039  9365  9365 D SDK_LOGIN.SSOSdkAuthApiPresenter: doAuthorize
10-13 14:24:13.039  9365  9365 D SDK_LOGIN.AuthMemoryCache: isForceTo540 uin=2449, force540=false
10-13 14:24:13.040  9365  9365 D TicketManager: get ticket succ, a!
10-13 14:24:13.040  9365  9365 D SDK_LOGIN.AuthorityUtil: host getA2 uin=2449  3858
10-13 14:24:13.040 29345 29354 W webview_servic: Reducing the number of considered missed Gc histogram windows from 142 to 100
10-13 14:24:13.040  9365  9365 D SDK_LOGIN.AuthorityUtil: getMsfCommand qq current account hasA2=true, hasD2=true
10-13 14:24:13.040  9365  9365 D SDK_LOGIN.SSOSdkAuthApiPresenter: OpenVirtual.doAuthorize.send | cmd: ConnAuthSvr.sdk_auth_api | uin : *2449
10-13 14:24:13.041  9365  9365 D SDK_LOGIN.NewAuthDataSourceImpl: doAuthorize Permission.id=1010
10-13 14:24:13.042 12918  8782 D MSF.C.NetConnTag.true: add quick send timeout check 75370
10-13 14:24:13.043 12918 13200 D MSF.C.NetConnTag.true: pa ok: 75370
10-13 14:24:13.043 12918 13200 D MSF.C.NetConnTag.DualConnContext.true: tryDualConn
10-13 14:24:13.043 12918 13200 D MSF.C.NetConnTag.true: netSend ssoSeq:75370 uin:*2449 cmd:CSw+OhstMTIZNSJ6KTwuBSs2JDwFOTUz 75934 1aebaf2 socketEngineID: 0 socket: 28228338
10-13 14:24:13.047 30521 30521 I AutoMonitor: onComponentCreate, component: com.tencent.mobileqq.statistics.ReportReceiver@264dd19 ,mCurState = 201
10-13 14:24:13.051 30521 20187 I SDK_LOGIN.OpenSdkQIPCModule: onCall main proc action : action_open_auth_telemetry_report
10-13 14:24:13.051 30521 20187 E MetricRecorder: innerCreateCounter error: invalid condition
10-13 14:24:13.051 30521 20187 E MetricCounter: add error: param wrong
10-13 14:24:13.052 30521 30521 I AutoMonitor: onComponentCreate, component: com.tencent.mobileqq.statistics.ReportReceiver@80dcfbf ,mCurState = 201
10-13 14:24:13.053  9365  9442 I System.out: begin to call ****** send due to user permission
10-13 14:24:13.055  9365  9442 D Linux   : [Posix_connect Debug]Process com.tencent.mobileqq:openSdk :8888 
10-13 14:24:13.178 12918 13246 D MSF.C.NetConnTag.true: netRecv ssoSeq:75370 uin:*2449 cmd:CSw+OhstMTIZNSJ6KTwuBSs2JDwFOTUz 75690 cross:0 socketEngineID: 0 socket: 28228338
10-13 14:24:13.178 12918 13246 D MSF.C.QuickSendManager: onRecvNormalResp, cmd: ConnAuthSvr.sdk_auth_api ssoSeq: 75370
10-13 14:24:13.178 12918 13246 D MSF.C.QuickSendManager: remove timoutchecker for msg
10-13 14:24:13.179 12918 13242 I MSF.S.AppProcessManager: SendToApp process:com.tencent.mobileqq:openSdk fromServiceMsg: FromServiceMsg msName:unknown ssoSeq:75370 serviceCmd:ConnAuthSvr.sdk_auth_api appSeq:4 failCode:1000 cos t =0 needBoot=false to.len = 476 from.len = 220
10-13 14:24:13.181  9365  9510 D MSF.D.Proxy: onReceiveResp, fromServiceMsg = ConnAuthSvr.sdk_auth_api, ssoSeq = 75370, length = 220
10-13 14:24:13.182  9365  9365 D SDK_LOGIN.SSOSdkAuthApiPresenter: doAuthorize onReceive ssoAccount=2449, timeCost=143, cmd=ConnAuthSvr.sdk_auth_api, code=1000
10-13 14:24:13.188  9365  9365 D SDK_LOGIN.FileDataSource: saveAuthData success file=/data/user/0/com.tencent.mobileqq/files/qqconnect/313130393232303637355F31373537333832343439
10-13 14:24:13.189  9365  9365 D ForwardStatisticsReporter: KEY_AUTHORIZE_REQUEST=151, uin=2449
10-13 14:24:13.191  9365  9365 D PandoraEx.MonitorReporter: module[network], systemApi[NI#G_TY_NAME], scene[normal], strategy[normal], isSystemCall[true
10-13 14:24:13.192 30521 20187 I SDK_LOGIN.OpenSdkQIPCModule: onCall main proc action : action_open_auth_telemetry_report
10-13 14:24:13.192  9365  9365 D SDK_LOGIN.BaseAuthorityPresenter: parseAuthorizeResponse ret=0
10-13 14:24:13.193 30521 20187 E MetricRecorder: innerCreateCounter error: invalid condition
10-13 14:24:13.193 30521 20187 E MetricCounter: add error: param wrong
10-13 14:24:13.193  9365  9501 I System.out: begin to call ****** send due to user permission
10-13 14:24:13.198  9365  9365 D SDK_LOGIN.BaseAuthorityPresenter: setSdkResult, error=0, mCurrentAccount=2449
10-13 14:24:13.198 30521 30521 I AutoMonitor: onComponentCreate, component: com.tencent.mobileqq.statistics.ReportReceiver@55d31d5 ,mCurState = 201
10-13 14:24:13.200  9365  9501 D Linux   : [Posix_connect Debug]Process com.tencent.mobileqq:openSdk :8888 
10-13 14:24:13.201 12918 13200 D MSF.C.NetConnTag.true: pa ok: 75372
10-13 14:24:13.201  9365  9365 D ForwardStatisticsReporter: KEY_LOGIN_STAGE_3_TOTAL=162, uin=2449
10-13 14:24:13.202  9365  9365 D ForwardStatisticsReporter: KEY_AUTHORITY_TOTAL=2377, uin=2449, params[PARAM_ERROR_CODE=0 ]
10-13 14:24:13.202 12918 13200 D MSF.C.NetConnTag.DualConnContext.true: tryDualConn
10-13 14:24:13.202 12918 13200 D MSF.C.NetConnTag.true: netSend ssoSeq:75372 uin:*2449 cmd:CS85GDU/FiwpbQUkNjckPhgmIQ 75616 1aebaf2 socketEngineID: 0 socket: 28228338
10-13 14:24:13.206  9365  9365 D SDK_LOGIN.AuthReporter: reportLoginResult, errorCode=0, appId=1109220675, uin=*2449
10-13 14:24:13.207  9365  9365 E page.PageSwitchObserver: postAppearDetectionTask: unable to detect activity
10-13 14:24:13.207  9365  9365 D SDK_LOGIN.PublicFragmentActivityForOpenSDK: doOnPause hashCode=243896828
10-13 14:24:13.208  9365  9365 I PERF_LOG: SM.onActivityPaused, scene is com.tencent.open.agent.PublicFragmentActivityForOpenSDK
10-13 14:24:13.208  9365  9365 I app.AppEventReporter: onActivityPause(), activity=com.tencent.open.agent.PublicFragmentActivityForOpenSDK@e8991fc#com.tencent.open.agent.OpenAuthorityFragment@eddf0e7
10-13 14:24:13.208  9365  9365 E page.PageSwitchObserver: postAppearDetectionTask: unable to detect activity
10-13 14:24:13.208  9365  9365 D SDK_LOGIN.BaseAuthorityPresenter: doOnPause
10-13 14:24:13.208  9365  9365 I PERF_LOG: SM.onFragmentPaused, scene is com.tencent.open.agent.OpenAuthorityFragment
10-13 14:24:13.221  9365  9365 D SDK_LOGIN.AgentActivity: onActivityResult, requestCode: 0 | resultCode: -1 | data: Intent { (has extras) }
10-13 14:24:13.284  9013  9013 I openSDK_LOG.AssistActivity: --onActivityResult--requestCode: 11101 | resultCode: -1data = null ? false
10-13 14:24:13.285  9013  9013 I openSDK_LOG.AssistActivity: --setResultData--openid and token not empty, setResult ACTIVITY_OK
10-13 14:24:13.286  9013  9013 I openSDK_LOG.AssistActivity: --restoreEnterOrientation--mEnterRotation: 0
10-13 14:24:13.287  9013  9559 I openSDK_LOG.HttpUtils: -->openUrl2 encodedParam =status_os=12&status_version=31&status_machine=V2118A&sdkp=a&sdkv=3.3.7.lite&appid=1109220675 -- url = http://cgi.connect.qq.com/qqconnectopen/openapi/policy_conf?
10-13 14:24:13.288  9013  9559 I System.out: begin to call ****** send due to user permission
10-13 14:24:13.290  9013  9559 D Linux   : [Posix_connect Debug]Process com.liquid.poros :8888 
10-13 14:24:13.292  9013  9560 I openSDK_LOG.ReportManager: -->reporVia:imei[,],imsi[,],mac[02:00:00:00:00:00,enFqZGpidWpwc2Buamh/ano]
10-13 14:24:13.300  9013  9560 E openSDK_LOG.APNUtil: getApn has exception: No permission to access APN settings
10-13 14:24:13.301  9013  9560 E openSDK_LOG.Util: getPackageInfo has exception: com.qzone
10-13 14:24:13.304  9013  9013 I openSDK_LOG.Tencent: onActivityResultData() reqcode = 11101, resultcode = -1, data = null ? false, listener = null ? false
10-13 14:24:13.305  9013  9013 I openSDK_LOG.UIListenerManager: onActivityResult req=11101 res=-1
10-13 14:24:13.305  9013  9013 W openSDK_LOG.AuthAgent: FeedConfirmListener onComplete There is no value for sendinstall.
10-13 14:24:13.306  9013  9013 I openSDK_LOG.AuthAgent:  WORDING = xx,showConfirmDialog=false
10-13 14:24:13.312  9013  9013 I QQToken : saveJsonPreference sucess
10-13 14:24:13.313  9013  9013 D PRETTY_LOGGER: ┌────────────────────────────────────────────────────────────────────────────────────────────────────────────────
10-13 14:24:13.313  9013  9013 D PRETTY_LOGGER: │ Thread: main
10-13 14:24:13.313  9013  9013 D PRETTY_LOGGER: ├┄┄┄┄┄┄┄┄┄┄┄┄┄┄┄┄┄┄┄┄┄┄┄┄┄┄┄┄┄┄┄┄┄┄┄┄┄┄┄┄┄┄┄┄┄┄┄┄┄┄┄┄┄┄┄┄┄┄┄┄┄┄┄┄┄┄┄┄┄┄┄┄┄┄┄┄┄┄┄┄┄┄┄┄┄┄┄┄┄┄┄┄┄┄┄┄┄┄┄┄┄┄┄┄┄┄┄┄┄┄┄┄
10-13 14:24:13.313  9013  9013 D PRETTY_LOGGER: │ ThirdPartyLoginUtil$QQCallBackListener.onComplete  (ThirdPartyLoginUtil.kt:71)
10-13 14:24:13.313  9013  9013 D PRETTY_LOGGER: │    LogOut.debug  (LogOut.java:46)
10-13 14:24:13.313  9013  9013 D PRETTY_LOGGER: ├┄┄┄┄┄┄┄┄┄┄┄┄┄┄┄┄┄┄┄┄┄┄┄┄┄┄┄┄┄┄┄┄┄┄┄┄┄┄┄┄┄┄┄┄┄┄┄┄┄┄┄┄┄┄┄┄┄┄┄┄┄┄┄┄┄┄┄┄┄┄┄┄┄┄┄┄┄┄┄┄┄┄┄┄┄┄┄┄┄┄┄┄┄┄┄┄┄┄┄┄┄┄┄┄┄┄┄┄┄┄┄┄
10-13 14:24:13.313  9013  9013 D PRETTY_LOGGER: │ QQLOGIN:{"ret":0,"openid":"42A638980D9E2D48F7EEBB40CBBF00FE","access_token":"5573A996E52F7DA0C1917899DA6FA5B2","pay_token":"A8EC78DDFAA71B8055DB0CF8AFE834E4","expires_in":7776000,"pf":"desktop_m_qq-10000144-android-2002-","pfkey":"f887600d6e1ca01dccceface966f009a","msg":"","login_cost":44,"query_authority_cost":0,"authority_cost":0,"expires_time":1704954253306}
10-13 14:24:13.313  9013  9013 D PRETTY_LOGGER: └────────────────────────────────────────────────────────────────────────────────────────────────────────────────
10-13 14:24:13.313  9013  9562 I System.out: begin to call ****** send due to user permission
10-13 14:24:13.314  9013  9562 D Linux   : [Posix_connect Debug]Process com.liquid.poros :8888 
10-13 14:24:13.332  9365  9442 I System.out: begin to call ****** send due to user permission
10-13 14:24:13.335  9365  9442 D Linux   : [Posix_connect Debug]Process com.tencent.mobileqq:openSdk :8888 
10-13 14:24:13.342  9013  9013 D PRETTY_LOGGER: ┌────────────────────────────────────────────────────────────────────────────────────────────────────────────────
10-13 14:24:13.342  9013  9013 D PRETTY_LOGGER: │ Thread: main
10-13 14:24:13.342  9013  9013 D PRETTY_LOGGER: ├┄┄┄┄┄┄┄┄┄┄┄┄┄┄┄┄┄┄┄┄┄┄┄┄┄┄┄┄┄┄┄┄┄┄┄┄┄┄┄┄┄┄┄┄┄┄┄┄┄┄┄┄┄┄┄┄┄┄┄┄┄┄┄┄┄┄┄┄┄┄┄┄┄┄┄┄┄┄┄┄┄┄┄┄┄┄┄┄┄┄┄┄┄┄┄┄┄┄┄┄┄┄┄┄┄┄┄┄┄┄┄┄
10-13 14:24:13.342  9013  9013 D PRETTY_LOGGER: │ PorosApplication$registerActivityLifecycle$1.onForeground  (PorosApplication.kt:267)
10-13 14:24:13.342  9013  9013 D PRETTY_LOGGER: │    LogOut.debug  (LogOut.java:46)
10-13 14:24:13.342  9013  9013 D PRETTY_LOGGER: ├┄┄┄┄┄┄┄┄┄┄┄┄┄┄┄┄┄┄┄┄┄┄┄┄┄┄┄┄┄┄┄┄┄┄┄┄┄┄┄┄┄┄┄┄┄┄┄┄┄┄┄┄┄┄┄┄┄┄┄┄┄┄┄┄┄┄┄┄┄┄┄┄┄┄┄┄┄┄┄┄┄┄┄┄┄┄┄┄┄┄┄┄┄┄┄┄┄┄┄┄┄┄┄┄┄┄┄┄┄┄┄┄
10-13 14:24:13.342  9013  9013 D PRETTY_LOGGER: │ 当前APP切换到前台:com.liquid.porostwo.business.login.LoginActivity@f89c8db
10-13 14:24:13.343  9013  9013 D PRETTY_LOGGER: └────────────────────────────────────────────────────────────────────────────────────────────────────────────────
10-13 14:24:13.343  9013  9200 W okhttp.OkHttpClient: --> POST http://poros-test.diffusenetwork.com/ccc/passport/qq_login
10-13 14:24:13.343  9013  9200 W okhttp.OkHttpClient: Content-Type: application/json;charset=utf-8
10-13 14:24:13.343  9013  9200 W okhttp.OkHttpClient: Content-Length: 120
10-13 14:24:13.343  9013  9200 W okhttp.OkHttpClient: {"access_token":"5573A996E52F7DA0C1917899DA6FA5B2","share_id":"","openid":"42A638980D9E2D48F7EEBB40CBBF00FE","token":""}
10-13 14:24:13.343  9013  9200 W okhttp.OkHttpClient: --> END POST (120-byte body)
10-13 14:24:13.344  9013  9109 E imsdk   : TIM: |-im_engine_impl.cpp:651                  DoEnterForeground                       |error code:6014|error message:not login
10-13 14:24:13.345  9013  9113 I [ui]AppForegroundWatcher: 2/app on foreground
10-13 14:24:13.345  9013  9113 I [ui]LocalAgent: 2/sender = android.os.Messenger@bf9c617
10-13 14:24:13.347  9013  9113 I [ui]LocalAgent: 2/sendAppStatus isAppOnForeground:true sent:true
10-13 14:24:13.348  9126  9209 I [push]core: 2/app on foreground
10-13 14:24:13.348  9013  9113 I [ui]TransExec: 75/execute Transaction: [id: 7, sync: false, priority: 0,   method: MsgService/setChattingAccount]
10-13 14:24:13.352  9013  9013 D PRETTY_LOGGER: ┌────────────────────────────────────────────────────────────────────────────────────────────────────────────────
10-13 14:24:13.352  9013  9013 D PRETTY_LOGGER: │ Thread: main
10-13 14:24:13.352  9013  9013 D PRETTY_LOGGER: ├┄┄┄┄┄┄┄┄┄┄┄┄┄┄┄┄┄┄┄┄┄┄┄┄┄┄┄┄┄┄┄┄┄┄┄┄┄┄┄┄┄┄┄┄┄┄┄┄┄┄┄┄┄┄┄┄┄┄┄┄┄┄┄┄┄┄┄┄┄┄┄┄┄┄┄┄┄┄┄┄┄┄┄┄┄┄┄┄┄┄┄┄┄┄┄┄┄┄┄┄┄┄┄┄┄┄┄┄┄┄┄┄
10-13 14:24:13.352  9013  9013 D PRETTY_LOGGER: │ BaseDialog.onShowing  (BaseDialog.kt:151)
10-13 14:24:13.352  9013  9013 D PRETTY_LOGGER: │    LogOut.debug  (LogOut.java:46)
10-13 14:24:13.352  9013  9013 D PRETTY_LOGGER: ├┄┄┄┄┄┄┄┄┄┄┄┄┄┄┄┄┄┄┄┄┄┄┄┄┄┄┄┄┄┄┄┄┄┄┄┄┄┄┄┄┄┄┄┄┄┄┄┄┄┄┄┄┄┄┄┄┄┄┄┄┄┄┄┄┄┄┄┄┄┄┄┄┄┄┄┄┄┄┄┄┄┄┄┄┄┄┄┄┄┄┄┄┄┄┄┄┄┄┄┄┄┄┄┄┄┄┄┄┄┄┄┄
10-13 14:24:13.352  9013  9013 D PRETTY_LOGGER: │ BaseDialog: LoginLoadingDialog:onShowing
10-13 14:24:13.352  9013  9013 D PRETTY_LOGGER: └────────────────────────────────────────────────────────────────────────────────────────────────────────────────
10-13 14:24:13.370  9013  9013 D push_   : tencent->  doForeground onError  code=6014 desc=not login
10-13 14:24:13.372  9013  9013 D ImeFocusController: onViewFocusChanged, view=com.didichuxing.doraemonkit.kit.core.DoKitFrameLayout{4e2fba VFE...... .F....I. 0,108-1080,2408 #7f0a0351 app:id/dokit_contentview_id aid=1}, mServedView=com.didichuxing.doraemonkit.kit.core.DoKitFrameLayout{4e2fba VFE...... .F....I. 0,108-1080,2408 #7f0a0351 app:id/dokit_contentview_id aid=1}
10-13 14:24:13.372  9013  9013 V ImeFocusController: onWindowFocus: com.didichuxing.doraemonkit.kit.core.DoKitFrameLayout{4e2fba VFE...... .F....I. 0,108-1080,2408 #7f0a0351 app:id/dokit_contentview_id aid=1} softInputMode=STATE_ALWAYS_HIDDEN|ADJUST_PAN
10-13 14:24:13.372  9013  9013 V ImeFocusController: Restarting due to isRestartOnNextWindowFocus as true
10-13 14:24:13.372  9013  9013 D ImeFocusController: onViewFocusChanged, view=com.didichuxing.doraemonkit.kit.core.DoKitFrameLayout{4e2fba VFE...... .F....I. 0,108-1080,2408 #7f0a0351 app:id/dokit_contentview_id aid=1}, mServedView=com.didichuxing.doraemonkit.kit.core.DoKitFrameLayout{4e2fba VFE...... .F....I. 0,108-1080,2408 #7f0a0351 app:id/dokit_contentview_id aid=1}
10-13 14:24:13.372  9013  9013 V ImeFocusController: checkFocus: view=com.didichuxing.doraemonkit.kit.core.DoKitFrameLayout{4e2fba VFE...... .F....I. 0,108-1080,2408 #7f0a0351 app:id/dokit_contentview_id aid=1} next=com.didichuxing.doraemonkit.kit.core.DoKitFrameLayout{4e2fba VFE...... .F....I. 0,108-1080,2408 #7f0a0351 app:id/dokit_contentview_id aid=1} force=true package=com.liquid.poros
10-13 14:24:13.387  9013  9013 V ImeFocusController: onWindowFocus: razerdp.basepopup.PopupDecorViewProxy{c3ff547 V.E...... .......D 0,0-1080,2408} softInputMode=STATE_UNCHANGED|ADJUST_PAN
10-13 14:24:13.387  9013  9013 D ImeFocusController: onViewFocusChanged, view=razerdp.basepopup.PopupDecorViewProxy{c3ff547 V.E...... .......D 0,0-1080,2408}, mServedView=null
10-13 14:24:13.387  9013  9013 V ImeFocusController: checkFocus: view=null next=razerdp.basepopup.PopupDecorViewProxy{c3ff547 V.E...... .......D 0,0-1080,2408} force=false package=<none>
10-13 14:24:13.390 12918 12927 I nt.mobileqq:MS: Background concurrent copying GC freed 36914(2670KB) AllocSpace objects, 30(1280KB) LOS objects, 73% free, 4409KB/16MB, paused 271us,113us total 187.232ms
10-13 14:24:13.400  9013  9559 D Linux   : [Posix_connect Debug]Process com.liquid.poros :8888 
10-13 14:24:13.441  9013  9562 I System.out: begin to call ****** send due to user permission
10-13 14:24:13.442  9013  9562 D Linux   : [Posix_connect Debug]Process com.liquid.poros :8888 
10-13 14:24:13.444  9013  9200 D ChannelUtils: 未解析到相应的渠道号，使用默认内部渠道号
10-13 14:24:13.444  9013  9200 D ChannelUtils: channel 2---------------=unknown_channel
10-13 14:24:13.444  9013  9200 D ChannelUtils: channel 3-------------=unknown_channel
10-13 14:24:13.519  9013  9559 W System.err: javax.net.ssl.SSLHandshakeException: java.security.cert.CertPathValidatorException: Trust anchor for certification path not found.
10-13 14:24:13.519  9013  9559 W System.err: 	at com.android.org.conscrypt.SSLUtils.toSSLHandshakeException(SSLUtils.java:363)
10-13 14:24:13.519  9013  9559 W System.err: 	at com.android.org.conscrypt.ConscryptEngine.convertException(ConscryptEngine.java:1134)
10-13 14:24:13.519  9013  9559 W System.err: 	at com.android.org.conscrypt.ConscryptEngine.readPlaintextData(ConscryptEngine.java:1089)
10-13 14:24:13.519  9013  9559 W System.err: 	at com.android.org.conscrypt.ConscryptEngine.unwrap(ConscryptEngine.java:876)
10-13 14:24:13.519  9013  9559 W System.err: 	at com.android.org.conscrypt.ConscryptEngine.unwrap(ConscryptEngine.java:747)
10-13 14:24:13.519  9013  9559 W System.err: 	at com.android.org.conscrypt.ConscryptEngine.unwrap(ConscryptEngine.java:712)
10-13 14:24:13.519  9013  9559 W System.err: 	at com.android.org.conscrypt.ConscryptEngineSocket$SSLInputStream.processDataFromSocket(ConscryptEngineSocket.java:858)
10-13 14:24:13.519  9013  9559 W System.err: 	at com.android.org.conscrypt.ConscryptEngineSocket$SSLInputStream.access$100(ConscryptEngineSocket.java:731)
10-13 14:24:13.520  9013  9559 W System.err: 	at com.android.org.conscrypt.ConscryptEngineSocket.doHandshake(ConscryptEngineSocket.java:241)
10-13 14:24:13.520  9013  9559 W System.err: 	at com.android.org.conscrypt.ConscryptEngineSocket.startHandshake(ConscryptEngineSocket.java:220)
10-13 14:24:13.520  9013  9559 W System.err: 	at org.apache.http.conn.ssl.SSLSocketFactory.createSocket(SSLSocketFactory.java:418)
10-13 14:24:13.520  9013  9559 W System.err: 	at org.apache.http.impl.conn.DefaultClientConnectionOperator.updateSecureConnection(DefaultClientConnectionOperator.java:242)
10-13 14:24:13.520  9013  9559 W System.err: 	at org.apache.http.impl.conn.AbstractPoolEntry.layerProtocol(AbstractPoolEntry.java:307)
10-13 14:24:13.520  9013  9559 W System.err: 	at org.apache.http.impl.conn.AbstractPooledConnAdapter.layerProtocol(AbstractPooledConnAdapter.java:151)
10-13 14:24:13.520  9013  9559 W System.err: 	at org.apache.http.impl.client.DefaultRequestDirector.establishRoute(DefaultRequestDirector.java:668)
10-13 14:24:13.520  9013  9559 W System.err: 	at org.apache.http.impl.client.DefaultRequestDirector.execute(DefaultRequestDirector.java:376)
10-13 14:24:13.520  9013  9559 W System.err: 	at org.apache.http.impl.client.AbstractHttpClient.execute(AbstractHttpClient.java:596)
10-13 14:24:13.520  9013  9559 W System.err: 	at org.apache.http.impl.client.AbstractHttpClient.execute(AbstractHttpClient.java:515)
10-13 14:24:13.520  9013  9559 W System.err: 	at org.apache.http.impl.client.AbstractHttpClient.execute(AbstractHttpClient.java:493)
10-13 14:24:13.520  9013  9559 W System.err: 	at com.networkbench.agent.impl.instrumentation.NBSInstrumentationHttpClient.execute(SourceFile:251)
10-13 14:24:13.520  9013  9559 W System.err: 	at com.tencent.open.utils.HttpUtils.openUrl2(ProGuard:579)
10-13 14:24:13.520  9013  9559 W System.err: 	at com.tencent.open.utils.f$1.run(ProGuard:197)
