10-13 14:30:35.217 12377 12554 W okhttp.OkHttpClient: df\uff0c\u591a\u591a\u4e0a\u9ea6\u66f4\u5bb9\u6613\u627e\u5230CP","\u8c28\u614e\u6dfb\u52a0\u964c\u751f\u4eba\u5fae\u4fe1\uff0c\u4e0d\u4e0e\u964c\u751f\u4eba\u53d1\u751f\u94b1\u8d22\u5f80\u6765\uff0c\u8c28\u9632\u8bc8\u9a97","\u4ee5\u5e2e\u5fd9\u6e38\u620f\u5145\u503c\uff0c\u751f\u75c5\u4f4f\u9662\u7b49\u5404\u79cd\u7406\u7531\u501f\u94b1\u7684\u57fa\u672c\u90fd\u662f\u9a97\u5b50","\u8bf7\u6587\u660e\u4ea4\u53cb\uff0c\u4e25\u7981\u6d89\u9ec4\u3001\u6d89\u6050\u3001\u6d89\u653f\u3001\u8fb1\u9a82\u7b49\u884c\u4e3a","\u6587\u660e\u4ea4\u53cb\uff0c\u4ece\u4f60\u6211\u505a\u8d77\uff01"],"cp_voice_chat_price":1,"cproom_interval":30,"exclusive_room_tips":{"tips":"1.\u5bb6\u65cfCP\u4e13\u5c5e\u623f\u95f4\u662f\u70b9\u4eae\u5b98\u5ba3CP/\u795e\u4ed9CP\u8d44\u683c\u540e\uff0c\u83b7\u5f97\u7684\u4e13\u5c5e\u623f\u95f4\uff1b\n        \n2.\u9664\u5b98\u5ba3CP/\u795e\u4ed9CP\u5916\uff0c\u7528\u6237\u7ed9CP\u9001\u51fa\u4efb\u4f55\u4e00\u4e2a\u4ea4\u901a\u7c7b\u793c\u7269\uff0c\u5373\u53ef\u83b7\u5f973\u65e5\u5b98\u5ba3\uff0c\u83b7\u5f973\u65e5\u4e13\u5c5e\u623f\u95f4\uff1b\n\n3.\u4e13\u5c5e\u623f\u95f4\u51712\u79cd\u9886\u53d6\u65b9\u5f0f\uff1a\u5f39\u7a97\u9886\u53d6\u4e0e\u5bb6\u65cfCP\u4e13\u5c5e\u623f\u95f4\u5217\u8868\u9886\u53d6\uff1b\n\n4.\u4e13\u5c5e\u623f\u95f4\u540d\u79f0\u4ec5CP\u4e24\u4eba\u8fdb\u884c\u66f4\u6539;\n\n5.CP\u4e0d\u5728\u623f\u95f4\u5185\uff0c\u5176\u4ed6\u7528\u6237\u4e0d\u53ef\u8fdb\u5165\uff1b\n\n6.3\u65e5\u5b98\u5ba3/\u5b98\u5ba3CP/\u795e\u4ed9CP\u5173\u7cfb\u5230\u671f\u540e\uff0c\u623f\u95f4\u6536\u56de\uff1b","title":"\u5982\u4f55\u9886\u53d6\u4e13\u5c5e\u623f\u95f4?"},"feedback_group":"618853382","games":["\u548c\u5e73\u7cbe\u82f1","\u738b\u8005\u8363\u8000","\u8ff7\u4f60\u4e16\u754c","\u6b22\u4e50\u6597\u5730\u4e3b","\u6211\u7684\u4e16\u754c","QQ\u98de\u8f66","\u8dd1\u8dd1\u5361\u4e01\u8f66","\u7a7f\u8d8a\u706b\u7ebf","\u7b2c\u4e94\u4eba\u683c","\u82f1\u96c4\u8054\u76df\u624b\u6e38"],"heartbeat_interval":30,"hide_makeup":true,"ios_switch":true,"ios_switch_v2":false,"is_authentication_test":false,"is_bind_phone_must":false,"is_bind_phone_test":false,"is_forbid_user":true,"is_force_voice_auth":false,"is_normal_release_user":false,"is_show_exchange":false,"is_show_voice_auth_alert":false,"is_use_http_dns":true,"is_user_moniter_test":false,"keywords_info":{"keywords_list":["\u5fae\u4fe1","VX","vx","V","QQ","qq","\u7535\u8bdd"],"title_desc":"\u8bf7\u52ff\u4f7f\u7528\u8fdb\u5708\u4e4b\u5916\u7684\u5176\u4ed6\u804a\u5929\u5de5\u5177\uff0c\u4fdd\u969c\u6c9f\u901a\u3001\u8d22\u4ea7\u7684\u5b89\u5168"},"keywords_info_cash":{"keywords_list":["\u94b1","\u7ea2\u5305","\u8f6c\u8d26","\u73b0\u91d1","\u62a5\u9500","\u4e8c\u7ef4\u7801","\u8f66\u7968","\u6536\u6b3e","\u5361\u53f7"],"title_desc":"\u5728\u804a\u5929\u8fc7\u7a0b\u4e2d\uff0c\u6d89\u53ca\u6c47\u6b3e\u3001\u8f6c\u8d26\u3001\u7ea2\u5305\u3001\u6536\u6b3e\u4e8c\u7ef4\u7801\u7b49\u4fe1\u606f\uff0c\u8bf7\u614e\u91cd\u64cd\u4f5c\uff0c\u4ee5\u907f\u514d\u88ab\u9a97\u5bfc\u81f4\u94b1\u6b3e\u635f\u5931"},"live_tips":["\u70b9\u51fb\u52a0\u5165\u6392\u961f\u4e0a\u9ea6\u548c\u9886\u961f\u4e00\u8d77\u5f00\u9ed1\uff5e","\u590d\u5236\u6e38\u620f\u6635\u79f0\uff0c\u6e38\u620f\u5185\u6dfb\u52a0\u9886\u961f\u597d\u53cb\u4e00\u8d77\u5f00\u9ed1\uff5e","\u5f00\u9ed1\u524d\u8bb0\u5f97\u548c\u9886\u961f\u786e\u8ba4\u6e38\u620f\u4fe1\u606f","\u76f4\u64ad\u623f\u95f4\u7545\u5feb\u804a\uff0c\u89c2\u770b\u76f4\u64ad\u4e0d\u65e0\u804a"],"login_switch":true,"message_env":"poros_common_k8s_test","normal_release_txt":"","private_room_tips":["\u4e13\u5c5e\u89c6\u9891\u623f\u804a\u5929\uff0c\u6ca1\u4eba\u6253\u6270\uff0c\u5b89\u5fc3\u804a"],"recharge_way":[{"icon":"http://static.diffusenetwork.com/recharge/wechat.png","id":1,"is_default":true,"title":"\u5fae\u4fe1\u652f\u4ed8","type":"wechat"},{"icon":"http://static.diffusenetwork.com/recharge/alipay.png","id":2,"is_default":false,"title":"\u652f\u4ed8\u5b9d\u652f\u4ed8","type":"alipay"}],"resource_use_file_downloader_test":false,"room_alert_te
10-13 14:30:35.217 12377 12554 W okhttp.OkHttpClient: xt":"\u5e73\u53f0\u4e25\u7981\u672a\u6210\u5e74\u4eba\u5f00\u64ad\u3001\u5145\u503c\uff0c\u4e25\u7981\u4f4e\u4fd7\u3001\u8272\u60c5\u7b49\u8fdd\u80cc\u516c\u5e8f\u826f\u4fd7\u7b49\u884c\u4e3a\u3002\u5982\u9047\u8bf1\u5bfc\u5e73\u53f0\u5916\u8f6c\u8d26\u7b49\u884c\u4e3a\uff0c\u8bf7\u52ff\u8f7b\u4fe1\uff0c\u4ee5\u9632\u635f\u5931\uff0c\u8bf7\u53ca\u65f6\u5411\u5e73\u53f0\u4e3e\u62a5","server_timestamp":1697178635,"share_group_url":"https://poros.oss.alicdn.ywjttd.cn/download-h5/index.html?group_id=","show_age_level_continue":false,"show_cartoon":false,"show_meiqia":true,"status":1,"tab_config":[{"name":"\u5e7f\u573a","type":1},{"name":"\u7ec4CP","type":2},{"name":"CP\u5f00\u9ed1","type":3},{"name":"\u6d88\u606f","type":4},{"name":"\u6211\u7684","type":5}],"tab_family_id":"60156409","tab_room_type":2,"team_leader_tips":["\u70b9\u51fb\u5934\u50cf\u52a0\u4e3a\u597d\u53cb\uff0c\u4ee5\u540e\u4e00\u8d77\u5f00\u9ed1","\u8bb0\u5f97\u53d1\u6d88\u606f\u7ed9\u961f\u53cb\uff0c\u4e0b\u6b21\u4e00\u8d77\u5f00\u9ed1","\u4e0d\u80fd\u8bf4\u8bdd\u4e0d\u8981\u6025\uff0c\u6587\u5b57\u6d88\u606f\u4e5f\u80fd\u804a","\u961f\u53cb\u6e38\u620f\u4fe1\u606f\u9519\u8bef\u65f6\uff0c\u8bb0\u5f97\u63d0\u9192\u961f\u53cb\u4fee\u6539\u54e6"],"team_user_tips":["\u4e0d\u80fd\u8bf4\u8bdd\u4e0d\u8981\u6025\uff0c\u6587\u5b57\u6d88\u606f\u4e5f\u80fd\u804a","\u590d\u5236\u961f\u53cb\u6e38\u620f\u6635\u79f0\uff0c\u52a0\u4e3a\u6e38\u620f\u597d\u53cb\u4e00\u8d77\u5f00\u9ed1","\u70b9\u51fb\u5934\u50cf\u52a0\u4e3a\u8fdb\u5708\u597d\u53cb\uff0c\u4e0b\u6b21\u4e00\u8d77\u5f00\u9ed1","\u548c\u597d\u53cb\u804a\u5929\u65f6\u53ef\u4ee5\u76f4\u63a5\u9080\u8bf7\u5bf9\u65b9\u4e00\u8d77\u5f00\u9ed1\u54e6","\u4f7f\u7528\u4e00\u952e\u5339\u914d\u5feb\u901f\u627e\u5230\u5f00\u9ed1\u961f\u53cb","\u8bbe\u7f6e\u6b63\u786e\u7684\u6e38\u620f\u4fe1\u606f\u53ef\u4ee5\u63d0\u9ad8\u5f00\u9ed1\u6548\u7387"],"together_room_anchor_tips":["\u5f00\u542f\u7ec4\u961f\u5e26\u7528\u6237\u4e00\u8d77\u5f00\u9ed1\u5427\uff5e","\u672a\u5f00\u542f\u7ec4\u961f\u65f6\u7528\u6237\u65e0\u6cd5\u52a0\u5165\u7ec4\u961f\u54e6\uff5e","\u70b9\u51fb\u7a7a\u95f2\u9ea6\u4f4d\u53ef\u9501\u5b9a\u9ea6\u4f4d\u7981\u6b62\u4e0a\u9ea6\u54e6\uff5e","\u70b9\u51fb\u6392\u961f\u9886\u961f\u5934\u50cf\u540c\u610f\u9886\u961f\u4e0a\u9ea6"],"together_room_other_tips":["\u52a0\u5165\u7ec4\u961f\u548c\u961f\u53cb\u4e00\u8d77\u5f00\u9ed1\uff0c\u8ba4\u8bc6\u66f4\u591a\u597d\u53cb","\u52a0\u5165\u7ec4\u961f\u540e\u53ef\u4ee5\u5f00\u542f\u9ea6\u514b\u98ce\u8fdb\u884c\u8bed\u97f3\u4ea4\u6d41"],"use_vosk_recognizer":true,"use_webp":true,"user_avatar_url_prefix":"http://static.diffusenetwork.com/avatar","user_client_url":"http://conf.diffusenetwork.com/appversion/newest?channel_name=base&app_name=jinquan","user_on_mic_duration":30,"user_platform_pct":0.2,"user_slient_days":3,"violation_link":null},"msg":"\u6210\u529f"}
10-13 14:30:35.217 12377 12554 W okhttp.OkHttpClient: <-- END HTTP (10852-byte body)
10-13 14:30:35.221 12377 12464 E [ui]NOS_LBS: 123/fetch nos lbs error, error code=799
10-13 14:30:35.221 12377 12464 E [ui]NOS_LBS: javax.net.ssl.SSLHandshakeException: java.security.cert.CertPathValidatorException: Trust anchor for certification path not found.
10-13 14:30:35.221 12377 12464 E [ui]NOS_LBS: 	at com.android.org.conscrypt.SSLUtils.toSSLHandshakeException(SSLUtils.java:363)
10-13 14:30:35.221 12377 12464 E [ui]NOS_LBS: 	at com.android.org.conscrypt.ConscryptEngine.convertException(ConscryptEngine.java:1134)
10-13 14:30:35.221 12377 12464 E [ui]NOS_LBS: 	at com.android.org.conscrypt.ConscryptEngine.readPlaintextData(ConscryptEngine.java:1089)
10-13 14:30:35.221 12377 12464 E [ui]NOS_LBS: 	at com.android.org.conscrypt.ConscryptEngine.unwrap(ConscryptEngine.java:876)
10-13 14:30:35.221 12377 12464 E [ui]NOS_LBS: 	at com.android.org.conscrypt.ConscryptEngine.unwrap(ConscryptEngine.java:747)
10-13 14:30:35.221 12377 12464 E [ui]NOS_LBS: 	at com.android.org.conscrypt.ConscryptEngine.unwrap(ConscryptEngine.java:712)
10-13 14:30:35.221 12377 12464 E [ui]NOS_LBS: 	at com.android.org.conscrypt.ConscryptEngineSocket$SSLInputStream.processDataFromSocket(ConscryptEngineSocket.java:858)
10-13 14:30:35.221 12377 12464 E [ui]NOS_LBS: 	at com.android.org.conscrypt.ConscryptEngineSocket$SSLInputStream.access$100(ConscryptEngineSocket.java:731)
10-13 14:30:35.221 12377 12464 E [ui]NOS_LBS: 	at com.android.org.conscrypt.ConscryptEngineSocket.doHandshake(ConscryptEngineSocket.java:241)
10-13 14:30:35.221 12377 12464 E [ui]NOS_LBS: 	at com.android.org.conscrypt.ConscryptEngineSocket.startHandshake(ConscryptEngineSocket.java:220)
10-13 14:30:35.221 12377 12464 E [ui]NOS_LBS: 	at com.android.okhttp.internal.io.RealConnection.connectTls(RealConnection.java:196)
10-13 14:30:35.221 12377 12464 E [ui]NOS_LBS: 	at com.android.okhttp.internal.io.RealConnection.connectSocket(RealConnection.java:153)
10-13 14:30:35.221 12377 12464 E [ui]NOS_LBS: 	at com.android.okhttp.internal.io.RealConnection.connect(RealConnection.java:116)
10-13 14:30:35.221 12377 12464 E [ui]NOS_LBS: 	at com.android.okhttp.internal.http.StreamAllocation.findConnection(StreamAllocation.java:186)
10-13 14:30:35.221 12377 12464 E [ui]NOS_LBS: 	at com.android.okhttp.internal.http.StreamAllocation.findHealthyConnection(StreamAllocation.java:128)
10-13 14:30:35.221 12377 12464 E [ui]NOS_LBS: 	at com.android.okhttp.internal.http.StreamAllocation.newStream(StreamAllocation.java:97)
10-13 14:30:35.221 12377 12464 E [ui]NOS_LBS: 	at com.android.okhttp.internal.http.HttpEngine.connect(HttpEngine.java:289)
10-13 14:30:35.221 12377 12464 E [ui]NOS_LBS: 	at com.android.okhttp.internal.http.HttpEngine.sendRequest(HttpEngine.java:232)
10-13 14:30:35.221 12377 12464 E [ui]NOS_LBS: 	at com.android.okhttp.internal.huc.HttpURLConnectionImpl.execute(HttpURLConnectionImpl.java:465)
10-13 14:30:35.221 12377 12464 E [ui]NOS_LBS: 	at com.android.okhttp.internal.huc.HttpURLConnectionImpl.getResponse(HttpURLConnectionImpl.java:411)
10-13 14:30:35.221 12377 12464 E [ui]NOS_LBS: 	at com.android.okhttp.internal.huc.HttpURLConnectionImpl.getResponseCode(HttpURLConnectionImpl.java:542)
10-13 14:30:35.221 12377 12464 E [ui]NOS_LBS: 	at com.android.okhttp.internal.huc.DelegatingHttpsURLConnection.getResponseCode(DelegatingHttpsURLConnection.java:106)
10-13 14:30:35.221 12377 12464 E [ui]NOS_LBS: 	at com.android.okhttp.internal.huc.HttpsURLConnectionImpl.getResponseCode(HttpsURLConnectionImpl.java:30)
10-13 14:30:35.221 12377 12464 E [ui]NOS_LBS: 	at com.netease.nimlib.net.a.b.a.c.b(NosLinkLbs.java:244)
10-13 14:30:35.221 12377 12464 E [ui]NOS_LBS: 	at com.netease.nimlib.net.a.b.a.c.a(NosLinkLbs.java:195)
10-13 14:30:35.221 12377 12464 E [ui]NOS_LBS: 	at com.netease.nimlib.net.a.b.a.c.e(NosLinkLbs.java:178)
10-13 14:30:35.221 12377 12464 E [ui]NOS_LBS: 	at com.netease.nimlib.net.a.b.a.c.c(NosLinkLbs.java:135)
10-13 14:30:35.221 12377 12464 E [ui]NOS_LBS: 	at com.netease.nimlib.net.a.b.a.c.$r8$lambda$yx5Sub1iktV8bkdM4yOkZBURBjc(NosLinkLbs.java:0)
10-13 14:30:35.221 12377 12464 E [ui]NOS_LBS: 	at com.netease.nimlib.net.a.b.a.c$$ExternalSyntheticLambda0.run(R8$$SyntheticClass:0)
10-13 14:30:35.221 12377 12464 E [ui]NOS_LBS: 	at android.os.Handler.handleCallback(Handler.java:938)
10-13 14:30:35.221 12377 12464 E [ui]NOS_LBS: 	at android.os.Handler.dispatchMessage(Handler.java:99)
10-13 14:30:35.221 12377 12464 E [ui]NOS_LBS: 	at android.os.Looper.loopOnce(Looper.java:233)
10-13 14:30:35.221 12377 12464 E [ui]NOS_LBS: 	at android.os.Looper.loop(Looper.java:334)
10-13 14:30:35.221 12377 12464 E [ui]NOS_LBS: 	at android.os.HandlerThread.run(HandlerThread.java:67)
10-13 14:30:35.221 12377 12464 E [ui]NOS_LBS: Caused by: java.security.cert.CertificateException: java.security.cert.CertPathValidatorException: Trust anchor for certification path not found.
10-13 14:30:35.221 12377 12464 E [ui]NOS_LBS: 	at com.android.org.conscrypt.TrustManagerImpl.verifyChain(TrustManagerImpl.java:672)
10-13 14:30:35.221 12377 12464 E [ui]NOS_LBS: 	at com.android.org.conscrypt.TrustManagerImpl.checkTrustedRecursive(TrustManagerImpl.java:549)
10-13 14:30:35.221 12377 12464 E [ui]NOS_LBS: 	at com.android.org.conscrypt.TrustManagerImpl.checkTrustedRecursive(TrustManagerImpl.java:615)
10-13 14:30:35.221 12377 12464 E [ui]NOS_LBS: 	at com.android.org.conscrypt.TrustManagerImpl.checkTrusted(TrustManagerImpl.java:505)
10-13 14:30:35.221 12377 12464 E [ui]NOS_LBS: 	at com.android.org.conscrypt.TrustManagerImpl.checkTrusted(TrustManagerImpl.java:425)
10-13 14:30:35.221 12377 12464 E [ui]NOS_LBS: 	at com.android.org.conscrypt.TrustManagerImpl.getTrustedChainForServer(TrustManagerImpl.java:353)
10-13 14:30:35.221 12377 12464 E [ui]NOS_LBS: 	at android.security.net.config.NetworkSecurityTrustManager.checkServerTrusted(NetworkSecurityTrustManager.java:94)
10-13 14:30:35.221 12377 12464 E [ui]NOS_LBS: 	at android.security.net.config.RootTrustManager.checkServerTrusted(RootTrustManager.java:90)
10-13 14:30:35.221 12377 12464 E [ui]NOS_LBS: 	at com.android.org.conscrypt.ConscryptEngineSocket$2.checkServerTrusted(ConscryptEngineSocket.java:163)
10-13 14:30:35.221 12377 12464 E [ui]NOS_LBS: 	at com.android.org.conscrypt.Platform.checkServerTrusted(Platform.java:255)
10-13 14:30:35.221 12377 12464 E [ui]NOS_LBS: 	at com.android.org.conscrypt.ConscryptEngine.verifyCertificateChain(ConscryptEngine.java:1638)
10-13 14:30:35.221 12377 12464 E [ui]NOS_LBS: 	at com.android.org.conscrypt.NativeCrypto.ENGINE_SSL_read_direct(Native Method)
10-13 14:30:35.221 12377 12464 E [ui]NOS_LBS: 	at com.android.org.conscrypt.NativeSsl.readDirectByteBuffer(NativeSsl.java:569)
10-13 14:30:35.221 12377 12464 E [ui]NOS_LBS: 	at com.android.org.conscrypt.ConscryptEngine.readPlaintextDataDirect(ConscryptEngine.java:1095)
10-13 14:30:35.221 12377 12464 E [ui]NOS_LBS: 	at com.android.org.conscrypt.ConscryptEngine.readPlaintextData(ConscryptEngine.java:1079)
10-13 14:30:35.221 12377 12464 E [ui]NOS_LBS: 	... 31 more
10-13 14:30:35.221 12377 12464 E [ui]NOS_LBS: Caused by: java.security.cert.CertPathValidatorException: Trust anchor for certification path not found.
10-13 14:30:35.221 12377 12464 E [ui]NOS_LBS: 	... 46 more
10-13 14:30:35.221 12377 12464 E [ui]NOS_LBS: 123/fetch nos lbs failed, code=799
10-13 14:30:35.327 12377 12377 D PRETTY_LOGGER: â”Œâ”€â”€â”€â”€â”€â”€â”€â”€â”€â”€â”€â”€â”€â”€â”€â”€â”€â”€â”€â”€â”€â”€â”€â”€â”€â”€â”€â”€â”€â”€â”€â”€â”€â”€â”€â”€â”€â”€â”€â”€â”€â”€â”€â”€â”€â”€â”€â”€â”€â”€â”€â”€â”€â”€â”€â”€â”€â”€â”€â”€â”€â”€â”€â”€â”€â”€â”€â”€â”€â”€â”€â”€â”€â”€â”€â”€â”€â”€â”€â”€â”€â”€â”€â”€â”€â”€â”€â”€â”€â”€â”€â”€â”€â”€â”€â”€â”€â”€â”€â”€â”€â”€â”€â”€â”€â”€â”€â”€â”€â”€â”€â”€
10-13 14:30:35.328 12377 12377 D PRETTY_LOGGER: â”‚ Thread: main
10-13 14:30:35.328 12377 12377 D PRETTY_LOGGER: â”œâ”„â”„â”„â”„â”„â”„â”„â”„â”„â”„â”„â”„â”„â”„â”„â”„â”„â”„â”„â”„â”„â”„â”„â”„â”„â”„â”„â”„â”„â”„â”„â”„â”„â”„â”„â”„â”„â”„â”„â”„â”„â”„â”„â”„â”„â”„â”„â”„â”„â”„â”„â”„â”„â”„â”„â”„â”„â”„â”„â”„â”„â”„â”„â”„â”„â”„â”„â”„â”„â”„â”„â”„â”„â”„â”„â”„â”„â”„â”„â”„â”„â”„â”„â”„â”„â”„â”„â”„â”„â”„â”„â”„â”„â”„â”„â”„â”„â”„â”„â”„â”„â”„â”„â”„â”„â”„â”„â”„â”„â”„â”„â”„
10-13 14:30:35.328 12377 12377 D PRETTY_LOGGER: â”‚ BaseActivity.onStop  (BaseActivity.kt:160)
10-13 14:30:35.328 12377 12377 D PRETTY_LOGGER: â”‚    LogOut.debug  (LogOut.java:46)
10-13 14:30:35.328 12377 12377 D PRETTY_LOGGER: â”œâ”„â”„â”„â”„â”„â”„â”„â”„â”„â”„â”„â”„â”„â”„â”„â”„â”„â”„â”„â”„â”„â”„â”„â”„â”„â”„â”„â”„â”„â”„â”„â”„â”„â”„â”„â”„â”„â”„â”„â”„â”„â”„â”„â”„â”„â”„â”„â”„â”„â”„â”„â”„â”„â”„â”„â”„â”„â”„â”„â”„â”„â”„â”„â”„â”„â”„â”„â”„â”„â”„â”„â”„â”„â”„â”„â”„â”„â”„â”„â”„â”„â”„â”„â”„â”„â”„â”„â”„â”„â”„â”„â”„â”„â”„â”„â”„â”„â”„â”„â”„â”„â”„â”„â”„â”„â”„â”„â”„â”„â”„â”„â”„
10-13 14:30:35.328 12377 12377 D PRETTY_LOGGER: â”‚ wei:onStop()-- æ˜¯ä¸æ˜¯åœ¨åå°falseï¼Œæœ‰æ²¡æœ‰rtcè¿è¡Œtrue
10-13 14:30:35.328 12377 12377 D PRETTY_LOGGER: â””â”€â”€â”€â”€â”€â”€â”€â”€â”€â”€â”€â”€â”€â”€â”€â”€â”€â”€â”€â”€â”€â”€â”€â”€â”€â”€â”€â”€â”€â”€â”€â”€â”€â”€â”€â”€â”€â”€â”€â”€â”€â”€â”€â”€â”€â”€â”€â”€â”€â”€â”€â”€â”€â”€â”€â”€â”€â”€â”€â”€â”€â”€â”€â”€â”€â”€â”€â”€â”€â”€â”€â”€â”€â”€â”€â”€â”€â”€â”€â”€â”€â”€â”€â”€â”€â”€â”€â”€â”€â”€â”€â”€â”€â”€â”€â”€â”€â”€â”€â”€â”€â”€â”€â”€â”€â”€â”€â”€â”€â”€â”€â”€
10-13 14:30:35.328 12377 12377 D LeakCanary: Watching instance of androidx.fragment.app.FragmentManagerViewModel (androidx.fragment.app.FragmentManagerViewModel received ViewModel#onCleared() callback) with key b7a4906c-4942-4e37-94ff-e0dcf2d5fe46
10-13 14:30:35.329 12377 12377 D LeakCanary: Watching instance of com.liquid.porostwo.business.start.viewmodel.WelcomeViewModel (com.liquid.porostwo.business.start.viewmodel.WelcomeViewModel received ViewModel#onCleared() callback) with key 4ea1339a-c1d4-4694-ada7-50eef5d18934
10-13 14:30:35.329 12377 12377 D LeakCanary: Watching instance of leakcanary.internal.ViewModelClearedWatcher (leakcanary.internal.ViewModelClearedWatcher received ViewModel#onCleared() callback) with key e2215a74-aff1-4b6f-8702-5b519d9f0495
10-13 14:30:35.329 12377 12377 D LeakCanary: Watching instance of androidx.lifecycle.ReportFragment (androidx.lifecycle.ReportFragment received Fragment#onDestroy() callback) with key 1d61d9c1-20c1-4dd8-b535-f94d041e9cca
10-13 14:30:35.329 12377 12377 D LeakCanary: Watching instance of com.liquid.porostwo.business.start.WelcomeActivity (com.liquid.porostwo.business.start.WelcomeActivity received Activity#onDestroy() callback) with key beb20618-a373-479c-945f-4815706a5a02
10-13 14:30:35.944 12377 12392 W System  : A resource failed to call close. 
10-13 14:30:35.944 12377 12392 W System  : A resource failed to call release. 
10-13 14:30:35.944 12377 12392 W System  : A resource failed to call release. 
10-13 14:30:35.945 12377 12392 W System  : A resource failed to call end. 
10-13 14:30:35.945 12377 12392 W System  : A resource failed to call end. 
10-13 14:30:36.767 12377 12377 D PRETTY_LOGGER: â”Œâ”€â”€â”€â”€â”€â”€â”€â”€â”€â”€â”€â”€â”€â”€â”€â”€â”€â”€â”€â”€â”€â”€â”€â”€â”€â”€â”€â”€â”€â”€â”€â”€â”€â”€â”€â”€â”€â”€â”€â”€â”€â”€â”€â”€â”€â”€â”€â”€â”€â”€â”€â”€â”€â”€â”€â”€â”€â”€â”€â”€â”€â”€â”€â”€â”€â”€â”€â”€â”€â”€â”€â”€â”€â”€â”€â”€â”€â”€â”€â”€â”€â”€â”€â”€â”€â”€â”€â”€â”€â”€â”€â”€â”€â”€â”€â”€â”€â”€â”€â”€â”€â”€â”€â”€â”€â”€â”€â”€â”€â”€â”€â”€
10-13 14:30:36.768 12377 12377 D PRETTY_LOGGER: â”‚ Thread: main
10-13 14:30:36.768 12377 12377 D PRETTY_LOGGER: â”œâ”„â”„â”„â”„â”„â”„â”„â”„â”„â”„â”„â”„â”„â”„â”„â”„â”„â”„â”„â”„â”„â”„â”„â”„â”„â”„â”„â”„â”„â”„â”„â”„â”„â”„â”„â”„â”„â”„â”„â”„â”„â”„â”„â”„â”„â”„â”„â”„â”„â”„â”„â”„â”„â”„â”„â”„â”„â”„â”„â”„â”„â”„â”„â”„â”„â”„â”„â”„â”„â”„â”„â”„â”„â”„â”„â”„â”„â”„â”„â”„â”„â”„â”„â”„â”„â”„â”„â”„â”„â”„â”„â”„â”„â”„â”„â”„â”„â”„â”„â”„â”„â”„â”„â”„â”„â”„â”„â”„â”„â”„â”„â”„
10-13 14:30:36.768 12377 12377 D PRETTY_LOGGER: â”‚ BaseDialog.onShowing  (BaseDialog.kt:151)
10-13 14:30:36.768 12377 12377 D PRETTY_LOGGER: â”‚    LogOut.debug  (LogOut.java:46)
10-13 14:30:36.768 12377 12377 D PRETTY_LOGGER: â”œâ”„â”„â”„â”„â”„â”„â”„â”„â”„â”„â”„â”„â”„â”„â”„â”„â”„â”„â”„â”„â”„â”„â”„â”„â”„â”„â”„â”„â”„â”„â”„â”„â”„â”„â”„â”„â”„â”„â”„â”„â”„â”„â”„â”„â”„â”„â”„â”„â”„â”„â”„â”„â”„â”„â”„â”„â”„â”„â”„â”„â”„â”„â”„â”„â”„â”„â”„â”„â”„â”„â”„â”„â”„â”„â”„â”„â”„â”„â”„â”„â”„â”„â”„â”„â”„â”„â”„â”„â”„â”„â”„â”„â”„â”„â”„â”„â”„â”„â”„â”„â”„â”„â”„â”„â”„â”„â”„â”„â”„â”„â”„â”„
10-13 14:30:36.768 12377 12377 D PRETTY_LOGGER: â”‚ BaseDialog: UserProtocolAndPrivacyPolicyDialog:onShowing
10-13 14:30:36.768 12377 12377 D PRETTY_LOGGER: â””â”€â”€â”€â”€â”€â”€â”€â”€â”€â”€â”€â”€â”€â”€â”€â”€â”€â”€â”€â”€â”€â”€â”€â”€â”€â”€â”€â”€â”€â”€â”€â”€â”€â”€â”€â”€â”€â”€â”€â”€â”€â”€â”€â”€â”€â”€â”€â”€â”€â”€â”€â”€â”€â”€â”€â”€â”€â”€â”€â”€â”€â”€â”€â”€â”€â”€â”€â”€â”€â”€â”€â”€â”€â”€â”€â”€â”€â”€â”€â”€â”€â”€â”€â”€â”€â”€â”€â”€â”€â”€â”€â”€â”€â”€â”€â”€â”€â”€â”€â”€â”€â”€â”€â”€â”€â”€â”€â”€â”€â”€â”€â”€
10-13 14:30:36.814 12377 12377 V ImeFocusController: onWindowFocus: razerdp.basepopup.PopupDecorViewProxy{73d7cb1 V.E...... .......D 0,0-1080,2408} softInputMode=STATE_UNCHANGED|ADJUST_PAN
10-13 14:30:36.814 12377 12377 D ImeFocusController: onViewFocusChanged, view=razerdp.basepopup.PopupDecorViewProxy{73d7cb1 V.E...... .......D 0,0-1080,2408}, mServedView=null
10-13 14:30:36.814 12377 12377 V ImeFocusController: checkFocus: view=null next=razerdp.basepopup.PopupDecorViewProxy{73d7cb1 V.E...... .......D 0,0-1080,2408} force=false package=<none>
10-13 14:30:37.530 12377 12377 D ChannelUtils: channel 2---------------=unknown_channel
10-13 14:30:37.530 12377 12377 D ChannelUtils: channel 3-------------=unknown_channel
10-13 14:30:37.539 12377 12377 D ChannelUtils: channel 2---------------=unknown_channel
10-13 14:30:37.539 12377 12377 D ChannelUtils: channel 3-------------=unknown_channel
10-13 14:30:37.546 12377 12377 D PRETTY_LOGGER: â”Œâ”€â”€â”€â”€â”€â”€â”€â”€â”€â”€â”€â”€â”€â”€â”€â”€â”€â”€â”€â”€â”€â”€â”€â”€â”€â”€â”€â”€â”€â”€â”€â”€â”€â”€â”€â”€â”€â”€â”€â”€â”€â”€â”€â”€â”€â”€â”€â”€â”€â”€â”€â”€â”€â”€â”€â”€â”€â”€â”€â”€â”€â”€â”€â”€â”€â”€â”€â”€â”€â”€â”€â”€â”€â”€â”€â”€â”€â”€â”€â”€â”€â”€â”€â”€â”€â”€â”€â”€â”€â”€â”€â”€â”€â”€â”€â”€â”€â”€â”€â”€â”€â”€â”€â”€â”€â”€â”€â”€â”€â”€â”€â”€
10-13 14:30:37.546 12377 12377 D PRETTY_LOGGER: â”‚ Thread: main
10-13 14:30:37.546 12377 12377 D PRETTY_LOGGER: â”œâ”„â”„â”„â”„â”„â”„â”„â”„â”„â”„â”„â”„â”„â”„â”„â”„â”„â”„â”„â”„â”„â”„â”„â”„â”„â”„â”„â”„â”„â”„â”„â”„â”„â”„â”„â”„â”„â”„â”„â”„â”„â”„â”„â”„â”„â”„â”„â”„â”„â”„â”„â”„â”„â”„â”„â”„â”„â”„â”„â”„â”„â”„â”„â”„â”„â”„â”„â”„â”„â”„â”„â”„â”„â”„â”„â”„â”„â”„â”„â”„â”„â”„â”„â”„â”„â”„â”„â”„â”„â”„â”„â”„â”„â”„â”„â”„â”„â”„â”„â”„â”„â”„â”„â”„â”„â”„â”„â”„â”„â”„â”„â”„
10-13 14:30:37.546 12377 12377 D PRETTY_LOGGER: â”‚ GlobalConfig.getDefaultUserAgentString  (GlobalConfig.java:870)
10-13 14:30:37.546 12377 12377 D PRETTY_LOGGER: â”‚    LogOut.debug  (LogOut.java:46)
10-13 14:30:37.546 12377 12377 D PRETTY_LOGGER: â”œâ”„â”„â”„â”„â”„â”„â”„â”„â”„â”„â”„â”„â”„â”„â”„â”„â”„â”„â”„â”„â”„â”„â”„â”„â”„â”„â”„â”„â”„â”„â”„â”„â”„â”„â”„â”„â”„â”„â”„â”„â”„â”„â”„â”„â”„â”„â”„â”„â”„â”„â”„â”„â”„â”„â”„â”„â”„â”„â”„â”„â”„â”„â”„â”„â”„â”„â”„â”„â”„â”„â”„â”„â”„â”„â”„â”„â”„â”„â”„â”„â”„â”„â”„â”„â”„â”„â”„â”„â”„â”„â”„â”„â”„â”„â”„â”„â”„â”„â”„â”„â”„â”„â”„â”„â”„â”„â”„â”„â”„â”„â”„â”„
10-13 14:30:37.546 12377 12377 D PRETTY_LOGGER: â”‚ ====getDefaultUserAgentString():
10-13 14:30:37.546 12377 12377 D PRETTY_LOGGER: â””â”€â”€â”€â”€â”€â”€â”€â”€â”€â”€â”€â”€â”€â”€â”€â”€â”€â”€â”€â”€â”€â”€â”€â”€â”€â”€â”€â”€â”€â”€â”€â”€â”€â”€â”€â”€â”€â”€â”€â”€â”€â”€â”€â”€â”€â”€â”€â”€â”€â”€â”€â”€â”€â”€â”€â”€â”€â”€â”€â”€â”€â”€â”€â”€â”€â”€â”€â”€â”€â”€â”€â”€â”€â”€â”€â”€â”€â”€â”€â”€â”€â”€â”€â”€â”€â”€â”€â”€â”€â”€â”€â”€â”€â”€â”€â”€â”€â”€â”€â”€â”€â”€â”€â”€â”€â”€â”€â”€â”€â”€â”€â”€
10-13 14:30:37.550 12377 12377 I WebViewFactory: Loading com.google.android.webview version 91.0.4472.114 (code 447211483)
10-13 14:30:37.553 12377 12377 D nativeloader: classloader namespace configured for unbundled product apk. library_path=/system/product/app/WebViewGoogle/lib/arm64:/system/product/app/WebViewGoogle/WebViewGoogle.apk!/lib/arm64-v8a:/system/product/app/TrichromeLibrary/TrichromeLibrary.apk!/lib/arm64-v8a:/product/lib64:/system/product/lib64
10-13 14:30:37.556 12377 12377 D nativeloader: classloader namespace configured for unbundled product apk. library_path=/system/product/app/WebViewGoogle/lib/arm64:/system/product/app/WebViewGoogle/WebViewGoogle.apk!/lib/arm64-v8a:/system/product/app/TrichromeLibrary/TrichromeLibrary.apk!/lib/arm64-v8a:/product/lib64:/system/product/lib64
10-13 14:30:37.582 12377 12377 I cr_LibraryLoader: Loaded native library version number "91.0.4472.114"
10-13 14:30:37.583 12377 12377 I cr_CachingUmaRecorder: Flushed 6 samples from 6 histograms.
10-13 14:30:37.610 11481 11481 D BoundBrokerSvc: onBind: Intent { act=com.google.android.gms.safetynet.service.START pkg=com.google.android.gms }
10-13 14:30:37.610 11481 11481 D BoundBrokerSvc: Loading bound service for intent: Intent { act=com.google.android.gms.safetynet.service.START pkg=com.google.android.gms }
10-13 14:30:37.633 11500 11500 D BoundBrokerSvc: onBind: Intent { act=com.google.android.gms.usagereporting.service.START pkg=com.google.android.gms }
10-13 14:30:37.633 11500 11500 D BoundBrokerSvc: Loading bound service for intent: Intent { act=com.google.android.gms.usagereporting.service.START pkg=com.google.android.gms }
10-13 14:30:37.636 12377 12377 W System.err: java.lang.SecurityException: getDeviceId: The user 10660 does not meet the requirements to access device identifiers.
10-13 14:30:37.636 12377 12377 W System.err: 	at android.os.Parcel.createExceptionOrNull(Parcel.java:2439)
10-13 14:30:37.636 12377 12377 W System.err: 	at android.os.Parcel.createException(Parcel.java:2423)
10-13 14:30:37.636 12377 12377 W System.err: 	at android.os.Parcel.readException(Parcel.java:2406)
10-13 14:30:37.636 12377 12377 W System.err: 	at android.os.Parcel.readException(Parcel.java:2348)
10-13 14:30:37.636 12377 12377 W System.err: 	at com.android.internal.telephony.ITelephony$Stub$Proxy.getDeviceIdWithFeature(ITelephony.java:12146)
10-13 14:30:37.636 12377 12377 W System.err: 	at android.telephony.TelephonyManager.getDeviceId(TelephonyManager.java:2019)
10-13 14:30:37.636 12377 12377 W System.err: 	at com.liquid.base.utils.GlobalConfig.getSensitivePrams(GlobalConfig.java:486)
10-13 14:30:37.636 12377 12377 W System.err: 	at com.liquid.base.utils.GlobalConfig.init(GlobalConfig.java:347)
10-13 14:30:37.636 12377 12377 W System.err: 	at com.liquid.base.utils.GlobalConfig.init(GlobalConfig.java:304)
10-13 14:30:37.636 12377 12377 W System.err: 	at com.liquid.porostwo.business.login.LoginActivity.checkPrivacyPolicy(LoginActivity.kt:259)
10-13 14:30:37.636 12377 12377 W System.err: 	at com.liquid.porostwo.business.login.LoginActivity.initListener$lambda-5(LoginActivity.kt:176)
10-13 14:30:37.636 12377 12377 W System.err: 	at com.liquid.porostwo.business.login.LoginActivity.$r8$lambda$P3gOf0MZ35DGVkLr9obfAiLNNjY(LoginActivity.kt:0)
10-13 14:30:37.637 12377 12377 W System.err: 	at com.liquid.porostwo.business.login.LoginActivity$$ExternalSyntheticLambda2.onCheckedChanged(R8$$SyntheticClass:0)
10-13 14:30:37.637 12377 12377 W System.err: 	at android.widget.CompoundButton.setChecked(CompoundButton.java:222)
10-13 14:30:37.637 12377 12377 W System.err: 	at com.liquid.porostwo.business.login.LoginActivity$isChecked$1$1.invoke(LoginActivity.kt:274)
10-13 14:30:37.637 12377 12377 W System.err: 	at com.liquid.porostwo.business.login.LoginActivity$isChecked$1$1.invoke(LoginActivity.kt:273)
10-13 14:30:37.637 12377 12377 W System.err: 	at com.liquid.porostwo.dialog.UserProtocolAndPrivacyPolicyDialog$initListener$1.invoke(UserProtocolAndPrivacyPolicyDialog.kt:69)
10-13 14:30:37.637 12377 12377 W System.err: 	at com.liquid.porostwo.dialog.UserProtocolAndPrivacyPolicyDialog$initListener$1.invoke(UserProtocolAndPrivacyPolicyDialog.kt:67)
10-13 14:30:37.637 12377 12377 W System.err: 	at com.liquid.porostwo.widgets.ViewExtensionKt.setOnSingleClickListener$lambda-0(ViewExtension.kt:22)
10-13 14:30:37.637 12377 12377 W System.err: 	at com.liquid.porostwo.widgets.ViewExtensionKt.$r8$lambda$MdHAt-oBqRn4fF7Jdwo00rp6IaU(ViewExtension.kt:0)
10-13 14:30:37.637 12377 12377 W System.err: 	at com.liquid.porostwo.widgets.ViewExtensionKt$$ExternalSyntheticLambda0.onClick(R8$$SyntheticClass:0)
10-13 14:30:37.637 12377 12377 W System.err: 	at android.view.View.performClick(View.java:7512)
10-13 14:30:37.637 12377 12377 W System.err: 	at android.view.View.performClickInternal(View.java:7489)
10-13 14:30:37.637 12377 12377 W System.err: 	at android.view.View.access$3700(View.java:857)
10-13 14:30:37.637 12377 12377 W System.err: 	at android.view.View$PerformClick.run(View.java:29013)
10-13 14:30:37.637 12377 12377 W System.err: 	at android.os.Handler.handleCallback(Handler.java:938)
10-13 14:30:37.637 12377 12377 W System.err: 	at android.os.Handler.dispatchMessage(Handler.java:99)
10-13 14:30:37.637 12377 12377 W System.err: 	at android.os.Looper.loopOnce(Looper.java:233)
10-13 14:30:37.637 12377 12377 W System.err: 	at android.os.Looper.loop(Looper.java:334)
10-13 14:30:37.637 12377 12377 W System.err: 	at android.app.ActivityThread.main(ActivityThread.java:8344)
10-13 14:30:37.637 12377 12377 W System.err: 	at java.lang.reflect.Method.invoke(Native Method)
10-13 14:30:37.637 12377 12377 W System.err: 	at com.android.internal.os.RuntimeInit$MethodAndArgsCaller.run(RuntimeInit.java:582)
10-13 14:30:37.637 12377 12377 W System.err: 	at com.android.internal.os.ZygoteInit.main(ZygoteInit.java:1065)
10-13 14:30:37.646 12377 12377 D PRETTY_LOGGER: â”Œâ”€â”€â”€â”€â”€â”€â”€â”€â”€â”€â”€â”€â”€â”€â”€â”€â”€â”€â”€â”€â”€â”€â”€â”€â”€â”€â”€â”€â”€â”€â”€â”€â”€â”€â”€â”€â”€â”€â”€â”€â”€â”€â”€â”€â”€â”€â”€â”€â”€â”€â”€â”€â”€â”€â”€â”€â”€â”€â”€â”€â”€â”€â”€â”€â”€â”€â”€â”€â”€â”€â”€â”€â”€â”€â”€â”€â”€â”€â”€â”€â”€â”€â”€â”€â”€â”€â”€â”€â”€â”€â”€â”€â”€â”€â”€â”€â”€â”€â”€â”€â”€â”€â”€â”€â”€â”€â”€â”€â”€â”€â”€â”€
10-13 14:30:37.647 12377 12377 D PRETTY_LOGGER: â”‚ Thread: main
10-13 14:30:37.647 12377 12377 D PRETTY_LOGGER: â”œâ”„â”„â”„â”„â”„â”„â”„â”„â”„â”„â”„â”„â”„â”„â”„â”„â”„â”„â”„â”„â”„â”„â”„â”„â”„â”„â”„â”„â”„â”„â”„â”„â”„â”„â”„â”„â”„â”„â”„â”„â”„â”„â”„â”„â”„â”„â”„â”„â”„â”„â”„â”„â”„â”„â”„â”„â”„â”„â”„â”„â”„â”„â”„â”„â”„â”„â”„â”„â”„â”„â”„â”„â”„â”„â”„â”„â”„â”„â”„â”„â”„â”„â”„â”„â”„â”„â”„â”„â”„â”„â”„â”„â”„â”„â”„â”„â”„â”„â”„â”„â”„â”„â”„â”„â”„â”„â”„â”„â”„â”„â”„â”„
10-13 14:30:37.647 12377 12377 D PRETTY_LOGGER: â”‚ GlobalConfig.gainCpuName  (GlobalConfig.java:647)
10-13 14:30:37.647 12377 12377 D PRETTY_LOGGER: â”‚    LogOut.debug  (LogOut.java:46)
10-13 14:30:37.647 12377 12377 D PRETTY_LOGGER: â”œâ”„â”„â”„â”„â”„â”„â”„â”„â”„â”„â”„â”„â”„â”„â”„â”„â”„â”„â”„â”„â”„â”„â”„â”„â”„â”„â”„â”„â”„â”„â”„â”„â”„â”„â”„â”„â”„â”„â”„â”„â”„â”„â”„â”„â”„â”„â”„â”„â”„â”„â”„â”„â”„â”„â”„â”„â”„â”„â”„â”„â”„â”„â”„â”„â”„â”„â”„â”„â”„â”„â”„â”„â”„â”„â”„â”„â”„â”„â”„â”„â”„â”„â”„â”„â”„â”„â”„â”„â”„â”„â”„â”„â”„â”„â”„â”„â”„â”„â”„â”„â”„â”„â”„â”„â”„â”„â”„â”„â”„â”„â”„â”„
10-13 14:30:37.647 12377 12377 D PRETTY_LOGGER: â”‚ getCpuName:Processor	
10-13 14:30:37.647 12377 12377 D PRETTY_LOGGER: â””â”€â”€â”€â”€â”€â”€â”€â”€â”€â”€â”€â”€â”€â”€â”€â”€â”€â”€â”€â”€â”€â”€â”€â”€â”€â”€â”€â”€â”€â”€â”€â”€â”€â”€â”€â”€â”€â”€â”€â”€â”€â”€â”€â”€â”€â”€â”€â”€â”€â”€â”€â”€â”€â”€â”€â”€â”€â”€â”€â”€â”€â”€â”€â”€â”€â”€â”€â”€â”€â”€â”€â”€â”€â”€â”€â”€â”€â”€â”€â”€â”€â”€â”€â”€â”€â”€â”€â”€â”€â”€â”€â”€â”€â”€â”€â”€â”€â”€â”€â”€â”€â”€â”€â”€â”€â”€â”€â”€â”€â”€â”€â”€
10-13 14:30:37.647 12377 12377 D PRETTY_LOGGER: â”Œâ”€â”€â”€â”€â”€â”€â”€â”€â”€â”€â”€â”€â”€â”€â”€â”€â”€â”€â”€â”€â”€â”€â”€â”€â”€â”€â”€â”€â”€â”€â”€â”€â”€â”€â”€â”€â”€â”€â”€â”€â”€â”€â”€â”€â”€â”€â”€â”€â”€â”€â”€â”€â”€â”€â”€â”€â”€â”€â”€â”€â”€â”€â”€â”€â”€â”€â”€â”€â”€â”€â”€â”€â”€â”€â”€â”€â”€â”€â”€â”€â”€â”€â”€â”€â”€â”€â”€â”€â”€â”€â”€â”€â”€â”€â”€â”€â”€â”€â”€â”€â”€â”€â”€â”€â”€â”€â”€â”€â”€â”€â”€â”€
10-13 14:30:37.647 12377 12377 D PRETTY_LOGGER: â”‚ Thread: main
10-13 14:30:37.647 12377 12377 D PRETTY_LOGGER: â”œâ”„â”„â”„â”„â”„â”„â”„â”„â”„â”„â”„â”„â”„â”„â”„â”„â”„â”„â”„â”„â”„â”„â”„â”„â”„â”„â”„â”„â”„â”„â”„â”„â”„â”„â”„â”„â”„â”„â”„â”„â”„â”„â”„â”„â”„â”„â”„â”„â”„â”„â”„â”„â”„â”„â”„â”„â”„â”„â”„â”„â”„â”„â”„â”„â”„â”„â”„â”„â”„â”„â”„â”„â”„â”„â”„â”„â”„â”„â”„â”„â”„â”„â”„â”„â”„â”„â”„â”„â”„â”„â”„â”„â”„â”„â”„â”„â”„â”„â”„â”„â”„â”„â”„â”„â”„â”„â”„â”„â”„â”„â”„â”„
10-13 14:30:37.647 12377 12377 D PRETTY_LOGGER: â”‚ GlobalConfig.gainCpuName  (GlobalConfig.java:647)
10-13 14:30:37.647 12377 12377 D PRETTY_LOGGER: â”‚    LogOut.debug  (LogOut.java:46)
10-13 14:30:37.647 12377 12377 D PRETTY_LOGGER: â”œâ”„â”„â”„â”„â”„â”„â”„â”„â”„â”„â”„â”„â”„â”„â”„â”„â”„â”„â”„â”„â”„â”„â”„â”„â”„â”„â”„â”„â”„â”„â”„â”„â”„â”„â”„â”„â”„â”„â”„â”„â”„â”„â”„â”„â”„â”„â”„â”„â”„â”„â”„â”„â”„â”„â”„â”„â”„â”„â”„â”„â”„â”„â”„â”„â”„â”„â”„â”„â”„â”„â”„â”„â”„â”„â”„â”„â”„â”„â”„â”„â”„â”„â”„â”„â”„â”„â”„â”„â”„â”„â”„â”„â”„â”„â”„â”„â”„â”„â”„â”„â”„â”„â”„â”„â”„â”„â”„â”„â”„â”„â”„â”„
10-13 14:30:37.647 12377 12377 D PRETTY_LOGGER: â”‚ getCpuName:AArch64 Processor rev 0 (aarch64)
10-13 14:30:37.647 12377 12377 D PRETTY_LOGGER: â””â”€â”€â”€â”€â”€â”€â”€â”€â”€â”€â”€â”€â”€â”€â”€â”€â”€â”€â”€â”€â”€â”€â”€â”€â”€â”€â”€â”€â”€â”€â”€â”€â”€â”€â”€â”€â”€â”€â”€â”€â”€â”€â”€â”€â”€â”€â”€â”€â”€â”€â”€â”€â”€â”€â”€â”€â”€â”€â”€â”€â”€â”€â”€â”€â”€â”€â”€â”€â”€â”€â”€â”€â”€â”€â”€â”€â”€â”€â”€â”€â”€â”€â”€â”€â”€â”€â”€â”€â”€â”€â”€â”€â”€â”€â”€â”€â”€â”€â”€â”€â”€â”€â”€â”€â”€â”€â”€â”€â”€â”€â”€â”€
10-13 14:30:37.649 12377 12377 E log_thl : id = 68b3db9d-9ada-3174-a05a-cf26161b8c64
10-13 14:30:37.662 12377 12377 D ä¸‰æ–¹SDKè·å–å½“å‰è®¾å¤‡OIAD: 11df45db5cebdaab16293e7bdfbdfa05357a989197129dabf30bf8d0c19f85f3
10-13 14:30:37.743 12377 12377 D ChannelUtils: æœªè§£æåˆ°ç›¸åº”çš„æ¸ é“å·ï¼Œä½¿ç”¨é»˜è®¤å†…éƒ¨æ¸ é“å·
10-13 14:30:37.743 12377 12377 D ChannelUtils: channel 2---------------=unknown_channel
10-13 14:30:37.743 12377 12377 D ChannelUtils: channel 3-------------=unknown_channel
10-13 14:30:37.750 12377 12554 W okhttp.OkHttpClient: --> POST http://poros-test.diffusenetwork.com/service/views/user/device_info
10-13 14:30:37.750 12377 12554 W okhttp.OkHttpClient: Content-Type: application/json;charset=utf-8
10-13 14:30:37.750 12377 12554 W okhttp.OkHttpClient: Content-Length: 1031
10-13 14:30:37.750 12377 12554 W okhttp.OkHttpClient: {"cpu_info":"AArch64 Processor rev 0 (aarch64)","cpu_abi_list":"arm64-v8a,armeabi-v7a,armeabi","client_type":"C","is_root":"false","operator":"lt","network":"NETWORK_WIFI","biz":"jinquan","platform_type":"debug","cpu_abi":"true","mac_addr":"020000000000","wifi_mac_addr":"unknow","system_version":"12","phone_manufacturer":"vivo","temperature":"0","platform_name":"Android","phone_display":"SP1A.210812.003 release-keys","oaid":"11df45db5cebdaab16293e7bdfbdfa05357a989197129dabf30bf8d0c19f85f3","total_capacity":"229 GB","channel_name":"unknown_channel","app":"jinquan","system_time":"1697178637747","device_id":"68b3db9d-9ada-3174-a05a-cf26161b8c64","event_time_str":"2023-10-13 14:30:37","remain_capacity":"37.34 GB","battery_rate":"0","phone_brand":"vivo","phone_model":"V2118A","version_name":"2.0.2.3","device_serial":"unknown","user_id":"","report_id":"5d4047d50ac541f0b438217e5111f1a9","display_metrics":"1080x2182","imei":"","android_id":"24c40c57d13f0bc6","cpu_core_num":"8","event_time":"1697178637747","total_ram":"8GB"}
10-13 14:30:37.750 12377 12554 W okhttp.OkHttpClient: --> END POST (1031-byte body)
10-13 14:30:37.753 12377 12377 W System.err: java.lang.SecurityException: getDeviceId: The user 10660 does not meet the requirements to access device identifiers.
10-13 14:30:37.754 12377 12377 W System.err: 	at android.os.Parcel.createExceptionOrNull(Parcel.java:2439)
10-13 14:30:37.754 12377 12377 W System.err: 	at android.os.Parcel.createException(Parcel.java:2423)
10-13 14:30:37.754 12377 12377 W System.err: 	at android.os.Parcel.readException(Parcel.java:2406)
10-13 14:30:37.754 12377 12377 W System.err: 	at android.os.Parcel.readException(Parcel.java:2348)
10-13 14:30:37.754 12377 12377 W System.err: 	at com.android.internal.telephony.ITelephony$Stub$Proxy.getDeviceIdWithFeature(ITelephony.java:12146)
10-13 14:30:37.754 12377 12377 W System.err: 	at android.telephony.TelephonyManager.getDeviceId(TelephonyManager.java:2019)
10-13 14:30:37.754 12377 12377 W System.err: 	at com.liquid.base.utils.GlobalConfig.getSensitivePrams(GlobalConfig.java:486)
10-13 14:30:37.754 12377 12377 W System.err: 	at com.liquid.porostwo.business.login.LoginActivity$requestPermission$1.invoke(LoginActivity.kt:306)
10-13 14:30:37.754 12377 12377 W System.err: 	at com.liquid.porostwo.business.login.LoginActivity$requestPermission$1.invoke(LoginActivity.kt:301)
10-13 14:30:37.754 12377 12377 W System.err: 	at com.liquid.porostwo.utils.PermissionHelper.request(PermissionHelper.kt:73)
10-13 14:30:37.754 12377 12377 W System.err: 	at com.liquid.porostwo.business.login.LoginActivity.requestPermission(LoginActivity.kt:301)
10-13 14:30:37.754 12377 12377 W System.err: 	at com.liquid.porostwo.business.login.LoginActivity.access$requestPermission(LoginActivity.kt:54)
10-13 14:30:37.754 12377 12377 W System.err: 	at com.liquid.porostwo.business.login.LoginActivity$initListener$5$1.invoke(LoginActivity.kt:193)
10-13 14:30:37.754 12377 12377 W System.err: 	at com.liquid.porostwo.business.login.LoginActivity$initListener$5$1.invoke(LoginActivity.kt:192)
10-13 14:30:37.754 12377 12377 W System.err: 	at com.liquid.porostwo.business.login.LoginActivity$isChecked$1$1.invoke(LoginActivity.kt:275)
10-13 14:30:37.754 12377 12377 W System.err: 	at com.liquid.porostwo.business.login.LoginActivity$isChecked$1$1.invoke(LoginActivity.kt:273)
10-13 14:30:37.754 12377 12377 W System.err: 	at com.liquid.porostwo.dialog.UserProtocolAndPrivacyPolicyDialog$initListener$1.invoke(UserProtocolAndPrivacyPolicyDialog.kt:69)
10-13 14:30:37.754 12377 12377 W System.err: 	at com.liquid.porostwo.dialog.UserProtocolAndPrivacyPolicyDialog$initListener$1.invoke(UserProtocolAndPrivacyPolicyDialog.kt:67)
10-13 14:30:37.754 12377 12377 W System.err: 	at com.liquid.porostwo.widgets.ViewExtensionKt.setOnSingleClickListener$lambda-0(ViewExtension.kt:22)
10-13 14:30:37.754 12377 12377 W System.err: 	at com.liquid.porostwo.widgets.ViewExtensionKt.$r8$lambda$MdHAt-oBqRn4fF7Jdwo00rp6IaU(ViewExtension.kt:0)
10-13 14:30:37.754 12377 12377 W System.err: 	at com.liquid.porostwo.widgets.ViewExtensionKt$$ExternalSyntheticLambda0.onClick(R8$$SyntheticClass:0)
10-13 14:30:37.754 12377 12377 W System.err: 	at android.view.View.performClick(View.java:7512)
10-13 14:30:37.754 12377 12377 W System.err: 	at android.view.View.performClickInternal(View.java:7489)
10-13 14:30:37.754 12377 12377 W System.err: 	at android.view.View.access$3700(View.java:857)
10-13 14:30:37.754 12377 12377 W System.err: 	at android.view.View$PerformClick.run(View.java:29013)
10-13 14:30:37.754 12377 12377 W System.err: 	at android.os.Handler.handleCallback(Handler.java:938)
10-13 14:30:37.754 12377 12377 W System.err: 	at android.os.Handler.dispatchMessage(Handler.java:99)
10-13 14:30:37.754 12377 12377 W System.err: 	at android.os.Looper.loopOnce(Looper.java:233)
10-13 14:30:37.754 12377 12377 W System.err: 	at android.os.Looper.loop(Looper.java:334)
10-13 14:30:37.754 12377 12377 W System.err: 	at android.app.ActivityThread.main(ActivityThread.java:8344)
10-13 14:30:37.754 12377 12377 W System.err: 	at java.lang.reflect.Method.invoke(Native Method)
10-13 14:30:37.754 12377 12377 W System.err: 	at com.android.internal.os.RuntimeInit$MethodAndArgsCaller.run(RuntimeInit.java:582)
10-13 14:30:37.754 12377 12377 W System.err: 	at com.android.internal.os.ZygoteInit.main(ZygoteInit.java:1065)
10-13 14:30:37.769 12377 12559 I OAIDSDK : [MainMdidSdk] OnInit: manufacturer: vivo
10-13 14:30:37.770 12377 12559 D OAIDSDK : [SystemParamters] unknown
10-13 14:30:37.770 12377 12559 I OAIDSDK : [MainMdidSdk] OnInit: final manufacturer: VIVO
10-13 14:30:37.773 12377 12559 I OAIDSDK : [MainMdidSdk] OnInit: z: Sync mode
10-13 14:30:37.774 12377 12559 I OAIDSDK : [MainMdidSdk] OnInit: result ok
10-13 14:30:37.775 12377 12559 I OAIDSDK : [MainMdidSdk] initResult: infoCode:1008610
10-13 14:30:37.791 12377 12695 I OAIDSDK : [BaseProvider] mcallback onSupport
10-13 14:30:37.791 12377 12695 D OAID    : getOaid å®˜æ–¹APIè·å–å½“å‰è®¾å¤‡OIAD 11df45db5cebdaab16293e7bdfbdfa05357a989197129dabf30bf8d0c19f85f3
10-13 14:30:37.855 12377 12377 D ChannelUtils: æœªè§£æåˆ°ç›¸åº”çš„æ¸ é“å·ï¼Œä½¿ç”¨é»˜è®¤å†…éƒ¨æ¸ é“å·
10-13 14:30:37.855 12377 12377 D ChannelUtils: channel 2---------------=unknown_channel
10-13 14:30:37.855 12377 12377 D ChannelUtils: channel 3-------------=unknown_channel
10-13 14:30:37.879 12377 12554 D ChannelUtils: æœªè§£æåˆ°ç›¸åº”çš„æ¸ é“å·ï¼Œä½¿ç”¨é»˜è®¤å†…éƒ¨æ¸ é“å·
10-13 14:30:37.879 12377 12554 D ChannelUtils: channel 2---------------=unknown_channel
10-13 14:30:37.880 12377 12554 D ChannelUtils: channel 3-------------=unknown_channel
10-13 14:30:37.958 12377 12377 D ChannelUtils: æœªè§£æåˆ°ç›¸åº”çš„æ¸ é“å·ï¼Œä½¿ç”¨é»˜è®¤å†…éƒ¨æ¸ é“å·
10-13 14:30:37.958 12377 12377 D ChannelUtils: channel 2---------------=unknown_channel
10-13 14:30:37.958 12377 12377 D ChannelUtils: channel 3-------------=unknown_channel
10-13 14:30:37.966 12377 12559 I OAIDSDK : [MainMdidSdk] OnInit: manufacturer: vivo
10-13 14:30:37.966 12377 12559 D OAIDSDK : [SystemParamters] unknown
10-13 14:30:37.966 12377 12559 I OAIDSDK : [MainMdidSdk] OnInit: final manufacturer: VIVO
10-13 14:30:37.967 12377 12559 I OAIDSDK : [MainMdidSdk] OnInit: z: Sync mode
10-13 14:30:37.968 12377 12559 I OAIDSDK : [MainMdidSdk] OnInit: result ok
10-13 14:30:37.968 12377 12559 I OAIDSDK : [MainMdidSdk] initResult: infoCode:1008610
10-13 14:30:37.970 12377 12698 I OAIDSDK : [BaseProvider] mcallback onSupport
10-13 14:30:37.970 12377 12698 D OAID    : getOaid å®˜æ–¹APIè·å–å½“å‰è®¾å¤‡OIAD 11df45db5cebdaab16293e7bdfbdfa05357a989197129dabf30bf8d0c19f85f3
10-13 14:30:38.008 12377 12554 D ChannelUtils: æœªè§£æåˆ°ç›¸åº”çš„æ¸ é“å·ï¼Œä½¿ç”¨é»˜è®¤å†…éƒ¨æ¸ é“å·
10-13 14:30:38.008 12377 12554 D ChannelUtils: channel 2---------------=unknown_channel
10-13 14:30:38.008 12377 12554 D ChannelUtils: channel 3-------------=unknown_channel
10-13 14:30:38.010 12377 12554 I okhttp.OkHttpClient: --> POST http://poros-test.diffusenetwork.com/service/views/user/device_info?channel_name=unknown_channel&app=jinquan&hotfix_version=&nonce_str=1886f573-df7a-4ee1-b0bf-17c776065e7f&own_family_id=&device_id=68b3db9d-9ada-3174-a05a-cf26161b8c64&sign=TSekXfOfKVTOoqwArG4iGQ&Latitude=&Longitude=&et=1697178638300&pkg_name=com.liquid.poros&biz=jinquan&version_name=2.0.2.3&device_serial=unknown&wifi_proxy=true&mac_addr=020000000000&user_id=&wifi_mac_addr=unknow&wifi_vpn=false&platform_name=Android&imei=&own_union_id=&android_id=24c40c57d13f0bc6&oaid=11df45db5cebdaab16293e7bdfbdfa05357a989197129dabf30bf8d0c19f85f3
10-13 14:30:38.010 12377 12554 I okhttp.OkHttpClient: Content-Length: 1031
10-13 14:30:38.010 12377 12554 I okhttp.OkHttpClient: Accept-Charset: UTF-8
10-13 14:30:38.010 12377 12554 I okhttp.OkHttpClient: Content-Type: application/x-www-form-urlencoded;charset=UTF-8
10-13 14:30:38.010 12377 12554 I okhttp.OkHttpClient: Connection: keep-alive
10-13 14:30:38.010 12377 12554 I okhttp.OkHttpClient: Accept: */*
10-13 14:30:38.010 12377 12554 I okhttp.OkHttpClient: channel_name: unknown_channel
10-13 14:30:38.010 12377 12554 I okhttp.OkHttpClient: app: jinquan
10-13 14:30:38.010 12377 12554 I okhttp.OkHttpClient: hotfix_version: 
10-13 14:30:38.010 12377 12554 I okhttp.OkHttpClient: nonce_str: 8a3f7547-dbb0-41ee-a456-6cc6c47e154d
10-13 14:30:38.010 12377 12554 I okhttp.OkHttpClient: own_family_id: 
10-13 14:30:38.010 12377 12554 I okhttp.OkHttpClient: device_id: 68b3db9d-9ada-3174-a05a-cf26161b8c64
10-13 14:30:38.011 12377 12554 I okhttp.OkHttpClient: sign: qNz7cZwBJuToFHYUhpCIbA
10-13 14:30:38.011 12377 12554 I okhttp.OkHttpClient: Latitude: 
10-13 14:30:38.011 12377 12554 I okhttp.OkHttpClient: Longitude: 
10-13 14:30:38.011 12377 12554 I okhttp.OkHttpClient: et: 1697178637300
10-13 14:30:38.011 12377 12554 I okhttp.OkHttpClient: pkg_name: com.liquid.poros
10-13 14:30:38.011 12377 12554 I okhttp.OkHttpClient: biz: jinquan
10-13 14:30:38.011 12377 12554 I okhttp.OkHttpClient: version_name: 2.0.2.3
10-13 14:30:38.011 12377 12554 I okhttp.OkHttpClient: device_serial: unknown
10-13 14:30:38.011 12377 12554 I okhttp.OkHttpClient: wifi_proxy: true
10-13 14:30:38.011 12377 12554 I okhttp.OkHttpClient: mac_addr: 020000000000
10-13 14:30:38.011 12377 12554 I okhttp.OkHttpClient: user_id: 
10-13 14:30:38.011 12377 12554 I okhttp.OkHttpClient: wifi_mac_addr: unknow
10-13 14:30:38.011 12377 12554 I okhttp.OkHttpClient: wifi_vpn: false
10-13 14:30:38.011 12377 12554 I okhttp.OkHttpClient: platform_name: Android
10-13 14:30:38.011 12377 12554 I okhttp.OkHttpClient: imei: 
10-13 14:30:38.011 12377 12554 I okhttp.OkHttpClient: own_union_id: 
10-13 14:30:38.011 12377 12554 I okhttp.OkHttpClient: android_id: 24c40c57d13f0bc6
10-13 14:30:38.011 12377 12554 I okhttp.OkHttpClient: oaid: 11df45db5cebdaab16293e7bdfbdfa05357a989197129dabf30bf8d0c19f85f3
10-13 14:30:38.011 12377 12554 I okhttp.OkHttpClient: User-Agent: Mozilla/5.0 (Linux; Android 12; V2118A Build/SP1A.210812.003; wv) AppleWebKit/537.36 (KHTML, like Gecko) Version/4.0 Chrome/91.0.4472.114 Mobile Safari/537.36
10-13 14:30:38.013 12377 12554 I okhttp.OkHttpClient: {"cpu_info":"AArch64 Processor rev 0 (aarch64)","cpu_abi_list":"arm64-v8a,armeabi-v7a,armeabi","client_type":"C","is_root":"false","operator":"lt","network":"NETWORK_WIFI","biz":"jinquan","platform_type":"debug","cpu_abi":"true","mac_addr":"020000000000","wifi_mac_addr":"unknow","system_version":"12","phone_manufacturer":"vivo","temperature":"0","platform_name":"Android","phone_display":"SP1A.210812.003 release-keys","oaid":"11df45db5cebdaab16293e7bdfbdfa05357a989197129dabf30bf8d0c19f85f3","total_capacity":"229 GB","channel_name":"unknown_channel","app":"jinquan","system_time":"1697178637747","device_id":"68b3db9d-9ada-3174-a05a-cf26161b8c64","event_time_str":"2023-10-13 14:30:37","remain_capacity":"37.34 GB","battery_rate":"0","phone_brand":"vivo","phone_model":"V2118A","version_name":"2.0.2.3","device_serial":"unknown","user_id":"","report_id":"5d4047d50ac541f0b438217e5111f1a9","display_metrics":"1080x2182","imei":"","android_id":"24c40c57d13f0bc6","cpu_core_num":"8","event_time":"1697178637747","total_ram":"8GB"}
10-13 14:30:38.013 12377 12554 I okhttp.OkHttpClient: --> END POST (1031-byte body)
10-13 14:30:38.039 12377 12392 W System  : A resource failed to call close. 
10-13 14:30:38.051 12377 12377 D ChannelUtils: æœªè§£æåˆ°ç›¸åº”çš„æ¸ é“å·ï¼Œä½¿ç”¨é»˜è®¤å†…éƒ¨æ¸ é“å·
10-13 14:30:38.051 12377 12377 D ChannelUtils: channel 2---------------=unknown_channel
10-13 14:30:38.052 12377 12377 D ChannelUtils: channel 3-------------=unknown_channel
10-13 14:30:38.115 12377 12554 I okhttp.OkHttpClient: <-- 200 OK http://poros-test.diffusenetwork.com/service/views/user/device_info?channel_name=unknown_channel&app=jinquan&hotfix_version=&nonce_str=1886f573-df7a-4ee1-b0bf-17c776065e7f&own_family_id=&device_id=68b3db9d-9ada-3174-a05a-cf26161b8c64&sign=TSekXfOfKVTOoqwArG4iGQ&Latitude=&Longitude=&et=1697178638300&pkg_name=com.liquid.poros&biz=jinquan&version_name=2.0.2.3&device_serial=unknown&wifi_proxy=true&mac_addr=020000000000&user_id=&wifi_mac_addr=unknow&wifi_vpn=false&platform_name=Android&imei=&own_union_id=&android_id=24c40c57d13f0bc6&oaid=11df45db5cebdaab16293e7bdfbdfa05357a989197129dabf30bf8d0c19f85f3 (102ms)
10-13 14:30:38.115 12377 12554 I okhttp.OkHttpClient: Date: Fri, 13 Oct 2023 06:30:38 GMT
10-13 14:30:38.115 12377 12554 I okhttp.OkHttpClient: Content-Type: application/json
10-13 14:30:38.116 12377 12554 I okhttp.OkHttpClient: Content-Length: 32
10-13 14:30:38.116 12377 12554 I okhttp.OkHttpClient: x-envoy-upstream-service-time: 9
10-13 14:30:38.116 12377 12554 I okhttp.OkHttpClient: x-env-flow-enable: true
10-13 14:30:38.116 12377 12554 I okhttp.OkHttpClient: Access-Control-Allow-Origin: *
10-13 14:30:38.116 12377 12554 I okhttp.OkHttpClient: Access-Control-Allow-Credentials: true
10-13 14:30:38.116 12377 12554 I okhttp.OkHttpClient: Access-Control-Allow-Methods: GET, PUT, POST, DELETE, PATCH, OPTIONS
10-13 14:30:38.116 12377 12554 I okhttp.OkHttpClient: Access-Control-Allow-Headers: DNT,Keep-Alive,User-Agent,X-Requested-With,If-Modified-Since,Cache-Control,Content-Type,Range,Authorization
10-13 14:30:38.116 12377 12554 I okhttp.OkHttpClient: Access-Control-Max-Age: 1728000
10-13 14:30:38.116 12377 12554 I okhttp.OkHttpClient: Connection: keep-alive
10-13 14:30:38.117 12377 12554 I okhttp.OkHttpClient: {"code":0,"msg":"\u6210\u529f"}
10-13 14:30:38.117 12377 12554 I okhttp.OkHttpClient: <-- END HTTP (32-byte body)
