10-13 14:30:40.567 12719 12890 I System.out: begin to call ****** send due to user permission
10-13 14:30:40.569 12719 12890 D Linux   : [Posix_connect Debug]Process com.tencent.mobileqq:openSdk :8888 
10-13 14:30:40.592 12918 12927 I nt.mobileqq:MS: Background young concurrent copying GC freed 66349(3650KB) AllocSpace objects, 8(228KB) LOS objects, 73% free, 4410KB/16MB, paused 709us,130us total 100.985ms
10-13 14:30:40.940 12719 12900 D HttpImageDownloadAsyncTask: doInBackground result==null : false
10-13 14:30:40.963 12719 12719 D SDK_LOGIN.NewAuthorityPresenter: onTaskCompleted uin=2449, bitmap=android.graphics.Bitmap@3e4f7dd
10-13 14:30:40.965 12719 12719 D SDK_LOGIN.BaseAuthorityAccountView: -->updateAccountFace uin=2449
10-13 14:30:40.965 12719 12719 D SDK_LOGIN.BaseAuthorityAccountView: å½“å‰å¸å·ï¼š2449
10-13 14:30:41.142 12719 12730 W System  : A resource failed to call release. 
10-13 14:30:41.142 12719 12730 W System  : A resource failed to call release. 
10-13 14:30:41.142 12719 12730 W System  : A resource failed to call release. 
10-13 14:30:41.142 12719 12730 W System  : A resource failed to call release. 
10-13 14:30:41.142 12719 12730 W System  : A resource failed to call release. 
10-13 14:30:41.142 12719 12730 W System  : A resource failed to call release. 
10-13 14:30:41.165 11500 11534 I GMS_MM_Logger: Memory Metric Logging not allowed. Stopping.
10-13 14:30:41.180 12719 12719 D SDK_LOGIN.BaseAuthorityAccountView: -->updateAccountFace success uin = 2449
10-13 14:30:41.222 12719 12719 D SDK_LOGIN.OpenAuthorityFragment: onClick showAccountSheet
10-13 14:30:41.222 12719 12719 D SDK_LOGIN.BaseAuthorityAccountView: -->updateDropDownViews
10-13 14:30:41.225 12719 12719 D SkinEngine: get index : 34359743831
10-13 14:30:41.226 12719 12719 D SDK_LOGIN.BaseAuthorityAccountView: -->updateAccountFace uin=2449
10-13 14:30:41.228 12719 12719 D SDK_LOGIN.BaseAuthorityAccountView: -->updateAccountFace uin=2438
10-13 14:30:41.231 12719 12719 D SDK_LOGIN.BaseAuthorityAccountView: -->updateAccountFace uin=5781
10-13 14:30:41.233 12719 12719 D SDK_LOGIN.BaseAuthorityAccountView: -->updateAccountFace uin=6094
10-13 14:30:41.235 12719 12719 D SDK_LOGIN.BaseAuthorityAccountView: -->updateAccountFace uin=4021
10-13 14:30:41.238 12719 12719 D SDK_LOGIN.BaseAuthorityAccountView: -->updateAccountFace uin=9755
10-13 14:30:41.240 12719 12719 D SDK_LOGIN.BaseAuthorityAccountView: -->updateAccountFace uin=8233
10-13 14:30:41.247 12719 12719 D ThemeNavigationBarUtil: [NavigationBar] setImmersiveNavigationBarColor activity=com.android.internal.policy.PhoneWindow@837f102 color=-1
10-13 14:30:41.248 12719 12719 D SkinEngine: get index : 34359741684
10-13 14:30:41.248 12719 12719 D SkinEngine: get index : 34359768761
10-13 14:30:41.249 12719 12719 D TouchControllerFrameLayout: maxScrollHeight=135
10-13 14:30:41.277 30521 30521 I AutoMonitor: onComponentCreate, component: com.tencent.mobileqq.statistics.ReportReceiver@a548bd0 ,mCurState = 201
10-13 14:30:41.280 30521 30521 I AutoMonitor: onComponentCreate, component: com.tencent.mobileqq.statistics.ReportReceiver@6448ece ,mCurState = 201
10-13 14:30:41.296 12719 12719 E page.PageSwitchObserver: postAppearDetectionTask: unable to detect activity
10-13 14:30:41.297 12719 12719 V ImeFocusController: onWindowFocus: DecorView@3fe9e5a[PublicFragmentActivityForOpenSDK] softInputMode=STATE_UNSPECIFIED|ADJUST_PAN|IS_FORWARD_NAVIGATION
10-13 14:30:41.297 12719 12719 D ImeFocusController: onViewFocusChanged, view=DecorView@3fe9e5a[PublicFragmentActivityForOpenSDK], mServedView=null
10-13 14:30:41.297 12719 12719 V ImeFocusController: checkFocus: view=null next=DecorView@3fe9e5a[PublicFragmentActivityForOpenSDK] force=false package=<none>
10-13 14:30:41.464 12719 12719 W halley_3401_Tem: type=1400 audit(0.0:62564): avc: granted { nlmsg_readpriv } for scontext=u:r:untrusted_app_27:s0:c512,c768 tcontext=u:r:untrusted_app_27:s0:c512,c768 tclass=netlink_route_socket app=com.tencent.mobileqq
10-13 14:30:41.671 12719 12719 D SDK_LOGIN.BaseAuthorityAccountView: -->updateAccountFace success uin = 2449
10-13 14:30:41.681 12719 12719 D SDK_LOGIN.BaseAuthorityAccountView: -->updateAccountFace success uin = 2438
10-13 14:30:41.689 12719 12719 D SDK_LOGIN.BaseAuthorityAccountView: -->updateAccountFace success uin = 5781
10-13 14:30:41.697 12719 12719 D SDK_LOGIN.BaseAuthorityAccountView: -->updateAccountFace success uin = 6094
10-13 14:30:41.706 12719 12719 D SDK_LOGIN.BaseAuthorityAccountView: -->updateAccountFace success uin = 4021
10-13 14:30:41.714 12719 12719 D SDK_LOGIN.BaseAuthorityAccountView: -->updateAccountFace success uin = 9755
10-13 14:30:41.722 12719 12719 D SDK_LOGIN.BaseAuthorityAccountView: -->updateAccountFace success uin = 8233
10-13 14:30:42.223 12719 12742 D RdmInit : doStep process=com.tencent.mobileqq:openSdk, sRdmState=1
10-13 14:30:42.223 12719 12742 D AutoMonitor: Rdm, cost=0 results: true
10-13 14:30:42.234 12719 12742 I MagnifierSDK.QAPM: getMyConfig battery threshold=100, maxReport=10, userRatio=0.0075, evenRatio=1.0, stackDepth=6, strategy='0.002;0.000025;1;3600;5|5,30,60;5,0;5,1|5,30,60;5,1|2,200,300,20|2,30,40,20|30;3,10;10,120|3,15;10,300|3,15,10,300|1800|1800||0;0;8;8;5;5;1;0|
10-13 14:30:42.238 12719 12742 I SharedPreferencesProxy: create new ContentProviderClient: dpcConfig
10-13 14:30:42.249 12719 12719 D SDK_LOGIN.BaseAuthorityPresenter: changeAccountLogin newUin=4021, canAutoLogin=true
10-13 14:30:42.250 12719 12719 D SDK_LOGIN.AuthorityUtil: IsNeedLoginWithPasswd false uin=4021
10-13 14:30:42.250 12719 12719 D SDK_LOGIN.BaseAuthorityPresenter: refreshTicket uin=4021
10-13 14:30:42.250 12719 12719 E SDK_LOGIN.AuthorityUtil: getConnectData appid=1109220675&sdkp=a
10-13 14:30:42.250 12719 12719 D SDK_LOGIN.AuthMemoryCache: isForceTo540 uin=4021, force540=false
10-13 14:30:42.256 12719 12719 D TicketManager: get ticket succ, a!
10-13 14:30:42.256 12719 12719 D SDK_LOGIN.AuthorityUtil: host getA2 uin=4021  80E4
10-13 14:30:42.257 12719 12719 D SDK_LOGIN.AuthorityUtil: isUse540Ticket use qq cache
10-13 14:30:42.257 12719 12719 D SDK_LOGIN.BaseAccountManage: -->delegateGetTicketNoPasswd--refresh=1
10-13 14:30:42.257 30521 30521 I AutoMonitor: onComponentCreate, component: com.tencent.mobileqq.statistics.ReportReceiver@e3e94fc ,mCurState = 201
10-13 14:30:42.258 12719 12719 D TicketManager: get ticket succ, sk!
10-13 14:30:42.258 12719 12719 E open_log: shouldUpdateSkey ret=false
10-13 14:30:42.258 12719 12719 D SDK_LOGIN.BaseAccountManage: ticketqq valid
10-13 14:30:42.259 12719 12719 D TicketManager: get ticket succ, st!
10-13 14:30:42.260 12719 12719 D TicketManager: get ticket succ, stKey!
10-13 14:30:42.260 12719 12719 D SDK_LOGIN.BaseAccountManage: delegateGetTicketNoPasswd fake SSOAccountObserver success.
10-13 14:30:42.260 12719 12719 D SDK_LOGIN.AuthorityUtil: syncLoginAccount-4021
10-13 14:30:42.260 12719 12719 D SDK_LOGIN.AuthorityUtil: syncLoginAccount-exist!!!
10-13 14:30:42.261 12719 12719 D SDK_LOGIN.BaseAuthorityPresenter: onGetTicketNoPasswd uin=4021
10-13 14:30:42.261 12719 12719 D ForwardStatisticsReporter: KEY_DELEGATE_GET_TICKET_NO_PASSWD=11, uin=4021
10-13 14:30:42.262 12719 12719 E ForwardStatisticsReporter: report invalid key =KEY_LOGIN_STAGE_1_TOTAL
10-13 14:30:42.262 12719 12719 D SDK_LOGIN.NewAuthorityPresenter: loginSuccess, changeAccount old uin=2449, new uin=4021
10-13 14:30:42.262 12719 12719 D SDK_LOGIN.NewAuthorityPresenter: getVirtualList
10-13 14:30:42.262 12719 12719 D SDK_LOGIN.NewAuthorityPresenter: getVirtualListFromServer
10-13 14:30:42.263 12719 12719 D SDK_LOGIN.AuthMemoryCache: isForceTo540 uin=4021, force540=false
10-13 14:30:42.264 12719 12719 D TicketManager: get ticket succ, a!
10-13 14:30:42.264 12719 12719 D SDK_LOGIN.AuthorityUtil: host getA2 uin=4021  80E4
10-13 14:30:42.265 12719 12719 D SDK_LOGIN.AuthorityUtil: getMsfCommand use qq cache
10-13 14:30:42.265 12719 12719 D SDK_LOGIN.SSOPreAuthPresenter: preAuthWithRetry cmd=QQConnectLogin.pre_auth_emp
10-13 14:30:42.265 12719 12719 D SDK_LOGIN.BaseOpenSdkVirtualUtil: getAuthorizeSign.success
10-13 14:30:42.265 12719 12719 D SDK_LOGIN.NewAuthDataSourceImpl: preAuthWithRetry.getAuthorizeSign sign=C29569C5A3CF9BF2DB516A5AC91740D3, timestr=1697178642
10-13 14:30:42.266 12719 12719 D SDK_LOGIN.NewAuthorityPresenter: queryAuthorityUseCache response=com.tencent.qconn.protofile.preAuth$PreAuthResponse@d461c11
10-13 14:30:42.267 12918  8782 D MSF.C.StatReport: setUserId = *4021
10-13 14:30:42.268 12719 12719 D SDK_LOGIN.NewAuthorityPresenter: showUserInfo uin=4021
10-13 14:30:42.269 12719 12719 D SDK_LOGIN.BaseAuthorityAccountView: -->updateAccountFace uin=4021
10-13 14:30:42.269 12719 12719 D SDK_LOGIN.BaseAuthorityAccountView: å½“å‰å¸å·ï¼š4021
10-13 14:30:42.269 12719 12719 D AvatarUpdateService: -->updateAvatar--uin = 4021
10-13 14:30:42.269 12719 12719 D SDK_LOGIN.NewAuthorityPresenter: parseGetAuthListResult ret=0
10-13 14:30:42.269 12719 12719 D SDK_LOGIN.OpenCardContainer: Permission{mFlag=1, mTitle='è·å–ä½ çš„è¯¦ç»†èµ„æ–™, mDescription='æ˜µç§°ã€å¤´åƒã€æ€§åˆ«ç­‰ä¿¡æ¯, mIsNew=true, mApi=', mId=1010, mChecked=false}
10-13 14:30:42.269 12719 12719 D SDK_LOGIN.OpenCardContainer: switchToMode -->mode: 0, mMode=0
10-13 14:30:42.269 12719 12719 D SDK_LOGIN.OpenCardContainer: --> has not been authority.
10-13 14:30:42.269 12719 12719 D SDK_LOGIN.BaseCardContainer: --> result: gamead://open.gtimg.cn/open/app_icon/09/22/06/75/1109220675_android_ad_0.jpg
10-13 14:30:42.269 12719 12719 D SDK_LOGIN.BaseCardContainer: getStatus OTHERS: 
10-13 14:30:42.269 12719 12719 D SDK_LOGIN.BaseAuthorityPresenter: onGetApiListSuccess authorized=false
10-13 14:30:42.270 12719 12719 E SDK_LOGIN.AuthUIUtil: dismissDialog
10-13 14:30:42.270 12719 12719 E SDK_LOGIN.AuthUIUtil: dismissDialog dialog is invalid
10-13 14:30:42.270 12719 12719 D SDK_LOGIN.NewAuthorityPresenter: getAppInfo use cached appid=1109220675, appInfo=appName=è¿›åœˆ
10-13 14:30:42.270 12719 12910 D SDK_LOGIN.BaseCardContainer: --> result: gamead://open.gtimg.cn/open/app_icon/09/22/06/75/1109220675_android_ad_0.jpg
10-13 14:30:42.270 12918 13200 D MSF.C.NetConnTag.true: pa ok: 75451
10-13 14:30:42.270 12918 13200 D MSF.C.NetConnTag.DualConnContext.true: tryDualConn
10-13 14:30:42.270 12719 12911 I System.out: begin to call ****** send due to user permission
10-13 14:30:42.270 12918  8782 D MSF.C.StatReport: setUserId = *2449
10-13 14:30:42.272 12918 13200 D MSF.C.NetConnTag.true: netSend ssoSeq:75451 uin:*4021 cmd:GxITOzQ2IDk+Dz8zMzZrKjgmDzUvLC0FLy4g 75919 1aebaf2 socketEngineID: 0 socket: 28228338
10-13 14:30:42.272 12719 12911 D Linux   : [Posix_connect Debug]Process com.tencent.mobileqq:openSdk :8888 
10-13 14:30:42.274 12719 12719 D SDK_LOGIN.NewAuthorityPresenter: parseAppInfoResponse hasAppIcon=true, response=appName=è¿›åœˆ
10-13 14:30:42.274 12719 12719 D SDK_LOGIN.NewAuthorityPresenter: parseGetAppInfoResponse appName=è¿›åœˆ
10-13 14:30:42.274 12719 12719 D SDK_LOGIN.BaseCardContainer: -->genGameUrlImg: set error img
10-13 14:30:42.289 12918 13200 D MSF.C.NetConnTag.true: pa ok: 75452
10-13 14:30:42.290 12918 13200 D MSF.C.NetConnTag.DualConnContext.true: tryDualConn
10-13 14:30:42.290 12918 13200 D MSF.C.NetConnTag.true: netSend ssoSeq:75452 uin:*2449 cmd:CS85GDU/FiwpbQUkNjckPhgmIQ 75696 1aebaf2 socketEngineID: 0 socket: 28228338
10-13 14:30:42.316 12719 12742 D AutoMonitor: InitHook, cost=80 results: true
10-13 14:30:42.322 12719 12914 I System.out: begin to call ****** send due to user permission
10-13 14:30:42.324 12719 12914 D Linux   : [Posix_connect Debug]Process com.tencent.mobileqq:openSdk :8888 
10-13 14:30:42.375 12918 13246 D MSF.C.NetConnTag.true: netRecv ssoSeq:75451 uin:*4021 cmd:GxITOzQ2IDk+Dz8zMzZrKjgmDzUvLC0FLy4g 76083 cross:0 socketEngineID: 0 socket: 28228338
10-13 14:30:42.376 12918 13242 I MSF.S.AppProcessManager: SendToApp process:com.tencent.mobileqq:openSdk fromServiceMsg: FromServiceMsg msName:unknown ssoSeq:75451 serviceCmd:QQConnectLogin.pre_auth_emp appSeq:4 failCode:1000 cos t =0 needBoot=false to.len = 376 from.len = 532
10-13 14:30:42.378 12719 12733 D MSF.D.Proxy: onReceiveResp, fromServiceMsg = QQConnectLogin.pre_auth_emp, ssoSeq = 75451, length = 532
10-13 14:30:42.388 12719 12719 D SDK_LOGIN.SSOPreAuthPresenter: preAuthWithRetry isSuccess=true, type=0, mPreAuthRetryCount=0, cmd=QQConnectLogin.pre_auth_emp
10-13 14:30:42.388 12719 12719 D SDK_LOGIN.SSOPreAuthPresenter: preAuth mergeFrom success
10-13 14:30:42.388 12719 12719 D ForwardStatisticsReporter: KEY_PRE_AUTH=125, uin=4021
10-13 14:30:42.388 12719 12719 D SDK_LOGIN.SSOPreAuthPresenter: onPreAuthResponse
10-13 14:30:42.388 12719 12719 D SDK_LOGIN.SSOPreAuthPresenter: onPreAuthResponse Permission=Permission{mFlag=1, mTitle='è·å–ä½ çš„è¯¦ç»†èµ„æ–™, mDescription='æ˜µç§°ã€å¤´åƒã€æ€§åˆ«ç­‰ä¿¡æ¯, mIsNew=true, mApi=', mId=1010, mChecked=false}
10-13 14:30:42.388 12719 12719 D SDK_LOGIN.AuthMemoryCache: putPreAuthAppInfo=appName=è¿›åœˆ
10-13 14:30:42.388 12719 12719 D SDK_LOGIN.SSOPreAuthPresenter: onPreAuthResponse response.profiles.has()=false
10-13 14:30:42.396 12719 12719 D SDK_LOGIN.NewAuthorityPresenter: -->onGetVirtualList isSuccess=true
10-13 14:30:42.396 12719 12719 E ForwardStatisticsReporter: report invalid key =KEY_GET_VIRTUAL_LIST_D24
10-13 14:30:42.396 12719 12719 D SDK_LOGIN.AuthModelUtil: getVirtualAccountInfoList list empty
10-13 14:30:42.396 12719 12719 D SDK_LOGIN.NewAuthorityPresenter: onGetVirtualList setData accountInfoList.size=0
10-13 14:30:42.397 12719 12719 D SDK_LOGIN.OpenAuthorityAccountView: setMainAccountSelect select=true
10-13 14:30:42.587 12719 12860 D mqq     : newServlet = com.tencent.mobileqq.servlet.MobileReportServlet@42e841e
10-13 14:30:42.587 12719 12860 D mqq     : registerServletCommand className:com.tencent.mobileqq.servlet.MobileReportServlet servlet:com.tencent.mobileqq.servlet.MobileReportServlet@42e841e
10-13 14:30:42.588 12719 12860 I SharedPreferencesProxy: create new ContentProviderClient: authority
10-13 14:30:42.591 12719 12860 D PandoraEx.MonitorReporter: module[device], systemApi[TM#G_SID], scene[normal], strategy[ban], isSystemCall[false
10-13 14:30:42.594 12719 12860 D PandoraEx.MonitorReporter: module[network], systemApi[WI#G_MA_ADDR], scene[normal], strategy[storage], isSystemCall[false
10-13 14:30:42.596 12719 12860 D PandoraEx.MonitorReporter: module[device], systemApi[SE#G_AID], scene[normal], strategy[storage], isSystemCall[false
10-13 14:30:42.597 12719 12860 D MSF.D.AppNetInfoNewImpl: registerNetEventHandler dbac42a
10-13 14:30:42.607 12918 13200 D MSF.C.NetConnTag.true: pa ok: 75456
10-13 14:30:42.607 12918 13200 D MSF.C.NetConnTag.DualConnContext.true: tryDualConn
10-13 14:30:42.608 12918 13200 D MSF.C.NetConnTag.true: netSend ssoSeq:75456 uin:*2449 cmd:BywyPTY9Fz86LCIgdA02PzgCMyAzNysILzM/Ji4 76252 1aebaf2 socketEngineID: 0 socket: 28228338
10-13 14:30:42.615 12719 12915 D QzoneConfig: loadAllConfigs :0
10-13 14:30:42.615 12719 12742 E QzoneConfig: key = qzonesetting secondaryKey= qzonesharppgate value= null
10-13 14:30:42.615 12719 12915 D QzoneConfig: loadAllConfigs : clear all
10-13 14:30:42.615 12719 12742 D SoLoadCore: loadSo begin, libName[c++_shared]
10-13 14:30:42.615 12719 12742 W SoLoadCore: assestCrcConfigs already exists
10-13 14:30:42.615 12719 12742 D SoLoadCore: getRightcrcWhenLoadSo libc++_shared.so: 3686037175
10-13 14:30:42.615 12719 12742 D SoLoadCore: System.loadLibrary, lib = c++_shared suc
10-13 14:30:42.615 12719 12742 D SoLoadUtilNew: loadSoByName[c++_shared], loadRes[true], resultCode[15728640]
10-13 14:30:42.620 12719 12742 I SoLoadWidget.SoLoaderLogic: [loadConfigSo] appid: 537119417,soversion: 1.6.0,soname: TcHevcDec
10-13 14:30:42.620 12719 12742 I SharedPreferencesProxy: create new ContentProviderClient: dynamic_so_load
10-13 14:30:42.620 12719 12915 D QzoneConfig: loadAllConfigs : success
10-13 14:30:42.622 12719 12742 I SharedPreferencesProxy: create new ContentProviderClient: so_crash
10-13 14:30:42.624 30521 25858 I SoLoadWidget.AbsGetSoTask: [checkCRCAndUnzip] correctCRC=1850813292,curCRC:1850813292,configSoFilePath:/data/user/0/com.tencent.mobileqq/files/QWallet/.preloaduni/449F12E97C2A2AEBDD8E41E14F41F40E/libTcHevcDec.so,from:1
10-13 14:30:42.624 12719 12742 I SoLoadWidget.SoLoaderLogic: [loadConfigSo] appid: 537119417,soversion: 1.6.0,soname: TcHevcDec
10-13 14:30:42.624 12719 12742 I SoLoadWidget.SoLoaderLogic: [System.load] loadItem:LoadItem{name='TcHevcDec', lops=LoadOptions{isLLSl=false, old32Bit='null', old64Bit='null', flag=0}},exists:true
10-13 14:30:42.620 12719 12719 W QQ_SUB  : type=1400 audit(0.0:62565): avc: granted { execute } for path="/data/user/0/com.tencent.mobileqq/files/QWallet/.preloaduni/449F12E97C2A2AEBDD8E41E14F41F40E/libTcHevcDec.so" dev="dm-10" ino=247043 scontext=u:r:untrusted_app_27:s0:c512,c768 tcontext=u:object_r:app_data_file:s0:c512,c768 tclass=file app=com.tencent.mobileqq
10-13 14:30:42.632 30521 30521 I VasReceiver: onReceive action=com.qwallet.report
10-13 14:30:42.637 12719 12742 I QQSharpPUtil: loadAndDownloadSo. soName = TcHevcDec, result = LRes{rCode=0,isSucc=true}, time len = 14, so path = /data/user/0/com.tencent.mobileqq/files/QWallet/.preloaduni/449F12E97C2A2AEBDD8E41E14F41F40E/libTcHevcDec.so
10-13 14:30:42.637 30521 30521 I VasReceiver: onReceive action=com.qwallet.report
10-13 14:30:42.637 12719 12742 I SharpPDec: cooperation.SharpPDec------version:70
10-13 14:30:42.641 30521 30521 I AutoMonitor: onComponentCreate, component: com.tencent.mobileqq.statistics.ReportReceiver@a22b383 ,mCurState = 201
10-13 14:30:42.644 30521 30521 I VasReceiver: onReceive action=com.qwallet.report
10-13 14:30:42.651 30521 30521 I AutoMonitor: onComponentCreate, component: com.tencent.mobileqq.statistics.ReportReceiver@8d304df ,mCurState = 201
10-13 14:30:42.671 12918 13246 D MSF.C.NetConnTag.true: netRecv ssoSeq:75456 uin:*2449 cmd:BywyPTY9Fz86LCIgdA02PzgCMyAzNysILzM/Ji4 75656 cross:0 socketEngineID: 0 socket: 28228338
10-13 14:30:42.671 12918 13242 I MSF.S.AppProcessManager: SendToApp process:com.tencent.mobileqq:openSdk fromServiceMsg: FromServiceMsg msName:unknown ssoSeq:75456 serviceCmd:MobileReport.UserActionReport appSeq:6 failCode:1000 cos t =0 needBoot=false to.len = 706 from.len = 101
10-13 14:30:42.672 12719 12733 D MSF.D.Proxy: onReceiveResp, fromServiceMsg = MobileReport.UserActionReport, ssoSeq = 75456, length = 101
10-13 14:30:42.676 12719 12719 E page.PageSwitchObserver: postAppearDetectionTask: unable to detect activity
10-13 14:30:42.677 12719 12719 D SDK_LOGIN.BaseAuthorityAccountView: -->updateAccountFace success uin = 4021
10-13 14:30:42.688 12719 12719 D ImeFocusController: onViewFocusChanged, view=android.widget.RelativeLayout{b3b112d VFE...... .F...... 0,130-1080,200 #7f0b05db app:id/vr aid=1073741824}, mServedView=android.widget.RelativeLayout{b3b112d VFE...... .F...... 0,130-1080,200 #7f0b05db app:id/vr aid=1073741824}
10-13 14:30:42.688 12719 12719 V ImeFocusController: onWindowFocus: android.widget.RelativeLayout{b3b112d VFE...... .F...... 0,130-1080,200 #7f0b05db app:id/vr aid=1073741824} softInputMode=STATE_UNSPECIFIED|ADJUST_RESIZE
10-13 14:30:42.689 12719 12719 D ImeFocusController: onViewFocusChanged, view=android.widget.RelativeLayout{b3b112d VFE...... .F...... 0,130-1080,200 #7f0b05db app:id/vr aid=1073741824}, mServedView=android.widget.RelativeLayout{b3b112d VFE...... .F...... 0,130-1080,200 #7f0b05db app:id/vr aid=1073741824}
10-13 14:30:42.689 12719 12719 V ImeFocusController: checkFocus: view=android.widget.RelativeLayout{b3b112d VFE...... .F...... 0,130-1080,200 #7f0b05db app:id/vr aid=1073741824} next=android.widget.RelativeLayout{b3b112d VFE...... .F...... 0,130-1080,200 #7f0b05db app:id/vr aid=1073741824} force=true package=com.tencent.mobileqq
10-13 14:30:42.766 12719 12911 D AvatarUpdateService: -->updateAvatar--avatar not exist or need update, will download new avatar
10-13 14:30:42.767 12719 12911 E AvatarUpdateService: -->updateAvatar---close. java.lang.IllegalStateException: Content has been consumed
10-13 14:30:42.767 12719 12911 E AvatarUpdateService: 	at org.apache.http.entity.BasicHttpEntity.getContent(BasicHttpEntity.java:89)
10-13 14:30:42.767 12719 12911 E AvatarUpdateService: 	at org.apache.http.conn.BasicManagedEntity.getContent(BasicManagedEntity.java:105)
10-13 14:30:42.767 12719 12911 E AvatarUpdateService: 	at com.tencent.open.base.http.AvatarUpdateService$1.run(P:127)
10-13 14:30:42.767 12719 12911 E AvatarUpdateService: 	at com.tencent.mobileqq.app.Job.run(P:218)
10-13 14:30:42.767 12719 12911 E AvatarUpdateService: 	at java.util.concurrent.ThreadPoolExecutor.runWorker(ThreadPoolExecutor.java:1167)
10-13 14:30:42.767 12719 12911 E AvatarUpdateService: 	at java.util.concurrent.ThreadPoolExecutor$Worker.run(ThreadPoolExecutor.java:641)
10-13 14:30:42.767 12719 12911 E AvatarUpdateService: 	at java.lang.Thread.run(Thread.java:922)
10-13 14:30:42.767 12719 12938 D HttpImageDownloadAsyncTask: doInBackground
10-13 14:30:42.768 12719 12938 I System.out: begin to call ****** send due to user permission
10-13 14:30:42.774 12719 12938 D Linux   : [Posix_connect Debug]Process com.tencent.mobileqq:openSdk :8888 
10-13 14:30:42.920 12719 12719 D SDK_LOGIN.OpenAuthorityFragment: onClick authorize btn
10-13 14:30:42.920 12719 12719 D SDK_LOGIN.NewAuthorityPresenter: onLoginBtnClick mGetTicketFailed=false
10-13 14:30:42.920 12719 12719 D ForwardStatisticsReporter: KEY_LOGIN_STAGE_2_1_NEW_TOTAL=3230, uin=4021
10-13 14:30:42.920 12719 12719 D SDK_LOGIN.NewAuthorityPresenter: onClick doAuthorize
10-13 14:30:42.922 12719 12719 D ForwardStatisticsReporter: KEY_LOGIN_STAGE_2_NEW_TOTAL=3232, uin=4021
10-13 14:30:42.922 12719 12719 D SDK_LOGIN.SSOSdkAuthApiPresenter: doAuthorize
10-13 14:30:42.923 12719 12719 D SDK_LOGIN.AuthMemoryCache: isForceTo540 uin=4021, force540=false
10-13 14:30:42.924 12719 12719 D TicketManager: get ticket succ, a!
10-13 14:30:42.924 12719 12719 D SDK_LOGIN.AuthorityUtil: host getA2 uin=4021  80E4
10-13 14:30:42.925 12719 12719 D SDK_LOGIN.AuthorityUtil: getMsfCommand use qq cache
10-13 14:30:42.925 12719 12719 D SDK_LOGIN.SSOSdkAuthApiPresenter: OpenVirtual.doAuthorize.send | cmd: ConnAuthSvr.sdk_auth_api_emp | uin : *4021
10-13 14:30:42.926 12719 12719 D SDK_LOGIN.NewAuthDataSourceImpl: doAuthorize Permission.id=1010
10-13 14:30:42.928 12918 14324 D MSF.C.StatReport: setUserId = *4021
10-13 14:30:42.928 12918 14324 D MSF.C.NetConnTag.true: add quick send timeout check 75459
10-13 14:30:42.930 30521 20187 I SDK_LOGIN.OpenSdkQIPCModule: onCall main proc action : action_open_auth_telemetry_report
10-13 14:30:42.930 30521 20187 E MetricRecorder: innerCreateCounter error: invalid condition
10-13 14:30:42.930 30521 20187 E MetricCounter: add error: param wrong
10-13 14:30:42.931 12918 13200 D MSF.C.NetConnTag.true: pa ok: 75459
10-13 14:30:42.931 12918 13200 D MSF.C.NetConnTag.DualConnContext.true: tryDualConn
10-13 14:30:42.932 12918 13200 D MSF.C.NetConnTag.true: netSend ssoSeq:75459 uin:*4021 cmd:CSw+OhstMTIZNSJ6KTwuBSs2JDwFOTUzFSY9JA 76223 1aebaf2 socketEngineID: 0 socket: 28228338
10-13 14:30:42.932 30521 30521 I AutoMonitor: onComponentCreate, component: com.tencent.mobileqq.statistics.ReportReceiver@6753bf5 ,mCurState = 201
10-13 14:30:42.940 30521 30521 I AutoMonitor: onComponentCreate, component: com.tencent.mobileqq.statistics.ReportReceiver@b0d0ffb ,mCurState = 201
10-13 14:30:42.941 12719 12800 I System.out: begin to call ****** send due to user permission
10-13 14:30:42.947 12719 12719 D SDK_LOGIN.BaseCardContainer: -->drawabel onLoadFailed, view: com.tencent.image.URLImageView{1f04774 V.ED..... ......ID 0,0-1080,100 #7f0b1de6 app:id/cr5}
10-13 14:30:42.947 12719 12800 D Linux   : [Posix_connect Debug]Process com.tencent.mobileqq:openSdk :8888 
10-13 14:30:43.061 12918 13246 D MSF.C.NetConnTag.true: netRecv ssoSeq:75459 uin:*4021 cmd:CSw+OhstMTIZNSJ6KTwuBSs2JDwFOTUzFSY9JA 75795 cross:0 socketEngineID: 0 socket: 28228338
10-13 14:30:43.062 12918 13246 D MSF.C.QuickSendManager: onRecvNormalResp, cmd: ConnAuthSvr.sdk_auth_api_emp ssoSeq: 75459
10-13 14:30:43.062 12918 13246 D MSF.C.QuickSendManager: remove timoutchecker for msg
10-13 14:30:43.063 12918 13242 I MSF.S.AppProcessManager: SendToApp process:com.tencent.mobileqq:openSdk fromServiceMsg: FromServiceMsg msName:unknown ssoSeq:75459 serviceCmd:ConnAuthSvr.sdk_auth_api_emp appSeq:7 failCode:1000 cos t =0 needBoot=false to.len = 672 from.len = 236
10-13 14:30:43.064 12719 12732 D MSF.D.Proxy: onReceiveResp, fromServiceMsg = ConnAuthSvr.sdk_auth_api_emp, ssoSeq = 75459, length = 236
10-13 14:30:43.065 12719 12719 D SDK_LOGIN.SSOSdkAuthApiPresenter: doAuthorize onReceive ssoAccount=4021, timeCost=143, cmd=ConnAuthSvr.sdk_auth_api_emp, code=1000
10-13 14:30:43.068 12719 12719 D SDK_LOGIN.FileDataSource: saveAuthData success file=/data/user/0/com.tencent.mobileqq/files/qqconnect/313130393232303637355F31373535303634303231
10-13 14:30:43.069 12719 12719 D ForwardStatisticsReporter: KEY_AUTHORIZE_REQUEST=147, uin=4021
10-13 14:30:43.070 12918 13042 D MemoryCeilingMonitor: [handleMemoryCalculate]
10-13 14:30:43.070 12918 13042 D MemoryCeilingMonitor: [calculate] tot: 17001848, max: 268435456, free: 11928096, heap: 5073752, per: 0.0**************733
10-13 14:30:43.071 12719 12719 D PandoraEx.MonitorReporter: module[network], systemApi[NI#G_TY_NAME], scene[normal], strategy[normal], isSystemCall[true
10-13 14:30:43.073 30521 20187 I SDK_LOGIN.OpenSdkQIPCModule: onCall main proc action : action_open_auth_telemetry_report
10-13 14:30:43.073 12719 12719 D SDK_LOGIN.BaseAuthorityPresenter: parseAuthorizeResponse ret=0
10-13 14:30:43.073 30521 20187 E MetricRecorder: innerCreateCounter error: invalid condition
10-13 14:30:43.073 30521 20187 E MetricCounter: add error: param wrong
10-13 14:30:43.074 12719 12856 I System.out: begin to call ****** send due to user permission
10-13 14:30:43.079 12719 12719 D SDK_LOGIN.BaseAuthorityPresenter: setSdkResult, error=0, mCurrentAccount=4021
10-13 14:30:43.080 12918 14324 D MSF.C.StatReport: setUserId = *2449
10-13 14:30:43.080 12918 13200 D MSF.C.NetConnTag.true: pa ok: 75463
10-13 14:30:43.080 12918 13200 D MSF.C.NetConnTag.DualConnContext.true: tryDualConn
10-13 14:30:43.081 12918 13200 D MSF.C.NetConnTag.true: netSend ssoSeq:75463 uin:*2449 cmd:CS85GDU/FiwpbQUkNjckPhgmIQ 75707 1aebaf2 socketEngineID: 0 socket: 28228338
10-13 14:30:43.086 12719 12856 D Linux   : [Posix_connect Debug]Process com.tencent.mobileqq:openSdk :8888 
10-13 14:30:43.088 12719 12719 D ForwardStatisticsReporter: KEY_LOGIN_STAGE_3_TOTAL=166, uin=4021
10-13 14:30:43.089 12719 12719 D ForwardStatisticsReporter: KEY_AUTHORITY_TOTAL=3732, uin=4021, params[PARAM_ERROR_CODE=0 ]
10-13 14:30:43.091 30521 30521 I AutoMonitor: onComponentCreate, component: com.tencent.mobileqq.statistics.ReportReceiver@aaaa271 ,mCurState = 201
10-13 14:30:43.092 12719 12719 D SDK_LOGIN.AuthReporter: reportLoginResult, errorCode=0, appId=1109220675, uin=*4021
10-13 14:30:43.099 12719 12719 E page.PageSwitchObserver: postAppearDetectionTask: unable to detect activity
10-13 14:30:43.099 12719 12719 D SDK_LOGIN.PublicFragmentActivityForOpenSDK: doOnPause hashCode=3166594
10-13 14:30:43.100 12719 12719 I PERF_LOG: SM.onActivityPaused, scene is com.tencent.open.agent.PublicFragmentActivityForOpenSDK
10-13 14:30:43.100 12719 12719 I app.AppEventReporter: onActivityPause(), activity=com.tencent.open.agent.PublicFragmentActivityForOpenSDK@305182#com.tencent.open.agent.OpenAuthorityFragment@e8991fc
10-13 14:30:43.100 12719 12719 E page.PageSwitchObserver: postAppearDetectionTask: unable to detect activity
10-13 14:30:43.100 12719 12913 I UECPageStayReportManager: UECReportTimeLongTask time = 60
10-13 14:30:43.101 12719 12719 D SDK_LOGIN.BaseAuthorityPresenter: doOnPause
10-13 14:30:43.101 12719 12719 I PERF_LOG: SM.onFragmentPaused, scene is com.tencent.open.agent.OpenAuthorityFragment
10-13 14:30:43.101 12719 12913 I UECPageStayReportManager: UECReportTimeLongTask time = 60
10-13 14:30:43.115 12719 12719 D SDK_LOGIN.AgentActivity: onActivityResult, requestCode: 0 | resultCode: -1 | data: Intent { (has extras) }
10-13 14:30:43.170 12377 12377 I openSDK_LOG.AssistActivity: --onActivityResult--requestCode: 11101 | resultCode: -1data = null ? false
10-13 14:30:43.170 12377 12736 I OpenGLRenderer: Davey! duration=4098ms; Flags=1, FrameTimelineVsyncId=5812554, IntendedVsync=112658452926153, Vsync=112658486259485, InputEventId=0, HandleInputStart=112658489122075, AnimationStart=112658489126867, PerformTraversalsStart=112658489386294, DrawStart=112658498931450, FrameDeadline=112658486259485, FrameInterval=112658489099367, FrameStartTime=16666666, SyncQueued=112658499412544, SyncStart=112658499479523, IssueDrawCommandsStart=112658499517388, SwapBuffers=112658499908533, FrameCompleted=112662551687126, DequeueBufferDuration=7084, QueueBufferDuration=299792, GpuCompleted=112662551687126, SwapBuffersCompleted=112658500412388, DisplayPresentTime=0, 
10-13 14:30:43.171 12377 12377 I openSDK_LOG.AssistActivity: --setResultData--openid and token not empty, setResult ACTIVITY_OK
10-13 14:30:43.172 12377 12377 I openSDK_LOG.AssistActivity: --restoreEnterOrientation--mEnterRotation: 0
10-13 14:30:43.173 12377 12948 I openSDK_LOG.HttpUtils: -->openUrl2 encodedParam =status_os=12&status_version=31&status_machine=V2118A&sdkp=a&sdkv=3.3.7.lite&appid=1109220675 -- url = http://cgi.connect.qq.com/qqconnectopen/openapi/policy_conf?
10-13 14:30:43.174 12377 12948 I System.out: begin to call ****** send due to user permission
10-13 14:30:43.175 12377 12948 D Linux   : [Posix_connect Debug]Process com.liquid.poros :8888 
10-13 14:30:43.181 12377 12949 I openSDK_LOG.ReportManager: -->reporVia:imei[,],imsi[,],mac[02:00:00:00:00:00,enFqZGpidWpwc2Buamh/ano]
10-13 14:30:43.192 30521  1466 E QzoneConfig: key = qzonesetting secondaryKey= qzone_lastgetfeedtime value= null
10-13 14:30:43.197 12377 12949 E openSDK_LOG.APNUtil: getApn has exception: No permission to access APN settings
10-13 14:30:43.198 12377 12949 E openSDK_LOG.Util: getPackageInfo has exception: com.qzone
10-13 14:30:43.202 12377 12377 I openSDK_LOG.Tencent: onActivityResultData() reqcode = 11101, resultcode = -1, data = null ? false, listener = null ? false
10-13 14:30:43.202 12377 12377 I openSDK_LOG.UIListenerManager: onActivityResult req=11101 res=-1
10-13 14:30:43.203 12377 12377 W openSDK_LOG.AuthAgent: FeedConfirmListener onComplete There is no value for sendinstall.
10-13 14:30:43.203 12377 12377 I openSDK_LOG.AuthAgent:  WORDING = xx,showConfirmDialog=false
10-13 14:30:43.204 12719 12800 I System.out: begin to call ****** send due to user permission
10-13 14:30:43.208 12377 12377 I QQToken : saveJsonPreference sucess
10-13 14:30:43.209 12377 12377 D PRETTY_LOGGER: â”Œâ”€â”€â”€â”€â”€â”€â”€â”€â”€â”€â”€â”€â”€â”€â”€â”€â”€â”€â”€â”€â”€â”€â”€â”€â”€â”€â”€â”€â”€â”€â”€â”€â”€â”€â”€â”€â”€â”€â”€â”€â”€â”€â”€â”€â”€â”€â”€â”€â”€â”€â”€â”€â”€â”€â”€â”€â”€â”€â”€â”€â”€â”€â”€â”€â”€â”€â”€â”€â”€â”€â”€â”€â”€â”€â”€â”€â”€â”€â”€â”€â”€â”€â”€â”€â”€â”€â”€â”€â”€â”€â”€â”€â”€â”€â”€â”€â”€â”€â”€â”€â”€â”€â”€â”€â”€â”€â”€â”€â”€â”€â”€â”€
10-13 14:30:43.209 12377 12377 D PRETTY_LOGGER: â”‚ Thread: main
10-13 14:30:43.209 12377 12377 D PRETTY_LOGGER: â”œâ”„â”„â”„â”„â”„â”„â”„â”„â”„â”„â”„â”„â”„â”„â”„â”„â”„â”„â”„â”„â”„â”„â”„â”„â”„â”„â”„â”„â”„â”„â”„â”„â”„â”„â”„â”„â”„â”„â”„â”„â”„â”„â”„â”„â”„â”„â”„â”„â”„â”„â”„â”„â”„â”„â”„â”„â”„â”„â”„â”„â”„â”„â”„â”„â”„â”„â”„â”„â”„â”„â”„â”„â”„â”„â”„â”„â”„â”„â”„â”„â”„â”„â”„â”„â”„â”„â”„â”„â”„â”„â”„â”„â”„â”„â”„â”„â”„â”„â”„â”„â”„â”„â”„â”„â”„â”„â”„â”„â”„â”„â”„â”„
10-13 14:30:43.209 12377 12377 D PRETTY_LOGGER: â”‚ ThirdPartyLoginUtil$QQCallBackListener.onComplete  (ThirdPartyLoginUtil.kt:71)
10-13 14:30:43.209 12377 12377 D PRETTY_LOGGER: â”‚    LogOut.debug  (LogOut.java:46)
10-13 14:30:43.209 12377 12377 D PRETTY_LOGGER: â”œâ”„â”„â”„â”„â”„â”„â”„â”„â”„â”„â”„â”„â”„â”„â”„â”„â”„â”„â”„â”„â”„â”„â”„â”„â”„â”„â”„â”„â”„â”„â”„â”„â”„â”„â”„â”„â”„â”„â”„â”„â”„â”„â”„â”„â”„â”„â”„â”„â”„â”„â”„â”„â”„â”„â”„â”„â”„â”„â”„â”„â”„â”„â”„â”„â”„â”„â”„â”„â”„â”„â”„â”„â”„â”„â”„â”„â”„â”„â”„â”„â”„â”„â”„â”„â”„â”„â”„â”„â”„â”„â”„â”„â”„â”„â”„â”„â”„â”„â”„â”„â”„â”„â”„â”„â”„â”„â”„â”„â”„â”„â”„â”„
10-13 14:30:43.209 12377 12377 D PRETTY_LOGGER: â”‚ QQLOGIN:{"ret":0,"openid":"5C8BF18E19DCE64E7BF7E4A924529A09","access_token":"F878895CA7F12EFA3E8BBCA874E6DA90","pay_token":"B28982F88FDCF6C137113E1248A41B24","expires_in":7776000,"pf":"desktop_m_qq-10000144-android-2002-","pfkey":"4c766ead3110c3078364c158636bfd85","msg":"","login_cost":2565,"query_authority_cost":0,"authority_cost":0,"expires_time":1704954643204}
10-13 14:30:43.209 12377 12377 D PRETTY_LOGGER: â””â”€â”€â”€â”€â”€â”€â”€â”€â”€â”€â”€â”€â”€â”€â”€â”€â”€â”€â”€â”€â”€â”€â”€â”€â”€â”€â”€â”€â”€â”€â”€â”€â”€â”€â”€â”€â”€â”€â”€â”€â”€â”€â”€â”€â”€â”€â”€â”€â”€â”€â”€â”€â”€â”€â”€â”€â”€â”€â”€â”€â”€â”€â”€â”€â”€â”€â”€â”€â”€â”€â”€â”€â”€â”€â”€â”€â”€â”€â”€â”€â”€â”€â”€â”€â”€â”€â”€â”€â”€â”€â”€â”€â”€â”€â”€â”€â”€â”€â”€â”€â”€â”€â”€â”€â”€â”€â”€â”€â”€â”€â”€â”€
10-13 14:30:43.213 12719 12800 D Linux   : [Posix_connect Debug]Process com.tencent.mobileqq:openSdk :8888 
10-13 14:30:43.216 12377 12956 I System.out: begin to call ****** send due to user permission
10-13 14:30:43.218 12377 12956 D Linux   : [Posix_connect Debug]Process com.liquid.poros :8888 
10-13 14:30:43.227 12377 12377 D PRETTY_LOGGER: â”Œâ”€â”€â”€â”€â”€â”€â”€â”€â”€â”€â”€â”€â”€â”€â”€â”€â”€â”€â”€â”€â”€â”€â”€â”€â”€â”€â”€â”€â”€â”€â”€â”€â”€â”€â”€â”€â”€â”€â”€â”€â”€â”€â”€â”€â”€â”€â”€â”€â”€â”€â”€â”€â”€â”€â”€â”€â”€â”€â”€â”€â”€â”€â”€â”€â”€â”€â”€â”€â”€â”€â”€â”€â”€â”€â”€â”€â”€â”€â”€â”€â”€â”€â”€â”€â”€â”€â”€â”€â”€â”€â”€â”€â”€â”€â”€â”€â”€â”€â”€â”€â”€â”€â”€â”€â”€â”€â”€â”€â”€â”€â”€â”€
10-13 14:30:43.227 12377 12377 D PRETTY_LOGGER: â”‚ Thread: main
10-13 14:30:43.227 12377 12377 D PRETTY_LOGGER: â”œâ”„â”„â”„â”„â”„â”„â”„â”„â”„â”„â”„â”„â”„â”„â”„â”„â”„â”„â”„â”„â”„â”„â”„â”„â”„â”„â”„â”„â”„â”„â”„â”„â”„â”„â”„â”„â”„â”„â”„â”„â”„â”„â”„â”„â”„â”„â”„â”„â”„â”„â”„â”„â”„â”„â”„â”„â”„â”„â”„â”„â”„â”„â”„â”„â”„â”„â”„â”„â”„â”„â”„â”„â”„â”„â”„â”„â”„â”„â”„â”„â”„â”„â”„â”„â”„â”„â”„â”„â”„â”„â”„â”„â”„â”„â”„â”„â”„â”„â”„â”„â”„â”„â”„â”„â”„â”„â”„â”„â”„â”„â”„â”„
10-13 14:30:43.227 12377 12377 D PRETTY_LOGGER: â”‚ PorosApplication$registerActivityLifecycle$1.onForeground  (PorosApplication.kt:267)
10-13 14:30:43.228 12377 12377 D PRETTY_LOGGER: â”‚    LogOut.debug  (LogOut.java:46)
10-13 14:30:43.228 12377 12377 D PRETTY_LOGGER: â”œâ”„â”„â”„â”„â”„â”„â”„â”„â”„â”„â”„â”„â”„â”„â”„â”„â”„â”„â”„â”„â”„â”„â”„â”„â”„â”„â”„â”„â”„â”„â”„â”„â”„â”„â”„â”„â”„â”„â”„â”„â”„â”„â”„â”„â”„â”„â”„â”„â”„â”„â”„â”„â”„â”„â”„â”„â”„â”„â”„â”„â”„â”„â”„â”„â”„â”„â”„â”„â”„â”„â”„â”„â”„â”„â”„â”„â”„â”„â”„â”„â”„â”„â”„â”„â”„â”„â”„â”„â”„â”„â”„â”„â”„â”„â”„â”„â”„â”„â”„â”„â”„â”„â”„â”„â”„â”„â”„â”„â”„â”„â”„â”„
10-13 14:30:43.228 12377 12377 D PRETTY_LOGGER: â”‚ å½“å‰APPåˆ‡æ¢åˆ°å‰å°:com.liquid.porostwo.business.login.LoginActivity@70b768c
10-13 14:30:43.228 12377 12377 D PRETTY_LOGGER: â””â”€â”€â”€â”€â”€â”€â”€â”€â”€â”€â”€â”€â”€â”€â”€â”€â”€â”€â”€â”€â”€â”€â”€â”€â”€â”€â”€â”€â”€â”€â”€â”€â”€â”€â”€â”€â”€â”€â”€â”€â”€â”€â”€â”€â”€â”€â”€â”€â”€â”€â”€â”€â”€â”€â”€â”€â”€â”€â”€â”€â”€â”€â”€â”€â”€â”€â”€â”€â”€â”€â”€â”€â”€â”€â”€â”€â”€â”€â”€â”€â”€â”€â”€â”€â”€â”€â”€â”€â”€â”€â”€â”€â”€â”€â”€â”€â”€â”€â”€â”€â”€â”€â”€â”€â”€â”€â”€â”€â”€â”€â”€â”€
10-13 14:30:43.228 12377 12570 W okhttp.OkHttpClient: --> POST http://poros-test.diffusenetwork.com/ccc/passport/qq_login
10-13 14:30:43.228 12377 12570 W okhttp.OkHttpClient: Content-Type: application/json;charset=utf-8
10-13 14:30:43.228 12377 12570 W okhttp.OkHttpClient: Content-Length: 120
10-13 14:30:43.228 12377 12570 W okhttp.OkHttpClient: {"access_token":"F878895CA7F12EFA3E8BBCA874E6DA90","share_id":"","openid":"5C8BF18E19DCE64E7BF7E4A924529A09","token":""}
10-13 14:30:43.228 12377 12570 W okhttp.OkHttpClient: --> END POST (120-byte body)
10-13 14:30:43.229 12719 12963 D QQThreadMonitorManager: INIT FROM PROCESS:com.tencent.mobileqq:openSdk
10-13 14:30:43.229 12719 12963 D QQThreadMonitorConfig: com.tencent.mobileqq:openSdk[isMatrixTrafficToggle]false
10-13 14:30:43.229 12719 12963 D QQThreadMonitorConfig: com.tencent.mobileqq:openSdk[isMatrixTrafficToggle]false
10-13 14:30:43.229 12719 12963 D QQThreadMonitorConfig: com.tencent.mobileqq:openSdk[isMatrixLeakToggle]false
10-13 14:30:43.229 12719 12963 D QQThreadMonitorConfig: com.tencent.mobileqq:openSdk[isMatrixLeakToggle]false
10-13 14:30:43.229 12377 12457 E imsdk   : TIM: |-im_engine_impl.cpp:651                  DoEnterForeground                       |error code:6014|error message:not login
10-13 14:30:43.231 12377 12464 I [ui]AppForegroundWatcher: 2/app on foreground
10-13 14:30:43.231 12377 12464 I [ui]LocalAgent: 2/sender = android.os.Messenger@1a461be
10-13 14:30:43.231 12377 12464 I [ui]LocalAgent: 2/sendAppStatus isAppOnForeground:true sent:true
10-13 14:30:43.233 12477 12551 I [push]core: 2/app on foreground
10-13 14:30:43.234 12377 12464 I [ui]TransExec: 72/execute Transaction: [id: 7, sync: false, priority: 0,   method: MsgService/setChattingAccount]
10-13 14:30:43.236 12377 12377 D PRETTY_LOGGER: â”Œâ”€â”€â”€â”€â”€â”€â”€â”€â”€â”€â”€â”€â”€â”€â”€â”€â”€â”€â”€â”€â”€â”€â”€â”€â”€â”€â”€â”€â”€â”€â”€â”€â”€â”€â”€â”€â”€â”€â”€â”€â”€â”€â”€â”€â”€â”€â”€â”€â”€â”€â”€â”€â”€â”€â”€â”€â”€â”€â”€â”€â”€â”€â”€â”€â”€â”€â”€â”€â”€â”€â”€â”€â”€â”€â”€â”€â”€â”€â”€â”€â”€â”€â”€â”€â”€â”€â”€â”€â”€â”€â”€â”€â”€â”€â”€â”€â”€â”€â”€â”€â”€â”€â”€â”€â”€â”€â”€â”€â”€â”€â”€â”€
10-13 14:30:43.236 12377 12377 D PRETTY_LOGGER: â”‚ Thread: main
10-13 14:30:43.236 12377 12377 D PRETTY_LOGGER: â”œâ”„â”„â”„â”„â”„â”„â”„â”„â”„â”„â”„â”„â”„â”„â”„â”„â”„â”„â”„â”„â”„â”„â”„â”„â”„â”„â”„â”„â”„â”„â”„â”„â”„â”„â”„â”„â”„â”„â”„â”„â”„â”„â”„â”„â”„â”„â”„â”„â”„â”„â”„â”„â”„â”„â”„â”„â”„â”„â”„â”„â”„â”„â”„â”„â”„â”„â”„â”„â”„â”„â”„â”„â”„â”„â”„â”„â”„â”„â”„â”„â”„â”„â”„â”„â”„â”„â”„â”„â”„â”„â”„â”„â”„â”„â”„â”„â”„â”„â”„â”„â”„â”„â”„â”„â”„â”„â”„â”„â”„â”„â”„â”„
10-13 14:30:43.236 12377 12377 D PRETTY_LOGGER: â”‚ BaseDialog.onShowing  (BaseDialog.kt:151)
10-13 14:30:43.236 12377 12377 D PRETTY_LOGGER: â”‚    LogOut.debug  (LogOut.java:46)
10-13 14:30:43.236 12377 12377 D PRETTY_LOGGER: â”œâ”„â”„â”„â”„â”„â”„â”„â”„â”„â”„â”„â”„â”„â”„â”„â”„â”„â”„â”„â”„â”„â”„â”„â”„â”„â”„â”„â”„â”„â”„â”„â”„â”„â”„â”„â”„â”„â”„â”„â”„â”„â”„â”„â”„â”„â”„â”„â”„â”„â”„â”„â”„â”„â”„â”„â”„â”„â”„â”„â”„â”„â”„â”„â”„â”„â”„â”„â”„â”„â”„â”„â”„â”„â”„â”„â”„â”„â”„â”„â”„â”„â”„â”„â”„â”„â”„â”„â”„â”„â”„â”„â”„â”„â”„â”„â”„â”„â”„â”„â”„â”„â”„â”„â”„â”„â”„â”„â”„â”„â”„â”„â”„
10-13 14:30:43.236 12377 12377 D PRETTY_LOGGER: â”‚ BaseDialog: LoginLoadingDialog:onShowing
10-13 14:30:43.236 12377 12377 D PRETTY_LOGGER: â””â”€â”€â”€â”€â”€â”€â”€â”€â”€â”€â”€â”€â”€â”€â”€â”€â”€â”€â”€â”€â”€â”€â”€â”€â”€â”€â”€â”€â”€â”€â”€â”€â”€â”€â”€â”€â”€â”€â”€â”€â”€â”€â”€â”€â”€â”€â”€â”€â”€â”€â”€â”€â”€â”€â”€â”€â”€â”€â”€â”€â”€â”€â”€â”€â”€â”€â”€â”€â”€â”€â”€â”€â”€â”€â”€â”€â”€â”€â”€â”€â”€â”€â”€â”€â”€â”€â”€â”€â”€â”€â”€â”€â”€â”€â”€â”€â”€â”€â”€â”€â”€â”€â”€â”€â”€â”€â”€â”€â”€â”€â”€â”€
10-13 14:30:43.249 12377 12377 D push_   : tencent->  doForeground onError  code=6014 desc=not login
10-13 14:30:43.251 12377 12377 D ImeFocusController: onViewFocusChanged, view=com.didichuxing.doraemonkit.kit.core.DoKitFrameLayout{3df56ae VFE...... .F....I. 0,108-1080,2408 #7f0a0351 app:id/dokit_contentview_id aid=1}, mServedView=com.didichuxing.doraemonkit.kit.core.DoKitFrameLayout{3df56ae VFE...... .F....I. 0,108-1080,2408 #7f0a0351 app:id/dokit_contentview_id aid=1}
10-13 14:30:43.251 12377 12377 V ImeFocusController: onWindowFocus: com.didichuxing.doraemonkit.kit.core.DoKitFrameLayout{3df56ae VFE...... .F....I. 0,108-1080,2408 #7f0a0351 app:id/dokit_contentview_id aid=1} softInputMode=STATE_ALWAYS_HIDDEN|ADJUST_PAN
10-13 14:30:43.251 12377 12377 V ImeFocusController: Restarting due to isRestartOnNextWindowFocus as true
10-13 14:30:43.251 12377 12377 D ImeFocusController: onViewFocusChanged, view=com.didichuxing.doraemonkit.kit.core.DoKitFrameLayout{3df56ae VFE...... .F....I. 0,108-1080,2408 #7f0a0351 app:id/dokit_contentview_id aid=1}, mServedView=com.didichuxing.doraemonkit.kit.core.DoKitFrameLayout{3df56ae VFE...... .F....I. 0,108-1080,2408 #7f0a0351 app:id/dokit_contentview_id aid=1}
10-13 14:30:43.251 12377 12377 V ImeFocusController: checkFocus: view=com.didichuxing.doraemonkit.kit.core.DoKitFrameLayout{3df56ae VFE...... .F....I. 0,108-1080,2408 #7f0a0351 app:id/dokit_contentview_id aid=1} next=com.didichuxing.doraemonkit.kit.core.DoKitFrameLayout{3df56ae VFE...... .F....I. 0,108-1080,2408 #7f0a0351 app:id/dokit_contentview_id aid=1} force=true package=com.liquid.poros
10-13 14:30:43.269 12377 12377 V ImeFocusController: onWindowFocus: razerdp.basepopup.PopupDecorViewProxy{f6e39ed V.E...... .......D 0,0-1080,2408} softInputMode=STATE_UNCHANGED|ADJUST_PAN
10-13 14:30:43.269 12377 12377 D ImeFocusController: onViewFocusChanged, view=razerdp.basepopup.PopupDecorViewProxy{f6e39ed V.E...... .......D 0,0-1080,2408}, mServedView=null
10-13 14:30:43.269 12377 12377 V ImeFocusController: checkFocus: view=null next=razerdp.basepopup.PopupDecorViewProxy{f6e39ed V.E...... .......D 0,0-1080,2408} force=false package=<none>
10-13 14:30:43.329 12377 12570 D ChannelUtils: æœªè§£æåˆ°ç›¸åº”çš„æ¸ é“å·ï¼Œä½¿ç”¨é»˜è®¤å†…éƒ¨æ¸ é“å·
10-13 14:30:43.329 12377 12570 D ChannelUtils: channel 2---------------=unknown_channel
10-13 14:30:43.329 12377 12570 D ChannelUtils: channel 3-------------=unknown_channel
10-13 14:30:43.351 12377 12948 D Linux   : [Posix_connect Debug]Process com.liquid.poros :8888 
10-13 14:30:43.367 12719 12938 D HttpImageDownloadAsyncTask: doInBackground result==null : false
10-13 14:30:43.371 12719 12719 D SDK_LOGIN.NewAuthorityPresenter: onTaskCompleted uin=4021, bitmap=android.graphics.Bitmap@6e6620
10-13 14:30:43.371 12719 12719 D SDK_LOGIN.BaseAuthorityAccountView: -->updateAccountFace uin=4021
10-13 14:30:43.371 12719 12719 D SDK_LOGIN.BaseAuthorityAccountView: å½“å‰å¸å·ï¼š4021
10-13 14:30:43.380 12719 12719 D SDK_LOGIN.BaseAuthorityAccountView: -->updateAccountFace success uin = 4021
10-13 14:30:43.398 12377 12956 I System.out: begin to call ****** send due to user permission
10-13 14:30:43.400 12377 12956 D Linux   : [Posix_connect Debug]Process com.liquid.poros :8888 
10-13 14:30:43.413 12377 12570 D ChannelUtils: æœªè§£æåˆ°ç›¸åº”çš„æ¸ é“å·ï¼Œä½¿ç”¨é»˜è®¤å†…éƒ¨æ¸ é“å·
10-13 14:30:43.413 12377 12570 D ChannelUtils: channel 2---------------=unknown_channel
10-13 14:30:43.413 12377 12570 D ChannelUtils: channel 3-------------=unknown_channel
10-13 14:30:43.414 12377 12570 I okhttp.OkHttpClient: --> POST http://poros-test.diffusenetwork.com/ccc/passport/qq_login?channel_name=unknown_channel&app=jinquan&hotfix_version=&nonce_str=73a18177-34f6-40c6-874b-8eb8d0efbe9b&own_family_id=&device_id=68b3db9d-9ada-3174-a05a-cf26161b8c64&sign=b4xBBCu38OhIWs-TT4UEnQ&Latitude=&Longitude=&et=1697178643300&pkg_name=com.liquid.poros&biz=jinquan&version_name=2.0.2.3&device_serial=unknown&wifi_proxy=true&mac_addr=020000000000&user_id=&wifi_mac_addr=unknow&wifi_vpn=false&platform_name=Android&imei=&own_union_id=&android_id=24c40c57d13f0bc6&oaid=11df45db5cebdaab16293e7bdfbdfa05357a989197129dabf30bf8d0c19f85f3
10-13 14:30:43.414 12377 12570 I okhttp.OkHttpClient: Content-Length: 120
10-13 14:30:43.414 12377 12570 I okhttp.OkHttpClient: Accept-Charset: UTF-8
10-13 14:30:43.414 12377 12570 I okhttp.OkHttpClient: Content-Type: application/x-www-form-urlencoded;charset=UTF-8
10-13 14:30:43.414 12377 12570 I okhttp.OkHttpClient: Connection: keep-alive
10-13 14:30:43.414 12377 12570 I okhttp.OkHttpClient: Accept: */*
10-13 14:30:43.414 12377 12570 I okhttp.OkHttpClient: channel_name: unknown_channel
10-13 14:30:43.414 12377 12570 I okhttp.OkHttpClient: app: jinquan
10-13 14:30:43.415 12377 12570 I okhttp.OkHttpClient: hotfix_version: 
10-13 14:30:43.415 12377 12570 I okhttp.OkHttpClient: nonce_str: 3d137dc3-3545-4600-b644-c648616e53f3
10-13 14:30:43.415 12377 12570 I okhttp.OkHttpClient: own_family_id: 
10-13 14:30:43.415 12377 12570 I okhttp.OkHttpClient: device_id: 68b3db9d-9ada-3174-a05a-cf26161b8c64
10-13 14:30:43.415 12377 12570 I okhttp.OkHttpClient: sign: n3mTCEceWlniX18gUae4ag
10-13 14:30:43.415 12377 12570 I okhttp.OkHttpClient: Latitude: 
10-13 14:30:43.415 12377 12570 I okhttp.OkHttpClient: Longitude: 
10-13 14:30:43.415 12377 12570 I okhttp.OkHttpClient: et: 1697178643300
10-13 14:30:43.415 12377 12570 I okhttp.OkHttpClient: pkg_name: com.liquid.poros
10-13 14:30:43.415 12377 12570 I okhttp.OkHttpClient: biz: jinquan
10-13 14:30:43.415 12377 12570 I okhttp.OkHttpClient: version_name: 2.0.2.3
10-13 14:30:43.415 12377 12570 I okhttp.OkHttpClient: device_serial: unknown
10-13 14:30:43.415 12377 12570 I okhttp.OkHttpClient: wifi_proxy: true
10-13 14:30:43.415 12377 12570 I okhttp.OkHttpClient: mac_addr: 020000000000
10-13 14:30:43.415 12377 12570 I okhttp.OkHttpClient: user_id: 
10-13 14:30:43.415 12377 12570 I okhttp.OkHttpClient: wifi_mac_addr: unknow
10-13 14:30:43.415 12377 12570 I okhttp.OkHttpClient: wifi_vpn: false
10-13 14:30:43.415 12377 12570 I okhttp.OkHttpClient: platform_name: Android
10-13 14:30:43.415 12377 12570 I okhttp.OkHttpClient: imei: 
10-13 14:30:43.415 12377 12570 I okhttp.OkHttpClient: own_union_id: 
10-13 14:30:43.415 12377 12570 I okhttp.OkHttpClient: android_id: 24c40c57d13f0bc6
10-13 14:30:43.415 12377 12570 I okhttp.OkHttpClient: oaid: 11df45db5cebdaab16293e7bdfbdfa05357a989197129dabf30bf8d0c19f85f3
10-13 14:30:43.415 12377 12570 I okhttp.OkHttpClient: User-Agent: Mozilla/5.0 (Linux; Android 12; V2118A Build/SP1A.210812.003; wv) AppleWebKit/537.36 (KHTML, like Gecko) Version/4.0 Chrome/91.0.4472.114 Mobile Safari/537.36
10-13 14:30:43.415 12377 12570 I okhttp.OkHttpClient: {"access_token":"F878895CA7F12EFA3E8BBCA874E6DA90","share_id":"","openid":"5C8BF18E19DCE64E7BF7E4A924529A09","token":""}
10-13 14:30:43.415 12377 12570 I okhttp.OkHttpClient: --> END POST (120-byte body)
10-13 14:30:43.469 12719 12719 D SDK_LOGIN.AgentActivity: -->onDestroy
10-13 14:30:43.477 12377 12377 D LeakCanary: Watching instance of com.tencent.connect.common.AssistActivity (com.tencent.connect.common.AssistActivity received Activity#onDestroy() callback) with key 259900ad-01d5-4a68-8e5b-b3106160264d
10-13 14:30:43.481 12719 12719 I SharedPreferencesProxy: create new ContentProviderClient: MemoryManagerMemoryStat
10-13 14:30:43.487 12719 12890 D PandoraEx.MonitorReporter: module[network], systemApi[NI#G_TY_NAME], scene[normal], strategy[normal], isSystemCall[true
10-13 14:30:43.491 12719 12719 I app.AppEventReporter: onActivityDestroyed(), activity=com.tencent.open.agent.AgentActivity@385327b
10-13 14:30:43.492 12719 12719 E SDK_LOGIN.AuthUIUtil: dismissDialog
10-13 14:30:43.492 12719 12719 E SDK_LOGIN.AuthUIUtil: dismissDialog activity is invalid
10-13 14:30:43.492 12719 12719 D SDK_LOGIN.AgentActivity: waitAppRuntime app=183882488
10-13 14:30:43.492 12719 12719 D SDK_LOGIN.SSOLoginAction: unregisterExpiredCallback
10-13 14:30:43.492 12719 12719 D SDK_LOGIN.SSOLoginAction: unregisterExpiredReceiver mExpiredReceiver=null
10-13 14:30:43.492 12719 12719 E SDK_LOGIN.SSOLoginAction: unregisterLoginReceiver=
10-13 14:30:43.492 12719 12719 D SDK_LOGIN.AgentActivity: waitAppRuntime app=183882488
10-13 14:30:43.492 30521 31001 I SDK_LOGIN.OpenSdkQIPCModule: onCall main proc action : action_on_agent_activity_destroy
10-13 14:30:43.493 12719 12719 D SDK_LOGIN.AgentActivity: [onDestroy] ipc result: 0
10-13 14:30:43.493 12719 12719 D SDK_LOGIN.OpenSdkQIPCClient: unRegisterModule isRegisterModule=true
10-13 14:30:43.494 12918 13190 W Settings: Setting airplane_mode_on has moved from android.provider.Settings.System to android.provider.Settings.Global, returning read-only value.
10-13 14:30:43.496 12719 12890 D PandoraEx.MonitorReporter: module[network], systemApi[NI#G_TY_NAME], scene[normal], strategy[normal], isSystemCall[true
10-13 14:30:43.496 30521 30554 D GuardManager: [handleMessageForQQPluginBG] fgProcess: com.tencent.mobileqq:openSdk, bgProcess: com.tencent.mobileqq:openSdk, activityCount: 0, foreground: false
10-13 14:30:43.497 30521 30554 D GuardManager.GuardStateScheduler: [process] filterRealForegroundProcMap: invoked.  realProcMap: {}
10-13 14:30:43.497 12918 13190 W Settings: Setting airplane_mode_on has moved from android.provider.Settings.System to android.provider.Settings.Global, returning read-only value.
10-13 14:30:43.497 12719 12719 I Process : Sending signal. PID: 12719 SIG: 9
10-13 14:30:43.504 12377 12948 W System.err: javax.net.ssl.SSLHandshakeException: java.security.cert.CertPathValidatorException: Trust anchor for certification path not found.
10-13 14:30:43.504 12377 12948 W System.err: 	at com.android.org.conscrypt.SSLUtils.toSSLHandshakeException(SSLUtils.java:363)
10-13 14:30:43.504 12377 12948 W System.err: 	at com.android.org.conscrypt.ConscryptEngine.convertException(ConscryptEngine.java:1134)
10-13 14:30:43.504 12377 12948 W System.err: 	at com.android.org.conscrypt.ConscryptEngine.readPlaintextData(ConscryptEngine.java:1089)
10-13 14:30:43.504 12377 12948 W System.err: 	at com.android.org.conscrypt.ConscryptEngine.unwrap(ConscryptEngine.java:876)
10-13 14:30:43.504 12377 12948 W System.err: 	at com.android.org.conscrypt.ConscryptEngine.unwrap(ConscryptEngine.java:747)
10-13 14:30:43.504 12377 12948 W System.err: 	at com.android.org.conscrypt.ConscryptEngine.unwrap(ConscryptEngine.java:712)
10-13 14:30:43.504 12377 12948 W System.err: 	at com.android.org.conscrypt.ConscryptEngineSocket$SSLInputStream.processDataFromSocket(ConscryptEngineSocket.java:858)
10-13 14:30:43.504 12377 12948 W System.err: 	at com.android.org.conscrypt.ConscryptEngineSocket$SSLInputStream.access$100(ConscryptEngineSocket.java:731)
10-13 14:30:43.504 12377 12948 W System.err: 	at com.android.org.conscrypt.ConscryptEngineSocket.doHandshake(ConscryptEngineSocket.java:241)
10-13 14:30:43.504 12377 12948 W System.err: 	at com.android.org.conscrypt.ConscryptEngineSocket.startHandshake(ConscryptEngineSocket.java:220)
