--------- beginning of main
10-13 14:30:33.059 12918 13042 D MemoryCeilingMonitor: [handleMemoryCalculate]
10-13 14:30:33.059 12918 13042 D MemoryCeilingMonitor: [calculate] tot: 8613240, max: 268435456, free: 1095920, heap: 7517320, per: 0.028004199266433716
10-13 14:30:33.895 12377 12377 I om.liquid.poro: Late-enabling -Xcheck:jni
10-13 14:30:33.912 12377 12377 D ProcessState: Binder ioctl to enable oneway spam detection failed: Invalid argument
10-13 14:30:33.939 12377 12377 D CompatibilityChangeReporter: Compat change id reported: 171979766; UID 10660; state: DISABLED
10-13 14:30:33.968 12377 12377 V GraphicsEnvironment: ANGLE Developer option for 'com.liquid.poros' set to: 'default'
10-13 14:30:33.968 12377 12377 V GraphicsEnvironment: Updatable production driver is not supported on the device.
10-13 14:30:33.969 12377 12377 D NetworkSecurityConfig: Using Network Security Config from resource network_security_config debugBuild: true
10-13 14:30:33.970 12377 12377 D NetworkSecurityConfig: Using Network Security Config from resource network_security_config debugBuild: true
10-13 14:30:33.971 12377 12377 I MultiDex: VM with version 2.1.0 has multidex support
10-13 14:30:33.971 12377 12377 I MultiDex: Installing application
10-13 14:30:33.971 12377 12377 I MultiDex: VM has multidex support, MultiDex support library is disabled.
10-13 14:30:33.972 12377 12377 I Sophix.LogLevel:  set value: D
10-13 14:30:33.972 12377 12377 I Sophix.LogLevel:  set value: V
10-13 14:30:33.974 12377 12377 V Sophix.ProcessUtils:  process name ap com.liquid.poros
10-13 14:30:33.975 12377 12377 D Sophix.PatchManager:  initPatchDir patchDir: patch nativeLibDir: libs
10-13 14:30:33.975 12377 12377 I Sophix.SophixManager:  Sophix starting... sdk: 3.3.8 main process: true fingerprint: vivo/PD2118/PD2118:12/SP1A.210812.003/compiler07011902:user/release-keys app version: 2.0.2.3 patch version: 0
10-13 14:30:33.975 12377 12377 I Sophix.NetworkManager:  init appVersion: 2.0.2.3
10-13 14:30:33.975 12377 12377 I Sophix.PatchManager:  init appVersion: 2.0.2.3
10-13 14:30:33.975 12377 12377 W Sophix.PatchManager:  handleLocalPatch no any patch exists
10-13 14:30:33.976 12377 12377 W om.liquid.poro: Accessing hidden field Landroid/app/ActivityThread;->mBoundApplication:Landroid/app/ActivityThread$AppBindData; (unsupported, reflection, allowed)
10-13 14:30:33.976 12377 12377 W om.liquid.poro: Accessing hidden method Landroid/app/ActivityThread;->currentActivityThread()Landroid/app/ActivityThread; (unsupported, reflection, allowed)
10-13 14:30:33.976 12377 12377 W om.liquid.poro: Accessing hidden field Landroid/app/ActivityThread$AppBindData;->providers:Ljava/util/List; (unsupported, reflection, allowed)
10-13 14:30:33.977 12377 12377 W om.liquid.poro: Accessing hidden method Landroid/app/Application;->attach(Landroid/content/Context;)V (unsupported, reflection, allowed)
10-13 14:30:33.978 12377 12377 D Sophix.PatchManager:  callRealAppAttach finish call real App.attach, app: com.liquid.poros.PorosApplication
10-13 14:30:33.978 12377 12377 D Sophix.SophixManager:  initialize time consumed(ms): 5
10-13 14:30:33.979 12377 12377 W om.liquid.poro: Accessing hidden field Landroid/app/ContextImpl;->mOuterContext:Landroid/content/Context; (unsupported, reflection, allowed)
10-13 14:30:33.979 12377 12377 W om.liquid.poro: Accessing hidden field Landroid/app/ContextImpl;->mPackageInfo:Landroid/app/LoadedApk; (unsupported, reflection, allowed)
10-13 14:30:33.979 12377 12377 W om.liquid.poro: Accessing hidden field Landroid/app/LoadedApk;->mApplication:Landroid/app/Application; (unsupported, reflection, allowed)
10-13 14:30:33.979 12377 12377 W om.liquid.poro: Accessing hidden field Landroid/app/LoadedApk;->mActivityThread:Landroid/app/ActivityThread; (unsupported, reflection, allowed)
10-13 14:30:33.979 12377 12377 W om.liquid.poro: Accessing hidden field Landroid/app/ActivityThread;->mInitialApplication:Landroid/app/Application; (unsupported, reflection, allowed)
10-13 14:30:33.979 12377 12377 W om.liquid.poro: Accessing hidden field Landroid/app/ActivityThread;->mAllApplications:Ljava/util/ArrayList; (unsupported, reflection, allowed)
10-13 14:30:33.979 12377 12377 D Sophix.PatchManager:  replaceRealApplication finish
10-13 14:30:33.979 12377 12377 W om.liquid.poro: Accessing hidden method Landroid/app/ActivityThread;->installContentProviders(Landroid/content/Context;Ljava/util/List;)V (unsupported, reflection, allowed)
10-13 14:30:33.984 12377 12377 W HMSSDK_PushPreferences: get new sharedPreferences failed,start to get from context. 
10-13 14:30:33.992 12377 12377 E FloatRoomLog: init called
10-13 14:30:33.999 12377 12377 I AGConnectProvider: AGConnectInitializeProvider#onCreate
10-13 14:30:33.999 12377 12377 I AGConnectInstance: AGConnectInstance#initialize
10-13 14:30:33.999 12377 12377 I ServiceRegistrarParser: getServices
10-13 14:30:33.999 12377 12377 I ServiceRegistrarParser: services:0
10-13 14:30:34.037 12377 12377 I AGC_Instance: AGC SDK initialize end, default route:CN
10-13 14:30:34.061 12377 12377 D TingYun : networkModule is false
10-13 14:30:34.061 12377 12377 D TingYun : uiModule is false
10-13 14:30:34.061 12377 12377 D TingYun : crashModule is true
10-13 14:30:34.061 12377 12377 D TingYun : webviewModule is false
10-13 14:30:34.061 12377 12377 D TingYun : socketDataModule is false
10-13 14:30:34.061 12377 12377 D TingYun : crossAppModule is false
10-13 14:30:34.061 12377 12377 D TingYun : anrModule is true
10-13 14:30:34.061 12377 12377 D TingYun : userActionModule is true
10-13 14:30:34.061 12377 12377 D TingYun : cdnModule is false
10-13 14:30:34.061 12377 12377 D TingYun : recordModule is false
10-13 14:30:34.061 12377 12377 D TingYun : allTraceCollectModule is false
10-13 14:30:34.061 12377 12377 D TingYun : violenceModule is false
10-13 14:30:34.061 12377 12377 D TingYun : logModule is true
10-13 14:30:34.061 12377 12377 D TingYun : oomModule is false
10-13 14:30:34.065 12413 12413 I sManagerServic: Late-enabling -Xcheck:jni
10-13 14:30:34.065 12377 12377 I MMKV    : Enable checkProcessMode()
10-13 14:30:34.066 12377 12377 I MMKV    : <native-bridge.cpp:104::JNI_OnLoad> current API level = 31, libc++_shared=0
10-13 14:30:34.066 12377 12377 I MMKV    : <MMKV.cpp:165::initialize> version v1.2.14, page size 4096, arch arm64-v8a
10-13 14:30:34.066 12377 12377 I MMKV    : <MMKV.cpp:176::initialize> armv8 AES instructions is supported
10-13 14:30:34.066 12377 12377 I MMKV    : <MMKV.cpp:184::initialize> armv8 CRC32 instructions is supported
10-13 14:30:34.066 12377 12377 I MMKV    : <MMKV.cpp:207::initializeMMKV> root dir: /data/user/0/com.liquid.poros/files/mmkv
10-13 14:30:34.087 12377 12377 D FileDownloader.FileDownloadProperties: not found filedownloader.properties
10-13 14:30:34.087 12413 12413 D ProcessState: Binder ioctl to enable oneway spam detection failed: Invalid argument
10-13 14:30:34.087 12377 12377 I FileDownloader.FileDownloadProperties: init properties 19
10-13 14:30:34.087 12377 12377 I FileDownloader.FileDownloadProperties:  load properties: http.lenient=FALSE; process.non-separate=FALSE; download.min-progress-step=65536; download.min-progress-time=2000; download.max-network-thread-count=3; file.non-pre-allocation=FALSE; broadcast.completed=FALSE; download.trial-connection-head-method=FALSE
10-13 14:30:34.088 12377 12377 W FileDownloader.DownloadServiceNotConnectedHelper: request set the max network thread count[5] in the download service, but the download service isn't connected yet.
10-13 14:30:34.088 12377 12377 W FileDownloader.DownloadServiceNotConnectedHelper: You can use FileDownloader#isServiceConnected() to check whether the service has been connected, 
10-13 14:30:34.088 12377 12377 W FileDownloader.DownloadServiceNotConnectedHelper: besides you can use following functions easier to control your code invoke after the service has been connected: 
10-13 14:30:34.088 12377 12377 W FileDownloader.DownloadServiceNotConnectedHelper: 1. FileDownloader#bindService(Runnable)
10-13 14:30:34.088 12377 12377 W FileDownloader.DownloadServiceNotConnectedHelper: 2. FileDownloader#insureServiceBind()
10-13 14:30:34.088 12377 12377 W FileDownloader.DownloadServiceNotConnectedHelper: 3. FileDownloader#insureServiceBindAsync()
10-13 14:30:34.089 12377 12377 D NIMUtil : get processName from Application = com.liquid.poros
10-13 14:30:34.123 12413 12413 D CompatibilityChangeReporter: Compat change id reported: 171979766; UID 10660; state: DISABLED
10-13 14:30:34.156 12413 12413 V GraphicsEnvironment: ANGLE Developer option for 'com.liquid.poros' set to: 'default'
10-13 14:30:34.157 12413 12413 V GraphicsEnvironment: Updatable production driver is not supported on the device.
10-13 14:30:34.159 12413 12413 D NetworkSecurityConfig: Using Network Security Config from resource network_security_config debugBuild: true
10-13 14:30:34.160 12413 12413 D NetworkSecurityConfig: Using Network Security Config from resource network_security_config debugBuild: true
10-13 14:30:34.162 12413 12413 I MultiDex: VM with version 2.1.0 has multidex support
10-13 14:30:34.162 12413 12413 I MultiDex: Installing application
10-13 14:30:34.162 12413 12413 I MultiDex: VM has multidex support, MultiDex support library is disabled.
10-13 14:30:34.163 12413 12413 I Sophix.LogLevel:  set value: D
10-13 14:30:34.163 12413 12413 I Sophix.LogLevel:  set value: V
10-13 14:30:34.165 12413 12413 V Sophix.ProcessUtils:  process name ap com.liquid.poros.bus_ipc.ProcessManagerService
10-13 14:30:34.166 12413 12413 D Sophix.PatchManager:  initPatchDir patchDir: patch nativeLibDir: libs
10-13 14:30:34.166 12413 12413 I Sophix.SophixManager:  Sophix starting... sdk: 3.3.8 main process: false fingerprint: vivo/PD2118/PD2118:12/SP1A.210812.003/compiler07011902:user/release-keys app version: 2.0.2.3 patch version: 0
10-13 14:30:34.166 12413 12413 I Sophix.NetworkManager:  init appVersion: 2.0.2.3
10-13 14:30:34.166 12413 12413 I Sophix.PatchManager:  init appVersion: 2.0.2.3
10-13 14:30:34.167 12413 12413 W Sophix.PatchManager:  handleLocalPatch no any patch exists
10-13 14:30:34.167 12413 12413 W sManagerServic: Accessing hidden field Landroid/app/ActivityThread;->mBoundApplication:Landroid/app/ActivityThread$AppBindData; (unsupported, reflection, allowed)
10-13 14:30:34.167 12413 12413 W sManagerServic: Accessing hidden method Landroid/app/ActivityThread;->currentActivityThread()Landroid/app/ActivityThread; (unsupported, reflection, allowed)
10-13 14:30:34.167 12413 12413 W sManagerServic: Accessing hidden field Landroid/app/ActivityThread$AppBindData;->providers:Ljava/util/List; (unsupported, reflection, allowed)
10-13 14:30:34.168 12413 12413 W sManagerServic: Accessing hidden method Landroid/app/Application;->attach(Landroid/content/Context;)V (unsupported, reflection, allowed)
10-13 14:30:34.170 12413 12413 D Sophix.PatchManager:  callRealAppAttach finish call real App.attach, app: com.liquid.poros.PorosApplication
10-13 14:30:34.170 12413 12413 D Sophix.SophixManager:  initialize time consumed(ms): 7
10-13 14:30:34.170 12413 12413 W sManagerServic: Accessing hidden field Landroid/app/ContextImpl;->mOuterContext:Landroid/content/Context; (unsupported, reflection, allowed)
10-13 14:30:34.170 12413 12413 W sManagerServic: Accessing hidden field Landroid/app/ContextImpl;->mPackageInfo:Landroid/app/LoadedApk; (unsupported, reflection, allowed)
10-13 14:30:34.170 12413 12413 W sManagerServic: Accessing hidden field Landroid/app/LoadedApk;->mApplication:Landroid/app/Application; (unsupported, reflection, allowed)
10-13 14:30:34.170 12413 12413 W sManagerServic: Accessing hidden field Landroid/app/LoadedApk;->mActivityThread:Landroid/app/ActivityThread; (unsupported, reflection, allowed)
10-13 14:30:34.170 12413 12413 W sManagerServic: Accessing hidden field Landroid/app/ActivityThread;->mInitialApplication:Landroid/app/Application; (unsupported, reflection, allowed)
10-13 14:30:34.170 12413 12413 W sManagerServic: Accessing hidden field Landroid/app/ActivityThread;->mAllApplications:Ljava/util/ArrayList; (unsupported, reflection, allowed)
10-13 14:30:34.170 12413 12413 D Sophix.PatchManager:  replaceRealApplication finish
10-13 14:30:34.170 12413 12413 W sManagerServic: Accessing hidden method Landroid/app/ActivityThread;->installContentProviders(Landroid/content/Context;Ljava/util/List;)V (unsupported, reflection, allowed)
10-13 14:30:34.171 12377 12377 D ChannelUtils: æœªè§£æåˆ°ç›¸åº”çš„æ¸ é“å·ï¼Œä½¿ç”¨é»˜è®¤å†…éƒ¨æ¸ é“å·
10-13 14:30:34.171 12377 12377 D ChannelUtils: channel 2---------------=unknown_channel
10-13 14:30:34.171 12377 12377 D ChannelUtils: channel 3-------------=unknown_channel
10-13 14:30:34.171 12377 12377 W om.liquid.poro: Accessing hidden method Landroid/app/ActivityThread;->currentApplication()Landroid/app/Application; (unsupported, reflection, allowed)
10-13 14:30:34.172 12377 12377 I NBSAgent: NBSAgent start.
10-13 14:30:34.172 12377 12377 I NBSAgent: NBSAgent enabled.
10-13 14:30:34.172 12377 12377 I NBSAgent: NBSAgent V2.17.1.10
10-13 14:30:34.172 12377 12377 I NBSAgent: Android app is debugMode !
10-13 14:30:34.182 12413 12413 D TingYun : networkModule is false
10-13 14:30:34.182 12413 12413 D TingYun : uiModule is false
10-13 14:30:34.182 12413 12413 D TingYun : crashModule is false
10-13 14:30:34.182 12377 12377 W om.liquid.poro: Accessing hidden field Landroid/os/Looper;->mLogging:Landroid/util/Printer; (unsupported, reflection, allowed)
10-13 14:30:34.182 12413 12413 D TingYun : webviewModule is false
10-13 14:30:34.183 12413 12413 D TingYun : socketDataModule is false
10-13 14:30:34.183 12413 12413 D TingYun : crossAppModule is false
10-13 14:30:34.183 12413 12413 D TingYun : anrModule is false
10-13 14:30:34.183 12413 12413 D TingYun : userActionModule is false
10-13 14:30:34.183 12413 12413 D TingYun : cdnModule is false
10-13 14:30:34.183 12413 12413 D TingYun : recordModule is false
10-13 14:30:34.183 12413 12413 D TingYun : allTraceCollectModule is false
10-13 14:30:34.183 12413 12413 D TingYun : violenceModule is false
10-13 14:30:34.183 12413 12413 D TingYun : logModule is false
10-13 14:30:34.183 12413 12413 D TingYun : oomModule is false
10-13 14:30:34.185 12413 12413 I MMKV    : Enable checkProcessMode()
10-13 14:30:34.186 12413 12413 I MMKV    : <native-bridge.cpp:104::JNI_OnLoad> current API level = 31, libc++_shared=0
10-13 14:30:34.186 12413 12413 I MMKV    : <MMKV.cpp:165::initialize> version v1.2.14, page size 4096, arch arm64-v8a
10-13 14:30:34.186 12413 12413 I MMKV    : <MMKV.cpp:176::initialize> armv8 AES instructions is supported
10-13 14:30:34.186 12413 12413 I MMKV    : <MMKV.cpp:184::initialize> armv8 CRC32 instructions is supported
10-13 14:30:34.186 12413 12413 I MMKV    : <MMKV.cpp:207::initializeMMKV> root dir: /data/user/0/com.liquid.poros/files/mmkv
10-13 14:30:34.188 12377 12446 I DpmTcmClient: RegisterTcmMonitor from: $Proxy2
10-13 14:30:34.192 12377 12377 D apiRecord: init
10-13 14:30:34.194 12377 12377 W om.liquid.poro: Accessing hidden method Ljava/lang/invoke/MethodHandles$Lookup;-><init>(Ljava/lang/Class;I)V (unsupported, reflection, allowed)
10-13 14:30:34.195 12377 12446 D Linux   : [Posix_connect Debug]Process com.liquid.poros :8888 
10-13 14:30:34.196 12377 12377 I ARouter::: ARouter openLog[ ] 
10-13 14:30:34.196 12377 12377 I ARouter::: ARouter openDebug[ ] 
10-13 14:30:34.197 12377 12377 I ARouter::: ARouter init start.[ ] 
10-13 14:30:34.197 12377 12377 I ARouter::: Load router map by arouter-auto-register plugin.[ ] 
10-13 14:30:34.197 12377 12377 I ARouter::: Load root element finished, cost 0 ms.[ ] 
10-13 14:30:34.198 12377 12377 D ARouter::: LogisticsCenter has already been loaded, GroupIndex[2], InterceptorIndex[1], ProviderIndex[3][ ] 
10-13 14:30:34.198 12377 12377 I ARouter::: ARouter init success![ ] 
10-13 14:30:34.198 12377 12377 D ARouter::: The group [arouter] starts loading, trigger by [/arouter/service/interceptor][ ] 
10-13 14:30:34.199 12377 12377 D ARouter::: The group [arouter] has already been loaded, trigger by [/arouter/service/interceptor][ ] 
10-13 14:30:34.199 12377 12377 I ARouter::: Thread production, name is [ARouter task pool No.1, thread No.1][ ] 
10-13 14:30:34.199 12377 12377 I ARouter::: ARouter init over.[ ] 
10-13 14:30:34.199 12377 12454 D PRETTY_LOGGER: â”Œâ”€â”€â”€â”€â”€â”€â”€â”€â”€â”€â”€â”€â”€â”€â”€â”€â”€â”€â”€â”€â”€â”€â”€â”€â”€â”€â”€â”€â”€â”€â”€â”€â”€â”€â”€â”€â”€â”€â”€â”€â”€â”€â”€â”€â”€â”€â”€â”€â”€â”€â”€â”€â”€â”€â”€â”€â”€â”€â”€â”€â”€â”€â”€â”€â”€â”€â”€â”€â”€â”€â”€â”€â”€â”€â”€â”€â”€â”€â”€â”€â”€â”€â”€â”€â”€â”€â”€â”€â”€â”€â”€â”€â”€â”€â”€â”€â”€â”€â”€â”€â”€â”€â”€â”€â”€â”€â”€â”€â”€â”€â”€â”€
10-13 14:30:34.199 12377 12454 D PRETTY_LOGGER: â”‚ Thread: ARouter task pool No.1, thread No.1
10-13 14:30:34.199 12377 12454 D PRETTY_LOGGER: â”œâ”„â”„â”„â”„â”„â”„â”„â”„â”„â”„â”„â”„â”„â”„â”„â”„â”„â”„â”„â”„â”„â”„â”„â”„â”„â”„â”„â”„â”„â”„â”„â”„â”„â”„â”„â”„â”„â”„â”„â”„â”„â”„â”„â”„â”„â”„â”„â”„â”„â”„â”„â”„â”„â”„â”„â”„â”„â”„â”„â”„â”„â”„â”„â”„â”„â”„â”„â”„â”„â”„â”„â”„â”„â”„â”„â”„â”„â”„â”„â”„â”„â”„â”„â”„â”„â”„â”„â”„â”„â”„â”„â”„â”„â”„â”„â”„â”„â”„â”„â”„â”„â”„â”„â”„â”„â”„â”„â”„â”„â”„â”„â”„
10-13 14:30:34.200 12377 12454 D PRETTY_LOGGER: â”‚ RouterIInterceptor.init  (RouterIInterceptor.kt:16)
10-13 14:30:34.200 12377 12454 D PRETTY_LOGGER: â”‚    LogOut.debug  (LogOut.java:46)
10-13 14:30:34.200 12377 12454 D PRETTY_LOGGER: â”œâ”„â”„â”„â”„â”„â”„â”„â”„â”„â”„â”„â”„â”„â”„â”„â”„â”„â”„â”„â”„â”„â”„â”„â”„â”„â”„â”„â”„â”„â”„â”„â”„â”„â”„â”„â”„â”„â”„â”„â”„â”„â”„â”„â”„â”„â”„â”„â”„â”„â”„â”„â”„â”„â”„â”„â”„â”„â”„â”„â”„â”„â”„â”„â”„â”„â”„â”„â”„â”„â”„â”„â”„â”„â”„â”„â”„â”„â”„â”„â”„â”„â”„â”„â”„â”„â”„â”„â”„â”„â”„â”„â”„â”„â”„â”„â”„â”„â”„â”„â”„â”„â”„â”„â”„â”„â”„â”„â”„â”„â”„â”„â”„
10-13 14:30:34.200 12377 12377 I MMKV    : <MemoryFile.cpp:97::open> open fd[0x5b], /data/user/0/com.liquid.poros/files/mmkv/mmkv.default
10-13 14:30:34.200 12377 12377 I MMKV    : <MemoryFile.cpp:97::open> open fd[0x5c], /data/user/0/com.liquid.poros/files/mmkv/mmkv.default.crc
10-13 14:30:34.200 12377 12454 D PRETTY_LOGGER: â”‚ RouterIInterceptor:ARouteræ‹¦æˆªå™¨åˆå§‹åŒ–
10-13 14:30:34.200 12377 12377 I MMKV    : <MMKV_IO.cpp:81::loadFromFile> loading [mmkv.default] with 76839 actual size, file size 131072, InterProcess 0, meta info version:3
10-13 14:30:34.200 12377 12377 I MMKV    : <MMKV_IO.cpp:86::loadFromFile> loading [mmkv.default] with crc 4074134050 sequence 7 version 3
10-13 14:30:34.200 12377 12377 I MMKV    : <MMKV_IO.cpp:130::loadFromFile> loaded [mmkv.default] with 35 key-values
10-13 14:30:34.200 12377 12454 D PRETTY_LOGGER: â””â”€â”€â”€â”€â”€â”€â”€â”€â”€â”€â”€â”€â”€â”€â”€â”€â”€â”€â”€â”€â”€â”€â”€â”€â”€â”€â”€â”€â”€â”€â”€â”€â”€â”€â”€â”€â”€â”€â”€â”€â”€â”€â”€â”€â”€â”€â”€â”€â”€â”€â”€â”€â”€â”€â”€â”€â”€â”€â”€â”€â”€â”€â”€â”€â”€â”€â”€â”€â”€â”€â”€â”€â”€â”€â”€â”€â”€â”€â”€â”€â”€â”€â”€â”€â”€â”€â”€â”€â”€â”€â”€â”€â”€â”€â”€â”€â”€â”€â”€â”€â”€â”€â”€â”€â”€â”€â”€â”€â”€â”€â”€â”€
10-13 14:30:34.200 12377 12454 I ARouter::: ARouter interceptors init over.[ ] 
10-13 14:30:34.212 12377 12377 I Native-IMSDK:  ################ imsdk version arm64 ############### 
10-13 14:30:34.212 12377 12377 I SystemUtil: system load so library success, libImSDK.so
10-13 14:30:34.215 12413 12413 D FileDownloader.FileDownloadProperties: not found filedownloader.properties
10-13 14:30:34.216 12413 12413 I FileDownloader.FileDownloadProperties: init properties 27
10-13 14:30:34.216 12413 12413 I FileDownloader.FileDownloadProperties:  load properties: http.lenient=FALSE; process.non-separate=FALSE; download.min-progress-step=65536; download.min-progress-time=2000; download.max-network-thread-count=3; file.non-pre-allocation=FALSE; broadcast.completed=FALSE; download.trial-connection-head-method=FALSE
10-13 14:30:34.216 12377 12377 I NetworkInfoCenter: updateIPType|type:1
10-13 14:30:34.216 12413 12413 W FileDownloader.DownloadServiceNotConnectedHelper: request set the max network thread count[5] in the download service, but the download service isn't connected yet.
10-13 14:30:34.216 12413 12413 W FileDownloader.DownloadServiceNotConnectedHelper: You can use FileDownloader#isServiceConnected() to check whether the service has been connected, 
10-13 14:30:34.216 12413 12413 W FileDownloader.DownloadServiceNotConnectedHelper: besides you can use following functions easier to control your code invoke after the service has been connected: 
10-13 14:30:34.216 12413 12413 W FileDownloader.DownloadServiceNotConnectedHelper: 1. FileDownloader#bindService(Runnable)
10-13 14:30:34.216 12413 12413 W FileDownloader.DownloadServiceNotConnectedHelper: 2. FileDownloader#insureServiceBind()
10-13 14:30:34.216 12413 12413 W FileDownloader.DownloadServiceNotConnectedHelper: 3. FileDownloader#insureServiceBindAsync()
10-13 14:30:34.217 12377 12377 D SystemUtil: SDK Init Path: /data/user/0/com.liquid.poros/files
10-13 14:30:34.217 12413 12413 D NIMUtil : get processName from Application = com.liquid.poros.bus_ipc.ProcessManagerService
10-13 14:30:34.217 12413 12413 D NIMUtil : get processName from Cache = com.liquid.poros.bus_ipc.ProcessManagerService
10-13 14:30:34.218 12413 12413 W sManagerServic: Accessing hidden method Landroid/app/ActivityThread;->currentApplication()Landroid/app/Application; (unsupported, reflection, allowed)
10-13 14:30:34.220 12377 12377 D SystemUtil: SDK LOG Path: /storage/emulated/0/Android/data/com.liquid.poros/files/log/tencent/imsdk/
10-13 14:30:34.221 12377 12377 I NIMClient: NIMClient init
10-13 14:30:34.222 12377 12377 D NIMUtil : get processName from Cache = com.liquid.poros
10-13 14:30:34.223 12413 12461 I MMKV    : <MemoryFile.cpp:97::open> open fd[0x4c], /data/user/0/com.liquid.poros/files/mmkv/mmkv.default
10-13 14:30:34.223 12413 12461 I MMKV    : <MemoryFile.cpp:97::open> open fd[0x4d], /data/user/0/com.liquid.poros/files/mmkv/mmkv.default.crc
10-13 14:30:34.223 12413 12461 I MMKV    : <MMKV_IO.cpp:81::loadFromFile> loading [mmkv.default] with 76839 actual size, file size 131072, InterProcess 0, meta info version:3
10-13 14:30:34.223 12377 12377 I NimExternalStorage: use public storage, path=/data/user/0/com.liquid.poros/files/nim
10-13 14:30:34.223 12413 12461 I MMKV    : <MMKV_IO.cpp:86::loadFromFile> loading [mmkv.default] with crc 4074134050 sequence 7 version 3
10-13 14:30:34.224 12413 12461 I MMKV    : <MMKV_IO.cpp:130::loadFromFile> loaded [mmkv.default] with 35 key-values
10-13 14:30:34.224 12377 12457 I imsdk   : TIM: ==========================================================================
10-13 14:30:34.224 12377 12457 I imsdk   : TIM: ======  SDK APP ID:  1400656465
10-13 14:30:34.224 12377 12457 I imsdk   : TIM: ======  SDK Version: 7.3.4358
10-13 14:30:34.224 12377 12457 I imsdk   : TIM: ======  Platform:    Android
10-13 14:30:34.224 12377 12457 I imsdk   : TIM: ======  Device Type: V2118A
10-13 14:30:34.224 12377 12457 I imsdk   : TIM: ======  Device ID:   f4f2877b-25e3-472f-bf37-271b9df4fc79
10-13 14:30:34.224 12377 12457 I imsdk   : TIM: ======  System Ver:  12
10-13 14:30:34.224 12377 12457 I imsdk   : TIM: ======  Process ID:  12377
10-13 14:30:34.224 12377 12457 I imsdk   : TIM: ======  Init Path:   /data/user/0/com.liquid.poros/files
10-13 14:30:34.224 12377 12457 I imsdk   : TIM: ======  Log Path:    /storage/emulated/0/Android/data/com.liquid.poros/files/log/tencent/imsdk/
10-13 14:30:34.224 12377 12457 I imsdk   : TIM: ======  IM æ™ºèƒ½å®¢æœ:   https://cloud.tencent.com/act/event/smarty-service?from=im-doc
10-13 14:30:34.224 12377 12457 I imsdk   : TIM: ======  SDK æ›´æ–°æ—¥å¿—:  https://cloud.tencent.com/document/product/269/1606
10-13 14:30:34.224 12377 12457 I imsdk   : TIM: ======  SDK æ¥å£æ–‡æ¡£:  https://cloud.tencent.com/document/product/269/44498
10-13 14:30:34.224 12377 12457 I imsdk   : TIM: ======  å¸¸è§é—®é¢˜:      https://cloud.tencent.com/document/product/269/32483
10-13 14:30:34.224 12377 12457 I imsdk   : TIM: ======  åé¦ˆé—®é¢˜ï¼Ÿæˆ³æˆ‘æ issue: https://github.com/tencentyun/TIMSDK/issues
10-13 14:30:34.224 12377 12457 I imsdk   : TIM: ==========================================================================
10-13 14:30:34.225 12377 12377 D NIMUtil : get processName from Cache = com.liquid.poros
10-13 14:30:34.230 12377 12457 I imsdk   : TIM: |-im_engine_impl.cpp:260                  Init                                    |InitSDK|sdk_app_id:1400656465|sdk_type:1|sdk_version:7.3.4358|sdk_instance_type:2005-vivo|platform:Android|device_type:V2118A|device_id:f4f2877b-25e3-472f-bf37-271b9df4fc79|system_version:12|app_memory_usage:0MB|app_cpu_usage:0%|system_cpu_usage:0%|ip_type:IPv4|network_type:WIFI|network_id:|network_status:network connected||initialize_cost_time:4ms|enable_test_environment:false|enable_ipv6_prior:false|enable_cross_platform:false|sdk_init_path:/data/user/0/com.liquid.poros/files|log_level:Debug|enable_console_log:true|log_file_path:/storage/emulated/0/Android/data/com.liquid.poros/files/log/tencent/imsdk/|ui_platform_string:|ui_platform_number:0|max_retry_count:0|packet_request_timeout:0|force_use_quic_channel:false
10-13 14:30:34.230 12377 12457 W imsdk   : TIM: |-common_util.cpp:1751                    LoadBufferFromFile                      |invalid file size: 0
10-13 14:30:34.230 12377 12457 E imsdk   : TIM: |-datareport_channel.cpp:248              LoadDataFromFile                        |read file failed, file name: /data/user/0/com.liquid.poros/files/imsdk_report
10-13 14:30:34.230 12377 12457 W imsdk   : TIM: |-common_util.cpp:1751                    LoadBufferFromFile                      |invalid file size: 0
10-13 14:30:34.230 12377 12457 E imsdk   : TIM: |-datareport_channel.cpp:248              LoadDataFromFile                        |read file failed, file name: /data/user/0/com.liquid.poros/files/imsdk_api_report
10-13 14:30:34.230 12377 12457 I imsdk   : TIM: |-longconnection.cpp:42                   Open                                    |Open and then first connect
10-13 14:30:34.230 12377 12457 I imsdk   : TIM: |-channel_switcher.cpp:106                ChooseBestChannel                       |is_initial_choose:true|server_type:Chinese|is_test_environment:false|net_type:WIFI|net_id:1__1|reason:first connect|ip_source:concurrent request|is_local_iplist_prior:true|is_force_use_push:false|is_first_ip_prior:true|need_use_quic_channel:false|dual_socket_control_bits:0x0
10-13 14:30:34.230 12377 12457 I imsdk   : TIM: |-channel_switcher.cpp:949                PrintIPList                             |iplist by anycast:<tcp:60.29.232.22:14000,60.29.232.26:80,122.192.134.140:443,122.192.134.252:8080,60.29.232.85:14000,58.241.139.230:80>
10-13 14:30:34.230 12377 12457 I imsdk   : TIM: |-channel_switcher.cpp:949                PrintIPList                             |iplist by server push:<tcp:60.29.232.26:443,60.29.232.85:8080,58.241.139.230:14000,60.29.232.121:80,60.29.232.14:443,122.192.134.252:8080,58.241.139.172:14000>
10-13 14:30:34.231 12377 12457 I imsdk   : TIM: |-channel_switcher.cpp:756                GetIPListFromLocalDNS                   |domain list:<tcp:login.im.qcloud.com:0,login.my-imcloud.com:0>
10-13 14:30:34.232 12377 12465 I db      : ready to open db, path=/data/user/0/com.liquid.poros/event.db
10-13 14:30:34.233 12377 12464 D [ui]AppDir: 2/DATA /data/user/0/com.liquid.poros/f1d87fb4cf5bb62dc25c76430ef641e3
10-13 14:30:34.233 12377 12464 D [ui]AppDir: 2/CACHE /data/user/0/com.liquid.poros/cache/f1d87fb4cf5bb62dc25c76430ef641e3
10-13 14:30:34.234 12377 12457 I imsdk   : TIM: |-tcp_channel.cpp:60                      Connect                                 |tcp channel connect|channel id:1|server address:60.29.232.22:14000
10-13 14:30:34.234 12377 12377 D NIMUtil : get processName from Cache = com.liquid.poros
10-13 14:30:34.235 12377 12377 I db      : ready to open db, path=/data/user/0/com.liquid.poros/abtest.db
10-13 14:30:34.235 12377 12464 I [ui]db  : 67/open plain database: event.db
10-13 14:30:34.236 12377 12464 I [ui]DeviceIdStore: 2/get file succeed, path=/data/user/0/com.liquid.poros/f1d87fb4cf5bb62dc25c76430ef641e3/nim_device2
10-13 14:30:34.236 12377 12464 I [ui]DeviceIdStore: 2/read device id from nim_device2: c906e42c-34f3-4fce-aaa4-d5ea80b781ff
10-13 14:30:34.238 12377 12464 I [ui]db  : 2/open plain database: abtest.db
10-13 14:30:34.240 12377 12464 I [ui]AGCHelper: 2/setGrowDeviceEnable = false
10-13 14:30:34.242 12377 12472 I NimService: start NimService context = com.liquid.poros.PorosApplication@691cf90
10-13 14:30:34.243 12377 12464 I [ui]DeviceIdStore: 2/read device id from ram: c906e42c-34f3-4fce-aaa4-d5ea80b781ff
10-13 14:30:34.246 12377 12464 I [ui]ui  : 2/********** SDK UI Process Start **** Version: 9.10.1/91001/1/69ecfff469 **** APPKEY: f1d87fb4cf5bb62dc25c76430ef641e3/null **** BUILD Version:31/30/vivo/V2118A **** reduced IM:false **********
10-13 14:30:34.247 12377 12464 D [ui]nim_http: 70/http post url=https://abt-online.netease.im/v1/api/abt/client/getExperimentInfo
10-13 14:30:34.247 12377 12464 I [ui]PluginLoader: 2/plugin [com.netease.nimlib.chatroom.plugin.Plugin] found
10-13 14:30:34.251 12377 12464 I [ui]PluginLoader: 2/plugin [com.netease.nimlib.mixpush.plugin.Plugin] found
10-13 14:30:34.252 12377 12464 I [ui]PluginLoader: 2/plugin [com.netease.nimlib.superteam.plugin.Plugin] found
10-13 14:30:34.253 12377 12464 I [ui]framework: 2/PluginInteractManager add ChatRoomInteract
10-13 14:30:34.254 12377 12472 I NIMClient: bindService context = com.liquid.poros.PorosApplication@691cf90
10-13 14:30:34.257 12377 12464 I [ui]core: 70/start NimService from 1
10-13 14:30:34.258 12377 12464 I [ui]framework: 2/PluginInteractManager add MixPushInteract
10-13 14:30:34.260 12477 12477 I quid.poros:cor: Late-enabling -Xcheck:jni
10-13 14:30:34.262 12377 12472 D Linux   : [Posix_connect Debug]Process com.liquid.poros :8888 
10-13 14:30:34.263 12377 12464 I [ui]TransExec: 2/register service completed, total size=19
10-13 14:30:34.263 12377 12464 D [ui]AppForegroundWatcher: 2/app register activity lifecycle callbacks success
10-13 14:30:34.265 12377 12464 I [ui]main_conn: 70/doConnect: tag#main_conn count#0
10-13 14:30:34.266 12377 12464 I [ui]main_conn: 70/doConnect: start & bind service#Intent { cmp=com.liquid.poros/com.netease.nimlib.service.NimService (has extras) }
10-13 14:30:34.267 12377 12464 D [ui]NetworkListenerHelper: 57/onAvailable#network=108
10-13 14:30:34.267 12377 12464 I [ui]NtpDaemon: 70/NtpDaemon NtpConfig{rttMin=30, rttMax=3000, rttCount=10}
10-13 14:30:34.267 12377 12464 I [ui]NetworkUtil: 57/getNetWorkState result = WIFI
10-13 14:30:34.267 12377 12464 D [ui]NetworkListenerHelper: 57/onAvailable#netWorkState=WIFI
10-13 14:30:34.268 12377 12464 D [ui]NetworkListenerHelper: 57/onCapabilitiesChanged#network=108
10-13 14:30:34.268 12377 12464 D [ui]NetworkListenerHelper: 57/onCapabilitiesChanged#ç½‘ç»œç±»å‹ä¸ºwifi
10-13 14:30:34.268 12377 12464 D [ui]AppForegroundWatcher: 2/add AppForegroundObserver
10-13 14:30:34.269 12377 12464 D [ui]AppForegroundWatcher: 2/add AppForegroundObserver
10-13 14:30:34.269 12377 12464 I [ui]ui  : 2/ObserverManager add AuthServiceObserver/observeOnlineStatus
10-13 14:30:34.270 12377 12464 D [ui]set status: 2/SDKState.getStatus():UNLOGIN
10-13 14:30:34.270 12377 12464 D [ui]room: 2/chat room startup
10-13 14:30:34.272 12377 12377 I ExternalStorage: context:com.liquid.poros.PorosApplication@691cf90,sdkStorageRoot:/storage/emulated/0/Android/data/com.liquid.poros/cache/app
10-13 14:30:34.273 12377 12464 I [ui]mix_push: 2/mixpush init xm register
10-13 14:30:34.273 12377 12377 I ExternalStorage: use external cache dir!
10-13 14:30:34.273 12377 12464 I [ui]mix_push: 2/mixpush init hw register
10-13 14:30:34.273 12377 12464 I [ui]mix_push: 2/mixpush init vivo register
10-13 14:30:34.274 12377 12377 D ExternalStorage: getDirectoryByDirType sdkStorageRoot: /storage/emulated/0/Android/data/com.liquid.poros/cache/app/
10-13 14:30:34.274 12377 12464 I [ui]mix_push: 2/mixpush init oppo register
10-13 14:30:34.274 12377 12377 D ExternalStorage: getDirectoryByDirType sdkStorageRoot: /storage/emulated/0/Android/data/com.liquid.poros/cache/app/
10-13 14:30:34.274 12377 12464 I [ui]InvocationMgr: 2/on notify: Transaction: [id: 2, sync: false, priority: 0,   method: SdkLifecycleObserver/observeMainProcessInitCompleteResult]
10-13 14:30:34.277 12377 12464 I [ui]ui  : 2/main process init done!
10-13 14:30:34.278 12377 12464 I [ui]ui  : 2/SDK check PreferenceContentProvider
10-13 14:30:34.279 12377 12464 I [ui]ui  : 2/ComponentName = ComponentInfo{com.liquid.poros/com.netease.nimlib.ipc.cp.provider.PreferenceContentProvider}
10-13 14:30:34.280 12377 12457 I imsdk   : TIM: |-tcp_channel.cpp:284                     OnReadPingCompleted                     |channel ping|channel id:1|client ip:111.198.220.166
10-13 14:30:34.280 12377 12457 I imsdk   : TIM: |-tcp_channel.cpp:319                     NotifyConnectResult                     |tcp channel connect completed|channel id:1|server address:60.29.232.22:14000|connect cost time:24ms|ping cost time:21ms|error_code:0|error_message:
10-13 14:30:34.280 12377 12457 I imsdk   : TIM: |-channel_switcher.cpp:452                OnConnectComplete                       |Connect to im server successfully|is_initial_choose:true|server_type:Chinese|is_test_environment:false|net_type:WIFI|net_id:1__1|reason:first connect|ip_source:concurrent request|is_local_iplist_prior:true|is_force_use_push:false|is_first_ip_prior:true|iplist by anycast:<tcp:60.29.232.22:14000,60.29.232.26:80,122.192.134.140:443,122.192.134.252:8080,60.29.232.85:14000,58.241.139.230:80>|iplist by server push:<tcp:60.29.232.26:443,60.29.232.85:8080,58.241.139.230:14000,60.29.232.121:80,60.29.232.14:443,122.192.134.252:8080,58.241.139.172:14000>|retry count:0|successful address:60.29.232.22:14000|choose channel cost time:0ms|connect cost time:24ms|ping cost time:21ms
10-13 14:30:34.280 12377 12464 I [ui]ui  : 2/class com.netease.nimlib.ipc.cp.provider.PreferenceContentProvider is ContentProvider
10-13 14:30:34.282 12477 12477 D ProcessState: Binder ioctl to enable oneway spam detection failed: Invalid argument
10-13 14:30:34.284 12377 12464 I [ui]ui  : 2/ComponentInfo = ContentProviderInfo{name=com.liquid.poros.ipc.provider.preference className=com.netease.nimlib.ipc.cp.provider.PreferenceContentProvider}
10-13 14:30:34.287 12377 12499 I NELogManager: 2/create_time = 2023-10-13-14:30:34:274
10-13 14:30:34.287 12377 12499 I NELogManager: vendor = vivo
10-13 14:30:34.287 12377 12499 I NELogManager: model = V2118A
10-13 14:30:34.287 12377 12499 I NELogManager: cpuABI = arm64-v8a
10-13 14:30:34.287 12377 12499 I NELogManager: osVersion = 12
10-13 14:30:34.287 12377 12499 I NELogManager: device_id = 385323957615454
10-13 14:30:34.287 12377 12499 I NELogManager: network = WIFI
10-13 14:30:34.287 12377 12499 I NELogManager: sdk_version = v3.2.6-and
10-13 14:30:34.287 12377 12499 I NELogManager: 
10-13 14:30:34.287 12377 12499 I NELogManager: 
10-13 14:30:34.289 12377 12464 I [ui]ui  : 2/SDK AndroidManifest.xml mustCheck success !
10-13 14:30:34.289 12377 12377 D GslbService: setResultValidity:1800
10-13 14:30:34.289 12377 12377 D GslbService: setGslbRequestUrl:
10-13 14:30:34.289 12377 12464 I [ui]DeviceIdStore: 2/read device id from ram: c906e42c-34f3-4fce-aaa4-d5ea80b781ff
10-13 14:30:34.290 12377 12464 I [ui]TransExec: 72/execute Transaction: [id: 3, sync: false, priority: 0,   method: MsgService/registerCustomAttachmentParser]
10-13 14:30:34.291 12377 12464 I [ui]ui  : 74/ResponseFactoryUI register handlers done
10-13 14:30:34.293 12377 12512 I stetho  : Listening on @stetho_com.liquid.poros_devtools_remote
10-13 14:30:34.294 12377 12463 D Linux   : [Posix_connect Debug]Process com.liquid.poros :8888 
10-13 14:30:34.294 12377 12451 D NetworkUtils: onCapabilitiesChanged networkCapabilities:[ Transports: WIFI Capabilities: NOT_METERED&INTERNET&NOT_RESTRICTED&TRUSTED&NOT_VPN&VALIDATED&NOT_ROAMING&FOREGROUND&NOT_CONGESTED&NOT_SUSPENDED&PARTIAL_CONNECTIVITY&NOT_VCN_MANAGED LinkUpBandwidth>=87035Kbps LinkDnBandwidth>=102428Kbps TransportInfo: <SSID: <unknown ssid>, BSSID: 02:**:**:**:00:00, MAC: 02:**:**:**:00:00, Security type: 2, Supplicant state: COMPLETED, HE Eight Max VHT Spatial Streams Supported AP: false, Eight Max VHT Spatial streams support: false, Wi-Fi standard: 5, RSSI: -47, Link speed: 192Mbps, Tx Link speed: 173Mbps, Max Supported Tx Link speed: 192Mbps, Rx Link speed: 173Mbps, Max Supported Rx Link speed: 192Mbps, Frequency: 5805MHz, Net ID: -1, Metered hint: false, score: 60, CarrierMerged: false, SubscriptionId: -1, IsPrimary: -1> SignalStrength: -47]
10-13 14:30:34.296 12377 12511 D ChannelUtils: channel 2---------------=unknown_channel
10-13 14:30:34.296 12377 12511 D ChannelUtils: channel 3-------------=unknown_channel
10-13 14:30:34.298 12377 12502 D GslbService: network is form kNetWorkTypeWifi changed to kNetWorkTypeWifi
10-13 14:30:34.302 12377 12519 I QuickLogin: post request url:https://crash.163.com/client/api/uploadStartUpInfo.do args:head=%7B%22version%22%3A%221.0.1%22%2C%22appid%22%3A%22A006669459%22%2C%22uploadtime%22%3A1697178634299%2C%22isencoded%22%3A0%7D&data=%7B%22appname%22%3A%22%E7%BD%91%E6%98%93%E6%98%93%E7%9B%BE%E5%8F%B7%E7%A0%81%E8%AE%A4%E8%AF%81SDK%22%2C%22appver%22%3A%223.2.4%22%2C%22packagename%22%3A%22com.netease.nis.quicklogin%22%2C%22open_udid%22%3A%22bb2cc6ec-df0e-4d11-9a7b-4d6d2aebd368%22%2C%22os%22%3A%22REL%22%2C%22osVersion%22%3A%2212%22%2C%22device%22%3A%22PD2118%22%2C%22model%22%3A%22V2118A%22%7D---->[Thread:pool-15-thread-1, Class:dalvik.system.VMStack, Function:getThreadStackTrace]
10-13 14:30:34.306 12377 12519 D Linux   : [Posix_connect Debug]Process com.liquid.poros :8888 
10-13 14:30:34.308 12377 12377 W om.liquid.poro: Accessing hidden field Landroid/app/ActivityThread;->sCurrentActivityThread:Landroid/app/ActivityThread; (unsupported, reflection, allowed)
10-13 14:30:34.308 12377 12377 W om.liquid.poro: Accessing hidden method Landroid/app/ActivityThread;->getApplication()Landroid/app/Application; (unsupported, reflection, allowed)
10-13 14:30:34.309 12377 12377 I Utils   : com.liquid.poros reflect app success.
10-13 14:30:34.310 12377 12511 D PRETTY_LOGGER: â”Œâ”€â”€â”€â”€â”€â”€â”€â”€â”€â”€â”€â”€â”€â”€â”€â”€â”€â”€â”€â”€â”€â”€â”€â”€â”€â”€â”€â”€â”€â”€â”€â”€â”€â”€â”€â”€â”€â”€â”€â”€â”€â”€â”€â”€â”€â”€â”€â”€â”€â”€â”€â”€â”€â”€â”€â”€â”€â”€â”€â”€â”€â”€â”€â”€â”€â”€â”€â”€â”€â”€â”€â”€â”€â”€â”€â”€â”€â”€â”€â”€â”€â”€â”€â”€â”€â”€â”€â”€â”€â”€â”€â”€â”€â”€â”€â”€â”€â”€â”€â”€â”€â”€â”€â”€â”€â”€â”€â”€â”€â”€â”€â”€
10-13 14:30:34.310 12377 12511 D PRETTY_LOGGER: â”‚ Thread: Thread-7
10-13 14:30:34.310 12377 12511 D PRETTY_LOGGER: â”œâ”„â”„â”„â”„â”„â”„â”„â”„â”„â”„â”„â”„â”„â”„â”„â”„â”„â”„â”„â”„â”„â”„â”„â”„â”„â”„â”„â”„â”„â”„â”„â”„â”„â”„â”„â”„â”„â”„â”„â”„â”„â”„â”„â”„â”„â”„â”„â”„â”„â”„â”„â”„â”„â”„â”„â”„â”„â”„â”„â”„â”„â”„â”„â”„â”„â”„â”„â”„â”„â”„â”„â”„â”„â”„â”„â”„â”„â”„â”„â”„â”„â”„â”„â”„â”„â”„â”„â”„â”„â”„â”„â”„â”„â”„â”„â”„â”„â”„â”„â”„â”„â”„â”„â”„â”„â”„â”„â”„â”„â”„â”„â”„
10-13 14:30:34.310 12377 12511 D PRETTY_LOGGER: â”‚ RootUtil.hasRootPrivilege  (RootUtil.kt:32)
10-13 14:30:34.310 12377 12511 D PRETTY_LOGGER: â”‚    LogOut.debug  (LogOut.java:46)
10-13 14:30:34.310 12377 12511 D PRETTY_LOGGER: â”œâ”„â”„â”„â”„â”„â”„â”„â”„â”„â”„â”„â”„â”„â”„â”„â”„â”„â”„â”„â”„â”„â”„â”„â”„â”„â”„â”„â”„â”„â”„â”„â”„â”„â”„â”„â”„â”„â”„â”„â”„â”„â”„â”„â”„â”„â”„â”„â”„â”„â”„â”„â”„â”„â”„â”„â”„â”„â”„â”„â”„â”„â”„â”„â”„â”„â”„â”„â”„â”„â”„â”„â”„â”„â”„â”„â”„â”„â”„â”„â”„â”„â”„â”„â”„â”„â”„â”„â”„â”„â”„â”„â”„â”„â”„â”„â”„â”„â”„â”„â”„â”„â”„â”„â”„â”„â”„â”„â”„â”„â”„â”„â”„
10-13 14:30:34.310 12377 12511 D PRETTY_LOGGER: â”‚ rootCheck:first init isRoot false
10-13 14:30:34.310 12377 12511 D PRETTY_LOGGER: â””â”€â”€â”€â”€â”€â”€â”€â”€â”€â”€â”€â”€â”€â”€â”€â”€â”€â”€â”€â”€â”€â”€â”€â”€â”€â”€â”€â”€â”€â”€â”€â”€â”€â”€â”€â”€â”€â”€â”€â”€â”€â”€â”€â”€â”€â”€â”€â”€â”€â”€â”€â”€â”€â”€â”€â”€â”€â”€â”€â”€â”€â”€â”€â”€â”€â”€â”€â”€â”€â”€â”€â”€â”€â”€â”€â”€â”€â”€â”€â”€â”€â”€â”€â”€â”€â”€â”€â”€â”€â”€â”€â”€â”€â”€â”€â”€â”€â”€â”€â”€â”€â”€â”€â”€â”€â”€â”€â”€â”€â”€â”€â”€
10-13 14:30:34.316 12377 12377 W om.liquid.poro: Accessing hidden method Ldalvik/system/VMRuntime;->getRuntime()Ldalvik/system/VMRuntime; (unsupported,core-platform-api, reflection, allowed)
10-13 14:30:34.316 12377 12377 W om.liquid.poro: Accessing hidden method Ldalvik/system/VMRuntime;->setHiddenApiExemptions([Ljava/lang/String;)V (blocked,core-platform-api, reflection, denied)
10-13 14:30:34.317 12377 12377 W om.liquid.poro: Opening an oat file without a class loader. Are you using the deprecated DexFile APIs?
10-13 14:30:34.317 12377 12377 W om.liquid.poro: DexFile /data/user/0/com.liquid.poros/code_cache/1697178634316.dex is in boot class path but is not in a known location
10-13 14:30:34.318 12477 12477 D CompatibilityChangeReporter: Compat change id reported: 171979766; UID 10660; state: DISABLED
10-13 14:30:34.319 12377 12511 D ChannelUtils: channel 2---------------=unknown_channel
10-13 14:30:34.319 12377 12511 D ChannelUtils: channel 3-------------=unknown_channel
10-13 14:30:34.325 12377 12527 D Linux   : [Posix_connect Debug]Process com.liquid.poros :8888 
10-13 14:30:34.336 12377 12536 D PRETTY_LOGGER: â”Œâ”€â”€â”€â”€â”€â”€â”€â”€â”€â”€â”€â”€â”€â”€â”€â”€â”€â”€â”€â”€â”€â”€â”€â”€â”€â”€â”€â”€â”€â”€â”€â”€â”€â”€â”€â”€â”€â”€â”€â”€â”€â”€â”€â”€â”€â”€â”€â”€â”€â”€â”€â”€â”€â”€â”€â”€â”€â”€â”€â”€â”€â”€â”€â”€â”€â”€â”€â”€â”€â”€â”€â”€â”€â”€â”€â”€â”€â”€â”€â”€â”€â”€â”€â”€â”€â”€â”€â”€â”€â”€â”€â”€â”€â”€â”€â”€â”€â”€â”€â”€â”€â”€â”€â”€â”€â”€â”€â”€â”€â”€â”€â”€
10-13 14:30:34.336 12377 12536 D PRETTY_LOGGER: â”‚ Thread: RxCachedThreadScheduler-1
10-13 14:30:34.336 12377 12536 D PRETTY_LOGGER: â”œâ”„â”„â”„â”„â”„â”„â”„â”„â”„â”„â”„â”„â”„â”„â”„â”„â”„â”„â”„â”„â”„â”„â”„â”„â”„â”„â”„â”„â”„â”„â”„â”„â”„â”„â”„â”„â”„â”„â”„â”„â”„â”„â”„â”„â”„â”„â”„â”„â”„â”„â”„â”„â”„â”„â”„â”„â”„â”„â”„â”„â”„â”„â”„â”„â”„â”„â”„â”„â”„â”„â”„â”„â”„â”„â”„â”„â”„â”„â”„â”„â”„â”„â”„â”„â”„â”„â”„â”„â”„â”„â”„â”„â”„â”„â”„â”„â”„â”„â”„â”„â”„â”„â”„â”„â”„â”„â”„â”„â”„â”„â”„â”„
10-13 14:30:34.336 12377 12536 D PRETTY_LOGGER: â”‚ UnionDataCache.loadUnionList  (UnionDataCache.kt:65)
10-13 14:30:34.336 12377 12536 D PRETTY_LOGGER: â”‚    LogOut.debug  (LogOut.java:46)
10-13 14:30:34.336 12377 12536 D PRETTY_LOGGER: â”œâ”„â”„â”„â”„â”„â”„â”„â”„â”„â”„â”„â”„â”„â”„â”„â”„â”„â”„â”„â”„â”„â”„â”„â”„â”„â”„â”„â”„â”„â”„â”„â”„â”„â”„â”„â”„â”„â”„â”„â”„â”„â”„â”„â”„â”„â”„â”„â”„â”„â”„â”„â”„â”„â”„â”„â”„â”„â”„â”„â”„â”„â”„â”„â”„â”„â”„â”„â”„â”„â”„â”„â”„â”„â”„â”„â”„â”„â”„â”„â”„â”„â”„â”„â”„â”„â”„â”„â”„â”„â”„â”„â”„â”„â”„â”„â”„â”„â”„â”„â”„â”„â”„â”„â”„â”„â”„â”„â”„â”„â”„â”„â”„
10-13 14:30:34.337 12377 12536 D PRETTY_LOGGER: â”‚ Feng#UnionDataCache:load, str: [{"familyInfo":{"carTeamRoomList":null,"cpRoomList":null,"cpSpecialRoomList":null,"familyDetail":null,"familyId":null,"voiceRoomList":null},"freePlayList":null,"myCarTeamList":null,"otherCarTeamList":null,"sectionInfo":{"result":[{"community_id":null,"id":0,"name":"æˆ‘çš„å®¶æ—<font color=\"#00C2B2\"> ã€æš‚æ— ã€‘ </font>","sub_name":[{"community_id":null,"id":0,"name":"å®¶æ—ç»„CPé€Ÿé…åŒº","sub_name":null,"code":0,"msg":null},{"community_id":null,"id":1,"name":"å®¶æ—CPä¸“å±æˆ¿é—´","sub_name":null,"code":0,"msg":null},{"community_id":null,"id":2,"name":"å®¶æ—è¯­éŸ³é¢‘é“","sub_name":null,"code":0,"msg":null}],"code":0,"msg":null},{"community_id":null,"id":1,"name":"è”ç›Ÿæ–‡å­—é¢‘é“","sub_name":null,"code":0,"msg":null},{"community_id":null,"id":2,"name":"è”ç›Ÿç»„CPé€Ÿé…åŒº","sub_name":null,"code":0,"msg":null},{"community_id":null,"id":4,"name":"è”ç›Ÿå…¶ä»–å®¶æ—","sub_name":null,"code":0,"msg":null}],"unionId":null,"code":0,"msg":"æˆåŠŸ"},"success":true,"unionCoRoomList":{"familyId":null,"rooms":[],"unionId":"6359f37b055522228e8d624b","code":0,"msg":"ok"},"unionDetail":{"across_union_detail":{"across_union_detail":null,"apply_join_cnt":0,"banner":null,"family_list":null,"name":null,"rank_1_family_name":null,"union_channel":null,"union_text_channel_id":null,"union_text_channel_name":null,"union_id":null,"code":0,"msg":null},"banner":"http://static.diffusenetwork.com/poros_admin/img/c2fde5881fd84740b0a87f3c5f5566d7.jpg","desc":"","hall_info":{"active_status_desc":"","family_head":null,"family_id":"65075649","family_type":3,"im_room_id":"2570994879","isSelected":null,"newest_msg":"[è¿›å…¥æˆ¿é—´]","notice_id":-1,"rtcRoomId":null,"title":"è”ç›Ÿæ´»åŠ¨å¤§å…","unread_msg_count":0,"code":0,"msg":null},"icon":"http://static.diffusenetwork.com/poros_admin/img/cff5d0c7e0a94c9e9b606c1eb631b852.jpg","id":"6359f37b055522228e8d624b","im_room_id":null,"name":"\bé£ä¹Ÿæ¸©æŸ”","new_pk_cnt":0,"notice_id":"","notification_group_id":"@TGS#_UTC6359f37b055522228e8d624b","notification_topic_id":"@TGS#_UTC6359f37b055522228e8d624b@TOPIC#_89878389","rank_1_family_name":"å·¦è¾¹å®¶æ—","type":"Union","union_contribution":{"red_dot":false,"show_union_contribution":false},"vr_info":{"icon":"http://static.diffusenetwork.com/vr/entry_icon.png","show":true,"code":0,"msg":null},"code":0,"msg":"æˆåŠŸ"},"unionId":"6359f37b055522228e8d624b","unionLeaderPlayRoomList":null,"unionOtherFamilyList":{"familyList":[{"family_id":"99805249","family_name":"ç²¾çµå•†åº—ä¸“ç”¨ğŸ§š","im_room_id":"5819090241","isExpand":false,"is_join":false,"rtcRoomId":null,"code":0,"msg":null},{"family_id":"99462969","family_name":"å·¦è¾¹å®¶æ—","im_room_id":"5805246312","isExpand":false,"is_join":false,"rtcRoomId":null,"code":0,"msg":null},{"family_id":"85777399","family_name":"ä¸€é¢—è¥¿æŸš","im_room_id":"4436837771","isExpand":false,"is_join":false,"rtcRoomId":null,"code":0,"msg":null},{"family_id":"82452729","family_name":"è®©é›¨éª¤åœ","im_room_id":"4183148109","isExpand":false,"is_join":false,"rtcRoomId":null,"code":0,"msg":null},{"family_id":"65105439","family_name":"å·¦ä¾§å®¶æ—","im_room_id":"2571044334","isExpand":false,"is_join":false,"rtcRoomId":null,"code":0,"msg":null}],"unionId":"6359f37b055522228e8d624b"},"unionTextChannelList":{"list":[]}},{"familyInfo":{"carTeamRoomList":null,"cpRoomList":{"familyId":"97895279","rooms":[],"unionId":null,"code":0,"msg":"ok"},"cpSpecialRoomList":{"familyId":null,"hasExclusiveTeamRoom":null,"teamRooms":[{"familyId":"97895279","familyTeamId":"1027447738","gameType":0,"leaderId":"","num":null,"onMicUsers":[],"exclusiveTeam":{"duration":null,"endTime":"2023-10-15 10:39:15","familyId":null,"internalUserId":"1208761381","isInstruction":false,"level":1,"received":true,"teamName":null,"unionId":null,"userId":"1206357451"},"status":0,"teamIcon":"","teamMaxNumOfUser":20,"teamName":"èŠ±æœˆå¤œ ä¸ å´å½¦ç¥– çš„ä¸“å±æˆ¿é—´","version":8},{"familyId":"97895279","familyTeamId":"1027452728","gameType":0,"leaderId":""
