--------- beginning of main
10-13 14:23:52.804 12918 13042 D MemoryCeilingMonitor: [handleMemoryCalculate]
10-13 14:23:52.805 12918 13042 D MemoryCeilingMonitor: [calculate] tot: 8931304, max: 268435456, free: 2183536, heap: 6747768, per: 0.025137394666671753
10-13 14:23:53.103 30521  1182 I SmartThreadExecutor: handleMessage: start check 0
10-13 14:23:53.103 30521  1182 I SmartThreadExecutor: handleMessage: check end 0 -471 false
10-13 14:23:53.798  6205  6205 I Finsky  : [2] wdm.onStartJob(3): SCH: onJobSchedulerWakeup with jobId 9002
10-13 14:23:53.799  6205  6205 I Finsky  : [2] vyq.a(9): SCH: Scheduling fallback job with id: 9034, and delay: 43200000 ms
10-13 14:23:53.803  6205  6205 I Finsky  : [2] vyq.b(9): SCH: Scheduling fallback in 64799997 (absolute: 339276654)
10-13 14:23:53.823 11418 14886 I NetworkScheduler.Stats: Task com.google.android.gms/com.google.android.gms.icing.service.IcingGcmTaskService started execution. cause:4 exec_start_elapsed_seconds: 274476 [CONTEXT service_id=218 ]
10-13 14:23:53.829 11418  8597 I NetworkScheduler.Stats: Task com.google.android.gms/com.google.android.gms.icing.service.IcingGcmTaskService finished executing. cause:4 result: 1 elapsed_millis: 22 uptime_millis: 23 exec_start_elapsed_seconds: 274476 [CONTEXT service_id=218 ]
10-13 14:23:53.922  6205  6205 I Finsky  : [2] vyz.handleMessage(4): SCH: DeviceState: DeviceState{currentTime=1697178233918, isCharging=false, isIdle=false, netAny=true, netNotRoaming=true, netUnmetered=true, batteryPercent=18.0}
10-13 14:23:53.927  6205  8989 I Finsky  : [195] wbk.b(5): SCH: Jobs in database: 1-1337 12-1 24-77777777 26-1414141414 35-44269 
10-13 14:23:53.929  6205  6205 I Finsky  : [2] vza.b(11): SCH: Running job: 12-1
10-13 14:23:53.930  6205  6205 I Finsky  : [2] ContentSyncJob.r(1): [ContentSync] job started
10-13 14:23:53.931  6205  6205 I Finsky  : [2] vyz.handleMessage(27): SCH: RunningQueue size: 1, PendingQueue size: 0
10-13 14:23:53.931  6205  6205 I Finsky  : [2] vza.p(3): SCH: Running queue: 12-1 
10-13 14:23:53.978  6205  8991 I Finsky  : [197] fls.b(1): Completed 0 account content syncs with 0 successful.
10-13 14:23:53.978  6205  6205 I Finsky  : [2] ContentSyncJob.a(1): [ContentSync] Installation state replication succeeded.
10-13 14:23:53.979  6205  6205 I Finsky  : [2] waj.n(4): SCH: jobFinished: 12-1. TimeElapsed: 49ms.
10-13 14:23:53.979  6205  6205 I Finsky  : [2] vza.e(4): SCH: Job 12-1 finished. Not rescheduling.
10-13 14:23:53.979  6205  6205 I Finsky  : [2] vyz.handleMessage(27): SCH: RunningQueue size: 0, PendingQueue size: 0
10-13 14:23:53.979  6205  6205 I Finsky  : [2] vyz.handleMessage(10): SCH: Executor finished
10-13 14:23:53.986  6205  6205 I Finsky  : [2] wbk.b(5): SCH: Jobs in database: 1-1337 24-77777777 26-1414141414 35-44269 
10-13 14:23:53.987  6205  6205 I Finsky  : [2] vzw.d(37): SCH: ConstraintMapping: 24-77777777,  -> L: 0ms, D: 82759178ms, C: false, I: true, N: 0
10-13 14:23:53.987  6205  6205 I Finsky  : [2] vzw.d(37): SCH: ConstraintMapping: 1-1337,  -> L: 26621030ms, D: 69821030ms, C: false, I: false, N: 1
10-13 14:23:53.987  6205  6205 I Finsky  : [2] vzw.d(37): SCH: ConstraintMapping: 26-1414141414, 35-44269,  -> L: 80044ms, D: 560044ms, C: false, I: false, N: 0
10-13 14:23:53.990  6205  6205 I Finsky  : [2] vzw.f(7): SCH: Cancelling existing jobscheduler jobs: 9000 9004 
10-13 14:23:53.990  6205  6205 I Finsky  : [2] vzw.e(8): SCH: Throttling wakeup for job 9001 (expected to run in 0 ms) due to recent wakeup
10-13 14:23:53.990  6205  6205 I Finsky  : [2] vzw.e(23): SCH: Scheduling job Id: 9001, L: 30000, D: 82759178, C: false, I: true, N: 0
10-13 14:23:53.991  6205  6205 I Finsky  : [2] vzw.e(23): SCH: Scheduling job Id: 9003, L: 26621030, D: 69821030, C: false, I: false, N: 1
10-13 14:23:53.992  6205  6205 I Finsky  : [2] vzw.e(23): SCH: Scheduling job Id: 9005, L: 80044, D: 560044, C: false, I: false, N: 0
10-13 14:23:59.212 30521 30554 I ZPlanGuardManager: onBackgroundUnguardTimeTick, tick=54
10-13 14:24:02.813 12918 13042 D MemoryCeilingMonitor: [handleMemoryCalculate]
10-13 14:24:02.813 12918 13042 D MemoryCeilingMonitor: [calculate] tot: 8931304, max: 268435456, free: 2150768, heap: 6780536, per: 0.025259464979171753
--------- beginning of system
10-13 14:24:04.054  1251  2701 D BatteryStatsService: notePemString  noteWhich: 49,arg1: -2, arg2: -1, arg3: 6292, arg4: 363, name: com.android.systemui
10-13 14:24:04.061  1251  3242 D BatteryStatsService: notePemString  noteWhich: 49,arg1: -2, arg2: -1, arg3: 6292, arg4: 363, name: com.android.systemui
10-13 14:24:04.062  1251  3242 D BatteryStatsService: notePemString  noteWhich: 49,arg1: -2, arg2: -1, arg3: 6292, arg4: 1335, name: com.android.systemui
10-13 14:24:04.087  1251  2701 D BatteryStatsService: notePemString  noteWhich: 49,arg1: -2, arg2: -1, arg3: 6292, arg4: 363, name: com.android.systemui
10-13 14:24:04.088  1251  3581 D BatteryStatsService: notePemString  noteWhich: 49,arg1: -2, arg2: -1, arg3: 6292, arg4: 1335, name: com.android.systemui
10-13 14:24:04.965  9013  9013 I om.liquid.poro: Late-enabling -Xcheck:jni
10-13 14:24:04.982  9013  9013 D ProcessState: Binder ioctl to enable oneway spam detection failed: Invalid argument
10-13 14:24:05.007  9013  9013 D CompatibilityChangeReporter: Compat change id reported: 171979766; UID 10660; state: DISABLED
10-13 14:24:05.037  9013  9013 V GraphicsEnvironment: ANGLE Developer option for 'com.liquid.poros' set to: 'default'
10-13 14:24:05.037  9013  9013 V GraphicsEnvironment: Updatable production driver is not supported on the device.
10-13 14:24:05.038  9013  9013 D NetworkSecurityConfig: Using Network Security Config from resource network_security_config debugBuild: true
10-13 14:24:05.039  9013  9013 D NetworkSecurityConfig: Using Network Security Config from resource network_security_config debugBuild: true
10-13 14:24:05.040  9013  9013 I MultiDex: VM with version 2.1.0 has multidex support
10-13 14:24:05.040  9013  9013 I MultiDex: Installing application
10-13 14:24:05.040  9013  9013 I MultiDex: VM has multidex support, MultiDex support library is disabled.
10-13 14:24:05.041  9013  9013 I Sophix.LogLevel:  set value: D
10-13 14:24:05.042  9013  9013 I Sophix.LogLevel:  set value: V
10-13 14:24:05.044  9013  9013 V Sophix.ProcessUtils:  process name ap com.liquid.poros
10-13 14:24:05.045  9013  9013 D Sophix.PatchManager:  initPatchDir patchDir: patch nativeLibDir: libs
10-13 14:24:05.045  9013  9013 I Sophix.SophixManager:  Sophix starting... sdk: 3.3.8 main process: true fingerprint: vivo/PD2118/PD2118:12/SP1A.210812.003/compiler07011902:user/release-keys app version: 2.0.2.3 patch version: 0
10-13 14:24:05.046  9013  9013 I Sophix.NetworkManager:  init appVersion: 2.0.2.3
10-13 14:24:05.046  9013  9013 I Sophix.PatchManager:  init appVersion: 2.0.2.3
10-13 14:24:05.046  9013  9013 W Sophix.PatchManager:  handleLocalPatch no any patch exists
10-13 14:24:05.047  9013  9013 W om.liquid.poro: Accessing hidden field Landroid/app/ActivityThread;->mBoundApplication:Landroid/app/ActivityThread$AppBindData; (unsupported, reflection, allowed)
10-13 14:24:05.047  9013  9013 W om.liquid.poro: Accessing hidden method Landroid/app/ActivityThread;->currentActivityThread()Landroid/app/ActivityThread; (unsupported, reflection, allowed)
10-13 14:24:05.047  9013  9013 W om.liquid.poro: Accessing hidden field Landroid/app/ActivityThread$AppBindData;->providers:Ljava/util/List; (unsupported, reflection, allowed)
10-13 14:24:05.048  9013  9013 W om.liquid.poro: Accessing hidden method Landroid/app/Application;->attach(Landroid/content/Context;)V (unsupported, reflection, allowed)
10-13 14:24:05.049  9013  9013 D Sophix.PatchManager:  callRealAppAttach finish call real App.attach, app: com.liquid.poros.PorosApplication
10-13 14:24:05.049  9013  9013 D Sophix.SophixManager:  initialize time consumed(ms): 7
10-13 14:24:05.050  9013  9013 W om.liquid.poro: Accessing hidden field Landroid/app/ContextImpl;->mOuterContext:Landroid/content/Context; (unsupported, reflection, allowed)
10-13 14:24:05.050  9013  9013 W om.liquid.poro: Accessing hidden field Landroid/app/ContextImpl;->mPackageInfo:Landroid/app/LoadedApk; (unsupported, reflection, allowed)
10-13 14:24:05.050  9013  9013 W om.liquid.poro: Accessing hidden field Landroid/app/LoadedApk;->mApplication:Landroid/app/Application; (unsupported, reflection, allowed)
10-13 14:24:05.050  9013  9013 W om.liquid.poro: Accessing hidden field Landroid/app/LoadedApk;->mActivityThread:Landroid/app/ActivityThread; (unsupported, reflection, allowed)
10-13 14:24:05.050  9013  9013 W om.liquid.poro: Accessing hidden field Landroid/app/ActivityThread;->mInitialApplication:Landroid/app/Application; (unsupported, reflection, allowed)
10-13 14:24:05.050  9013  9013 W om.liquid.poro: Accessing hidden field Landroid/app/ActivityThread;->mAllApplications:Ljava/util/ArrayList; (unsupported, reflection, allowed)
10-13 14:24:05.050  9013  9013 D Sophix.PatchManager:  replaceRealApplication finish
10-13 14:24:05.050  9013  9013 W om.liquid.poro: Accessing hidden method Landroid/app/ActivityThread;->installContentProviders(Landroid/content/Context;Ljava/util/List;)V (unsupported, reflection, allowed)
10-13 14:24:05.056  9013  9013 W HMSSDK_PushPreferences: get new sharedPreferences failed,start to get from context. 
10-13 14:24:05.064  9013  9013 E FloatRoomLog: init called
10-13 14:24:05.071  9013  9013 I AGConnectProvider: AGConnectInitializeProvider#onCreate
10-13 14:24:05.071  9013  9013 I AGConnectInstance: AGConnectInstance#initialize
10-13 14:24:05.071  9013  9013 I ServiceRegistrarParser: getServices
10-13 14:24:05.072  9013  9013 I ServiceRegistrarParser: services:0
10-13 14:24:05.110  9013  9013 I AGC_Instance: AGC SDK initialize end, default route:CN
10-13 14:24:05.132  9013  9013 D TingYun : networkModule is false
10-13 14:24:05.132  9013  9013 D TingYun : uiModule is false
10-13 14:24:05.132  9013  9013 D TingYun : crashModule is true
10-13 14:24:05.132  9013  9013 D TingYun : webviewModule is false
10-13 14:24:05.132  9013  9013 D TingYun : socketDataModule is false
10-13 14:24:05.132  9013  9013 D TingYun : crossAppModule is false
10-13 14:24:05.132  9013  9013 D TingYun : anrModule is true
10-13 14:24:05.132  9013  9013 D TingYun : userActionModule is true
10-13 14:24:05.132  9013  9013 D TingYun : cdnModule is false
10-13 14:24:05.132  9013  9013 D TingYun : recordModule is false
10-13 14:24:05.132  9013  9013 D TingYun : allTraceCollectModule is false
10-13 14:24:05.132  9013  9013 D TingYun : violenceModule is false
10-13 14:24:05.132  9013  9013 D TingYun : logModule is true
10-13 14:24:05.132  9013  9013 D TingYun : oomModule is false
10-13 14:24:05.136  9013  9013 I MMKV    : Enable checkProcessMode()
10-13 14:24:05.138  9055  9055 I sManagerServic: Late-enabling -Xcheck:jni
10-13 14:24:05.138  9013  9013 I MMKV    : <native-bridge.cpp:104::JNI_OnLoad> current API level = 31, libc++_shared=0
10-13 14:24:05.138  9013  9013 I MMKV    : <MMKV.cpp:165::initialize> version v1.2.14, page size 4096, arch arm64-v8a
10-13 14:24:05.138  9013  9013 I MMKV    : <MMKV.cpp:176::initialize> armv8 AES instructions is supported
10-13 14:24:05.138  9013  9013 I MMKV    : <MMKV.cpp:184::initialize> armv8 CRC32 instructions is supported
10-13 14:24:05.138  9013  9013 I MMKV    : <MMKV.cpp:207::initializeMMKV> root dir: /data/user/0/com.liquid.poros/files/mmkv
10-13 14:24:05.158  9055  9055 D ProcessState: Binder ioctl to enable oneway spam detection failed: Invalid argument
10-13 14:24:05.164  9013  9013 D FileDownloader.FileDownloadProperties: not found filedownloader.properties
10-13 14:24:05.165  9013  9013 I FileDownloader.FileDownloadProperties: init properties 24
10-13 14:24:05.165  9013  9013 I FileDownloader.FileDownloadProperties:  load properties: http.lenient=FALSE; process.non-separate=FALSE; download.min-progress-step=65536; download.min-progress-time=2000; download.max-network-thread-count=3; file.non-pre-allocation=FALSE; broadcast.completed=FALSE; download.trial-connection-head-method=FALSE
10-13 14:24:05.166  9013  9013 W FileDownloader.DownloadServiceNotConnectedHelper: request set the max network thread count[5] in the download service, but the download service isn't connected yet.
10-13 14:24:05.166  9013  9013 W FileDownloader.DownloadServiceNotConnectedHelper: You can use FileDownloader#isServiceConnected() to check whether the service has been connected, 
10-13 14:24:05.166  9013  9013 W FileDownloader.DownloadServiceNotConnectedHelper: besides you can use following functions easier to control your code invoke after the service has been connected: 
10-13 14:24:05.166  9013  9013 W FileDownloader.DownloadServiceNotConnectedHelper: 1. FileDownloader#bindService(Runnable)
10-13 14:24:05.166  9013  9013 W FileDownloader.DownloadServiceNotConnectedHelper: 2. FileDownloader#insureServiceBind()
10-13 14:24:05.166  9013  9013 W FileDownloader.DownloadServiceNotConnectedHelper: 3. FileDownloader#insureServiceBindAsync()
10-13 14:24:05.167  9013  9013 D NIMUtil : get processName from Application = com.liquid.poros
10-13 14:24:05.187  9055  9055 D CompatibilityChangeReporter: Compat change id reported: 171979766; UID 10660; state: DISABLED
10-13 14:24:05.220  9055  9055 V GraphicsEnvironment: ANGLE Developer option for 'com.liquid.poros' set to: 'default'
10-13 14:24:05.220  9055  9055 V GraphicsEnvironment: Updatable production driver is not supported on the device.
10-13 14:24:05.221  9055  9055 D NetworkSecurityConfig: Using Network Security Config from resource network_security_config debugBuild: true
10-13 14:24:05.223  9055  9055 D NetworkSecurityConfig: Using Network Security Config from resource network_security_config debugBuild: true
10-13 14:24:05.224  9055  9055 I MultiDex: VM with version 2.1.0 has multidex support
10-13 14:24:05.224  9055  9055 I MultiDex: Installing application
10-13 14:24:05.224  9055  9055 I MultiDex: VM has multidex support, MultiDex support library is disabled.
10-13 14:24:05.225  9055  9055 I Sophix.LogLevel:  set value: D
10-13 14:24:05.226  9055  9055 I Sophix.LogLevel:  set value: V
10-13 14:24:05.228  9055  9055 V Sophix.ProcessUtils:  process name ap com.liquid.poros.bus_ipc.ProcessManagerService
10-13 14:24:05.229  9055  9055 D Sophix.PatchManager:  initPatchDir patchDir: patch nativeLibDir: libs
10-13 14:24:05.229  9055  9055 I Sophix.SophixManager:  Sophix starting... sdk: 3.3.8 main process: false fingerprint: vivo/PD2118/PD2118:12/SP1A.210812.003/compiler07011902:user/release-keys app version: 2.0.2.3 patch version: 0
10-13 14:24:05.229  9055  9055 I Sophix.NetworkManager:  init appVersion: 2.0.2.3
10-13 14:24:05.229  9055  9055 I Sophix.PatchManager:  init appVersion: 2.0.2.3
10-13 14:24:05.230  9055  9055 W Sophix.PatchManager:  handleLocalPatch no any patch exists
10-13 14:24:05.230  9055  9055 W sManagerServic: Accessing hidden field Landroid/app/ActivityThread;->mBoundApplication:Landroid/app/ActivityThread$AppBindData; (unsupported, reflection, allowed)
10-13 14:24:05.230  9055  9055 W sManagerServic: Accessing hidden method Landroid/app/ActivityThread;->currentActivityThread()Landroid/app/ActivityThread; (unsupported, reflection, allowed)
10-13 14:24:05.230  9055  9055 W sManagerServic: Accessing hidden field Landroid/app/ActivityThread$AppBindData;->providers:Ljava/util/List; (unsupported, reflection, allowed)
10-13 14:24:05.231  9055  9055 W sManagerServic: Accessing hidden method Landroid/app/Application;->attach(Landroid/content/Context;)V (unsupported, reflection, allowed)
10-13 14:24:05.233  9055  9055 D Sophix.PatchManager:  callRealAppAttach finish call real App.attach, app: com.liquid.poros.PorosApplication
10-13 14:24:05.233  9055  9055 D Sophix.SophixManager:  initialize time consumed(ms): 7
10-13 14:24:05.233  9055  9055 W sManagerServic: Accessing hidden field Landroid/app/ContextImpl;->mOuterContext:Landroid/content/Context; (unsupported, reflection, allowed)
10-13 14:24:05.233  9055  9055 W sManagerServic: Accessing hidden field Landroid/app/ContextImpl;->mPackageInfo:Landroid/app/LoadedApk; (unsupported, reflection, allowed)
10-13 14:24:05.233  9055  9055 W sManagerServic: Accessing hidden field Landroid/app/LoadedApk;->mApplication:Landroid/app/Application; (unsupported, reflection, allowed)
10-13 14:24:05.233  9055  9055 W sManagerServic: Accessing hidden field Landroid/app/LoadedApk;->mActivityThread:Landroid/app/ActivityThread; (unsupported, reflection, allowed)
10-13 14:24:05.233  9055  9055 W sManagerServic: Accessing hidden field Landroid/app/ActivityThread;->mInitialApplication:Landroid/app/Application; (unsupported, reflection, allowed)
10-13 14:24:05.233  9055  9055 W sManagerServic: Accessing hidden field Landroid/app/ActivityThread;->mAllApplications:Ljava/util/ArrayList; (unsupported, reflection, allowed)
10-13 14:24:05.233  9055  9055 D Sophix.PatchManager:  replaceRealApplication finish
10-13 14:24:05.234  9055  9055 W sManagerServic: Accessing hidden method Landroid/app/ActivityThread;->installContentProviders(Landroid/content/Context;Ljava/util/List;)V (unsupported, reflection, allowed)
10-13 14:24:05.247  9055  9055 D TingYun : networkModule is false
10-13 14:24:05.247  9055  9055 D TingYun : uiModule is false
10-13 14:24:05.247  9055  9055 D TingYun : crashModule is false
10-13 14:24:05.247  9055  9055 D TingYun : webviewModule is false
10-13 14:24:05.247  9055  9055 D TingYun : socketDataModule is false
10-13 14:24:05.247  9055  9055 D TingYun : crossAppModule is false
10-13 14:24:05.247  9055  9055 D TingYun : anrModule is false
10-13 14:24:05.247  9055  9055 D TingYun : userActionModule is false
10-13 14:24:05.247  9055  9055 D TingYun : cdnModule is false
10-13 14:24:05.247  9055  9055 D TingYun : recordModule is false
10-13 14:24:05.247  9055  9055 D TingYun : allTraceCollectModule is false
10-13 14:24:05.247  9055  9055 D TingYun : violenceModule is false
10-13 14:24:05.247  9055  9055 D TingYun : logModule is false
10-13 14:24:05.247  9055  9055 D TingYun : oomModule is false
10-13 14:24:05.249  9055  9055 I MMKV    : Enable checkProcessMode()
10-13 14:24:05.250  9055  9055 I MMKV    : <native-bridge.cpp:104::JNI_OnLoad> current API level = 31, libc++_shared=0
10-13 14:24:05.250  9055  9055 I MMKV    : <MMKV.cpp:165::initialize> version v1.2.14, page size 4096, arch arm64-v8a
10-13 14:24:05.250  9055  9055 I MMKV    : <MMKV.cpp:176::initialize> armv8 AES instructions is supported
10-13 14:24:05.250  9055  9055 I MMKV    : <MMKV.cpp:184::initialize> armv8 CRC32 instructions is supported
10-13 14:24:05.250  9055  9055 I MMKV    : <MMKV.cpp:207::initializeMMKV> root dir: /data/user/0/com.liquid.poros/files/mmkv
10-13 14:24:05.256  9013  9013 D ChannelUtils: 未解析到相应的渠道号，使用默认内部渠道号
10-13 14:24:05.256  9013  9013 D ChannelUtils: channel 2---------------=unknown_channel
10-13 14:24:05.256  9013  9013 D ChannelUtils: channel 3-------------=unknown_channel
10-13 14:24:05.257  9013  9013 W om.liquid.poro: Accessing hidden method Landroid/app/ActivityThread;->currentApplication()Landroid/app/Application; (unsupported, reflection, allowed)
10-13 14:24:05.257  9013  9013 I NBSAgent: NBSAgent start.
10-13 14:24:05.257  9013  9013 I NBSAgent: NBSAgent enabled.
10-13 14:24:05.257  9013  9013 I NBSAgent: NBSAgent V2.17.1.10
10-13 14:24:05.257  9013  9013 I NBSAgent: Android app is debugMode !
10-13 14:24:05.268  9013  9013 W om.liquid.poro: Accessing hidden field Landroid/os/Looper;->mLogging:Landroid/util/Printer; (unsupported, reflection, allowed)
10-13 14:24:05.273  9013  9097 I DpmTcmClient: RegisterTcmMonitor from: $Proxy2
10-13 14:24:05.275  9013  9013 D apiRecord: init
10-13 14:24:05.277  9013  9013 W om.liquid.poro: Accessing hidden method Ljava/lang/invoke/MethodHandles$Lookup;-><init>(Ljava/lang/Class;I)V (unsupported, reflection, allowed)
10-13 14:24:05.280  9013  9013 I ARouter::: ARouter openLog[ ] 
10-13 14:24:05.280  9055  9055 D FileDownloader.FileDownloadProperties: not found filedownloader.properties
10-13 14:24:05.280  9013  9013 I ARouter::: ARouter openDebug[ ] 
10-13 14:24:05.280  9013  9013 I ARouter::: ARouter init start.[ ] 
10-13 14:24:05.281  9055  9055 I FileDownloader.FileDownloadProperties: init properties 28
10-13 14:24:05.281  9055  9055 I FileDownloader.FileDownloadProperties:  load properties: http.lenient=FALSE; process.non-separate=FALSE; download.min-progress-step=65536; download.min-progress-time=2000; download.max-network-thread-count=3; file.non-pre-allocation=FALSE; broadcast.completed=FALSE; download.trial-connection-head-method=FALSE
10-13 14:24:05.281  9013  9013 I ARouter::: Load router map by arouter-auto-register plugin.[ ] 
10-13 14:24:05.281  9013  9013 I ARouter::: Load root element finished, cost 1 ms.[ ] 
10-13 14:24:05.282  9013  9013 D ARouter::: LogisticsCenter has already been loaded, GroupIndex[2], InterceptorIndex[1], ProviderIndex[3][ ] 
10-13 14:24:05.282  9013  9013 I ARouter::: ARouter init success![ ] 
10-13 14:24:05.282  9055  9055 W FileDownloader.DownloadServiceNotConnectedHelper: request set the max network thread count[5] in the download service, but the download service isn't connected yet.
10-13 14:24:05.282  9055  9055 W FileDownloader.DownloadServiceNotConnectedHelper: You can use FileDownloader#isServiceConnected() to check whether the service has been connected, 
10-13 14:24:05.282  9055  9055 W FileDownloader.DownloadServiceNotConnectedHelper: besides you can use following functions easier to control your code invoke after the service has been connected: 
10-13 14:24:05.282  9055  9055 W FileDownloader.DownloadServiceNotConnectedHelper: 1. FileDownloader#bindService(Runnable)
10-13 14:24:05.282  9055  9055 W FileDownloader.DownloadServiceNotConnectedHelper: 2. FileDownloader#insureServiceBind()
10-13 14:24:05.282  9055  9055 W FileDownloader.DownloadServiceNotConnectedHelper: 3. FileDownloader#insureServiceBindAsync()
10-13 14:24:05.282  9013  9013 D ARouter::: The group [arouter] starts loading, trigger by [/arouter/service/interceptor][ ] 
10-13 14:24:05.283  9013  9013 D ARouter::: The group [arouter] has already been loaded, trigger by [/arouter/service/interceptor][ ] 
10-13 14:24:05.283  9013  9013 I ARouter::: Thread production, name is [ARouter task pool No.1, thread No.1][ ] 
10-13 14:24:05.283  9013  9097 D Linux   : [Posix_connect Debug]Process com.liquid.poros :8888 
10-13 14:24:05.283  9013  9013 I ARouter::: ARouter init over.[ ] 
10-13 14:24:05.283  9055  9055 D NIMUtil : get processName from Application = com.liquid.poros.bus_ipc.ProcessManagerService
10-13 14:24:05.283  9055  9055 D NIMUtil : get processName from Cache = com.liquid.poros.bus_ipc.ProcessManagerService
10-13 14:24:05.284  9055  9055 W sManagerServic: Accessing hidden method Landroid/app/ActivityThread;->currentApplication()Landroid/app/Application; (unsupported, reflection, allowed)
10-13 14:24:05.284  9013  9013 I MMKV    : <MemoryFile.cpp:97::open> open fd[0x5c], /data/user/0/com.liquid.poros/files/mmkv/mmkv.default
10-13 14:24:05.284  9013  9013 I MMKV    : <MemoryFile.cpp:97::open> open fd[0x5b], /data/user/0/com.liquid.poros/files/mmkv/mmkv.default.crc
10-13 14:24:05.284  9013  9013 I MMKV    : <MMKV_IO.cpp:81::loadFromFile> loading [mmkv.default] with 114753 actual size, file size 131072, InterProcess 0, meta info version:3
10-13 14:24:05.284  9013  9013 I MMKV    : <MMKV_IO.cpp:86::loadFromFile> loading [mmkv.default] with crc 3501872203 sequence 6 version 3
10-13 14:24:05.284  9013  9013 I MMKV    : <MMKV_IO.cpp:130::loadFromFile> loaded [mmkv.default] with 35 key-values
10-13 14:24:05.284  9013  9103 D PRETTY_LOGGER: ┌────────────────────────────────────────────────────────────────────────────────────────────────────────────────
10-13 14:24:05.285  9013  9103 D PRETTY_LOGGER: │ Thread: ARouter task pool No.1, thread No.1
10-13 14:24:05.285  9013  9103 D PRETTY_LOGGER: ├┄┄┄┄┄┄┄┄┄┄┄┄┄┄┄┄┄┄┄┄┄┄┄┄┄┄┄┄┄┄┄┄┄┄┄┄┄┄┄┄┄┄┄┄┄┄┄┄┄┄┄┄┄┄┄┄┄┄┄┄┄┄┄┄┄┄┄┄┄┄┄┄┄┄┄┄┄┄┄┄┄┄┄┄┄┄┄┄┄┄┄┄┄┄┄┄┄┄┄┄┄┄┄┄┄┄┄┄┄┄┄┄
10-13 14:24:05.285  9013  9103 D PRETTY_LOGGER: │ RouterIInterceptor.init  (RouterIInterceptor.kt:16)
10-13 14:24:05.285  9013  9103 D PRETTY_LOGGER: │    LogOut.debug  (LogOut.java:46)
10-13 14:24:05.285  9013  9103 D PRETTY_LOGGER: ├┄┄┄┄┄┄┄┄┄┄┄┄┄┄┄┄┄┄┄┄┄┄┄┄┄┄┄┄┄┄┄┄┄┄┄┄┄┄┄┄┄┄┄┄┄┄┄┄┄┄┄┄┄┄┄┄┄┄┄┄┄┄┄┄┄┄┄┄┄┄┄┄┄┄┄┄┄┄┄┄┄┄┄┄┄┄┄┄┄┄┄┄┄┄┄┄┄┄┄┄┄┄┄┄┄┄┄┄┄┄┄┄
10-13 14:24:05.286  9013  9103 D PRETTY_LOGGER: │ RouterIInterceptor:ARouter拦截器初始化
10-13 14:24:05.286  9013  9103 D PRETTY_LOGGER: └────────────────────────────────────────────────────────────────────────────────────────────────────────────────
10-13 14:24:05.286  9013  9103 I ARouter::: ARouter interceptors init over.[ ] 
10-13 14:24:05.291  9055  9108 I MMKV    : <MemoryFile.cpp:97::open> open fd[0x4c], /data/user/0/com.liquid.poros/files/mmkv/mmkv.default
10-13 14:24:05.291  9055  9108 I MMKV    : <MemoryFile.cpp:97::open> open fd[0x4d], /data/user/0/com.liquid.poros/files/mmkv/mmkv.default.crc
10-13 14:24:05.292  9055  9108 I MMKV    : <MMKV_IO.cpp:81::loadFromFile> loading [mmkv.default] with 114753 actual size, file size 131072, InterProcess 0, meta info version:3
10-13 14:24:05.292  9055  9108 I MMKV    : <MMKV_IO.cpp:86::loadFromFile> loading [mmkv.default] with crc 3501872203 sequence 6 version 3
10-13 14:24:05.292  9055  9108 I MMKV    : <MMKV_IO.cpp:130::loadFromFile> loaded [mmkv.default] with 35 key-values
10-13 14:24:05.297  9013  9013 I Native-IMSDK:  ################ imsdk version arm64 ############### 
10-13 14:24:05.297  9013  9013 I SystemUtil: system load so library success, libImSDK.so
10-13 14:24:05.299  9013  9013 I NetworkInfoCenter: updateIPType|type:1
10-13 14:24:05.300  9013  9013 D SystemUtil: SDK Init Path: /data/user/0/com.liquid.poros/files
10-13 14:24:05.302  9013  9013 D SystemUtil: SDK LOG Path: /storage/emulated/0/Android/data/com.liquid.poros/files/log/tencent/imsdk/
10-13 14:24:05.304  9013  9013 I NIMClient: NIMClient init
10-13 14:24:05.304  9013  9013 D NIMUtil : get processName from Cache = com.liquid.poros
10-13 14:24:05.305  9013  9109 I imsdk   : TIM: ==========================================================================
10-13 14:24:05.305  9013  9109 I imsdk   : TIM: ======  SDK APP ID:  1400656465
10-13 14:24:05.305  9013  9109 I imsdk   : TIM: ======  SDK Version: 7.3.4358
10-13 14:24:05.305  9013  9109 I imsdk   : TIM: ======  Platform:    Android
10-13 14:24:05.305  9013  9109 I imsdk   : TIM: ======  Device Type: V2118A
10-13 14:24:05.305  9013  9109 I imsdk   : TIM: ======  Device ID:   f4f2877b-25e3-472f-bf37-271b9df4fc79
10-13 14:24:05.305  9013  9109 I imsdk   : TIM: ======  System Ver:  12
10-13 14:24:05.305  9013  9109 I imsdk   : TIM: ======  Process ID:  9013
10-13 14:24:05.305  9013  9109 I imsdk   : TIM: ======  Init Path:   /data/user/0/com.liquid.poros/files
10-13 14:24:05.305  9013  9109 I imsdk   : TIM: ======  Log Path:    /storage/emulated/0/Android/data/com.liquid.poros/files/log/tencent/imsdk/
10-13 14:24:05.305  9013  9109 I imsdk   : TIM: ======  IM 智能客服:   https://cloud.tencent.com/act/event/smarty-service?from=im-doc
10-13 14:24:05.305  9013  9109 I imsdk   : TIM: ======  SDK 更新日志:  https://cloud.tencent.com/document/product/269/1606
10-13 14:24:05.305  9013  9109 I imsdk   : TIM: ======  SDK 接口文档:  https://cloud.tencent.com/document/product/269/44498
10-13 14:24:05.305  9013  9109 I imsdk   : TIM: ======  常见问题:      https://cloud.tencent.com/document/product/269/32483
10-13 14:24:05.305  9013  9109 I imsdk   : TIM: ======  反馈问题？戳我提 issue: https://github.com/tencentyun/TIMSDK/issues
10-13 14:24:05.305  9013  9109 I imsdk   : TIM: ==========================================================================
10-13 14:24:05.306  9013  9013 I NimExternalStorage: use public storage, path=/data/user/0/com.liquid.poros/files/nim
10-13 14:24:05.309  9013  9013 D NIMUtil : get processName from Cache = com.liquid.poros
10-13 14:24:05.309  9013  9109 I imsdk   : TIM: |-im_engine_impl.cpp:260                  Init                                    |InitSDK|sdk_app_id:1400656465|sdk_type:1|sdk_version:7.3.4358|sdk_instance_type:2005-vivo|platform:Android|device_type:V2118A|device_id:f4f2877b-25e3-472f-bf37-271b9df4fc79|system_version:12|app_memory_usage:0MB|app_cpu_usage:0%|system_cpu_usage:0%|ip_type:IPv4|network_type:WIFI|network_id:|network_status:network connected||initialize_cost_time:2ms|enable_test_environment:false|enable_ipv6_prior:false|enable_cross_platform:false|sdk_init_path:/data/user/0/com.liquid.poros/files|log_level:Debug|enable_console_log:true|log_file_path:/storage/emulated/0/Android/data/com.liquid.poros/files/log/tencent/imsdk/|ui_platform_string:|ui_platform_number:0|max_retry_count:0|packet_request_timeout:0|force_use_quic_channel:false
10-13 14:24:05.309  9013  9109 W imsdk   : TIM: |-common_util.cpp:1751                    LoadBufferFromFile                      |invalid file size: 0
10-13 14:24:05.310  9013  9109 E imsdk   : TIM: |-datareport_channel.cpp:248              LoadDataFromFile                        |read file failed, file name: /data/user/0/com.liquid.poros/files/imsdk_report
10-13 14:24:05.310  9013  9109 W imsdk   : TIM: |-common_util.cpp:1751                    LoadBufferFromFile                      |invalid file size: 0
10-13 14:24:05.310  9013  9109 E imsdk   : TIM: |-datareport_channel.cpp:248              LoadDataFromFile                        |read file failed, file name: /data/user/0/com.liquid.poros/files/imsdk_api_report
10-13 14:24:05.310  9013  9109 I imsdk   : TIM: |-longconnection.cpp:42                   Open                                    |Open and then first connect
10-13 14:24:05.310  9013  9109 I imsdk   : TIM: |-channel_switcher.cpp:106                ChooseBestChannel                       |is_initial_choose:true|server_type:Chinese|is_test_environment:false|net_type:WIFI|net_id:1__1|reason:first connect|ip_source:concurrent request|is_local_iplist_prior:true|is_force_use_push:false|is_first_ip_prior:true|need_use_quic_channel:false|dual_socket_control_bits:0x0
10-13 14:24:05.310  9013  9109 W imsdk   : TIM: |-system_config.cpp:246                   GetLoginUserTicket                      |current login user ticket is empty, use lastest ticket
10-13 14:24:05.310  9013  9109 I imsdk   : TIM: |-channel_switcher.cpp:683                GetIPListFromAnycast                    |request url:http://162.14.3.250/v4/ConfigGetSvc/GetOpenSSOIPList?sdkappid=1400656465&tinyid=144115242576957511|need_use_quic_channel:false
10-13 14:24:05.310  9013  9109 I imsdk   : TIM: |-channel_switcher.cpp:756                GetIPListFromLocalDNS                   |domain list:<tcp:login.im.qcloud.com:0,login.my-imcloud.com:0>
10-13 14:24:05.311  9013  9114 I db      : ready to open db, path=/data/user/0/com.liquid.poros/event.db
10-13 14:24:05.315  9013  9013 D NIMUtil : get processName from Cache = com.liquid.poros
10-13 14:24:05.315  9013  9013 I db      : ready to open db, path=/data/user/0/com.liquid.poros/abtest.db
10-13 14:24:05.317  9013  9116 D Linux   : [Posix_connect Debug]Process com.liquid.poros :8888 
10-13 14:24:05.318  9013  9113 D [ui]AppDir: 2/DATA /data/user/0/com.liquid.poros/f1d87fb4cf5bb62dc25c76430ef641e3
10-13 14:24:05.319  9013  9113 D [ui]AppDir: 2/CACHE /data/user/0/com.liquid.poros/cache/f1d87fb4cf5bb62dc25c76430ef641e3
10-13 14:24:05.319  9013  9113 I [ui]db  : 69/open plain database: event.db
10-13 14:24:05.320  9013  9113 I [ui]DeviceIdStore: 2/get file succeed, path=/data/user/0/com.liquid.poros/f1d87fb4cf5bb62dc25c76430ef641e3/nim_device2
10-13 14:24:05.320  9013  9113 I [ui]DeviceIdStore: 2/read device id from nim_device2: c906e42c-34f3-4fce-aaa4-d5ea80b781ff
10-13 14:24:05.321  9013  9113 I [ui]db  : 2/open plain database: abtest.db
10-13 14:24:05.322  9013  9113 I [ui]AGCHelper: 2/setGrowDeviceEnable = false
10-13 14:24:05.322  9013  9113 I [ui]DeviceIdStore: 2/read device id from ram: c906e42c-34f3-4fce-aaa4-d5ea80b781ff
10-13 14:24:05.323  9013  9113 I [ui]ui  : 2/********** SDK UI Process Start **** Version: 9.10.1/91001/1/69ecfff469 **** APPKEY: f1d87fb4cf5bb62dc25c76430ef641e3/null **** BUILD Version:31/30/vivo/V2118A **** reduced IM:false **********
10-13 14:24:05.323  9013  9113 D [ui]nim_http: 73/http post url=https://abt-online.netease.im/v1/api/abt/client/getExperimentInfo
10-13 14:24:05.323  9013  9113 I [ui]PluginLoader: 2/plugin [com.netease.nimlib.chatroom.plugin.Plugin] found
10-13 14:24:05.324  9013  9122 I NimService: start NimService context = com.liquid.poros.PorosApplication@691cf90
10-13 14:24:05.325  9013  9113 I [ui]PluginLoader: 2/plugin [com.netease.nimlib.mixpush.plugin.Plugin] found
10-13 14:24:05.325  9013  9113 I [ui]PluginLoader: 2/plugin [com.netease.nimlib.superteam.plugin.Plugin] found
10-13 14:24:05.325  9013  9113 I [ui]framework: 2/PluginInteractManager add ChatRoomInteract
10-13 14:24:05.325  9013  9113 I [ui]framework: 2/PluginInteractManager add MixPushInteract
10-13 14:24:05.326  9013  9113 I [ui]core: 73/start NimService from 1
10-13 14:24:05.326  9013  9122 I NIMClient: bindService context = com.liquid.poros.PorosApplication@691cf90
10-13 14:24:05.330  9013  9113 I [ui]main_conn: 73/doConnect: tag#main_conn count#0
10-13 14:24:05.331  9013  9113 I [ui]main_conn: 73/doConnect: start & bind service#Intent { cmp=com.liquid.poros/com.netease.nimlib.service.NimService (has extras) }
10-13 14:24:05.331  9013  9113 I [ui]NtpDaemon: 73/NtpDaemon NtpConfig{rttMin=30, rttMax=3000, rttCount=10}
10-13 14:24:05.334  9013  9109 I imsdk   : TIM: |-channel_switcher.cpp:776                OnLocalDNSResponse                      |cost_time:23ms|iplist size:10
10-13 14:24:05.334  9013  9109 I imsdk   : TIM: |-channel_switcher.cpp:949                PrintIPList                             |iplist by local dns:<tcp:60.29.232.26:8080,60.29.232.26:80,60.29.232.121:8080,60.29.232.121:80,60.29.232.85:8080,60.29.232.85:80,60.29.232.14:8080,60.29.232.14:80,60.29.232.22:8080,60.29.232.22:80>
10-13 14:24:05.334  9013  9109 I imsdk   : TIM: |-channel_switcher.cpp:949                PrintIPList                             |iplist by server push:<tcp:60.29.232.14:14000,60.29.232.22:80,122.192.134.252:443,58.241.139.172:8080,60.29.232.26:14000,60.29.232.85:80,58.241.139.225:443,58.241.139.230:8080>
10-13 14:24:05.336  9013  9113 I [ui]TransExec: 2/register service completed, total size=19
10-13 14:24:05.338  9013  9113 D [ui]AppForegroundWatcher: 2/app register activity lifecycle callbacks success
10-13 14:24:05.338  9013  9122 D Linux   : [Posix_connect Debug]Process com.liquid.poros :8888 
10-13 14:24:05.339  9013  9109 I imsdk   : TIM: |-tcp_channel.cpp:60                      Connect                                 |tcp channel connect|channel id:1|server address:60.29.232.26:8080
10-13 14:24:05.340  9013  9113 D [ui]NetworkListenerHelper: 60/onAvailable#network=108
10-13 14:24:05.341  9013  9113 I [ui]NetworkUtil: 60/getNetWorkState result = WIFI
10-13 14:24:05.341  9126  9126 I quid.poros:cor: Late-enabling -Xcheck:jni
10-13 14:24:05.342  9013  9113 D [ui]NetworkListenerHelper: 60/onAvailable#netWorkState=WIFI
10-13 14:24:05.342  9013  9113 D [ui]NetworkListenerHelper: 60/onCapabilitiesChanged#network=108
10-13 14:24:05.342  9013  9113 D [ui]NetworkListenerHelper: 60/onCapabilitiesChanged#网络类型为wifi
10-13 14:24:05.345  9013  9113 D [ui]AppForegroundWatcher: 2/add AppForegroundObserver
10-13 14:24:05.347  9013  9113 D [ui]AppForegroundWatcher: 2/add AppForegroundObserver
10-13 14:24:05.348  9013  9113 I [ui]ui  : 2/ObserverManager add AuthServiceObserver/observeOnlineStatus
10-13 14:24:05.349  9013  9113 D [ui]set status: 2/SDKState.getStatus():UNLOGIN
10-13 14:24:05.349  9013  9113 D [ui]room: 2/chat room startup
10-13 14:24:05.349  9013  9113 I [ui]mix_push: 2/mixpush init xm register
10-13 14:24:05.349  9013  9113 I [ui]mix_push: 2/mixpush init hw register
10-13 14:24:05.350  9013  9113 I [ui]mix_push: 2/mixpush init vivo register
10-13 14:24:05.350  9013  9113 I [ui]mix_push: 2/mixpush init oppo register
10-13 14:24:05.351  9013  9113 I [ui]InvocationMgr: 2/on notify: Transaction: [id: 2, sync: false, priority: 0,   method: SdkLifecycleObserver/observeMainProcessInitCompleteResult]
10-13 14:24:05.352  9013  9113 I [ui]ui  : 2/main process init done!
10-13 14:24:05.352  9013  9113 I [ui]ui  : 2/SDK check PreferenceContentProvider
10-13 14:24:05.352  9013  9113 I [ui]ui  : 2/ComponentName = ComponentInfo{com.liquid.poros/com.netease.nimlib.ipc.cp.provider.PreferenceContentProvider}
10-13 14:24:05.352  9013  9113 I [ui]ui  : 2/class com.netease.nimlib.ipc.cp.provider.PreferenceContentProvider is ContentProvider
10-13 14:24:05.353  9013  9113 I [ui]ui  : 2/ComponentInfo = ContentProviderInfo{name=com.liquid.poros.ipc.provider.preference className=com.netease.nimlib.ipc.cp.provider.PreferenceContentProvider}
10-13 14:24:05.353  9013  9113 I [ui]ui  : 2/SDK AndroidManifest.xml mustCheck success !
10-13 14:24:05.353  9013  9113 I [ui]DeviceIdStore: 2/read device id from ram: c906e42c-34f3-4fce-aaa4-d5ea80b781ff
10-13 14:24:05.357  9013  9013 I ExternalStorage: context:com.liquid.poros.PorosApplication@691cf90,sdkStorageRoot:/storage/emulated/0/Android/data/com.liquid.poros/cache/app
10-13 14:24:05.358  9013  9113 I [ui]TransExec: 75/execute Transaction: [id: 3, sync: false, priority: 0,   method: MsgService/registerCustomAttachmentParser]
10-13 14:24:05.358  9013  9013 I ExternalStorage: use external cache dir!
10-13 14:24:05.359  9013  9013 D ExternalStorage: getDirectoryByDirType sdkStorageRoot: /storage/emulated/0/Android/data/com.liquid.poros/cache/app/
10-13 14:24:05.359  9013  9013 D ExternalStorage: getDirectoryByDirType sdkStorageRoot: /storage/emulated/0/Android/data/com.liquid.poros/cache/app/
10-13 14:24:05.366  9126  9126 D ProcessState: Binder ioctl to enable oneway spam detection failed: Invalid argument
10-13 14:24:05.368  9013  9113 I [ui]ui  : 77/ResponseFactoryUI register handlers done
10-13 14:24:05.371  9013  9013 D GslbService: setResultValidity:1800
10-13 14:24:05.371  9013  9013 D GslbService: setGslbRequestUrl:
10-13 14:24:05.374  9013  9149 I NELogManager: 2/create_time = 2023-10-13-14:24:05:359
10-13 14:24:05.374  9013  9149 I NELogManager: vendor = vivo
10-13 14:24:05.374  9013  9149 I NELogManager: model = V2118A
10-13 14:24:05.374  9013  9149 I NELogManager: cpuABI = arm64-v8a
10-13 14:24:05.374  9013  9149 I NELogManager: osVersion = 12
10-13 14:24:05.374  9013  9149 I NELogManager: device_id = 385323957615454
10-13 14:24:05.374  9013  9149 I NELogManager: network = WIFI
10-13 14:24:05.374  9013  9149 I NELogManager: sdk_version = v3.2.6-and
10-13 14:24:05.374  9013  9149 I NELogManager: 
10-13 14:24:05.374  9013  9149 I NELogManager: 
10-13 14:24:05.375  9013  9100 D NetworkUtils: onCapabilitiesChanged networkCapabilities:[ Transports: WIFI Capabilities: NOT_METERED&INTERNET&NOT_RESTRICTED&TRUSTED&NOT_VPN&VALIDATED&NOT_ROAMING&FOREGROUND&NOT_CONGESTED&NOT_SUSPENDED&PARTIAL_CONNECTIVITY&NOT_VCN_MANAGED LinkUpBandwidth>=87035Kbps LinkDnBandwidth>=102428Kbps TransportInfo: <SSID: <unknown ssid>, BSSID: 02:**:**:**:00:00, MAC: 02:**:**:**:00:00, Security type: 2, Supplicant state: COMPLETED, HE Eight Max VHT Spatial Streams Supported AP: false, Eight Max VHT Spatial streams support: false, Wi-Fi standard: 5, RSSI: -47, Link speed: 192Mbps, Tx Link speed: 173Mbps, Max Supported Tx Link speed: 192Mbps, Rx Link speed: 173Mbps, Max Supported Rx Link speed: 192Mbps, Frequency: 5805MHz, Net ID: -1, Metered hint: false, score: 60, CarrierMerged: false, SubscriptionId: -1, IsPrimary: -1> SignalStrength: -47]
10-13 14:24:05.377  9013  9157 I stetho  : Listening on @stetho_com.liquid.poros_devtools_remote
10-13 14:24:05.378  9013  9112 D Linux   : [Posix_connect Debug]Process com.liquid.poros :8888 
10-13 14:24:05.379  9013  9156 D ChannelUtils: channel 2---------------=unknown_channel
10-13 14:24:05.379  9013  9156 D ChannelUtils: channel 3-------------=unknown_channel
10-13 14:24:05.382  9013  9154 D GslbService: network is form kNetWorkTypeWifi changed to kNetWorkTypeWifi
10-13 14:24:05.385  9013  9162 I QuickLogin: post request url:https://crash.163.com/client/api/uploadStartUpInfo.do args:head=%7B%22version%22%3A%221.0.1%22%2C%22appid%22%3A%22A006669459%22%2C%22uploadtime%22%3A1697178245383%2C%22isencoded%22%3A0%7D&data=%7B%22appname%22%3A%22%E7%BD%91%E6%98%93%E6%98%93%E7%9B%BE%E5%8F%B7%E7%A0%81%E8%AE%A4%E8%AF%81SDK%22%2C%22appver%22%3A%223.2.4%22%2C%22packagename%22%3A%22com.netease.nis.quicklogin%22%2C%22open_udid%22%3A%22bb2cc6ec-df0e-4d11-9a7b-4d6d2aebd368%22%2C%22os%22%3A%22REL%22%2C%22osVersion%22%3A%2212%22%2C%22device%22%3A%22PD2118%22%2C%22model%22%3A%22V2118A%22%7D---->[Thread:pool-15-thread-1, Class:dalvik.system.VMStack, Function:getThreadStackTrace]
10-13 14:24:05.387  9013  9109 I imsdk   : TIM: |-tcp_channel.cpp:284                     OnReadPingCompleted                     |channel ping|channel id:1|client ip:111.198.220.166
10-13 14:24:05.387  9013  9109 I imsdk   : TIM: |-tcp_channel.cpp:319                     NotifyConnectResult                     |tcp channel connect completed|channel id:1|server address:60.29.232.26:8080|connect cost time:24ms|ping cost time:23ms|error_code:0|error_message:
10-13 14:24:05.387  9013  9109 I imsdk   : TIM: |-channel_switcher.cpp:452                OnConnectComplete                       |Connect to im server successfully|is_initial_choose:true|server_type:Chinese|is_test_environment:false|net_type:WIFI|net_id:1__1|reason:first connect|ip_source:concurrent request|is_local_iplist_prior:true|is_force_use_push:false|is_first_ip_prior:true|iplist by local dns:<tcp:60.29.232.26:8080,60.29.232.26:80,60.29.232.121:8080,60.29.232.121:80,60.29.232.85:8080,60.29.232.85:80,60.29.232.14:8080,60.29.232.14:80,60.29.232.22:8080,60.29.232.22:80>|iplist by server push:<tcp:60.29.232.14:14000,60.29.232.22:80,122.192.134.252:443,58.241.139.172:8080,60.29.232.26:14000,60.29.232.85:80,58.241.139.225:443,58.241.139.230:8080>|retry count:0|successful address:60.29.232.26:8080|choose channel cost time:24ms|connect cost time:24ms|ping cost time:23ms
10-13 14:24:05.388  9013  9162 D Linux   : [Posix_connect Debug]Process com.liquid.poros :8888 
10-13 14:24:05.394  9013  9013 W om.liquid.poro: Accessing hidden field Landroid/app/ActivityThread;->sCurrentActivityThread:Landroid/app/ActivityThread; (unsupported, reflection, allowed)
10-13 14:24:05.394  9013  9013 W om.liquid.poro: Accessing hidden method Landroid/app/ActivityThread;->getApplication()Landroid/app/Application; (unsupported, reflection, allowed)
10-13 14:24:05.395  9013  9013 I Utils   : com.liquid.poros reflect app success.
10-13 14:24:05.395  9013  9156 D PRETTY_LOGGER: ┌────────────────────────────────────────────────────────────────────────────────────────────────────────────────
10-13 14:24:05.395  9013  9156 D PRETTY_LOGGER: │ Thread: Thread-7
10-13 14:24:05.395  9013  9156 D PRETTY_LOGGER: ├┄┄┄┄┄┄┄┄┄┄┄┄┄┄┄┄┄┄┄┄┄┄┄┄┄┄┄┄┄┄┄┄┄┄┄┄┄┄┄┄┄┄┄┄┄┄┄┄┄┄┄┄┄┄┄┄┄┄┄┄┄┄┄┄┄┄┄┄┄┄┄┄┄┄┄┄┄┄┄┄┄┄┄┄┄┄┄┄┄┄┄┄┄┄┄┄┄┄┄┄┄┄┄┄┄┄┄┄┄┄┄┄
10-13 14:24:05.395  9013  9156 D PRETTY_LOGGER: │ RootUtil.hasRootPrivilege  (RootUtil.kt:32)
10-13 14:24:05.395  9013  9156 D PRETTY_LOGGER: │    LogOut.debug  (LogOut.java:46)
10-13 14:24:05.395  9013  9156 D PRETTY_LOGGER: ├┄┄┄┄┄┄┄┄┄┄┄┄┄┄┄┄┄┄┄┄┄┄┄┄┄┄┄┄┄┄┄┄┄┄┄┄┄┄┄┄┄┄┄┄┄┄┄┄┄┄┄┄┄┄┄┄┄┄┄┄┄┄┄┄┄┄┄┄┄┄┄┄┄┄┄┄┄┄┄┄┄┄┄┄┄┄┄┄┄┄┄┄┄┄┄┄┄┄┄┄┄┄┄┄┄┄┄┄┄┄┄┄
10-13 14:24:05.395  9013  9156 D PRETTY_LOGGER: │ rootCheck:first init isRoot false
10-13 14:24:05.396  9013  9156 D PRETTY_LOGGER: └────────────────────────────────────────────────────────────────────────────────────────────────────────────────
10-13 14:24:05.400  9013  9013 W om.liquid.poro: Accessing hidden method Ldalvik/system/VMRuntime;->getRuntime()Ldalvik/system/VMRuntime; (unsupported,core-platform-api, reflection, allowed)
10-13 14:24:05.400  9013  9013 W om.liquid.poro: Accessing hidden method Ldalvik/system/VMRuntime;->setHiddenApiExemptions([Ljava/lang/String;)V (blocked,core-platform-api, reflection, denied)
10-13 14:24:05.401  9013  9013 W om.liquid.poro: Opening an oat file without a class loader. Are you using the deprecated DexFile APIs?
10-13 14:24:05.401  9013  9013 W om.liquid.poro: DexFile /data/user/0/com.liquid.poros/code_cache/1697178245401.dex is in boot class path but is not in a known location
10-13 14:24:05.406  9013  9156 D ChannelUtils: channel 2---------------=unknown_channel
10-13 14:24:05.406  9013  9156 D ChannelUtils: channel 3-------------=unknown_channel
10-13 14:24:05.408  9126  9126 D CompatibilityChangeReporter: Compat change id reported: 171979766; UID 10660; state: DISABLED
10-13 14:24:05.413  9013  9171 D Linux   : [Posix_connect Debug]Process com.liquid.poros :8888 
10-13 14:24:05.420  9013  9180 D PRETTY_LOGGER: ┌────────────────────────────────────────────────────────────────────────────────────────────────────────────────
10-13 14:24:05.420  9013  9180 D PRETTY_LOGGER: │ Thread: RxCachedThreadScheduler-1
10-13 14:24:05.420  9013  9180 D PRETTY_LOGGER: ├┄┄┄┄┄┄┄┄┄┄┄┄┄┄┄┄┄┄┄┄┄┄┄┄┄┄┄┄┄┄┄┄┄┄┄┄┄┄┄┄┄┄┄┄┄┄┄┄┄┄┄┄┄┄┄┄┄┄┄┄┄┄┄┄┄┄┄┄┄┄┄┄┄┄┄┄┄┄┄┄┄┄┄┄┄┄┄┄┄┄┄┄┄┄┄┄┄┄┄┄┄┄┄┄┄┄┄┄┄┄┄┄
10-13 14:24:05.420  9013  9180 D PRETTY_LOGGER: │ UnionDataCache.loadUnionList  (UnionDataCache.kt:65)
10-13 14:24:05.420  9013  9180 D PRETTY_LOGGER: │    LogOut.debug  (LogOut.java:46)
10-13 14:24:05.420  9013  9180 D PRETTY_LOGGER: ├┄┄┄┄┄┄┄┄┄┄┄┄┄┄┄┄┄┄┄┄┄┄┄┄┄┄┄┄┄┄┄┄┄┄┄┄┄┄┄┄┄┄┄┄┄┄┄┄┄┄┄┄┄┄┄┄┄┄┄┄┄┄┄┄┄┄┄┄┄┄┄┄┄┄┄┄┄┄┄┄┄┄┄┄┄┄┄┄┄┄┄┄┄┄┄┄┄┄┄┄┄┄┄┄┄┄┄┄┄┄┄┄
10-13 14:24:05.420  9013  9180 D PRETTY_LOGGER: │ Feng#UnionDataCache:load, str: [{"familyInfo":{"carTeamRoomList":null,"cpRoomList":null,"cpSpecialRoomList":null,"familyDetail":null,"familyId":null,"voiceRoomList":null},"freePlayList":null,"myCarTeamList":null,"otherCarTeamList":null,"sectionInfo":{"result":[{"community_id":null,"id":0,"name":"我的家族<font color=\"#00C2B2\"> 【暂无】 </font>","sub_name":[{"community_id":null,"id":0,"name":"家族组CP速配区","sub_name":null,"code":0,"msg":null},{"community_id":null,"id":1,"name":"家族CP专属房间","sub_name":null,"code":0,"msg":null},{"community_id":null,"id":2,"name":"家族语音频道","sub_name":null,"code":0,"msg":null}],"code":0,"msg":null},{"community_id":null,"id":1,"name":"联盟文字频道","sub_name":null,"code":0,"msg":null},{"community_id":null,"id":2,"name":"联盟组CP速配区","sub_name":null,"code":0,"msg":null},{"community_id":null,"id":4,"name":"联盟其他家族","sub_name":null,"code":0,"msg":null}],"unionId":null,"code":0,"msg":"成功"},"success":true,"unionCoRoomList":{"familyId":null,"rooms":[],"unionId":"6359f37b055522228e8d624b","code":0,"msg":"ok"},"unionDetail":{"across_union_detail":{"across_union_detail":null,"apply_join_cnt":0,"banner":null,"family_list":null,"name":null,"rank_1_family_name":null,"union_channel":null,"union_text_channel_id":null,"union_text_channel_name":null,"union_id":null,"code":0,"msg":null},"banner":"http://static.diffusenetwork.com/poros_admin/img/c2fde5881fd84740b0a87f3c5f5566d7.jpg","desc":"","hall_info":{"active_status_desc":"","family_head":null,"family_id":"65075649","family_type":3,"im_room_id":"2570994879","isSelected":null,"newest_msg":"[进入房间]","notice_id":-1,"rtcRoomId":null,"title":"联盟活动大厅","unread_msg_count":0,"code":0,"msg":null},"icon":"http://static.diffusenetwork.com/poros_admin/img/cff5d0c7e0a94c9e9b606c1eb631b852.jpg","id":"6359f37b055522228e8d624b","im_room_id":null,"name":"\b风也温柔","new_pk_cnt":0,"notice_id":"","notification_group_id":"@TGS#_UTC6359f37b055522228e8d624b","notification_topic_id":"@TGS#_UTC6359f37b055522228e8d624b@TOPIC#_89878389","rank_1_family_name":"左边家族","type":"Union","union_contribution":{"red_dot":false,"show_union_contribution":false},"vr_info":{"icon":"http://static.diffusenetwork.com/vr/entry_icon.png","show":true,"code":0,"msg":null},"code":0,"msg":"成功"},"unionId":"6359f37b055522228e8d624b","unionLeaderPlayRoomList":null,"unionOtherFamilyList":{"familyList":[{"family_id":"99805249","family_name":"精灵商店专用🧚","im_room_id":"5819090241","isExpand":false,"is_join":false,"rtcRoomId":null,"code":0,"msg":null},{"family_id":"99462969","family_name":"左边家族","im_room_id":"5805246312","isExpand":false,"is_join":false,"rtcRoomId":null,"code":0,"msg":null},{"family_id":"85777399","family_name":"一颗西柚","im_room_id":"4436837771","isExpand":false,"is_join":false,"rtcRoomId":null,"code":0,"msg":null},{"family_id":"82452729","family_name":"让雨骤停","im_room_id":"4183148109","isExpand":false,"is_join":false,"rtcRoomId":null,"code":0,"msg":null},{"family_id":"65105439","family_name":"左侧家族","im_room_id":"2571044334","isExpand":false,"is_join":false,"rtcRoomId":null,"code":0,"msg":null}],"unionId":"6359f37b055522228e8d624b"},"unionTextChannelList":{"list":[]}},{"familyInfo":{"carTeamRoomList":null,"cpRoomList":{"familyId":"97895279","rooms":[{"anchorId":"1074590021","imRoomId":"txcp_9172485973","maxUserCount":0,"roomCover":"http://static.diffusenetwork.com/avatar/1697091813945.png","roomDesc":"hhh","roomId":"txcp_9172485973","roomTitle":"hhh","roomType":0,"roomUserList":[{"age":24,"avatarUrl":"/1074590021.png","gender":2,"isLeader":true,"isMicClose":null,"msgCount":0,"nickName":"春雨里洗过的太阳","roleName":"主持人","userId":"1074590021"}],"status":null}],"unionId":null,"code":0,"msg":"ok"},"cpSpecialRoomList":{"familyId":null,"hasExclusiveTeamRoom":null,"teamRooms":[{"familyId":"97895279","familyTeamId":"1027447738","gameType":0,"leaderId":""
