10-13 14:34:07.828 30521  1266 I AIDictConfig: onParse getDictInfoFromJSON  info.type=7, info.md5=4E5DEDB782CE3476BBB75859A089AE18, info.url=**********************************************************************  info.name =dict8,  info.identifier =4E5DEDB782CE3476BBB75859A089AE18
10-13 14:34:07.828 30521  1266 I AIDictConfig: onParse getDictInfoFromJSON  info.type=5, info.md5=34633E6AEB3254786D1F8C697B1D3A22, info.url=**********************************************************************  info.name =dict9,  info.identifier =34633E6AEB3254786D1F8C697B1D3A22
10-13 14:34:07.828 30521  1266 I AIDictConfig: onParse getDictInfoFromJSON info.diffURL=*************************************************************************** info.diffMD5=E2618229AED8F0D84DA3FB606A0D0370, info.diffSourceMD5=46596DEF022C6D7C6B9CE9D712910240
10-13 14:34:07.828 30521  1266 I AIDictConfig: onParse getDictInfoFromJSON  info.type=8, info.md5=208B534736DF877488C2B5957E84A683, info.url=***************************************************************************  info.name =dict-daily,  info.identifier =208B534736DF877488C2B5957E84A683
10-13 14:34:07.828 30521  1266 D AIDictConfig: mWordDictList list size =9
10-13 14:34:07.829 30521  1266 I ArkDict.Update: getEffectDictIdentifier, use base dict, dict-id=725-2018-09-04_16-55-48.561
10-13 14:34:07.830 30521 14880 I ZPlanGuardManager: onApplicationForeground
10-13 14:34:07.830 30521 14880 I [zplan][ZPlanFeatureSwitch]: enableZPlanPreload preload disable, return false
10-13 14:34:07.830 30521 14880 I ZPlanGuardManager: startEngineIfNeed, enablefalse, isZplanReady=false
10-13 14:34:07.830 30521  1266 I ArkDict.DictMgr: reloadWordData, dict already loaded, dict-id=725-2018-09-04_16-55-48.561
10-13 14:34:07.836 14408 14593 D ChannelUtils: 未解析到相应的渠道号，使用默认内部渠道号
10-13 14:34:07.836 14408 14593 D ChannelUtils: channel 2---------------=unknown_channel
10-13 14:34:07.836 14408 14593 D ChannelUtils: channel 3-------------=unknown_channel
10-13 14:34:07.855  1251  1792 I ActivityTaskManager: Displayed com.tencent.mobileqq/com.tencent.open.agent.AgentActivity: +1s840ms
10-13 14:34:07.861 12918 13246 D MSF.C.NetConnTag.true: netRecv ssoSeq:75476 uin:*2449 cmd:GxITOzQ2IDk+Dz8zMzZrKjgmDzUvLC0 76092 cross:0 socketEngineID: 0 socket: 28228338
10-13 14:34:07.862 12918 13242 I MSF.S.AppProcessManager: SendToApp process:com.tencent.mobileqq:openSdk fromServiceMsg: FromServiceMsg msName:unknown ssoSeq:75476 serviceCmd:QQConnectLogin.pre_auth appSeq:2 failCode:1000 cos t =0 needBoot=false to.len = 181 from.len = 518
10-13 14:34:07.864 12918 13200 D MSF.C.NetConnTag.true: pa ok: 75479
10-13 14:34:07.864 12918 13200 D MSF.C.NetConnTag.DualConnContext.true: tryDualConn
10-13 14:34:07.864 12918 13200 D MSF.C.NetConnTag.true: netSend ssoSeq:75479 uin:*2449 cmd:GxITOzQ2IDk+Dz8zMzZrKjgmDzUvLC0 75747 1aebaf2 socketEngineID: 0 socket: 28228338
10-13 14:34:07.921 12918  8782 D MSF.C.DeepSleepDetector: onProcessViewableChanged process: com.tencent.mobileqq:openSdk, state: true, at: 112867211
10-13 14:34:07.923 30521 30521 D GuardManager: [process][put] onReceive: invoked.  process: com.tencent.mobileqq:openSdk
10-13 14:34:07.923 30521 30521 D GuardManager: [process][ACTION_PLUGIN_FG] onReceive: invoked.  runningTimeAllowed: true
10-13 14:34:07.923 30521 30554 D GuardManager: [handleMessageForQQPluginFG] old: com.tencent.mobileqq:openSdk, new: com.tencent.mobileqq:openSdk
10-13 14:34:07.924 30521 30554 D GuardManager.GuardStateScheduler: [process] filterRealForegroundProcMap: invoked.  realProcMap: {com.tencent.mobileqq:openSdk=1697178847921}
10-13 14:34:07.932 30521 30554 D GuardManager.GuardStateScheduler: [process] filterRealForegroundProcMap: invoked.  realProcMap: {com.tencent.mobileqq:openSdk=1697178847921}
10-13 14:34:07.960 30521 26680 I SharedPreferencesProxyManager: getProxyInner from mLocalSPs
10-13 14:34:07.960 14408 14593 D ChannelUtils: 未解析到相应的渠道号，使用默认内部渠道号
10-13 14:34:07.960 14408 14593 D ChannelUtils: channel 2---------------=unknown_channel
10-13 14:34:07.960 14408 14593 D ChannelUtils: channel 3-------------=unknown_channel
10-13 14:34:07.978 12918 13246 D MSF.C.NetConnTag.true: netRecv ssoSeq:75479 uin:*2449 cmd:GxITOzQ2IDk+Dz8zMzZrKjgmDzUvLC0 76095 cross:0 socketEngineID: 0 socket: 28228338
10-13 14:34:07.978 12918 13242 I MSF.S.AppProcessManager: SendToApp process:com.tencent.mobileqq:openSdk fromServiceMsg: FromServiceMsg msName:unknown ssoSeq:75479 serviceCmd:QQConnectLogin.pre_auth appSeq:3 failCode:1000 cos t =0 needBoot=false to.len = 181 from.len = 518
10-13 14:34:07.993 30521 30521 I AutoMonitor: onComponentCreate, component: com.tencent.mobileqq.statistics.ReportReceiver@ed3edec ,mCurState = 201
10-13 14:34:07.997 30521 30521 I AutoMonitor: onComponentCreate, component: com.tencent.mobileqq.statistics.ReportReceiver@d40a44a ,mCurState = 201
10-13 14:34:08.001 14747 14747 W ratelimit: Single process limit 250/s drop 485 lines.
10-13 14:34:08.003 14747 14747 E SDK_LOGIN.NewAuthorityPresenter: showLocalInfo uin=2449
10-13 14:34:08.003 14747 14747 D SDK_LOGIN.BaseAuthorityAccountView: -->updateAccountFace uin=2449
10-13 14:34:08.003 14747 14747 D SDK_LOGIN.BaseAuthorityAccountView: 当前帐号：2449
10-13 14:34:08.003 14747 14747 D SDK_LOGIN.OpenCardContainer: switchToMode -->mode: 1, mMode=-1
10-13 14:34:08.003 14747 14897 D SDK_LOGIN.BaseCardContainer: --> result: gamead://open.gtimg.cn/open/app_icon/09/22/06/75/1109220675_android_ad_0.jpg
10-13 14:34:08.003 14747 14747 D SDK_LOGIN.PublicFragmentActivityForOpenSDK: doOnStart hashCode=23349944
10-13 14:34:08.004 14747 14747 I PERF_LOG: SM.onActivityResumed, scene is com.tencent.open.agent.PublicFragmentActivityForOpenSDK
10-13 14:34:08.004 14747 14747 D DtSdkInitStep: 848QQDT [ignoreAppEvent] activity: com.tencent.open.agent.PublicFragmentActivityForOpenSDK@1644ab8#com.tencent.open.agent.OpenAuthorityFragment@305182
10-13 14:34:08.004 14747 14747 I app.AppEventReporter: onActivityResume(), activity=com.tencent.open.agent.PublicFragmentActivityForOpenSDK@1644ab8#com.tencent.open.agent.OpenAuthorityFragment@305182
10-13 14:34:08.004 14747 14747 D SDK_LOGIN.PublicFragmentActivityForOpenSDK: doOnResume hashCode=23349944
10-13 14:34:08.008 14747 14747 D SDK_LOGIN.BaseAuthorityPresenter: doOnResume
10-13 14:34:08.008 30521 20187 I SDK_LOGIN.OpenSdkQIPCModule: onCall main proc action : action_open_auth_telemetry_report
10-13 14:34:08.008 14747 14747 I PERF_LOG: SM.onFragmentResumed, scene is com.tencent.open.agent.OpenAuthorityFragment
10-13 14:34:08.008 30521 20187 E MetricRecorder: innerCreateCounter error: invalid condition
10-13 14:34:08.009 30521 20187 E MetricCounter: add error: param wrong
10-13 14:34:08.027 14747 14747 E page.PageSwitchObserver: postAppearDetectionTask: unable to detect activity
10-13 14:34:08.027 14747 14747 E page.PageSwitchObserver: postAppearDetectionTask: unable to detect activity
10-13 14:34:08.033 14747 14826 I System.out: begin to call ****** send due to user permission
10-13 14:34:08.036 14747 14826 D Linux   : [Posix_connect Debug]Process com.tencent.mobileqq:openSdk :8888 
10-13 14:34:08.043 14747 14747 D SDK_LOGIN.SSOPreAuthPresenter: preAuthWithRetry isSuccess=true, type=0, mPreAuthRetryCount=0, cmd=QQConnectLogin.pre_auth
10-13 14:34:08.043 14747 14767 I PERF_LOG: SM.on foreground
10-13 14:34:08.043 14747 14747 D SDK_LOGIN.SSOPreAuthPresenter: preAuth mergeFrom success
10-13 14:34:08.043 14747 14747 E ForwardStatisticsReporter: report invalid key =KEY_PRE_AUTH
10-13 14:34:08.043 14747 14747 D SDK_LOGIN.SSOPreAuthPresenter: onPreAuthResponse
10-13 14:34:08.043 14747 14747 D SDK_LOGIN.SSOPreAuthPresenter: onPreAuthResponse Permission=Permission{mFlag=1, mTitle='获取你的详细资料, mDescription='昵称、头像、性别等信息, mIsNew=true, mApi=', mId=1010, mChecked=false}
10-13 14:34:08.043 14747 14747 D SDK_LOGIN.AuthMemoryCache: putPreAuthAppInfo=appName=进圈
10-13 14:34:08.043 14747 14747 D SDK_LOGIN.SSOPreAuthPresenter: onPreAuthResponse response.profiles.has()=false
10-13 14:34:08.043 14747 14747 D SDK_LOGIN.SSOLoginAction: preAuth onSuccess
10-13 14:34:08.043 14747 14747 D SDK_LOGIN.SSOLoginAction: unregisterExpiredCallback
10-13 14:34:08.043 14747 14747 D SDK_LOGIN.SSOLoginAction: unregisterExpiredReceiver mExpiredReceiver=com.tencent.open.agent.strategy.SSOLoginAction$12@1caacb3
10-13 14:34:08.043 14747 14747 D SDK_LOGIN.SSOLoginAction: removeExpiredRunnable
10-13 14:34:08.043 14747 14747 D SDK_LOGIN.SSOLoginAction: routerToAuthActivity isForceToLogin=false, isNew=true
10-13 14:34:08.051  1251  1792 I ActivityTaskManager: Displayed com.tencent.mobileqq/com.tencent.open.agent.PublicFragmentActivityForOpenSDK: +178ms
10-13 14:34:08.054 14747 14747 D SDK_LOGIN.AuthorityUtil: getPkgName=com.liquid.poros
10-13 14:34:08.054 14747 14747 D SDK_LOGIN.SSOLoginAction: getCallingPkgName pkgName=com.liquid.poros
10-13 14:34:08.055 14747 14747 D SDK_LOGIN.AuthorityUtil: getPkgName=com.liquid.poros
10-13 14:34:08.055 14747 14747 D SDK_LOGIN.BaseOpenSdkVirtualUtil: getAuthorizeSign.success
10-13 14:34:08.056 14747 14747 D PandoraEx.MonitorReporter: module[network], systemApi[NI#G_TY_NAME], scene[normal], strategy[normal], isSystemCall[true
10-13 14:34:08.056 14747 14747 D SDK_LOGIN.SSOLoginAction: go to auth UI
10-13 14:34:08.056 14747 14747 I TeleScreen|JefsClass: intercept: 
10-13 14:34:08.058 14747 14890 I System.out: begin to call ****** send due to user permission
10-13 14:34:08.061 14747 14890 D Linux   : [Posix_connect Debug]Process com.tencent.mobileqq:openSdk :8888 
10-13 14:34:08.066 14747 14747 D SDK_LOGIN.BaseAuthorityPresenter: onGetTicketNoPasswd uin=2449
10-13 14:34:08.066 14747 14747 D ForwardStatisticsReporter: KEY_DELEGATE_GET_TICKET_NO_PASSWD=71, uin=2449
10-13 14:34:08.066 14747 14747 D ForwardStatisticsReporter: KEY_LOGIN_STAGE_1_TOTAL=174, uin=2449
10-13 14:34:08.066 14747 14747 D SDK_LOGIN.NewAuthorityPresenter: queryAuthorityUseCache response=com.tencent.qconn.protofile.preAuth$PreAuthResponse@a7f7be4
10-13 14:34:08.067 14747 14747 D SDK_LOGIN.BaseCardContainer: -->genGameUrlImg: set error img
10-13 14:34:08.067 14747 14747 E page.PageSwitchObserver: postAppearDetectionTask: unable to detect activity
10-13 14:34:08.068 14747 14747 E page.PageSwitchObserver: postAppearDetectionTask: unable to detect activity
10-13 14:34:08.068 14747 14747 D SDK_LOGIN.PublicFragmentActivityForOpenSDK: doOnPause hashCode=23349944
10-13 14:34:08.068 14747 14747 I PERF_LOG: SM.onActivityPaused, scene is com.tencent.open.agent.PublicFragmentActivityForOpenSDK
10-13 14:34:08.068 14747 14747 I app.AppEventReporter: onActivityPause(), activity=com.tencent.open.agent.PublicFragmentActivityForOpenSDK@1644ab8#com.tencent.open.agent.OpenAuthorityFragment@305182
10-13 14:34:08.068 14747 14747 E page.PageSwitchObserver: postAppearDetectionTask: unable to detect activity
10-13 14:34:08.069 14747 14747 D SDK_LOGIN.BaseAuthorityPresenter: doOnPause
10-13 14:34:08.069 14747 14747 I PERF_LOG: SM.onFragmentPaused, scene is com.tencent.open.agent.OpenAuthorityFragment
10-13 14:34:08.070 14408 14593 W okhttp.OkHttpClient: <-- 200 OK http://poros-test.diffusenetwork.com/service/views/user/device_info?channel_name=unknown_channel&app=jinquan&hotfix_version=&nonce_str=4909b3be-031d-4fb6-ba43-9769481474a7&own_family_id=&device_id=68b3db9d-9ada-3174-a05a-cf26161b8c64&sign=3cZmsshgXLLX6avQgJEAng&Latitude=&Longitude=&et=1697178847300&pkg_name=com.liquid.poros&biz=jinquan&version_name=2.0.2.3&device_serial=unknown&wifi_proxy=true&mac_addr=020000000000&user_id=&wifi_mac_addr=unknow&wifi_vpn=false&platform_name=Android&imei=&own_union_id=&android_id=24c40c57d13f0bc6&oaid=11df45db5cebdaab16293e7bdfbdfa05357a989197129dabf30bf8d0c19f85f3 (366ms)
10-13 14:34:08.070 14408 14593 W okhttp.OkHttpClient: Date: Fri, 13 Oct 2023 06:34:08 GMT
10-13 14:34:08.070 14408 14593 W okhttp.OkHttpClient: Content-Type: application/json
10-13 14:34:08.070 14408 14593 W okhttp.OkHttpClient: Content-Length: 32
10-13 14:34:08.070 14408 14593 W okhttp.OkHttpClient: x-envoy-upstream-service-time: 9
10-13 14:34:08.070 14408 14593 W okhttp.OkHttpClient: x-env-flow-enable: true
10-13 14:34:08.070 14408 14593 W okhttp.OkHttpClient: Access-Control-Allow-Origin: *
10-13 14:34:08.070 14408 14593 W okhttp.OkHttpClient: Access-Control-Allow-Credentials: true
10-13 14:34:08.070 14408 14593 W okhttp.OkHttpClient: Access-Control-Allow-Methods: GET, PUT, POST, DELETE, PATCH, OPTIONS
10-13 14:34:08.070 14408 14593 W okhttp.OkHttpClient: Access-Control-Allow-Headers: DNT,Keep-Alive,User-Agent,X-Requested-With,If-Modified-Since,Cache-Control,Content-Type,Range,Authorization
10-13 14:34:08.070 14408 14593 W okhttp.OkHttpClient: Access-Control-Max-Age: 1728000
10-13 14:34:08.070 14408 14593 W okhttp.OkHttpClient: Connection: keep-alive
10-13 14:34:08.070 14408 14593 W okhttp.OkHttpClient: {"code":0,"msg":"\u6210\u529f"}
10-13 14:34:08.071 14408 14593 W okhttp.OkHttpClient: <-- END HTTP (32-byte body)
10-13 14:34:08.071 14408 14642 D apiRecord: 2023-10-13 14:34:08 |-| POST |-| http://poros-test.diffusenetwork.com/service/views/user/device_info?channel_name=unknown_channel&app=jinquan&hotfix_version=&nonce_str=4909b3be-031d-4fb6-ba43-9769481474a7&own_family_id=&device_id=68b3db9d-9ada-3174-a05a-cf26161b8c64&sign=3cZmsshgXLLX6avQgJEAng&Latitude=&Longitude=&et=1697178847300&pkg_name=com.liquid.poros&biz=jinquan&version_name=2.0.2.3&device_serial=unknown&wifi_proxy=true&mac_addr=020000000000&user_id=&wifi_mac_addr=unknow&wifi_vpn=false&platform_name=Android&imei=&own_union_id=&android_id=24c40c57d13f0bc6&oaid=11df45db5cebdaab16293e7bdfbdfa05357a989197129dabf30bf8d0c19f85f3 |-| curl -X POST -H 'Accept-Charset: UTF-8' -H 'Connection: keep-alive' -H 'Accept: */*' -H 'channel_name: unknown_channel' -H 'app: jinquan' -H 'hotfix_version: ' -H 'nonce_str: 37870807-d1be-4c11-a382-80f4eeb531c7' -H 'own_family_id: ' -H 'device_id: 68b3db9d-9ada-3174-a05a-cf26161b8c64' -H 'sign: d-LpIWMM77OL6-5igzhjcQ' -H 'Latitude: ' -H 'Longitude: ' -H 'et: 1697178847300' -H 'pkg_name: com.liquid.poros' -H 'biz: jinquan' -H 'version_name: 2.0.2.3' -H 'device_serial: unknown' -H 'wifi_proxy: true' -H 'mac_addr: 020000000000' -H 'user_id: ' -H 'wifi_mac_addr: unknow' -H 'wifi_vpn: false' -H 'platform_name: Android' -H 'imei: ' -H 'own_union_id: ' -H 'android_id: 24c40c57d13f0bc6' -H 'oaid: 11df45db5cebdaab16293e7bdfbdfa05357a989197129dabf30bf8d0c19f85f3' -H 'User-Agent: Mozilla/5.0 (Linux; Android 12; V2118A Build/SP1A.210812.003; wv) AppleWebKit/537.36 (KHTML, like Gecko) Version/4.0 Chrome/91.0.4472.114 Mobile Safari/537.36' -H 'Content-Type: application/json;charset=utf-8' -H 'Content-Length: 1031' -H 'Host: poros-test.diffusenetwork.com' -H 'Accept-Encoding: gzip' --data-binary '{"cpu_info":"AArch64 Processor rev 0 (aarch64)","cpu_abi_list":"arm64-v8a,armeabi-v7a,armeabi","client_type":"C","is_root":"false","operator":"lt","network":"NETWORK_WIFI","biz":"jinquan","platform_type":"debug","cpu_abi":"true","mac_addr":"020000000000","wifi_mac_addr":"unknow","system_version":"12","phone_manufacturer":"vivo","temperature":"0","platform_name":"Android","phone_display":"SP1A.210812.003 release-keys","oaid":"11df45db5cebdaab16293e7bdfbdfa05357a989197129dabf30bf8d0c19f85f3","total_capacity":"229 GB","channel_name":"unknown_channel","app":"jinquan","system_time":"1697178847697","device_id":"68b3db9d-9ada-3174-a05a-cf26161b8c64","event_time_str":"2023-10-13 14:34:07","remain_capacity":"37.33 GB","battery_rate":"0","phone_brand":"vivo","phone_model":"V2118A","version_name":"2.0.2.3","device_serial":"unknown","user_id":"","report_id":"b88044a7d2194617a530125da1a03713","display_metrics":"1080x2182","imei":"","android_id":"24c40c57d13f0bc6","cpu_core_num":"8","event_time":"1697178847697","total_ram":"8GB"}' --compressed http://poros-test.diffusenetwork.com/service/views/user/device_info?channel_name=unknown_channel&app=jinquan&hotfix_version=&nonce_str=4909b3be-031d-4fb6-ba43-9769481474a7&own_family_id=&device_id=68b3db9d-9ada-3174-a05a-cf26161b8c64&sign=3cZmsshgXLLX6avQgJEAng&Latitude=&Longitude=&et=1697178847300&pkg_name=com.liquid.poros&biz=jinquan&version_name=2.0.2.3&device_serial=unknown&wifi_proxy=true&mac_addr=020000000000&user_id=&wifi_mac_addr=unknow&wifi_vpn=false&platform_name=Android&imei=&own_union_id=&android_id=24c40c57d13f0bc6&oaid=11df45db5cebdaab16293e7bdfbdfa05357a989197129dabf30bf8d0c19f85f3 |-| {"code":0,"msg":"\u6210\u529f"}
10-13 14:34:08.082 14747 14747 D SDK_LOGIN.NewAuthorityPresenter: showUserInfo uin=2449
10-13 14:34:08.083 14747 14747 D SDK_LOGIN.BaseAuthorityAccountView: -->updateAccountFace uin=2449
10-13 14:34:08.083 14747 14747 D SDK_LOGIN.BaseAuthorityAccountView: 当前帐号：2449
10-13 14:34:08.083 14747 14747 D AvatarUpdateService: -->updateAvatar--uin = 2449
10-13 14:34:08.083 14747 14747 D SDK_LOGIN.NewAuthorityPresenter: parseGetAuthListResult ret=0
10-13 14:34:08.083 14747 14747 D SDK_LOGIN.OpenCardContainer: Permission{mFlag=1, mTitle='获取你的详细资料, mDescription='昵称、头像、性别等信息, mIsNew=true, mApi=', mId=1010, mChecked=false}
10-13 14:34:08.083 14747 14747 D SDK_LOGIN.OpenCardContainer: switchToMode -->mode: 0, mMode=1
10-13 14:34:08.083 14747 14747 D SDK_LOGIN.OpenCardContainer: --> has not been authority.
10-13 14:34:08.083 14747 14747 D SDK_LOGIN.BaseCardContainer: --> result: gamead://open.gtimg.cn/open/app_icon/09/22/06/75/1109220675_android_ad_0.jpg
10-13 14:34:08.083 14747 14747 D SDK_LOGIN.BaseCardContainer: getStatus OTHERS: 
10-13 14:34:08.083 14747 14747 D SDK_LOGIN.BaseAuthorityPresenter: onGetApiListSuccess authorized=false
10-13 14:34:08.084 14747 14808 D mqq     : newServlet = com.tencent.mobileqq.servlet.ReportServlet@4d52b81
10-13 14:34:08.084 14747 14922 D SDK_LOGIN.BaseCardContainer: --> result: gamead://open.gtimg.cn/open/app_icon/09/22/06/75/1109220675_android_ad_0.jpg
10-13 14:34:08.084 14747 14747 E SDK_LOGIN.AuthUIUtil: dismissDialog
10-13 14:34:08.084 14747 14808 D mqq     : registerServletCommand className:com.tencent.mobileqq.servlet.ReportServlet servlet:com.tencent.mobileqq.servlet.ReportServlet@4d52b81
10-13 14:34:08.084 14747 14883 I System.out: begin to call ****** send due to user permission
10-13 14:34:08.085 12918 13200 D MSF.C.NetConnTag.true: pa ok: 75484
10-13 14:34:08.085 12918 13200 D MSF.C.NetConnTag.DualConnContext.true: tryDualConn
10-13 14:34:08.086 12918 13200 D MSF.C.NetConnTag.true: netSend ssoSeq:75484 uin:*2449 cmd:CS85GDU/FiwpbQUkNjckPhgmIQ 75728 1aebaf2 socketEngineID: 0 socket: 28228338
10-13 14:34:08.089 14747 14747 E page.PageSwitchObserver: postAppearDetectionTask: unable to detect activity
10-13 14:34:08.090 14747 14747 D SDK_LOGIN.NewAuthorityPresenter: getAppInfo use cached appid=1109220675, appInfo=appName=进圈
10-13 14:34:08.091 14747 14883 D Linux   : [Posix_connect Debug]Process com.tencent.mobileqq:openSdk :8888 
10-13 14:34:08.091 14747 14747 I qqBaseActivity: initInjectVariable 之后，sInstanceCallbacks: com.tencent.mobileqq.app.lifecycle.MiniAIOBaseActivityLifecycleCallback@f2a7b57
10-13 14:34:08.091 14747 14747 I qqBaseActivity: initInjectVariable 之后，sInstanceCallbacks: com.tencent.mobileqq.app.lifecycle.DarkModeLifecycleImpl@2f53644
10-13 14:34:08.092 14747 14747 I qqBaseActivity: initInjectVariable 之后，sInjectModuleProviderList: com.tencent.mobileqq.app.activitymodule.DefaultActivityModuleProvider@385327b
10-13 14:34:08.093 14747 14747 D LocaleManager: tryApplyLocaleIfNeeded, resLocale:zh_CN
10-13 14:34:08.093 14747 14747 D LocaleManager: queryCurrentLocale, currentLocale:zh_CN
10-13 14:34:08.093 14747 14747 I plugin_tag: onActivityCreated: com.tencent.open.agent.PublicFragmentActivityForOpenSDK@1554875#com.tencent.open.agent.OpenAuthorityFragment
10-13 14:34:08.094 14747 14747 D SDK_LOGIN.PublicFragmentActivityForOpenSDK: doOnCreate hashCode=22366325
10-13 14:34:08.100 14747 14747 D ThemeNavigationBarUtil: [NavigationBar] setImmersiveNavigationBarColor activity=com.android.internal.policy.PhoneWindow@4bef6f1 color=-1
10-13 14:34:08.102 14747 14747 I app.AppEventReporter: onActivityStarted(), activity=com.tencent.open.agent.PublicFragmentActivityForOpenSDK@1554875#com.tencent.open.agent.OpenAuthorityFragment@d3e5957
10-13 14:34:08.102 14747 14747 D LocaleManager: tryApplyLocaleIfNeeded, resLocale:zh_CN
10-13 14:34:08.103 14747 14747 D LocaleManager: queryCurrentLocale, currentLocale:zh_CN
10-13 14:34:08.103 14747 14747 D SDK_LOGIN.OpenAuthorityFragment: onCreateView
10-13 14:34:08.109 14747 14747 D open_log: addLoginHistory uin=2449
10-13 14:34:08.115 14747 14747 D SDK_LOGIN.OpenAuthorityAccountView: -->initUI
10-13 14:34:08.115 14747 14747 D SDK_LOGIN.BaseAuthorityAccountView: -->initBaseUI
10-13 14:34:08.117 14747 14747 D SDK_LOGIN.BaseAuthorityAccountView: -->initOrUpdateAccountList
10-13 14:34:08.117 14747 14747 D SDK_LOGIN.BaseAuthorityAccountView:  第0帐号: 1757382449
10-13 14:34:08.117 14747 14747 D SDK_LOGIN.BaseAuthorityAccountView:  第1帐号: 2407462438
10-13 14:34:08.117 14747 14747 D SDK_LOGIN.BaseAuthorityAccountView:  第2帐号: 1544205781
10-13 14:34:08.117 14747 14747 D SDK_LOGIN.BaseAuthorityAccountView:  第3帐号: 1172546094
10-13 14:34:08.117 14747 14747 D SDK_LOGIN.BaseAuthorityAccountView:  第4帐号: 1755064021
10-13 14:34:08.117 14747 14747 D SDK_LOGIN.BaseAuthorityAccountView:  第5帐号: 3354219755
10-13 14:34:08.117 14747 14747 D SDK_LOGIN.BaseAuthorityAccountView:  第6帐号: 1668648233
10-13 14:34:08.117 14747 14747 D SDK_LOGIN.BaseAuthorityAccountView: -->updateDropDownViews
10-13 14:34:08.118 14747 14747 D SDK_LOGIN.BaseAuthorityAccountView: -->updateAccountFace uin=2449
10-13 14:34:08.119 14747 14747 D SDK_LOGIN.BaseAuthorityAccountView: -->updateAccountFace uin=2438
10-13 14:34:08.120 14747 14747 D SDK_LOGIN.BaseAuthorityAccountView: -->updateAccountFace uin=5781
10-13 14:34:08.121 14747 14747 D SDK_LOGIN.BaseAuthorityAccountView: -->updateAccountFace uin=6094
10-13 14:34:08.122 14747 14747 D SDK_LOGIN.BaseAuthorityAccountView: -->updateAccountFace uin=4021
10-13 14:34:08.123 14747 14747 D SDK_LOGIN.BaseAuthorityAccountView: -->updateAccountFace uin=9755
10-13 14:34:08.124 14747 14747 D SDK_LOGIN.BaseAuthorityAccountView: -->updateAccountFace uin=8233
10-13 14:34:08.134 14747 14747 D SDK_LOGIN.OpenCardContainer: onFinishInflate java.lang.Throwable
10-13 14:34:08.134 14747 14747 D SDK_LOGIN.OpenCardContainer: 	at com.tencent.open.agent.OpenCardContainer.onFinishInflate(P:84)
10-13 14:34:08.134 14747 14747 D SDK_LOGIN.OpenCardContainer: 	at android.view.LayoutInflater.rInflate(LayoutInflater.java:1194)
10-13 14:34:08.134 14747 14747 D SDK_LOGIN.OpenCardContainer: 	at android.view.LayoutInflater.rInflateChildren(LayoutInflater.java:1142)
10-13 14:34:08.134 14747 14747 D SDK_LOGIN.OpenCardContainer: 	at android.view.LayoutInflater.rInflate(LayoutInflater.java:1184)
10-13 14:34:08.134 14747 14747 D SDK_LOGIN.OpenCardContainer: 	at android.view.LayoutInflater.rInflateChildren(LayoutInflater.java:1142)
10-13 14:34:08.134 14747 14747 D SDK_LOGIN.OpenCardContainer: 	at android.view.LayoutInflater.inflate(LayoutInflater.java:701)
10-13 14:34:08.134 14747 14747 D SDK_LOGIN.OpenCardContainer: 	at android.view.LayoutInflater.inflate(LayoutInflater.java:553)
10-13 14:34:08.134 14747 14747 D SDK_LOGIN.OpenCardContainer: 	at com.tencent.open.agent.OpenAuthorityFragment.onCreateView(P:103)
10-13 14:34:08.134 14747 14747 D SDK_LOGIN.OpenCardContainer: 	at androidx.fragment.app.Fragment.performCreateView(P:2699)
10-13 14:34:08.134 14747 14747 D SDK_LOGIN.OpenCardContainer: 	at androidx.fragment.app.FragmentStateManager.createView(P:320)
10-13 14:34:08.134 14747 14747 D SDK_LOGIN.OpenCardContainer: 	at androidx.fragment.app.FragmentManager.moveToState(P:1199)
10-13 14:34:08.134 14747 14747 D SDK_LOGIN.OpenCardContainer: 	at androidx.fragment.app.FragmentManager.moveToState(P:1368)
10-13 14:34:08.134 14747 14747 D SDK_LOGIN.OpenCardContainer: 	at androidx.fragment.app.FragmentManager.moveFragmentToExpectedState(P:1446)
10-13 14:34:08.134 14747 14747 D SDK_LOGIN.OpenCardContainer: 	at androidx.fragment.app.FragmentManager.moveToState(P:1509)
10-13 14:34:08.134 14747 14747 D SDK_LOGIN.OpenCardContainer: 	at androidx.fragment.app.BackStackRecord.executeOps(P:447)
10-13 14:34:08.134 14747 14747 D SDK_LOGIN.OpenCardContainer: 	at androidx.fragment.app.FragmentManager.executeOps(P:2181)
10-13 14:34:08.134 14747 14747 D SDK_LOGIN.OpenCardContainer: 	at androidx.fragment.app.FragmentManager.executeOpsTogether(P:2004)
10-13 14:34:08.134 14747 14747 D SDK_LOGIN.OpenCardContainer: 	at androidx.fragment.app.FragmentManager.removeRedundantOperationsAndExecute(P:1959)
10-13 14:34:08.134 14747 14747 D SDK_LOGIN.OpenCardContainer: 	at androidx.fragment.app.FragmentManager.execPendingActions(P:1861)
10-13 14:34:08.134 14747 14747 D SDK_LOGIN.OpenCardContainer: 	at androidx.fragment.app.FragmentManager.dispatchStateChange(P:2641)
10-13 14:34:08.134 14747 14747 D SDK_LOGIN.OpenCardContainer: 	at androidx.fragment.app.FragmentManager.dispatchActivityCreated(P:2589)
10-13 14:34:08.134 14747 14747 D SDK_LOGIN.OpenCardContainer: 	at androidx.fragment.app.FragmentController.dispatchActivityCreated(P:247)
10-13 14:34:08.134 14747 14747 D SDK_LOGIN.OpenCardContainer: 	at androidx.fragment.app.FragmentActivity.onStart(P:541)
10-13 14:34:08.134 14747 14747 D SDK_LOGIN.OpenCardContainer: 	at mqq.app.AppActivity.onStart(P:282)
10-13 14:34:08.134 14747 14747 D SDK_LOGIN.OpenCardContainer: 	at android.app.Instrumentation.callActivityOnStart(Instrumentation.java:1455)
10-13 14:34:08.134 14747 14747 D SDK_LOGIN.OpenCardContainer: 	at android.app.Activity.performStart(Activity.java:8388)
10-13 14:34:08.134 14747 14747 D SDK_LOGIN.OpenCardContainer: 	at android.app.ActivityThread.handleStartActivity(ActivityThread.java:3957)
10-13 14:34:08.134 14747 14747 D SDK_LOGIN.OpenCardContainer: 	at android.app.servertransaction.TransactionExecutor.performLifecycleSequence(TransactionExecutor.java:221)
10-13 14:34:08.134 14747 14747 D SDK_LOGIN.OpenCardContainer: 	at android.app.servertransaction.TransactionExecutor.cycleToPath(TransactionExecutor.java:201)
10-13 14:34:08.134 14747 14747 D SDK_LOGIN.OpenCardContainer: 	at android.app.servertransaction.TransactionExecutor.executeLifecycleState(TransactionExecutor.java:173)
10-13 14:34:08.134 14747 14747 D SDK_LOGIN.OpenCardContainer: 	at android.app.servertransaction.TransactionExecutor.execute(TransactionExecutor.java:97)
10-13 14:34:08.134 14747 14747 D SDK_LOGIN.OpenCardContainer: 	at android.app.ActivityThread$H.handleMessage(ActivityThread.java:2434)
10-13 14:34:08.134 14747 14747 D SDK_LOGIN.OpenCardContainer: 	at android.os.Handler.dispatchMessage(Handler.java:106)
10-13 14:34:08.134 14747 14747 D SDK_LOGIN.OpenCardContainer: 	at android.os.Looper.loopOnce(Looper.java:233)
10-13 14:34:08.134 14747 14747 D SDK_LOGIN.OpenCardContainer: 	at android.os.Looper.loop(Looper.java:334)
10-13 14:34:08.134 14747 14747 D SDK_LOGIN.OpenCardContainer: 	at android.app.ActivityThread.main(ActivityThread.java:8344)
10-13 14:34:08.134 14747 14747 D SDK_LOGIN.OpenCardContainer: 	at java.lang.reflect.Method.invoke(Native Method)
10-13 14:34:08.134 14747 14747 D SDK_LOGIN.OpenCardContainer: 	at com.android.internal.os.RuntimeInit$MethodAndArgsCaller.run(RuntimeInit.java:582)
10-13 14:34:08.134 14747 14747 D SDK_LOGIN.OpenCardContainer: 	at com.android.internal.os.ZygoteInit.main(ZygoteInit.java:1065)
10-13 14:34:08.134 14747 14747 D SDK_LOGIN.BaseAuthorityPresenter: app=com.tencent.qqconnect.wtlogin.OpenSDKAppInterface@91e502f, mWtLoginManager=mqq.app.WtloginManagerImpl@4b0a2c0
10-13 14:34:08.134 14747 14747 D SDK_LOGIN.OpenCardContainer: setPresenter java.lang.Throwable
10-13 14:34:08.134 14747 14747 D SDK_LOGIN.OpenCardContainer: 	at com.tencent.open.agent.OpenCardContainer.setPresenter(P:312)
10-13 14:34:08.134 14747 14747 D SDK_LOGIN.OpenCardContainer: 	at com.tencent.open.agent.OpenAuthorityFragment.a(P:228)
10-13 14:34:08.134 14747 14747 D SDK_LOGIN.OpenCardContainer: 	at com.tencent.open.agent.OpenAuthorityFragment.onCreateView(P:124)
10-13 14:34:08.134 14747 14747 D SDK_LOGIN.OpenCardContainer: 	at androidx.fragment.app.Fragment.performCreateView(P:2699)
10-13 14:34:08.134 14747 14747 D SDK_LOGIN.OpenCardContainer: 	at androidx.fragment.app.FragmentStateManager.createView(P:320)
10-13 14:34:08.134 14747 14747 D SDK_LOGIN.OpenCardContainer: 	at androidx.fragment.app.FragmentManager.moveToState(P:1199)
10-13 14:34:08.134 14747 14747 D SDK_LOGIN.OpenCardContainer: 	at androidx.fragment.app.FragmentManager.moveToState(P:1368)
10-13 14:34:08.134 14747 14747 D SDK_LOGIN.OpenCardContainer: 	at androidx.fragment.app.FragmentManager.moveFragmentToExpectedState(P:1446)
10-13 14:34:08.134 14747 14747 D SDK_LOGIN.OpenCardContainer: 	at androidx.fragment.app.FragmentManager.moveToState(P:1509)
10-13 14:34:08.134 14747 14747 D SDK_LOGIN.OpenCardContainer: 	at androidx.fragment.app.BackStackRecord.executeOps(P:447)
10-13 14:34:08.134 14747 14747 D SDK_LOGIN.OpenCardContainer: 	at androidx.fragment.app.FragmentManager.executeOps(P:2181)
10-13 14:34:08.134 14747 14747 D SDK_LOGIN.OpenCardContainer: 	at androidx.fragment.app.FragmentManager.executeOpsTogether(P:2004)
10-13 14:34:08.134 14747 14747 D SDK_LOGIN.OpenCardContainer: 	at androidx.fragment.app.FragmentManager.removeRedundantOperationsAndExecute(P:1959)
10-13 14:34:08.134 14747 14747 D SDK_LOGIN.OpenCardContainer: 	at androidx.fragment.app.FragmentManager.execPendingActions(P:1861)
10-13 14:34:08.134 14747 14747 D SDK_LOGIN.OpenCardContainer: 	at androidx.fragment.app.FragmentManager.dispatchStateChange(P:2641)
10-13 14:34:08.134 14747 14747 D SDK_LOGIN.OpenCardContainer: 	at androidx.fragment.app.FragmentManager.dispatchActivityCreated(P:2589)
10-13 14:34:08.134 14747 14747 D SDK_LOGIN.OpenCardContainer: 	at androidx.fragment.app.FragmentController.dispatchActivityCreated(P:247)
10-13 14:34:08.134 14747 14747 D SDK_LOGIN.OpenCardContainer: 	at androidx.fragment.app.FragmentActivity.onStart(P:541)
10-13 14:34:08.134 14747 14747 D SDK_LOGIN.OpenCardContainer: 	at mqq.app.AppActivity.onStart(P:282)
10-13 14:34:08.134 14747 14747 D SDK_LOGIN.OpenCardContainer: 	at android.app.Instrumentation.callActivityOnStart(Instrumentation.java:1455)
10-13 14:34:08.134 14747 14747 D SDK_LOGIN.OpenCardContainer: 	at android.app.Activity.performStart(Activity.java:8388)
10-13 14:34:08.134 14747 14747 D SDK_LOGIN.OpenCardContainer: 	at android.app.ActivityThread.handleStartActivity(ActivityThread.java:3957)
10-13 14:34:08.134 14747 14747 D SDK_LOGIN.OpenCardContainer: 	at android.app.servertransaction.TransactionExecutor.performLifecycleSequence(TransactionExecutor.java:221)
10-13 14:34:08.134 14747 14747 D SDK_LOGIN.OpenCardContainer: 	at android.app.servertransaction.TransactionExecutor.cycleToPath(TransactionExecutor.java:201)
10-13 14:34:08.134 14747 14747 D SDK_LOGIN.OpenCardContainer: 	at android.app.servertransaction.TransactionExecutor.executeLifecycleState(TransactionExecutor.java:173)
10-13 14:34:08.134 14747 14747 D SDK_LOGIN.OpenCardContainer: 	at android.app.servertransaction.TransactionExecutor.execute(TransactionExecutor.java:97)
10-13 14:34:08.134 14747 14747 D SDK_LOGIN.OpenCardContainer: 	at android.app.ActivityThread$H.handleMessage(ActivityThread.java:2434)
10-13 14:34:08.134 14747 14747 D SDK_LOGIN.OpenCardContainer: 	at android.os.Handler.dispatchMessage(Handler.java:106)
10-13 14:34:08.134 14747 14747 D SDK_LOGIN.OpenCardContainer: 	at android.os.Looper.loopOnce(Looper.java:233)
10-13 14:34:08.134 14747 14747 D SDK_LOGIN.OpenCardContainer: 	at android.os.Looper.loop(Looper.java:334)
10-13 14:34:08.134 14747 14747 D SDK_LOGIN.OpenCardContainer: 	at android.app.ActivityThread.main(ActivityThread.java:8344)
10-13 14:34:08.134 14747 14747 D SDK_LOGIN.OpenCardContainer: 	at java.lang.reflect.Method.invoke(Native Method)
10-13 14:34:08.134 14747 14747 D SDK_LOGIN.OpenCardContainer: 	at com.android.internal.os.RuntimeInit$MethodAndArgsCaller.run(RuntimeInit.java:582)
10-13 14:34:08.134 14747 14747 D SDK_LOGIN.OpenCardContainer: 	at com.android.internal.os.ZygoteInit.main(ZygoteInit.java:1065)
10-13 14:34:08.135 14747 14747 D SDK_LOGIN.NewAuthorityPresenter: onCreate44
10-13 14:34:08.136 14747 14824 D Linux   : [Posix_connect Debug]Process com.tencent.mobileqq:openSdk :8888 
10-13 14:34:08.136 14747 14747 D SDK_LOGIN.AuthorityUtil: --> getCurrentUin isLogin currentUin=2449
10-13 14:34:08.136 14747 14747 D SDK_LOGIN.BaseAuthorityPresenter: init internal=false, fromSdk=false, appId=1109220675, fromQr=false
10-13 14:34:08.143 30521 30521 I AutoMonitor: onComponentCreate, component: com.tencent.mobileqq.statistics.ReportReceiver@eecbb16 ,mCurState = 201
10-13 14:34:08.145 14747 14747 D SDK_LOGIN.BaseAuthorityPresenter: jumpToPWDUnlock false
10-13 14:34:08.145 14747 14747 D SDK_LOGIN.BaseAuthorityPresenter: startAccountActivity
10-13 14:34:08.145 14747 14747 D SDK_LOGIN.BaseAuthorityPresenter: login uin=2449
10-13 14:34:08.145 14747 14747 D SDK_LOGIN.AuthorityUtil: IsNeedLoginWithPasswd false uin=2449
10-13 14:34:08.145 14747 14747 D SDK_LOGIN.BaseAuthorityPresenter: send | cmd: g_t_n_p | uin : *2449
10-13 14:34:08.145 14747 14747 D SDK_LOGIN.BaseAuthorityPresenter: refreshTicket uin=2449
10-13 14:34:08.145 14747 14747 E SDK_LOGIN.AuthorityUtil: getConnectData appid=1109220675&sdkp=a
10-13 14:34:08.146 14747 14747 D SDK_LOGIN.AuthMemoryCache: isForceTo540 uin=2449, force540=false
10-13 14:34:08.146 14747 14747 D TicketManager: get ticket succ, a!
10-13 14:34:08.146 14747 14747 D SDK_LOGIN.AuthorityUtil: host getA2 uin=2449  3858
10-13 14:34:08.146 14747 14747 D SDK_LOGIN.AuthorityUtil: isUse540Ticket qq current account hasA2=true, hasD2=true
10-13 14:34:08.146 14747 14747 D SDK_LOGIN.BaseAccountManage: -->delegateGetTicketNoPasswd--refresh=1
10-13 14:34:08.147 14747 14747 D TicketManager: get ticket succ, sk!
10-13 14:34:08.147 14747 14747 E open_log: shouldUpdateSkey ret=false
10-13 14:34:08.147 14747 14747 D SDK_LOGIN.BaseAccountManage: ticketqq valid
10-13 14:34:08.147 14747 14747 D TicketManager: get ticket succ, st!
10-13 14:34:08.147 14747 14747 D TicketManager: get ticket succ, stKey!
10-13 14:34:08.147 14747 14747 D SDK_LOGIN.BaseAccountManage: delegateGetTicketNoPasswd fake SSOAccountObserver success.
10-13 14:34:08.147 14747 14747 E SDK_LOGIN.AuthUIUtil: showLoading
10-13 14:34:08.148 30521 30521 I AutoMonitor: onComponentCreate, component: com.tencent.mobileqq.statistics.ReportReceiver@b6c0e84 ,mCurState = 201
10-13 14:34:08.154 14747 14747 E SDK_LOGIN.NewAuthorityPresenter: showLocalInfo uin=2449
10-13 14:34:08.155 14747 14747 D SDK_LOGIN.BaseAuthorityAccountView: -->updateAccountFace uin=2449
10-13 14:34:08.155 14747 14747 D SDK_LOGIN.BaseAuthorityAccountView: 当前帐号：2449
10-13 14:34:08.155 14747 14747 D SDK_LOGIN.OpenCardContainer: switchToMode -->mode: 1, mMode=-1
10-13 14:34:08.155 14747 14747 D SDK_LOGIN.PublicFragmentActivityForOpenSDK: doOnStart hashCode=22366325
10-13 14:34:08.155 14747 14928 D SDK_LOGIN.BaseCardContainer: --> result: gamead://open.gtimg.cn/open/app_icon/09/22/06/75/1109220675_android_ad_0.jpg
10-13 14:34:08.155 14747 14747 I PERF_LOG: SM.onActivityResumed, scene is com.tencent.open.agent.PublicFragmentActivityForOpenSDK
10-13 14:34:08.155 14747 14747 D DtSdkInitStep: 848QQDT [ignoreAppEvent] activity: com.tencent.open.agent.PublicFragmentActivityForOpenSDK@1554875#com.tencent.open.agent.OpenAuthorityFragment@d3e5957
10-13 14:34:08.155 14747 14747 I app.AppEventReporter: onActivityResume(), activity=com.tencent.open.agent.PublicFragmentActivityForOpenSDK@1554875#com.tencent.open.agent.OpenAuthorityFragment@d3e5957
10-13 14:34:08.155 14747 14747 D SDK_LOGIN.PublicFragmentActivityForOpenSDK: doOnResume hashCode=22366325
10-13 14:34:08.160 14747 14747 D SDK_LOGIN.BaseAuthorityPresenter: doOnResume
10-13 14:34:08.160 30521 20187 I SDK_LOGIN.OpenSdkQIPCModule: onCall main proc action : action_open_auth_telemetry_report
10-13 14:34:08.160 14747 14747 I PERF_LOG: SM.onFragmentResumed, scene is com.tencent.open.agent.OpenAuthorityFragment
10-13 14:34:08.160 30521 20187 E MetricRecorder: innerCreateCounter error: invalid condition
10-13 14:34:08.160 30521 20187 E MetricCounter: add error: param wrong
10-13 14:34:08.176 14747 14747 E page.PageSwitchObserver: postAppearDetectionTask: unable to detect activity
10-13 14:34:08.176 14747 14747 E page.PageSwitchObserver: postAppearDetectionTask: unable to detect activity
10-13 14:34:08.191 14747 14747 D SDK_LOGIN.BaseCardContainer: -->genGameUrlImg: set error img
10-13 14:34:08.191 14747 14747 D SDK_LOGIN.NewAuthorityPresenter: parseAppInfoResponse hasAppIcon=false, response=appName=进圈
10-13 14:34:08.191 14747 14747 D SDK_LOGIN.NewAuthorityPresenter: parseGetAppInfoResponse appName=进圈
10-13 14:34:08.191 14747 14747 I SDK_LOGIN.BaseAuthorityPresenter: fetchAppIcon imgUrl is com.tencent.open.agent.entity.IconUrlSize@73d7cb1
10-13 14:34:08.191 14747 14747 D SDK_LOGIN.BaseAuthorityPresenter: onGetTicketNoPasswd uin=2449
10-13 14:34:08.191 14747 14747 D ForwardStatisticsReporter: KEY_DELEGATE_GET_TICKET_NO_PASSWD=46, uin=2449
10-13 14:34:08.192 14747 14747 E ForwardStatisticsReporter: report invalid key =KEY_LOGIN_STAGE_1_TOTAL
10-13 14:34:08.192 14747 14747 D SDK_LOGIN.NewAuthorityPresenter: queryAuthorityUseCache response=com.tencent.qconn.protofile.preAuth$PreAuthResponse@a7f7be4
10-13 14:34:08.192 14747 14747 D SDK_LOGIN.BaseCardContainer: -->genGameUrlImg: set error img
10-13 14:34:08.194 14747 14877 I System.out: begin to call ****** send due to user permission
10-13 14:34:08.195 14747 14836 D Linux   : [Posix_connect Debug]Process com.tencent.mobileqq:openSdk :8888 
10-13 14:34:08.198 14747 14877 D Linux   : [Posix_connect Debug]Process com.tencent.mobileqq:openSdk :8888 
10-13 14:34:08.201 14747 14824 W SSLCertificateSocketFactory: Bypassing SSL security checks at caller's request
10-13 14:34:08.203  1251  1792 I ActivityTaskManager: Displayed com.tencent.mobileqq/com.tencent.open.agent.PublicFragmentActivityForOpenSDK: +141ms
10-13 14:34:08.214 14747 14747 D SDK_LOGIN.NewAuthorityPresenter: showUserInfo uin=2449
10-13 14:34:08.214 14747 14747 D SDK_LOGIN.BaseAuthorityAccountView: -->updateAccountFace uin=2449
10-13 14:34:08.214 14747 14747 D SDK_LOGIN.BaseAuthorityAccountView: 当前帐号：2449
10-13 14:34:08.214 14747 14747 D AvatarUpdateService: -->updateAvatar--uin = 2449
10-13 14:34:08.214 14747 14747 D SDK_LOGIN.NewAuthorityPresenter: parseGetAuthListResult ret=0
10-13 14:34:08.215 14747 14747 D SDK_LOGIN.OpenCardContainer: Permission{mFlag=1, mTitle='获取你的详细资料, mDescription='昵称、头像、性别等信息, mIsNew=true, mApi=', mId=1010, mChecked=false}
10-13 14:34:08.215 14747 14747 D SDK_LOGIN.OpenCardContainer: switchToMode -->mode: 0, mMode=1
10-13 14:34:08.215 14747 14747 D SDK_LOGIN.OpenCardContainer: --> has not been authority.
10-13 14:34:08.215 14747 14747 D SDK_LOGIN.BaseCardContainer: --> result: gamead://open.gtimg.cn/open/app_icon/09/22/06/75/1109220675_android_ad_0.jpg
10-13 14:34:08.215 14747 14897 D SDK_LOGIN.BaseCardContainer: --> result: gamead://open.gtimg.cn/open/app_icon/09/22/06/75/1109220675_android_ad_0.jpg
10-13 14:34:08.215 14747 14747 D SDK_LOGIN.BaseCardContainer: getStatus OTHERS: 
10-13 14:34:08.215 14747 14747 D SDK_LOGIN.BaseAuthorityPresenter: onGetApiListSuccess authorized=false
10-13 14:34:08.215 14747 14870 I System.out: begin to call ****** send due to user permission
10-13 14:34:08.215 14747 14747 E SDK_LOGIN.AuthUIUtil: dismissDialog
10-13 14:34:08.216 12918 13200 D MSF.C.NetConnTag.true: pa ok: 75486
10-13 14:34:08.216 12918 13200 D MSF.C.NetConnTag.DualConnContext.true: tryDualConn
10-13 14:34:08.217 12918 13200 D MSF.C.NetConnTag.true: netSend ssoSeq:75486 uin:*2449 cmd:CS85GDU/FiwpbQUkNjckPhgmIQ 75730 1aebaf2 socketEngineID: 0 socket: 28228338
10-13 14:34:08.217 14747 14870 D Linux   : [Posix_connect Debug]Process com.tencent.mobileqq:openSdk :8888 
10-13 14:34:08.228 14747 14747 E page.PageSwitchObserver: postAppearDetectionTask: unable to detect activity
10-13 14:34:08.228 14747 14747 D SDK_LOGIN.NewAuthorityPresenter: getAppInfo use cached appid=1109220675, appInfo=appName=进圈
10-13 14:34:08.230 14747 14747 D SDK_LOGIN.BaseCardContainer: -->genGameUrlImg: set error img
10-13 14:34:08.231 14747 14747 D SDK_LOGIN.NewAuthorityPresenter: parseAppInfoResponse hasAppIcon=false, response=appName=进圈
10-13 14:34:08.232 14747 14747 D SDK_LOGIN.NewAuthorityPresenter: parseGetAppInfoResponse appName=进圈
10-13 14:34:08.232 14747 14747 I SDK_LOGIN.BaseAuthorityPresenter: fetchAppIcon imgUrl is com.tencent.open.agent.entity.IconUrlSize@73d7cb1
10-13 14:34:08.233 14747 14747 D SDK_LOGIN.BaseAuthorityAccountView: -->updateAccountFace success uin = 2449
10-13 14:34:08.233 14747 14747 D SDK_LOGIN.BaseAuthorityAccountView: -->updateAccountFace success uin = 2438
10-13 14:34:08.233 14747 14747 D SDK_LOGIN.BaseAuthorityAccountView: -->updateAccountFace success uin = 5781
10-13 14:34:08.233 14747 14747 D SDK_LOGIN.BaseAuthorityAccountView: -->updateAccountFace success uin = 6094
10-13 14:34:08.233 14747 14747 D SDK_LOGIN.BaseAuthorityAccountView: -->updateAccountFace success uin = 4021
10-13 14:34:08.233 14747 14747 D SDK_LOGIN.BaseAuthorityAccountView: -->updateAccountFace success uin = 9755
10-13 14:34:08.233 14747 14747 D SDK_LOGIN.BaseAuthorityAccountView: -->updateAccountFace success uin = 8233
10-13 14:34:08.234 14747 14747 D SDK_LOGIN.BaseAuthorityAccountView: -->updateAccountFace success uin = 2449
10-13 14:34:08.236 14747 14922 D Linux   : [Posix_connect Debug]Process com.tencent.mobileqq:openSdk :8888 
10-13 14:34:08.242 14747 14747 D ImeFocusController: onViewFocusChanged, view=android.widget.RelativeLayout{a8a9d64 VFE...... .F...... 0,130-1080,200 #7f0b05db app:id/vr}, mServedView=null
10-13 14:34:08.243 14747 14747 V ImeFocusController: onWindowFocus: android.widget.RelativeLayout{a8a9d64 VFE...... .F...... 0,130-1080,200 #7f0b05db app:id/vr} softInputMode=STATE_UNSPECIFIED|ADJUST_RESIZE|IS_FORWARD_NAVIGATION
10-13 14:34:08.243 14747 14747 V ImeFocusController: Restarting due to isRestartOnNextWindowFocus as true
10-13 14:34:08.243 14747 14747 D ImeFocusController: onViewFocusChanged, view=android.widget.RelativeLayout{a8a9d64 VFE...... .F...... 0,130-1080,200 #7f0b05db app:id/vr}, mServedView=null
10-13 14:34:08.243 14747 14747 V ImeFocusController: checkFocus: view=null next=android.widget.RelativeLayout{a8a9d64 VFE...... .F...... 0,130-1080,200 #7f0b05db app:id/vr} force=true package=<none>
10-13 14:34:08.245 14747 14747 D SDK_LOGIN.BaseAuthorityAccountView: -->updateAccountFace success uin = 2449
10-13 14:34:08.250 14747 14747 D SDK_LOGIN.BaseAuthorityAccountView: -->updateAccountFace success uin = 2449
10-13 14:34:08.250 14747 14747 D SDK_LOGIN.BaseAuthorityAccountView: -->updateAccountFace success uin = 2438
10-13 14:34:08.250 14747 14747 D SDK_LOGIN.BaseAuthorityAccountView: -->updateAccountFace success uin = 5781
10-13 14:34:08.250 14747 14747 D SDK_LOGIN.BaseAuthorityAccountView: -->updateAccountFace success uin = 6094
10-13 14:34:08.250 14747 14747 D SDK_LOGIN.BaseAuthorityAccountView: -->updateAccountFace success uin = 4021
10-13 14:34:08.250 14747 14747 D SDK_LOGIN.BaseAuthorityAccountView: -->updateAccountFace success uin = 9755
10-13 14:34:08.250 14747 14747 D SDK_LOGIN.BaseAuthorityAccountView: -->updateAccountFace success uin = 8233
10-13 14:34:08.276 14408 14499 I [ui]AppForegroundWatcher: 2/app in background
10-13 14:34:08.281 14408 14499 I [ui]LocalAgent: 2/sender = android.os.Messenger@1940940
10-13 14:34:08.283 14408 14499 I [ui]LocalAgent: 2/sendAppStatus isAppOnForeground:false sent:true
10-13 14:34:08.288 14511 14579 I [push]core: 2/app in background
10-13 14:34:08.595 14408 14408 D 当前GlideModule: class com.liquid.porostwo.base.glide.GlidePerformanceModule
10-13 14:34:08.603 14408 14408 I GlidePerformanceModule:  
10-13 14:34:08.603 14408 14408 I GlidePerformanceModule: ┌────────────────────────────────────────────────────────────────────────────────────────────────────────────────
10-13 14:34:08.603 14408 14408 I GlidePerformanceModule: │ main, com.liquid.porostwo.base.glide.GlidePerformanceModule.applyOptions(GlidePerformanceModule.kt:35)
10-13 14:34:08.603 14408 14408 I GlidePerformanceModule: ├┄┄┄┄┄┄┄┄┄┄┄┄┄┄┄┄┄┄┄┄┄┄┄┄┄┄┄┄┄┄┄┄┄┄┄┄┄┄┄┄┄┄┄┄┄┄┄┄┄┄┄┄┄┄┄┄┄┄┄┄┄┄┄┄┄┄┄┄┄┄┄┄┄┄┄┄┄┄┄┄┄┄┄┄┄┄┄┄┄┄┄┄┄┄┄┄┄┄┄┄┄┄┄┄┄┄┄┄┄┄┄┄
10-13 14:34:08.603 14408 14408 I GlidePerformanceModule: │ Glide Module Register
10-13 14:34:08.603 14408 14408 I GlidePerformanceModule: └────────────────────────────────────────────────────────────────────────────────────────────────────────────────
10-13 14:34:08.604 14408 14408 I GlidePerformanceModule:  
10-13 14:34:08.604 14408 14408 I GlidePerformanceModule: ┌────────────────────────────────────────────────────────────────────────────────────────────────────────────────
10-13 14:34:08.604 14408 14408 I GlidePerformanceModule: │ main, com.liquid.porostwo.base.glide.GlidePerformanceModule.applyOptions(GlidePerformanceModule.kt:42)
10-13 14:34:08.604 14408 14408 I GlidePerformanceModule: ├┄┄┄┄┄┄┄┄┄┄┄┄┄┄┄┄┄┄┄┄┄┄┄┄┄┄┄┄┄┄┄┄┄┄┄┄┄┄┄┄┄┄┄┄┄┄┄┄┄┄┄┄┄┄┄┄┄┄┄┄┄┄┄┄┄┄┄┄┄┄┄┄┄┄┄┄┄┄┄┄┄┄┄┄┄┄┄┄┄┄┄┄┄┄┄┄┄┄┄┄┄┄┄┄┄┄┄┄┄┄┄┄
10-13 14:34:08.604 14408 14408 I GlidePerformanceModule: │ 系统剩余内存=>2711m
10-13 14:34:08.604 14408 14408 I GlidePerformanceModule: │ 系统是否处于低内存运行=>false
10-13 14:34:08.604 14408 14408 I GlidePerformanceModule: │ 当系统剩余内存低于216m 时就看成低内存运行
10-13 14:34:08.604 14408 14408 I GlidePerformanceModule: └────────────────────────────────────────────────────────────────────────────────────────────────────────────────
10-13 14:34:08.621 14408 14408 D PRETTY_LOGGER: ┌────────────────────────────────────────────────────────────────────────────────────────────────────────────────
10-13 14:34:08.621 14408 14408 D PRETTY_LOGGER: │ Thread: main
10-13 14:34:08.621 14408 14408 D PRETTY_LOGGER: ├┄┄┄┄┄┄┄┄┄┄┄┄┄┄┄┄┄┄┄┄┄┄┄┄┄┄┄┄┄┄┄┄┄┄┄┄┄┄┄┄┄┄┄┄┄┄┄┄┄┄┄┄┄┄┄┄┄┄┄┄┄┄┄┄┄┄┄┄┄┄┄┄┄┄┄┄┄┄┄┄┄┄┄┄┄┄┄┄┄┄┄┄┄┄┄┄┄┄┄┄┄┄┄┄┄┄┄┄┄┄┄┄
10-13 14:34:08.621 14408 14408 D PRETTY_LOGGER: │ BaseActivity.onStop  (BaseActivity.kt:160)
10-13 14:34:08.621 14408 14408 D PRETTY_LOGGER: │    LogOut.debug  (LogOut.java:46)
10-13 14:34:08.621 14408 14408 D PRETTY_LOGGER: ├┄┄┄┄┄┄┄┄┄┄┄┄┄┄┄┄┄┄┄┄┄┄┄┄┄┄┄┄┄┄┄┄┄┄┄┄┄┄┄┄┄┄┄┄┄┄┄┄┄┄┄┄┄┄┄┄┄┄┄┄┄┄┄┄┄┄┄┄┄┄┄┄┄┄┄┄┄┄┄┄┄┄┄┄┄┄┄┄┄┄┄┄┄┄┄┄┄┄┄┄┄┄┄┄┄┄┄┄┄┄┄┄
10-13 14:34:08.621 14408 14408 D PRETTY_LOGGER: │ wei:onStop()-- 是不是在后台false，有没有rtc运行true
10-13 14:34:08.621 14408 14408 D PRETTY_LOGGER: └────────────────────────────────────────────────────────────────────────────────────────────────────────────────
10-13 14:34:08.630 14408 14408 D PRETTY_LOGGER: ┌────────────────────────────────────────────────────────────────────────────────────────────────────────────────
10-13 14:34:08.630 14408 14408 D PRETTY_LOGGER: │ Thread: main
10-13 14:34:08.630 14408 14408 D PRETTY_LOGGER: ├┄┄┄┄┄┄┄┄┄┄┄┄┄┄┄┄┄┄┄┄┄┄┄┄┄┄┄┄┄┄┄┄┄┄┄┄┄┄┄┄┄┄┄┄┄┄┄┄┄┄┄┄┄┄┄┄┄┄┄┄┄┄┄┄┄┄┄┄┄┄┄┄┄┄┄┄┄┄┄┄┄┄┄┄┄┄┄┄┄┄┄┄┄┄┄┄┄┄┄┄┄┄┄┄┄┄┄┄┄┄┄┄
10-13 14:34:08.630 14408 14408 D PRETTY_LOGGER: │ PorosApplication$registerActivityLifecycle$1.onBackground  (PorosApplication.kt:278)
10-13 14:34:08.630 14408 14408 D PRETTY_LOGGER: │    LogOut.debug  (LogOut.java:46)
10-13 14:34:08.630 14408 14408 D PRETTY_LOGGER: ├┄┄┄┄┄┄┄┄┄┄┄┄┄┄┄┄┄┄┄┄┄┄┄┄┄┄┄┄┄┄┄┄┄┄┄┄┄┄┄┄┄┄┄┄┄┄┄┄┄┄┄┄┄┄┄┄┄┄┄┄┄┄┄┄┄┄┄┄┄┄┄┄┄┄┄┄┄┄┄┄┄┄┄┄┄┄┄┄┄┄┄┄┄┄┄┄┄┄┄┄┄┄┄┄┄┄┄┄┄┄┄┄
10-13 14:34:08.630 14408 14408 D PRETTY_LOGGER: │ 当前APP切换到后台:com.tencent.connect.common.AssistActivity@59ae0c8
10-13 14:34:08.630 14408 14408 D PRETTY_LOGGER: └────────────────────────────────────────────────────────────────────────────────────────────────────────────────
10-13 14:34:08.634 14408 14493 E imsdk   : TIM: |-im_engine_impl.cpp:639                  DoEnterBackground                       |error code:6014|error message:not login
10-13 14:34:08.636 14408 14408 D LeakCanary: Scheduling check for retained objects in 5000ms because app became invisible
10-13 14:34:08.640 14408 14554 D Linux   : [Posix_connect Debug]Process com.liquid.poros :8888 
10-13 14:34:08.664 14408 14408 D push_   : tencent->  doBackground onError  code=6014 desc=not login
10-13 14:34:08.802 12918 14324 D GuardManager: onEvent:7, 0, 0
10-13 14:34:08.806 12918 13190 W Settings: Setting airplane_mode_on has moved from android.provider.Settings.System to android.provider.Settings.Global, returning read-only value.
10-13 14:34:08.808 12918 13190 W Settings: Setting airplane_mode_on has moved from android.provider.Settings.System to android.provider.Settings.Global, returning read-only value.
10-13 14:34:08.809 12918 13190 W Settings: Setting airplane_mode_on has moved from android.provider.Settings.System to android.provider.Settings.Global, returning read-only value.
10-13 14:34:08.810 12918 13190 W Settings: Setting airplane_mode_on has moved from android.provider.Settings.System to android.provider.Settings.Global, returning read-only value.
10-13 14:34:08.814 12918 13190 W Settings: Setting airplane_mode_on has moved from android.provider.Settings.System to android.provider.Settings.Global, returning read-only value.
10-13 14:34:08.815 12918 13190 W Settings: Setting airplane_mode_on has moved from android.provider.Settings.System to android.provider.Settings.Global, returning read-only value.
10-13 14:34:08.818 12918 13190 W Settings: Setting airplane_mode_on has moved from android.provider.Settings.System to android.provider.Settings.Global, returning read-only value.
10-13 14:34:08.819 12918 13190 W Settings: Setting airplane_mode_on has moved from android.provider.Settings.System to android.provider.Settings.Global, returning read-only value.
10-13 14:34:08.820 12918 13190 W Settings: Setting airplane_mode_on has moved from android.provider.Settings.System to android.provider.Settings.Global, returning read-only value.
10-13 14:34:08.820 12918 13190 W Settings: Setting airplane_mode_on has moved from android.provider.Settings.System to android.provider.Settings.Global, returning read-only value.
