10-13 14:34:08.822 12918 13190 W Settings: Setting airplane_mode_on has moved from android.provider.Settings.System to android.provider.Settings.Global, returning read-only value.
10-13 14:34:08.826 12918 13190 W Settings: Setting airplane_mode_on has moved from android.provider.Settings.System to android.provider.Settings.Global, returning read-only value.
10-13 14:34:08.827 12918 13190 W Settings: Setting airplane_mode_on has moved from android.provider.Settings.System to android.provider.Settings.Global, returning read-only value.
10-13 14:34:08.831 12918 13190 W Settings: Setting airplane_mode_on has moved from android.provider.Settings.System to android.provider.Settings.Global, returning read-only value.
10-13 14:34:08.832 12918 13190 W Settings: Setting airplane_mode_on has moved from android.provider.Settings.System to android.provider.Settings.Global, returning read-only value.
10-13 14:34:08.845 12918 13189 D Linux   : [Posix_connect Debug]Process com.tencent.mobileqq:MSF :8081 
10-13 14:34:09.026 14747 14826 W ratelimit: Single process limit 250/s drop 93 lines.
10-13 14:34:09.026 14747 14826 I System.out: begin to call ****** send due to user permission
10-13 14:34:09.032 14747 14826 D Linux   : [Posix_connect Debug]Process com.tencent.mobileqq:openSdk :8888 
10-13 14:34:09.160 14747 14948 D HttpImageDownloadAsyncTask: doInBackground result==null : false
10-13 14:34:09.175 14747 14747 D SDK_LOGIN.NewAuthorityPresenter: onTaskCompleted uin=2449, bitmap=android.graphics.Bitmap@10b655
10-13 14:34:09.175 14747 14747 D SDK_LOGIN.BaseAuthorityAccountView: -->updateAccountFace uin=2449
10-13 14:34:09.175 14747 14747 D SDK_LOGIN.BaseAuthorityAccountView: 当前帐号：2449
10-13 14:34:09.182 14747 14747 D SDK_LOGIN.BaseAuthorityAccountView: -->updateAccountFace success uin = 2449
10-13 14:34:09.311 14747 14940 D PandoraEx.MonitorReporter: module[network], systemApi[NI#G_TY_NAME], scene[normal], strategy[normal], isSystemCall[true
10-13 14:34:09.314 14747 14940 D PandoraEx.MonitorReporter: module[network], systemApi[NI#G_TY_NAME], scene[normal], strategy[normal], isSystemCall[true
10-13 14:34:09.328 14747 14826 I System.out: begin to call ****** send due to user permission
10-13 14:34:09.332 14747 14826 D Linux   : [Posix_connect Debug]Process com.tencent.mobileqq:openSdk :8888 
10-13 14:34:09.335 14747 14940 D PandoraEx.MonitorReporter: module[network], systemApi[NI#G_TY_NAME], scene[normal], strategy[normal], isSystemCall[true
10-13 14:34:09.338 14747 14940 D PandoraEx.MonitorReporter: module[network], systemApi[NI#G_TY_NAME], scene[normal], strategy[normal], isSystemCall[true
10-13 14:34:09.340 14747 14940 D PandoraEx.MonitorReporter: module[network], systemApi[NI#G_TY_NAME], scene[normal], strategy[normal], isSystemCall[true
10-13 14:34:09.342 14747 14940 D PandoraEx.MonitorReporter: module[network], systemApi[NI#G_TY_NAME], scene[normal], strategy[normal], isSystemCall[true
10-13 14:34:09.343 14747 14940 D PandoraEx.MonitorReporter: module[network], systemApi[NI#G_TY_NAME], scene[normal], strategy[normal], isSystemCall[true
10-13 14:34:09.344 14747 14940 D PandoraEx.MonitorReporter: module[network], systemApi[NI#G_TY_NAME], scene[normal], strategy[normal], isSystemCall[true
10-13 14:34:09.346 14747 14940 D PandoraEx.MonitorReporter: module[network], systemApi[NI#G_TY_NAME], scene[normal], strategy[normal], isSystemCall[true
10-13 14:34:09.347 14747 14940 D PandoraEx.MonitorReporter: module[network], systemApi[NI#G_TY_NAME], scene[normal], strategy[normal], isSystemCall[true
10-13 14:34:09.348 14747 14940 D PandoraEx.MonitorReporter: module[network], systemApi[NI#G_TY_NAME], scene[normal], strategy[normal], isSystemCall[true
10-13 14:34:09.349 14747 14940 D PandoraEx.MonitorReporter: module[network], systemApi[NI#G_TY_NAME], scene[normal], strategy[normal], isSystemCall[true
10-13 14:34:09.350 14747 14940 D PandoraEx.MonitorReporter: module[network], systemApi[NI#G_TY_NAME], scene[normal], strategy[normal], isSystemCall[true
10-13 14:34:09.351 14747 14940 D PandoraEx.MonitorReporter: module[network], systemApi[NI#G_TY_NAME], scene[normal], strategy[normal], isSystemCall[true
10-13 14:34:09.352 14747 14940 D PandoraEx.MonitorReporter: module[network], systemApi[NI#G_TY_NAME], scene[normal], strategy[normal], isSystemCall[true
10-13 14:34:09.352 14747 14940 D PandoraEx.MonitorReporter: module[network], systemApi[NI#G_TY_NAME], scene[normal], strategy[normal], isSystemCall[true
10-13 14:34:09.353 14747 14940 D PandoraEx.MonitorReporter: module[network], systemApi[NI#G_TY_NAME], scene[normal], strategy[normal], isSystemCall[true
10-13 14:34:09.354 14747 14940 D PandoraEx.MonitorReporter: module[network], systemApi[NI#G_TY_NAME], scene[normal], strategy[normal], isSystemCall[true
10-13 14:34:09.355 14747 14940 D PandoraEx.MonitorReporter: module[network], systemApi[NI#G_TY_NAME], scene[normal], strategy[normal], isSystemCall[true
10-13 14:34:09.356 14747 14940 D PandoraEx.MonitorReporter: module[network], systemApi[NI#G_TY_NAME], scene[normal], strategy[normal], isSystemCall[true
10-13 14:34:09.356 14747 14940 D PandoraEx.MonitorReporter: module[network], systemApi[NI#G_TY_NAME], scene[normal], strategy[normal], isSystemCall[true
10-13 14:34:09.357 14747 14940 D PandoraEx.MonitorReporter: module[network], systemApi[NI#G_TY_NAME], scene[normal], strategy[normal], isSystemCall[true
10-13 14:34:09.358 14747 14940 D PandoraEx.MonitorReporter: module[network], systemApi[NI#G_TY_NAME], scene[normal], strategy[normal], isSystemCall[true
10-13 14:34:09.359 14747 14940 I System.out: begin to call ****** send due to user permission
10-13 14:34:09.362 14747 14940 D Linux   : [Posix_connect Debug]Process com.tencent.mobileqq:openSdk :8888 
10-13 14:34:09.490 14747 14757 W System  : A resource failed to call release. 
10-13 14:34:09.490 14747 14757 W System  : A resource failed to call release. 
10-13 14:34:09.490 14747 14757 W System  : A resource failed to call release. 
10-13 14:34:09.490 14747 14757 W System  : A resource failed to call release. 
10-13 14:34:09.491 14747 14757 W System  : A resource failed to call release. 
10-13 14:34:09.491 14747 14757 W System  : A resource failed to call release. 
10-13 14:34:09.491 14747 14757 W System  : A resource failed to call release. 
10-13 14:34:09.491 14747 14757 W System  : A resource failed to call release. 
10-13 14:34:09.492 14747 14757 W System  : A resource failed to call release. 
10-13 14:34:09.492 14747 14757 W System  : A resource failed to call release. 
10-13 14:34:09.492 14747 14757 W System  : A resource failed to call release. 
10-13 14:34:09.492 14747 14757 W System  : A resource failed to call release. 
10-13 14:34:09.615 14747 14826 I System.out: begin to call ****** send due to user permission
10-13 14:34:09.620 14747 14826 D Linux   : [Posix_connect Debug]Process com.tencent.mobileqq:openSdk :8888 
10-13 14:34:09.792 14747 14747 W halley_3401_Tem: type=1400 audit(0.0:62912): avc: granted { nlmsg_readpriv } for scontext=u:r:untrusted_app_27:s0:c512,c768 tcontext=u:r:untrusted_app_27:s0:c512,c768 tclass=netlink_route_socket app=com.tencent.mobileqq
10-13 14:34:09.857 14747 14940 D PandoraEx.MonitorReporter: module[network], systemApi[NI#G_TY_NAME], scene[normal], strategy[normal], isSystemCall[true
10-13 14:34:09.860 14747 14940 D PandoraEx.MonitorReporter: module[network], systemApi[NI#G_TY_NAME], scene[normal], strategy[normal], isSystemCall[true
10-13 14:34:09.876 14747 14940 D PandoraEx.MonitorReporter: module[network], systemApi[NI#G_TY_NAME], scene[normal], strategy[normal], isSystemCall[true
10-13 14:34:09.876 14747 14940 D PandoraEx.MonitorReporter: module[device], systemApi[BU#MODEL], scene[normal], strategy[storage], isSystemCall[false
10-13 14:34:09.878 14747 14940 D PandoraEx.MonitorReporter: module[network], systemApi[NI#G_TY_NAME], scene[normal], strategy[normal], isSystemCall[true
10-13 14:34:09.881 14747 14940 D PandoraEx.MonitorReporter: module[network], systemApi[NI#G_TY_NAME], scene[normal], strategy[normal], isSystemCall[true
10-13 14:34:09.883 14747 14940 D PandoraEx.MonitorReporter: module[network], systemApi[NI#G_TY_NAME], scene[normal], strategy[normal], isSystemCall[true
10-13 14:34:09.885 14747 14940 D PandoraEx.MonitorReporter: module[network], systemApi[NI#G_TY_NAME], scene[normal], strategy[normal], isSystemCall[true
10-13 14:34:09.887 14747 14940 D PandoraEx.MonitorReporter: module[network], systemApi[NI#G_TY_NAME], scene[normal], strategy[normal], isSystemCall[true
10-13 14:34:09.888 14747 14940 D PandoraEx.MonitorReporter: module[network], systemApi[NI#G_TY_NAME], scene[normal], strategy[normal], isSystemCall[true
10-13 14:34:09.890 14747 14940 D PandoraEx.MonitorReporter: module[network], systemApi[NI#G_TY_NAME], scene[normal], strategy[normal], isSystemCall[true
10-13 14:34:09.891 14747 14940 D PandoraEx.MonitorReporter: module[network], systemApi[NI#G_TY_NAME], scene[normal], strategy[normal], isSystemCall[true
10-13 14:34:09.891 14747 14940 D PandoraEx.MonitorReporter: module[device], systemApi[BU#MODEL], scene[normal], strategy[storage], isSystemCall[false
10-13 14:34:09.893 14747 14940 D PandoraEx.MonitorReporter: module[network], systemApi[NI#G_TY_NAME], scene[normal], strategy[normal], isSystemCall[true
10-13 14:34:09.894 14747 14940 D PandoraEx.MonitorReporter: module[network], systemApi[NI#G_TY_NAME], scene[normal], strategy[normal], isSystemCall[true
10-13 14:34:09.895 14747 14940 D PandoraEx.MonitorReporter: module[network], systemApi[NI#G_TY_NAME], scene[normal], strategy[normal], isSystemCall[true
10-13 14:34:09.896 14747 14940 D PandoraEx.MonitorReporter: module[network], systemApi[NI#G_TY_NAME], scene[normal], strategy[normal], isSystemCall[true
10-13 14:34:09.897 14747 14940 D PandoraEx.MonitorReporter: module[network], systemApi[NI#G_TY_NAME], scene[normal], strategy[normal], isSystemCall[true
10-13 14:34:09.898 14747 14940 D PandoraEx.MonitorReporter: module[network], systemApi[NI#G_TY_NAME], scene[normal], strategy[normal], isSystemCall[true
10-13 14:34:09.900 14747 14940 D PandoraEx.MonitorReporter: module[network], systemApi[NI#G_TY_NAME], scene[normal], strategy[normal], isSystemCall[true
10-13 14:34:09.901 14747 14940 D PandoraEx.MonitorReporter: module[network], systemApi[NI#G_TY_NAME], scene[normal], strategy[normal], isSystemCall[true
10-13 14:34:09.902 14747 14940 D PandoraEx.MonitorReporter: module[network], systemApi[NI#G_TY_NAME], scene[normal], strategy[normal], isSystemCall[true
10-13 14:34:09.902 14747 14940 D PandoraEx.MonitorReporter: module[network], systemApi[NI#G_TY_NAME], scene[normal], strategy[normal], isSystemCall[true
10-13 14:34:09.903 14747 14940 D PandoraEx.MonitorReporter: module[network], systemApi[NI#G_TY_NAME], scene[normal], strategy[normal], isSystemCall[true
10-13 14:34:09.904 14747 14940 D PandoraEx.MonitorReporter: module[network], systemApi[NI#G_TY_NAME], scene[normal], strategy[normal], isSystemCall[true
10-13 14:34:09.906 14747 14940 I System.out: begin to call ****** send due to user permission
10-13 14:34:09.908 14747 14940 D Linux   : [Posix_connect Debug]Process com.tencent.mobileqq:openSdk :8888 
10-13 14:34:10.271 14747 14747 D SDK_LOGIN.OpenAuthorityFragment: onClick showAccountSheet
10-13 14:34:10.271 14747 14747 D SDK_LOGIN.BaseAuthorityAccountView: -->updateDropDownViews
10-13 14:34:10.274 14747 14747 D SkinEngine: get index : 34359743831
10-13 14:34:10.275 14747 14747 D SDK_LOGIN.BaseAuthorityAccountView: -->updateAccountFace uin=2449
10-13 14:34:10.278 14747 14747 D SDK_LOGIN.BaseAuthorityAccountView: -->updateAccountFace uin=2438
10-13 14:34:10.281 14747 14747 D SDK_LOGIN.BaseAuthorityAccountView: -->updateAccountFace uin=5781
10-13 14:34:10.284 14747 14747 D SDK_LOGIN.BaseAuthorityAccountView: -->updateAccountFace uin=6094
10-13 14:34:10.290 14747 14747 D SDK_LOGIN.BaseAuthorityAccountView: -->updateAccountFace uin=4021
10-13 14:34:10.291 14747 14747 D SDK_LOGIN.BaseAuthorityAccountView: -->updateAccountFace uin=9755
10-13 14:34:10.293 14747 14747 D SDK_LOGIN.BaseAuthorityAccountView: -->updateAccountFace uin=8233
10-13 14:34:10.298 14747 14747 D ThemeNavigationBarUtil: [NavigationBar] setImmersiveNavigationBarColor activity=com.android.internal.policy.PhoneWindow@8ea931f color=-1
10-13 14:34:10.298 14747 14747 D SkinEngine: get index : 34359741684
10-13 14:34:10.299 14747 14747 D SkinEngine: get index : 34359768761
10-13 14:34:10.299 14747 14747 D TouchControllerFrameLayout: maxScrollHeight=135
10-13 14:34:10.313 30521 30521 I AutoMonitor: onComponentCreate, component: com.tencent.mobileqq.statistics.ReportReceiver@b7172a2 ,mCurState = 201
10-13 14:34:10.326 30521 30521 I AutoMonitor: onComponentCreate, component: com.tencent.mobileqq.statistics.ReportReceiver@2dd8ef0 ,mCurState = 201
10-13 14:34:10.341 14747 14747 E page.PageSwitchObserver: postAppearDetectionTask: unable to detect activity
10-13 14:34:10.341 14747 14747 V ImeFocusController: onWindowFocus: DecorView@155bdb3[PublicFragmentActivityForOpenSDK] softInputMode=STATE_UNSPECIFIED|ADJUST_PAN|IS_FORWARD_NAVIGATION
10-13 14:34:10.341 14747 14747 D ImeFocusController: onViewFocusChanged, view=DecorView@155bdb3[PublicFragmentActivityForOpenSDK], mServedView=null
10-13 14:34:10.341 14747 14747 V ImeFocusController: checkFocus: view=null next=DecorView@155bdb3[PublicFragmentActivityForOpenSDK] force=false package=<none>
10-13 14:34:10.530 14747 14766 D RdmInit : doStep process=com.tencent.mobileqq:openSdk, sRdmState=1
10-13 14:34:10.530 14747 14766 D AutoMonitor: Rdm, cost=0 results: true
10-13 14:34:10.535 14747 14766 I MagnifierSDK.QAPM: getMyConfig battery threshold=100, maxReport=10, userRatio=0.0075, evenRatio=1.0, stackDepth=6, strategy='0.002;0.000025;1;3600;5|5,30,60;5,0;5,1|5,30,60;5,1|2,200,300,20|2,30,40,20|30;3,10;10,120|3,15;10,300|3,15,10,300|1800|1800||0;0;8;8;5;5;1;0|
10-13 14:34:10.538 14747 14766 I SharedPreferencesProxy: create new ContentProviderClient: dpcConfig
10-13 14:34:10.619 14747 14766 D AutoMonitor: InitHook, cost=82 results: true
10-13 14:34:10.724 14747 14747 D SDK_LOGIN.BaseAuthorityAccountView: -->updateAccountFace success uin = 2449
10-13 14:34:10.733 14747 14747 D SDK_LOGIN.BaseAuthorityAccountView: -->updateAccountFace success uin = 2438
10-13 14:34:10.741 14747 14747 D SDK_LOGIN.BaseAuthorityAccountView: -->updateAccountFace success uin = 5781
10-13 14:34:10.750 14747 14747 D SDK_LOGIN.BaseAuthorityAccountView: -->updateAccountFace success uin = 6094
10-13 14:34:10.754 14747 14867 D mqq     : newServlet = com.tencent.mobileqq.servlet.MobileReportServlet@fb0651d
10-13 14:34:10.755 14747 14867 D mqq     : registerServletCommand className:com.tencent.mobileqq.servlet.MobileReportServlet servlet:com.tencent.mobileqq.servlet.MobileReportServlet@fb0651d
10-13 14:34:10.756 14747 14867 I SharedPreferencesProxy: create new ContentProviderClient: authority
10-13 14:34:10.759 14747 14867 D PandoraEx.MonitorReporter: module[device], systemApi[TM#G_SID], scene[normal], strategy[ban], isSystemCall[false
10-13 14:34:10.759 14747 14747 D SDK_LOGIN.BaseAuthorityAccountView: -->updateAccountFace success uin = 4021
10-13 14:34:10.762 14747 14867 D PandoraEx.MonitorReporter: module[network], systemApi[WI#G_MA_ADDR], scene[normal], strategy[storage], isSystemCall[false
10-13 14:34:10.765 14747 14867 D PandoraEx.MonitorReporter: module[device], systemApi[SE#G_AID], scene[normal], strategy[storage], isSystemCall[false
10-13 14:34:10.766 14747 14867 D MSF.D.AppNetInfoNewImpl: registerNetEventHandler 2fa50bf
10-13 14:34:10.769 14747 14747 D SDK_LOGIN.BaseAuthorityAccountView: -->updateAccountFace success uin = 9755
10-13 14:34:10.775 12918 13200 D MSF.C.NetConnTag.true: pa ok: 75523
10-13 14:34:10.775 14747 14747 D SDK_LOGIN.BaseAuthorityAccountView: -->updateAccountFace success uin = 8233
10-13 14:34:10.775 12918 13200 D MSF.C.NetConnTag.DualConnContext.true: tryDualConn
10-13 14:34:10.776 12918 13200 D MSF.C.NetConnTag.true: netSend ssoSeq:75523 uin:*2449 cmd:BywyPTY9Fz86LCIgdA02PzgCMyAzNysILzM/Ji4 76423 1aebaf2 socketEngineID: 0 socket: 28228338
10-13 14:34:10.790 14747 14968 D QzoneConfig: loadAllConfigs :0
10-13 14:34:10.790 14747 14766 E QzoneConfig: key = qzonesetting secondaryKey= qzonesharppgate value= null
10-13 14:34:10.790 14747 14968 D QzoneConfig: loadAllConfigs : clear all
10-13 14:34:10.790 14747 14766 D SoLoadCore: loadSo begin, libName[c++_shared]
10-13 14:34:10.790 14747 14766 W SoLoadCore: assestCrcConfigs already exists
10-13 14:34:10.790 14747 14766 D SoLoadCore: getRightcrcWhenLoadSo libc++_shared.so: 3686037175
10-13 14:34:10.791 14747 14766 D SoLoadCore: System.loadLibrary, lib = c++_shared suc
10-13 14:34:10.791 14747 14766 D SoLoadUtilNew: loadSoByName[c++_shared], loadRes[true], resultCode[15728640]
10-13 14:34:10.795 14747 14968 D QzoneConfig: loadAllConfigs : success
10-13 14:34:10.798 14747 14766 I SoLoadWidget.SoLoaderLogic: [loadConfigSo] appid: 537119417,soversion: 1.6.0,soname: TcHevcDec
10-13 14:34:10.798 14747 14766 I SharedPreferencesProxy: create new ContentProviderClient: dynamic_so_load
10-13 14:34:10.800 14747 14766 I SharedPreferencesProxy: create new ContentProviderClient: so_crash
10-13 14:34:10.806 30521 20646 I SoLoadWidget.AbsGetSoTask: [checkCRCAndUnzip] correctCRC=1850813292,curCRC:1850813292,configSoFilePath:/data/user/0/com.tencent.mobileqq/files/QWallet/.preloaduni/449F12E97C2A2AEBDD8E41E14F41F40E/libTcHevcDec.so,from:1
10-13 14:34:10.807 14747 14766 I SoLoadWidget.SoLoaderLogic: [loadConfigSo] appid: 537119417,soversion: 1.6.0,soname: TcHevcDec
10-13 14:34:10.807 14747 14766 I SoLoadWidget.SoLoaderLogic: [System.load] loadItem:LoadItem{name='TcHevcDec', lops=LoadOptions{isLLSl=false, old32Bit='null', old64Bit='null', flag=0}},exists:true
10-13 14:34:10.810 30521 30521 I VasReceiver: onReceive action=com.qwallet.report
10-13 14:34:10.804 14747 14747 W QQ_SUB  : type=1400 audit(0.0:62913): avc: granted { execute } for path="/data/user/0/com.tencent.mobileqq/files/QWallet/.preloaduni/449F12E97C2A2AEBDD8E41E14F41F40E/libTcHevcDec.so" dev="dm-10" ino=247043 scontext=u:r:untrusted_app_27:s0:c512,c768 tcontext=u:object_r:app_data_file:s0:c512,c768 tclass=file app=com.tencent.mobileqq
10-13 14:34:10.822 30521 30521 I VasReceiver: onReceive action=com.qwallet.report
10-13 14:34:10.827 14747 14766 I QQSharpPUtil: loadAndDownloadSo. soName = TcHevcDec, result = LRes{rCode=0,isSucc=true}, time len = 26, so path = /data/user/0/com.tencent.mobileqq/files/QWallet/.preloaduni/449F12E97C2A2AEBDD8E41E14F41F40E/libTcHevcDec.so
10-13 14:34:10.827 30521 30521 I AutoMonitor: onComponentCreate, component: com.tencent.mobileqq.statistics.ReportReceiver@2d7c987 ,mCurState = 201
10-13 14:34:10.827 14747 14766 I SharpPDec: cooperation.SharpPDec------version:70
10-13 14:34:10.831 30521 30521 I VasReceiver: onReceive action=com.qwallet.report
10-13 14:34:10.833 30521 30521 I AutoMonitor: onComponentCreate, component: com.tencent.mobileqq.statistics.ReportReceiver@edd7723 ,mCurState = 201
10-13 14:34:10.865 12918 13246 D MSF.C.NetConnTag.true: netRecv ssoSeq:75523 uin:*2449 cmd:BywyPTY9Fz86LCIgdA02PzgCMyAzNysILzM/Ji4 75723 cross:0 socketEngineID: 0 socket: 28228338
10-13 14:34:10.866 12918 13242 I MSF.S.AppProcessManager: SendToApp process:com.tencent.mobileqq:openSdk fromServiceMsg: FromServiceMsg msName:unknown ssoSeq:75523 serviceCmd:MobileReport.UserActionReport appSeq:6 failCode:1000 cos t =0 needBoot=false to.len = 806 from.len = 101
10-13 14:34:10.867 14747 14884 D MSF.D.Proxy: onReceiveResp, fromServiceMsg = MobileReport.UserActionReport, ssoSeq = 75523, length = 101
10-13 14:34:11.460 14747 14747 D SDK_LOGIN.BaseAuthorityPresenter: changeAccountLogin newUin=4021, canAutoLogin=true
10-13 14:34:11.460 14747 14747 D SDK_LOGIN.AuthorityUtil: IsNeedLoginWithPasswd false uin=4021
10-13 14:34:11.461 14747 14747 D SDK_LOGIN.BaseAuthorityPresenter: refreshTicket uin=4021
10-13 14:34:11.461 14747 14747 E SDK_LOGIN.AuthorityUtil: getConnectData appid=1109220675&sdkp=a
10-13 14:34:11.461 14747 14747 D SDK_LOGIN.AuthMemoryCache: isForceTo540 uin=4021, force540=false
10-13 14:34:11.466 14747 14747 D TicketManager: get ticket succ, a!
10-13 14:34:11.466 14747 14747 D SDK_LOGIN.AuthorityUtil: host getA2 uin=4021  80E4
10-13 14:34:11.466 30521 30521 I AutoMonitor: onComponentCreate, component: com.tencent.mobileqq.statistics.ReportReceiver@8301d9 ,mCurState = 201
10-13 14:34:11.467 14747 14747 D SDK_LOGIN.AuthorityUtil: isUse540Ticket use qq cache
10-13 14:34:11.467 14747 14747 D SDK_LOGIN.BaseAccountManage: -->delegateGetTicketNoPasswd--refresh=1
10-13 14:34:11.468 14747 14747 D TicketManager: get ticket succ, sk!
10-13 14:34:11.468 14747 14747 E open_log: shouldUpdateSkey ret=false
10-13 14:34:11.468 14747 14747 D SDK_LOGIN.BaseAccountManage: ticketqq valid
10-13 14:34:11.469 14747 14747 D TicketManager: get ticket succ, st!
10-13 14:34:11.470 14747 14747 D TicketManager: get ticket succ, stKey!
10-13 14:34:11.470 14747 14747 D SDK_LOGIN.BaseAccountManage: delegateGetTicketNoPasswd fake SSOAccountObserver success.
10-13 14:34:11.470 14747 14747 D SDK_LOGIN.AuthorityUtil: syncLoginAccount-4021
10-13 14:34:11.470 14747 14747 D SDK_LOGIN.AuthorityUtil: syncLoginAccount-exist!!!
10-13 14:34:11.471 14747 14747 D SDK_LOGIN.BaseAuthorityPresenter: onGetTicketNoPasswd uin=4021
10-13 14:34:11.471 14747 14747 D ForwardStatisticsReporter: KEY_DELEGATE_GET_TICKET_NO_PASSWD=11, uin=4021
10-13 14:34:11.472 14747 14747 E ForwardStatisticsReporter: report invalid key =KEY_LOGIN_STAGE_1_TOTAL
10-13 14:34:11.472 14747 14747 D SDK_LOGIN.NewAuthorityPresenter: loginSuccess, changeAccount old uin=2449, new uin=4021
10-13 14:34:11.472 14747 14747 D SDK_LOGIN.NewAuthorityPresenter: getVirtualList
10-13 14:34:11.472 14747 14747 D SDK_LOGIN.NewAuthorityPresenter: getVirtualListFromServer
10-13 14:34:11.472 14747 14747 D SDK_LOGIN.AuthMemoryCache: isForceTo540 uin=4021, force540=false
10-13 14:34:11.473 14747 14747 D TicketManager: get ticket succ, a!
10-13 14:34:11.473 14747 14747 D SDK_LOGIN.AuthorityUtil: host getA2 uin=4021  80E4
10-13 14:34:11.474 14747 14747 D SDK_LOGIN.AuthorityUtil: getMsfCommand use qq cache
10-13 14:34:11.474 14747 14747 D SDK_LOGIN.SSOPreAuthPresenter: preAuthWithRetry cmd=QQConnectLogin.pre_auth_emp
10-13 14:34:11.475 14747 14747 D SDK_LOGIN.BaseOpenSdkVirtualUtil: getAuthorizeSign.success
10-13 14:34:11.475 14747 14747 D SDK_LOGIN.NewAuthDataSourceImpl: preAuthWithRetry.getAuthorizeSign sign=90A45DFA811CA53F0FE57DE885CA07C1, timestr=1697178851
10-13 14:34:11.475 14747 14747 D SDK_LOGIN.NewAuthorityPresenter: queryAuthorityUseCache response=com.tencent.qconn.protofile.preAuth$PreAuthResponse@a7f7be4
10-13 14:34:11.476 14747 14747 D SDK_LOGIN.NewAuthorityPresenter: showUserInfo uin=4021
10-13 14:34:11.476 12918 13693 D MSF.C.StatReport: setUserId = *4021
10-13 14:34:11.477 14747 14747 D SDK_LOGIN.BaseAuthorityAccountView: -->updateAccountFace uin=4021
10-13 14:34:11.477 14747 14747 D SDK_LOGIN.BaseAuthorityAccountView: 当前帐号：4021
10-13 14:34:11.477 14747 14747 D AvatarUpdateService: -->updateAvatar--uin = 4021
10-13 14:34:11.477 14747 14747 D SDK_LOGIN.NewAuthorityPresenter: parseGetAuthListResult ret=0
10-13 14:34:11.478 14747 14747 D SDK_LOGIN.OpenCardContainer: Permission{mFlag=1, mTitle='获取你的详细资料, mDescription='昵称、头像、性别等信息, mIsNew=true, mApi=', mId=1010, mChecked=false}
10-13 14:34:11.478 14747 14747 D SDK_LOGIN.OpenCardContainer: switchToMode -->mode: 0, mMode=0
10-13 14:34:11.478 14747 14747 D SDK_LOGIN.OpenCardContainer: --> has not been authority.
10-13 14:34:11.478 14747 14747 D SDK_LOGIN.BaseCardContainer: --> result: gamead://open.gtimg.cn/open/app_icon/09/22/06/75/1109220675_android_ad_0.jpg
10-13 14:34:11.478 14747 14747 D SDK_LOGIN.BaseCardContainer: getStatus OTHERS: 
10-13 14:34:11.478 14747 14747 D SDK_LOGIN.BaseAuthorityPresenter: onGetApiListSuccess authorized=false
10-13 14:34:11.479 14747 14747 E SDK_LOGIN.AuthUIUtil: dismissDialog
10-13 14:34:11.479 14747 14747 E SDK_LOGIN.AuthUIUtil: dismissDialog dialog is invalid
10-13 14:34:11.479 14747 14747 D SDK_LOGIN.NewAuthorityPresenter: getAppInfo use cached appid=1109220675, appInfo=appName=进圈
10-13 14:34:11.480 12918 13200 D MSF.C.NetConnTag.true: pa ok: 75525
10-13 14:34:11.480 12918 13200 D MSF.C.NetConnTag.DualConnContext.true: tryDualConn
10-13 14:34:11.480 12918 13693 D MSF.C.StatReport: setUserId = *2449
10-13 14:34:11.480 14747 14982 I System.out: begin to call ****** send due to user permission
10-13 14:34:11.480 14747 14980 D SDK_LOGIN.BaseCardContainer: --> result: gamead://open.gtimg.cn/open/app_icon/09/22/06/75/1109220675_android_ad_0.jpg
10-13 14:34:11.481 12918 13200 D MSF.C.NetConnTag.true: netSend ssoSeq:75525 uin:*4021 cmd:GxITOzQ2IDk+Dz8zMzZrKjgmDzUvLC0FLy4g 75993 1aebaf2 socketEngineID: 0 socket: 28228338
10-13 14:34:11.485 14747 14747 D SDK_LOGIN.NewAuthorityPresenter: parseAppInfoResponse hasAppIcon=true, response=appName=进圈
10-13 14:34:11.485 14747 14747 D SDK_LOGIN.NewAuthorityPresenter: parseGetAppInfoResponse appName=进圈
10-13 14:34:11.485 14747 14747 D SDK_LOGIN.BaseCardContainer: -->genGameUrlImg: set error img
10-13 14:34:11.487 14747 14982 D Linux   : [Posix_connect Debug]Process com.tencent.mobileqq:openSdk :8888 
10-13 14:34:11.487 14747 14984 I System.out: begin to call ****** send due to user permission
10-13 14:34:11.492 14747 14984 D Linux   : [Posix_connect Debug]Process com.tencent.mobileqq:openSdk :8888 
10-13 14:34:11.500 12918 13200 D MSF.C.NetConnTag.true: pa ok: 75526
10-13 14:34:11.500 12918 13200 D MSF.C.NetConnTag.DualConnContext.true: tryDualConn
10-13 14:34:11.500 12918 13200 D MSF.C.NetConnTag.true: netSend ssoSeq:75526 uin:*2449 cmd:CS85GDU/FiwpbQUkNjckPhgmIQ 75770 1aebaf2 socketEngineID: 0 socket: 28228338
10-13 14:34:11.537 14747 14986 D QQThreadMonitorManager: INIT FROM PROCESS:com.tencent.mobileqq:openSdk
10-13 14:34:11.537 14747 14986 D QQThreadMonitorConfig: com.tencent.mobileqq:openSdk[isMatrixTrafficToggle]false
10-13 14:34:11.537 14747 14986 D QQThreadMonitorConfig: com.tencent.mobileqq:openSdk[isMatrixTrafficToggle]false
10-13 14:34:11.537 14747 14986 D QQThreadMonitorConfig: com.tencent.mobileqq:openSdk[isMatrixLeakToggle]false
10-13 14:34:11.538 14747 14986 D QQThreadMonitorConfig: com.tencent.mobileqq:openSdk[isMatrixLeakToggle]false
10-13 14:34:11.586 12918 13246 D MSF.C.NetConnTag.true: netRecv ssoSeq:75525 uin:*4021 cmd:GxITOzQ2IDk+Dz8zMzZrKjgmDzUvLC0FLy4g 76157 cross:0 socketEngineID: 0 socket: 28228338
10-13 14:34:11.587 12918 13242 I MSF.S.AppProcessManager: SendToApp process:com.tencent.mobileqq:openSdk fromServiceMsg: FromServiceMsg msName:unknown ssoSeq:75525 serviceCmd:QQConnectLogin.pre_auth_emp appSeq:7 failCode:1000 cos t =0 needBoot=false to.len = 376 from.len = 532
10-13 14:34:11.588 14747 14884 D MSF.D.Proxy: onReceiveResp, fromServiceMsg = QQConnectLogin.pre_auth_emp, ssoSeq = 75525, length = 532
10-13 14:34:11.591 14747 14747 D SDK_LOGIN.SSOPreAuthPresenter: preAuthWithRetry isSuccess=true, type=0, mPreAuthRetryCount=0, cmd=QQConnectLogin.pre_auth_emp
10-13 14:34:11.591 14747 14747 D SDK_LOGIN.SSOPreAuthPresenter: preAuth mergeFrom success
10-13 14:34:11.591 14747 14747 D ForwardStatisticsReporter: KEY_PRE_AUTH=119, uin=4021
10-13 14:34:11.591 14747 14747 D SDK_LOGIN.SSOPreAuthPresenter: onPreAuthResponse
10-13 14:34:11.591 14747 14747 D SDK_LOGIN.SSOPreAuthPresenter: onPreAuthResponse Permission=Permission{mFlag=1, mTitle='获取你的详细资料, mDescription='昵称、头像、性别等信息, mIsNew=true, mApi=', mId=1010, mChecked=false}
10-13 14:34:11.591 14747 14747 D SDK_LOGIN.AuthMemoryCache: putPreAuthAppInfo=appName=进圈
10-13 14:34:11.591 14747 14747 D SDK_LOGIN.SSOPreAuthPresenter: onPreAuthResponse response.profiles.has()=false
10-13 14:34:11.599 14747 14747 D SDK_LOGIN.NewAuthorityPresenter: -->onGetVirtualList isSuccess=true
10-13 14:34:11.599 14747 14747 E ForwardStatisticsReporter: report invalid key =KEY_GET_VIRTUAL_LIST_D24
10-13 14:34:11.599 14747 14747 D SDK_LOGIN.AuthModelUtil: getVirtualAccountInfoList list empty
10-13 14:34:11.599 14747 14747 D SDK_LOGIN.NewAuthorityPresenter: onGetVirtualList setData accountInfoList.size=0
10-13 14:34:11.599 14747 14747 D SDK_LOGIN.OpenAuthorityAccountView: setMainAccountSelect select=true
10-13 14:34:11.892 14747 14982 D AvatarUpdateService: -->updateAvatar--avatar not exist or need update, will download new avatar
10-13 14:34:11.893 14747 14982 E AvatarUpdateService: -->updateAvatar---close. java.lang.IllegalStateException: Content has been consumed
10-13 14:34:11.893 14747 14982 E AvatarUpdateService: 	at org.apache.http.entity.BasicHttpEntity.getContent(BasicHttpEntity.java:89)
10-13 14:34:11.893 14747 14982 E AvatarUpdateService: 	at org.apache.http.conn.BasicManagedEntity.getContent(BasicManagedEntity.java:105)
10-13 14:34:11.893 14747 14982 E AvatarUpdateService: 	at com.tencent.open.base.http.AvatarUpdateService$1.run(P:127)
10-13 14:34:11.893 14747 14982 E AvatarUpdateService: 	at com.tencent.mobileqq.app.Job.run(P:218)
10-13 14:34:11.893 14747 14982 E AvatarUpdateService: 	at java.util.concurrent.ThreadPoolExecutor.runWorker(ThreadPoolExecutor.java:1167)
10-13 14:34:11.893 14747 14982 E AvatarUpdateService: 	at java.util.concurrent.ThreadPoolExecutor$Worker.run(ThreadPoolExecutor.java:641)
10-13 14:34:11.893 14747 14982 E AvatarUpdateService: 	at java.lang.Thread.run(Thread.java:922)
10-13 14:34:11.894 14747 14988 D HttpImageDownloadAsyncTask: doInBackground
10-13 14:34:11.895 14747 14988 I System.out: begin to call ****** send due to user permission
10-13 14:34:11.899 14747 14988 D Linux   : [Posix_connect Debug]Process com.tencent.mobileqq:openSdk :8888 
10-13 14:34:11.901 14747 14747 E page.PageSwitchObserver: postAppearDetectionTask: unable to detect activity
10-13 14:34:11.902 14747 14747 D SDK_LOGIN.BaseAuthorityAccountView: -->updateAccountFace success uin = 4021
10-13 14:34:11.921 14747 14747 D ImeFocusController: onViewFocusChanged, view=android.widget.RelativeLayout{a8a9d64 VFE...... .F...... 0,130-1080,200 #7f0b05db app:id/vr aid=1073741824}, mServedView=android.widget.RelativeLayout{a8a9d64 VFE...... .F...... 0,130-1080,200 #7f0b05db app:id/vr aid=1073741824}
10-13 14:34:11.921 14747 14747 V ImeFocusController: onWindowFocus: android.widget.RelativeLayout{a8a9d64 VFE...... .F...... 0,130-1080,200 #7f0b05db app:id/vr aid=1073741824} softInputMode=STATE_UNSPECIFIED|ADJUST_RESIZE
10-13 14:34:11.921 14747 14747 D ImeFocusController: onViewFocusChanged, view=android.widget.RelativeLayout{a8a9d64 VFE...... .F...... 0,130-1080,200 #7f0b05db app:id/vr aid=1073741824}, mServedView=android.widget.RelativeLayout{a8a9d64 VFE...... .F...... 0,130-1080,200 #7f0b05db app:id/vr aid=1073741824}
10-13 14:34:11.921 14747 14747 V ImeFocusController: checkFocus: view=android.widget.RelativeLayout{a8a9d64 VFE...... .F...... 0,130-1080,200 #7f0b05db app:id/vr aid=1073741824} next=android.widget.RelativeLayout{a8a9d64 VFE...... .F...... 0,130-1080,200 #7f0b05db app:id/vr aid=1073741824} force=true package=com.tencent.mobileqq
10-13 14:34:11.999 14747 14747 D SDK_LOGIN.BaseCardContainer: -->drawabel onLoadFailed, view: com.tencent.image.URLImageView{be14d0d V.ED..... ......ID 0,0-1080,100 #7f0b1de6 app:id/cr5}
10-13 14:34:11.999 14747 14747 D SDK_LOGIN.BaseCardContainer: -->drawabel onLoadFailed, view: com.tencent.image.URLImageView{975f4c2 V.ED..... ......ID 0,0-1080,100 #7f0b1de6 app:id/cr5}
10-13 14:34:12.476 14747 14747 D SDK_LOGIN.OpenAuthorityFragment: onClick authorize btn
10-13 14:34:12.476 14747 14747 D SDK_LOGIN.NewAuthorityPresenter: onLoginBtnClick mGetTicketFailed=false
10-13 14:34:12.476 14747 14747 D ForwardStatisticsReporter: KEY_LOGIN_STAGE_2_1_NEW_TOTAL=4340, uin=4021
10-13 14:34:12.477 14747 14747 D SDK_LOGIN.NewAuthorityPresenter: onClick doAuthorize
10-13 14:34:12.478 14747 14747 D ForwardStatisticsReporter: KEY_LOGIN_STAGE_2_NEW_TOTAL=4342, uin=4021
10-13 14:34:12.479 14747 14747 D SDK_LOGIN.SSOSdkAuthApiPresenter: doAuthorize
10-13 14:34:12.479 14747 14747 D SDK_LOGIN.AuthMemoryCache: isForceTo540 uin=4021, force540=false
10-13 14:34:12.480 14747 14747 D TicketManager: get ticket succ, a!
10-13 14:34:12.480 14747 14747 D SDK_LOGIN.AuthorityUtil: host getA2 uin=4021  80E4
10-13 14:34:12.482 14747 14747 D SDK_LOGIN.AuthorityUtil: getMsfCommand use qq cache
10-13 14:34:12.482 14747 14747 D SDK_LOGIN.SSOSdkAuthApiPresenter: OpenVirtual.doAuthorize.send | cmd: ConnAuthSvr.sdk_auth_api_emp | uin : *4021
10-13 14:34:12.482 14747 14747 D SDK_LOGIN.NewAuthDataSourceImpl: doAuthorize Permission.id=1010
10-13 14:34:12.485 30521 30521 I AutoMonitor: onComponentCreate, component: com.tencent.mobileqq.statistics.ReportReceiver@606627f ,mCurState = 201
10-13 14:34:12.486 30521 20187 I SDK_LOGIN.OpenSdkQIPCModule: onCall main proc action : action_open_auth_telemetry_report
10-13 14:34:12.486 30521 20187 E MetricRecorder: innerCreateCounter error: invalid condition
10-13 14:34:12.486 30521 20187 E MetricCounter: add error: param wrong
10-13 14:34:12.487 12918 14323 D MSF.C.StatReport: setUserId = *4021
10-13 14:34:12.487 12918 14323 D MSF.C.NetConnTag.true: add quick send timeout check 75533
10-13 14:34:12.488 12918 13200 D MSF.C.NetConnTag.true: pa ok: 75533
10-13 14:34:12.488 12918 13200 D MSF.C.NetConnTag.DualConnContext.true: tryDualConn
10-13 14:34:12.488 12918 13200 D MSF.C.NetConnTag.true: netSend ssoSeq:75533 uin:*4021 cmd:CSw+OhstMTIZNSJ6KTwuBSs2JDwFOTUzFSY9JA 76297 1aebaf2 socketEngineID: 0 socket: 28228338
10-13 14:34:12.492 30521 30521 I AutoMonitor: onComponentCreate, component: com.tencent.mobileqq.statistics.ReportReceiver@618e295 ,mCurState = 201
10-13 14:34:12.495 14747 14826 I System.out: begin to call ****** send due to user permission
10-13 14:34:12.498 14747 14826 D Linux   : [Posix_connect Debug]Process com.tencent.mobileqq:openSdk :8888 
10-13 14:34:12.501 14747 14988 D HttpImageDownloadAsyncTask: doInBackground result==null : false
10-13 14:34:12.507 14747 14747 D SDK_LOGIN.NewAuthorityPresenter: onTaskCompleted uin=4021, bitmap=android.graphics.Bitmap@f5df112
10-13 14:34:12.507 14747 14747 D SDK_LOGIN.BaseAuthorityAccountView: -->updateAccountFace uin=4021
10-13 14:34:12.507 14747 14747 D SDK_LOGIN.BaseAuthorityAccountView: 当前帐号：4021
10-13 14:34:12.516 14747 14747 D SDK_LOGIN.BaseAuthorityAccountView: -->updateAccountFace success uin = 4021
10-13 14:34:12.534 14747 14766 D NativeTrafficMonitorHelper: init from OpenNativeTrafficMonitor
10-13 14:34:12.534 14747 14766 D NativeTrafficMonitorHelper: stepUpNativeTrafficMonitor
10-13 14:34:12.535 14747 14766 D MSF.D.AppNetInfoNewImpl: registerNetInfoHandler 8a60c5e
10-13 14:34:12.535 14747 14766 D NativeTrafficMonitorHelper: startToInitNativeTrafficMonitorWithConfig isPublicVersion[true]
10-13 14:34:12.535 14747 14766 D NativeTrafficMonitorConfigProcessor: migrateOldOrDefaultContent type: 836
10-13 14:34:12.535 14747 14766 D NativeTrafficMonitorHelper: realInitNativeTrafficMonitorWithConfig start, NativeTrafficMonitorConfig{isInitNativeTrafficMonitor=false, isEnableMonitor=false, isEnableGlobalMonitor=false, baseMobileReportThreshold=9223372036854775807, nextMobileReportTimes=1, baseWifiReportThreshold=9223372036854775807, nextWifiReportTimes=1, globalThreadInfoThreshold=9223372036854775807, globalMonitorTime=600, globalMobileReportThreshold=9223372036854775807, globalWifiReportThreshold=9223372036854775807}
10-13 14:34:12.535 14747 14766 D AutoMonitor: OpenThreadCreateHook, cost=1 results: true
10-13 14:34:12.542 14747 14972 I RMonitor_manager_sdk: setProperty, key = 104, value = 3, ret = true
10-13 14:34:12.546 14747 14972 D BaseHighStringMonitor: start failed
10-13 14:34:12.546 14747 14972 D BaseHighStringMonitor: start failed
10-13 14:34:12.547 14747 14972 I QQRMonitorSDKManager: setUin 1757382449
10-13 14:34:12.549 14747 14972 I SharedPreferencesProxy: create new ContentProviderClient: MagnifierSDK.QAPM
10-13 14:34:12.549 14747 14990 I SharedPreferencesProxy: create new ContentProviderClient: rmonitor_trace_id_sp
10-13 14:34:12.557 14747 14990 I SharedPreferencesProxy: create new ContentProviderClient: privacy_info_sp_file
10-13 14:34:12.563 14747 14972 I MagnifierSDK.QAPM: startVersion = V *********28.r83e6c009 gray=false pub=true
10-13 14:34:12.573 14747 14990 W RMonitor_manager_Launcher: no monitor turned on!
10-13 14:34:12.591 14747 14794 D Linux   : [Posix_connect Debug]Process com.tencent.mobileqq:openSdk :8081 
10-13 14:34:12.615 12918 13246 D MSF.C.NetConnTag.true: netRecv ssoSeq:75533 uin:*4021 cmd:CSw+OhstMTIZNSJ6KTwuBSs2JDwFOTUzFSY9JA 75869 cross:0 socketEngineID: 0 socket: 28228338
10-13 14:34:12.616 12918 13246 D MSF.C.QuickSendManager: onRecvNormalResp, cmd: ConnAuthSvr.sdk_auth_api_emp ssoSeq: 75533
10-13 14:34:12.616 12918 13246 D MSF.C.QuickSendManager: remove timoutchecker for msg
10-13 14:34:12.617 12918 13242 I MSF.S.AppProcessManager: SendToApp process:com.tencent.mobileqq:openSdk fromServiceMsg: FromServiceMsg msName:unknown ssoSeq:75533 serviceCmd:ConnAuthSvr.sdk_auth_api_emp appSeq:9 failCode:1000 cos t =0 needBoot=false to.len = 672 from.len = 236
10-13 14:34:12.618 14747 14884 D MSF.D.Proxy: onReceiveResp, fromServiceMsg = ConnAuthSvr.sdk_auth_api_emp, ssoSeq = 75533, length = 236
10-13 14:34:12.619 14747 14747 D SDK_LOGIN.SSOSdkAuthApiPresenter: doAuthorize onReceive ssoAccount=4021, timeCost=140, cmd=ConnAuthSvr.sdk_auth_api_emp, code=1000
10-13 14:34:12.622 14747 14747 D SDK_LOGIN.FileDataSource: saveAuthData success file=/data/user/0/com.tencent.mobileqq/files/qqconnect/313130393232303637355F31373535303634303231
10-13 14:34:12.623 14747 14747 D ForwardStatisticsReporter: KEY_AUTHORIZE_REQUEST=145, uin=4021
10-13 14:34:12.625 14747 14747 D PandoraEx.MonitorReporter: module[network], systemApi[NI#G_TY_NAME], scene[normal], strategy[normal], isSystemCall[true
10-13 14:34:12.626 14747 14747 D SDK_LOGIN.BaseAuthorityPresenter: parseAuthorizeResponse ret=0
10-13 14:34:12.626 30521 20187 I SDK_LOGIN.OpenSdkQIPCModule: onCall main proc action : action_open_auth_telemetry_report
10-13 14:34:12.626 30521 20187 E MetricRecorder: innerCreateCounter error: invalid condition
10-13 14:34:12.627 30521 20187 E MetricCounter: add error: param wrong
10-13 14:34:12.628 14747 14890 I System.out: begin to call ****** send due to user permission
10-13 14:34:12.632 14747 14747 D SDK_LOGIN.BaseAuthorityPresenter: setSdkResult, error=0, mCurrentAccount=4021
10-13 14:34:12.634 12918 14323 D MSF.C.StatReport: setUserId = *2449
10-13 14:34:12.635 12918 13200 D MSF.C.NetConnTag.true: pa ok: 75536
10-13 14:34:12.636 12918 13200 D MSF.C.NetConnTag.DualConnContext.true: tryDualConn
10-13 14:34:12.636 12918 13200 D MSF.C.NetConnTag.true: netSend ssoSeq:75536 uin:*2449 cmd:CS85GDU/FiwpbQUkNjckPhgmIQ 75780 1aebaf2 socketEngineID: 0 socket: 28228338
10-13 14:34:12.637 30521 30521 I AutoMonitor: onComponentCreate, component: com.tencent.mobileqq.statistics.ReportReceiver@8a8a79b ,mCurState = 201
10-13 14:34:12.638 14747 14747 D ForwardStatisticsReporter: KEY_LOGIN_STAGE_3_TOTAL=160, uin=4021
10-13 14:34:12.639 14747 14747 D ForwardStatisticsReporter: KEY_AUTHORITY_TOTAL=4827, uin=4021, params[PARAM_ERROR_CODE=0 ]
10-13 14:34:12.640 14747 14890 D Linux   : [Posix_connect Debug]Process com.tencent.mobileqq:openSdk :8888 
10-13 14:34:12.645 14747 14747 D SDK_LOGIN.AuthReporter: reportLoginResult, errorCode=0, appId=1109220675, uin=*4021
10-13 14:34:12.646 14747 14747 E page.PageSwitchObserver: postAppearDetectionTask: unable to detect activity
10-13 14:34:12.646 14747 14747 D SDK_LOGIN.PublicFragmentActivityForOpenSDK: doOnPause hashCode=22366325
10-13 14:34:12.647 14747 14747 I PERF_LOG: SM.onActivityPaused, scene is com.tencent.open.agent.PublicFragmentActivityForOpenSDK
10-13 14:34:12.647 14747 14747 I app.AppEventReporter: onActivityPause(), activity=com.tencent.open.agent.PublicFragmentActivityForOpenSDK@1554875#com.tencent.open.agent.OpenAuthorityFragment@d3e5957
10-13 14:34:12.647 14747 14978 I UECPageStayReportManager: UECReportTimeLongTask time = 60
10-13 14:34:12.647 14747 14747 E page.PageSwitchObserver: postAppearDetectionTask: unable to detect activity
10-13 14:34:12.647 14747 14978 I UECPageStayReportManager: UECReportTimeLongTask time = 60
10-13 14:34:12.647 14747 14747 D SDK_LOGIN.BaseAuthorityPresenter: doOnPause
10-13 14:34:12.647 14747 14747 I PERF_LOG: SM.onFragmentPaused, scene is com.tencent.open.agent.OpenAuthorityFragment
10-13 14:34:12.667 14747 14747 I app.AppEventReporter: onActivityStarted(), activity=com.tencent.open.agent.PublicFragmentActivityForOpenSDK@1644ab8#com.tencent.open.agent.OpenAuthorityFragment@305182
10-13 14:34:12.667 14747 14747 D LocaleManager: tryApplyLocaleIfNeeded, resLocale:zh_CN
10-13 14:34:12.667 14747 14747 D LocaleManager: queryCurrentLocale, currentLocale:zh_CN
10-13 14:34:12.667 14747 14747 D SDK_LOGIN.PublicFragmentActivityForOpenSDK: doOnStart hashCode=23349944
10-13 14:34:12.667 14747 14747 I PERF_LOG: SM.onActivityResumed, scene is com.tencent.open.agent.PublicFragmentActivityForOpenSDK
10-13 14:34:12.667 14747 14747 D DtSdkInitStep: 848QQDT [ignoreAppEvent] activity: com.tencent.open.agent.PublicFragmentActivityForOpenSDK@1644ab8#com.tencent.open.agent.OpenAuthorityFragment@305182
10-13 14:34:12.668 14747 14747 I app.AppEventReporter: onActivityResume(), activity=com.tencent.open.agent.PublicFragmentActivityForOpenSDK@1644ab8#com.tencent.open.agent.OpenAuthorityFragment@305182
10-13 14:34:12.668 14747 14747 E page.PageSwitchObserver: postAppearDetectionTask: unable to detect activity
10-13 14:34:12.668 14747 14747 D SDK_LOGIN.PublicFragmentActivityForOpenSDK: doOnResume hashCode=23349944
10-13 14:34:12.670 14747 14747 E page.PageSwitchObserver: postAppearDetectionTask: unable to detect activity
10-13 14:34:12.678 14747 14747 D SDK_LOGIN.BaseAuthorityPresenter: doOnResume
10-13 14:34:12.678 14747 14747 I PERF_LOG: SM.onFragmentResumed, scene is com.tencent.open.agent.OpenAuthorityFragment
10-13 14:34:12.678 30521 20187 I SDK_LOGIN.OpenSdkQIPCModule: onCall main proc action : action_open_auth_telemetry_report
10-13 14:34:12.679 30521 20187 E MetricRecorder: innerCreateCounter error: invalid condition
10-13 14:34:12.679 30521 20187 E MetricCounter: add error: param wrong
10-13 14:34:12.704 14747 14747 D ImeFocusController: onViewFocusChanged, view=android.widget.RelativeLayout{710ef2b VFE...... .F...... 0,130-1080,200 #7f0b05db app:id/vr}, mServedView=null
10-13 14:34:12.704 14747 14747 V ImeFocusController: onWindowFocus: android.widget.RelativeLayout{710ef2b VFE...... .F...... 0,130-1080,200 #7f0b05db app:id/vr} softInputMode=STATE_UNSPECIFIED|ADJUST_RESIZE
10-13 14:34:12.704 14747 14747 D ImeFocusController: onViewFocusChanged, view=android.widget.RelativeLayout{710ef2b VFE...... .F...... 0,130-1080,200 #7f0b05db app:id/vr}, mServedView=null
10-13 14:34:12.705 14747 14747 V ImeFocusController: checkFocus: view=null next=android.widget.RelativeLayout{710ef2b VFE...... .F...... 0,130-1080,200 #7f0b05db app:id/vr} force=false package=<none>
10-13 14:34:12.749 14747 14826 I System.out: begin to call ****** send due to user permission
10-13 14:34:12.753 14747 14826 D Linux   : [Posix_connect Debug]Process com.tencent.mobileqq:openSdk :8888 
10-13 14:34:12.766 14747 14766 D ApplicationLife: [process] handleMessage: invoked. send starting sProcessName: com.tencent.mobileqq:openSdk
10-13 14:34:12.767 14747 14766 D ApplicationLife: [process] handleMessage: invoked.  sCountActivity: 2
10-13 14:34:12.768 12918 13693 D MSF.C.DeepSleepDetector: onProcessViewableChanged process: com.tencent.mobileqq:openSdk, state: true, at: 112872058
10-13 14:34:12.769 14747 14767 I PERF_LOG: SM.on foreground
10-13 14:34:12.769 30521 30521 D GuardManager: [process][put] onReceive: invoked.  process: com.tencent.mobileqq:openSdk
10-13 14:34:12.769 14747 14767 E RMonitor_manager_PluginMng: getPlugin, plugin is null where pluginId: 0, pluginMode: 4, pluginName: null, pluginTag: looper_stack
10-13 14:34:12.770 30521 30554 D GuardManager: [handleMessageForQQPluginFG] old: com.tencent.mobileqq:openSdk, new: com.tencent.mobileqq:openSdk
10-13 14:34:12.773 30521 30521 D GuardManager: [process][ACTION_PLUGIN_FG] onReceive: invoked.  runningTimeAllowed: true
10-13 14:34:12.774 30521 30554 D GuardManager.GuardStateScheduler: [process] filterRealForegroundProcMap: invoked.  realProcMap: {com.tencent.mobileqq:openSdk=1697178852766}
10-13 14:34:12.781 30521 30554 D GuardManager.GuardStateScheduler: [process] filterRealForegroundProcMap: invoked.  realProcMap: {com.tencent.mobileqq:openSdk=1697178852766}
10-13 14:34:12.961 14747 14747 D SDK_LOGIN.PublicFragmentActivityForOpenSDK: doOnStop hashCode=22366325
10-13 14:34:12.962 14747 14747 I app.AppEventReporter: onActivityStopped(), activity=com.tencent.open.agent.PublicFragmentActivityForOpenSDK@1554875#com.tencent.open.agent.OpenAuthorityFragment@d3e5957
10-13 14:34:12.962 14747 14747 D ApplicationLife: [process] onStop: invoked.  sCountActivity: 2
10-13 14:34:12.962 14747 14747 D SDK_LOGIN.PublicFragmentActivityForOpenSDK: doOnDestroy hashCode=22366325
10-13 14:34:12.963 14747 14747 I SharedPreferencesProxy: create new ContentProviderClient: MemoryManagerMemoryStat
10-13 14:34:12.966 14747 14747 W System.err: java.lang.ClassNotFoundException: android.sec.clipboard.ClipboardUIManager
10-13 14:34:12.966 14747 14747 W System.err: 	at java.lang.Class.classForName(Native Method)
10-13 14:34:12.966 14747 14747 W System.err: 	at java.lang.Class.forName(Class.java:454)
10-13 14:34:12.966 14747 14747 W System.err: 	at java.lang.Class.forName(Class.java:379)
10-13 14:34:12.966 14747 14747 W System.err: 	at com.tencent.mfsdk.impls.memory.ActivityLeakSolutionInner.b(P:264)
10-13 14:34:12.967 14747 14747 W System.err: 	at com.tencent.mfsdk.impls.memory.ActivityLeakSolutionInner.a(P:50)
10-13 14:34:12.967 14747 14747 W System.err: 	at com.tencent.mobileqq.qqperf.api.impl.PerfApiImpl$1.onActivityDestroyed(P:25)
10-13 14:34:12.967 14747 14747 W System.err: 	at com.tencent.mobileqq.perf.tracker.SceneTracker.onActivityDestroyed(P:221)
10-13 14:34:12.967 14747 14747 W System.err: 	at android.app.Application.dispatchActivityDestroyed(Application.java:559)
10-13 14:34:12.967 14747 14747 W System.err: 	at android.app.Activity.dispatchActivityDestroyed(Activity.java:1631)
10-13 14:34:12.967 14747 14747 W System.err: 	at android.app.Activity.onDestroy(Activity.java:2881)
10-13 14:34:12.967 14747 14747 W System.err: 	at androidx.fragment.app.FragmentActivity.onDestroy(P:364)
10-13 14:34:12.967 14747 14747 W System.err: 	at mqq.app.AppActivity.onDestroy(P:191)
10-13 14:34:12.967 14747 14747 W System.err: 	at android.app.Activity.performDestroy(Activity.java:8634)
10-13 14:34:12.967 14747 14747 W System.err: 	at android.app.Instrumentation.callActivityOnDestroy(Instrumentation.java:1364)
10-13 14:34:12.967 14747 14747 W System.err: 	at android.app.ActivityThread.performDestroyActivity(ActivityThread.java:5717)
10-13 14:34:12.967 14747 14747 W System.err: 	at android.app.ActivityThread.handleDestroyActivity(ActivityThread.java:5763)
10-13 14:34:12.967 14747 14747 W System.err: 	at android.app.servertransaction.DestroyActivityItem.execute(DestroyActivityItem.java:47)
10-13 14:34:12.967 14747 14747 W System.err: 	at android.app.servertransaction.ActivityTransactionItem.execute(ActivityTransactionItem.java:45)
10-13 14:34:12.967 14747 14747 W System.err: 	at android.app.servertransaction.TransactionExecutor.executeLifecycleState(TransactionExecutor.java:176)
10-13 14:34:12.967 14747 14747 W System.err: 	at android.app.servertransaction.TransactionExecutor.execute(TransactionExecutor.java:97)
10-13 14:34:12.967 14747 14747 W System.err: 	at android.app.ActivityThread$H.handleMessage(ActivityThread.java:2434)
10-13 14:34:12.967 14747 14747 W System.err: 	at android.os.Handler.dispatchMessage(Handler.java:106)
10-13 14:34:12.967 14747 14747 W System.err: 	at android.os.Looper.loopOnce(Looper.java:233)
10-13 14:34:12.968 14747 14747 W System.err: 	at android.os.Looper.loop(Looper.java:334)
10-13 14:34:12.968 14747 14747 W System.err: 	at android.app.ActivityThread.main(ActivityThread.java:8344)
10-13 14:34:12.968 14747 14747 W System.err: 	at java.lang.reflect.Method.invoke(Native Method)
10-13 14:34:12.968 14747 14747 W System.err: 	at com.android.internal.os.RuntimeInit$MethodAndArgsCaller.run(RuntimeInit.java:582)
10-13 14:34:12.968 14747 14747 W System.err: 	at com.android.internal.os.ZygoteInit.main(ZygoteInit.java:1065)
10-13 14:34:12.968 14747 14747 W System.err: Caused by: java.lang.ClassNotFoundException: android.sec.clipboard.ClipboardUIManager
10-13 14:34:12.968 14747 14747 W System.err: 	... 28 more
10-13 14:34:12.968 14747 14747 W obileqq:openSd: Accessing hidden field Landroid/view/inputmethod/InputMethodManager;->mCurRootView:Landroid/view/ViewRootImpl; (blocked, reflection, denied)
10-13 14:34:12.971 14747 14747 I app.AppEventReporter: onActivityDestroyed(), activity=com.tencent.open.agent.PublicFragmentActivityForOpenSDK@1554875#com.tencent.open.agent.OpenAuthorityFragment@d3e5957
10-13 14:34:12.972 14747 14747 D SDK_LOGIN.OpenAuthorityFragment: onDestroy
10-13 14:34:12.972 14747 14747 E SDK_LOGIN.AuthUIUtil: dismissDialog
10-13 14:34:12.972 14747 14747 E SDK_LOGIN.AuthUIUtil: dismissDialog activity is invalid
10-13 14:34:13.023 14747 14940 D PandoraEx.MonitorReporter: module[network], systemApi[NI#G_TY_NAME], scene[normal], strategy[normal], isSystemCall[true
10-13 14:34:13.027 14747 14940 D PandoraEx.MonitorReporter: module[network], systemApi[NI#G_TY_NAME], scene[normal], strategy[normal], isSystemCall[true
10-13 14:34:13.042 14747 14940 D PandoraEx.MonitorReporter: module[network], systemApi[NI#G_TY_NAME], scene[normal], strategy[normal], isSystemCall[true
10-13 14:34:13.044 14747 14940 D PandoraEx.MonitorReporter: module[network], systemApi[NI#G_TY_NAME], scene[normal], strategy[normal], isSystemCall[true
