10-13 14:24:10.791  9013  9200 I okhttp.OkHttpClient: Access-Control-Allow-Origin: *
10-13 14:24:10.791  9013  9200 I okhttp.OkHttpClient: Access-Control-Allow-Credentials: true
10-13 14:24:10.791  9013  9200 I okhttp.OkHttpClient: Access-Control-Allow-Methods: GET, PUT, POST, DELETE, PATCH, OPTIONS
10-13 14:24:10.791  9013  9200 I okhttp.OkHttpClient: Access-Control-Allow-Headers: DNT,Keep-Alive,User-Agent,X-Requested-With,If-Modified-Since,Cache-Control,Content-Type,Range,Authorization
10-13 14:24:10.791  9013  9200 I okhttp.OkHttpClient: Access-Control-Max-Age: 1728000
10-13 14:24:10.791  9013  9200 I okhttp.OkHttpClient: Connection: keep-alive
10-13 14:24:10.791  9013  9200 I okhttp.OkHttpClient: {"code":0,"msg":"\u6210\u529f"}
10-13 14:24:10.791  9013  9200 I okhttp.OkHttpClient: <-- END HTTP (32-byte body)
10-13 14:24:10.791  9013  9200 W okhttp.OkHttpClient: <-- 200 OK http://poros-test.diffusenetwork.com/service/views/user/device_info?channel_name=unknown_channel&app=jinquan&hotfix_version=&nonce_str=43f2fd1d-1079-4cea-9e6a-d8d0e082c945&own_family_id=&device_id=68b3db9d-9ada-3174-a05a-cf26161b8c64&sign=lipv_BTpISISCsEldW_L6g&Latitude=&Longitude=&et=1697178250300&pkg_name=com.liquid.poros&biz=jinquan&version_name=2.0.2.3&device_serial=unknown&wifi_proxy=true&mac_addr=020000000000&user_id=&wifi_mac_addr=unknow&wifi_vpn=false&platform_name=Android&imei=&own_union_id=&android_id=24c40c57d13f0bc6&oaid=11df45db5cebdaab16293e7bdfbdfa05357a989197129dabf30bf8d0c19f85f3 (326ms)
10-13 14:24:10.791  9013  9200 W okhttp.OkHttpClient: Date: Fri, 13 Oct 2023 06:24:11 GMT
10-13 14:24:10.792  9013  9200 W okhttp.OkHttpClient: Content-Type: application/json
10-13 14:24:10.792  9013  9200 W okhttp.OkHttpClient: Content-Length: 32
10-13 14:24:10.792  9013  9200 W okhttp.OkHttpClient: x-envoy-upstream-service-time: 12
10-13 14:24:10.792  9013  9200 W okhttp.OkHttpClient: x-env-flow-enable: true
10-13 14:24:10.792  9013  9200 W okhttp.OkHttpClient: Access-Control-Allow-Origin: *
10-13 14:24:10.792  9013  9200 W okhttp.OkHttpClient: Access-Control-Allow-Credentials: true
10-13 14:24:10.792  9013  9200 W okhttp.OkHttpClient: Access-Control-Allow-Methods: GET, PUT, POST, DELETE, PATCH, OPTIONS
10-13 14:24:10.792  9013  9200 W okhttp.OkHttpClient: Access-Control-Allow-Headers: DNT,Keep-Alive,User-Agent,X-Requested-With,If-Modified-Since,Cache-Control,Content-Type,Range,Authorization
10-13 14:24:10.792  9013  9200 W okhttp.OkHttpClient: Access-Control-Max-Age: 1728000
10-13 14:24:10.792  9013  9200 W okhttp.OkHttpClient: Connection: keep-alive
10-13 14:24:10.792  9013  9200 W okhttp.OkHttpClient: {"code":0,"msg":"\u6210\u529f"}
10-13 14:24:10.792  9013  9200 W okhttp.OkHttpClient: <-- END HTTP (32-byte body)
10-13 14:24:10.839 30521 20187 I SDK_LOGIN.OpenSdkQIPCModule: onCall main proc action : action_open_auth_telemetry_report
10-13 14:24:10.839 30521 20187 E MetricRecorder: innerCreateCounter error: invalid condition
10-13 14:24:10.839 30521 20187 E MetricCounter: add error: param wrong
10-13 14:24:10.840  9365  9365 W halley_3401_Tem: type=1400 audit(0.0:62026): avc: granted { nlmsg_readpriv } for scontext=u:r:untrusted_app_27:s0:c512,c768 tcontext=u:r:untrusted_app_27:s0:c512,c768 tclass=netlink_route_socket app=com.tencent.mobileqq
10-13 14:24:10.849  9365  9365 W libc    : Access denied finding property "qemu.hw.mainkeys"
10-13 14:24:10.844  9365  9365 W obileqq:openSdk: type=1400 audit(0.0:62027): avc: denied { read } for name="u:object_r:qemu_hw_prop:s0" dev="tmpfs" ino=11523 scontext=u:r:untrusted_app_27:s0:c512,c768 tcontext=u:object_r:qemu_hw_prop:s0 tclass=file permissive=0 app=com.tencent.mobileqq
10-13 14:24:10.892 12918 14324 D MSF.C.DeepSleepDetector: onProcessViewableChanged process: com.tencent.mobileqq:openSdk, state: false, at: 0
10-13 14:24:10.892 12918 14324 D MSF.C.DeepSleepDetector: lead to app state changed from: true, to: false
10-13 14:24:10.892 12918 14324 D MSF.C.DeepSleepDetector: [onAppBackground]
10-13 14:24:10.892 12918 14324 D MSF.C.DeepSleepDetector: onAppBackground setStartTime 274493746
10-13 14:24:10.892 12918 13042 D MSF.C.DeepSleepDetector: [run] count after++: 1
10-13 14:24:10.892  9365  9365 W halley_3401_Tem: type=1400 audit(0.0:62028): avc: granted { nlmsg_readpriv } for scontext=u:r:untrusted_app_27:s0:c512,c768 tcontext=u:r:untrusted_app_27:s0:c512,c768 tclass=netlink_route_socket app=com.tencent.mobileqq
10-13 14:24:10.899  1251  1792 I ActivityTaskManager: Displayed com.tencent.mobileqq/com.tencent.open.agent.AgentActivity: +703ms
10-13 14:24:10.904 12918 14323 D MSF.S.ReqHandler: handleMsfRequest registerMsfService
10-13 14:24:10.904 12918 14323 I MSF.S.AppProcessManager: onRegisterApp process=com.tencent.mobileqq:openSdk processBootName= appid=537119417 callback=e4b6279
10-13 14:24:10.919 12918 14323 I wlogin_sdk[P:10]: get guid f561de95fc50a1444de481a55b28d696
10-13 14:24:10.920 12918 13242 I MSF.S.AppProcessManager: SendToApp PUSH process:com.tencent.mobileqq:openSdk fromServiceMsg: FromServiceMsg msName:pushSetConfig ssoSeq:-1 serviceCmd:cmd_pushSetConfig appSeq:-1 failCode:1000 cost = 0 needBoot=false from.len = 0
10-13 14:24:10.920 12918 14323 D MSF.S.ReqHandler: handleMsfRequest registerMsfService
10-13 14:24:10.920 12918 14323 I MSF.S.AppProcessManager: onRegisterApp process=com.tencent.mobileqq:openSdk processBootName= appid=537119417 callback=affbbe
10-13 14:24:10.922 12918 13242 I MSF.S.AppProcessManager: SendToApp PUSH process:com.tencent.mobileqq fromServiceMsg: FromServiceMsg msName:pushSetConfig ssoSeq:-1 serviceCmd:cmd_pushSetConfig appSeq:-1 failCode:1000 cost = 0 needBoot=false from.len = 0
10-13 14:24:10.923 30521 20173 D MSF.D.Proxy: onRecvServicePushResp, fromServiceMsg cmd = cmd_pushSetConfig, ssoSeq = -1, length = 0
10-13 14:24:10.929 12918 14323 I wlogin_sdk[P:10]: get guid f561de95fc50a1444de481a55b28d696
10-13 14:24:10.930 12918 14323 I wlogin_sdk[P:1]: GetLocalTicket appid 16 type 0x40
10-13 14:24:10.930 12918 14323 I wlogin_sdk[P:286]: get_all_siginfo in mem
10-13 14:24:10.930 12918 14323 I wlogin_sdk[P:2]: WUserSigInfo::get_clone 1697167927
10-13 14:24:10.930 12918 14323 I wlogin_sdk[P:20]: skey in sigInfo MD***EV
10-13 14:24:10.931 12918 14323 I wlogin_sdk[P:23]: GetUserSigInfoTicket type:0x40 sig:72 key:16 create time:1697167582 expire time:1699586782
10-13 14:24:10.931 12918 14323 I wlogin_sdk[P:28]: 
10-13 14:24:10.931 12918 14323 I wlogin_sdk[P:1]: GetLocalTicket appid 16 type 0x1000
10-13 14:24:10.931 12918 14323 I wlogin_sdk[P:286]: get_all_siginfo in mem
10-13 14:24:10.931 12918 14323 I wlogin_sdk[P:2]: WUserSigInfo::get_clone 1697167927
10-13 14:24:10.931 12918 14323 I wlogin_sdk[P:20]: skey in sigInfo MD***EV
10-13 14:24:10.932 12918 14323 I wlogin_sdk[P:23]: GetUserSigInfoTicket type:0x1000 sig:10 key:0 create time:1697167582 expire time:1697253982
10-13 14:24:10.932 12918 13242 I MSF.S.AppProcessManager: SendToApp PUSH process:com.tencent.mobileqq:openSdk fromServiceMsg: FromServiceMsg msName:pushSetConfig ssoSeq:-1 serviceCmd:cmd_pushSetConfig appSeq:-1 failCode:1000 cost = 0 needBoot=false from.len = 0
10-13 14:24:10.932 12918 14323 I wlogin_sdk[P:28]: skey:MD***EV
10-13 14:24:10.932 12918 14323 I wlogin_sdk[P:1]: GetLocalTicket appid 16 type 0x20
10-13 14:24:10.932 12918 14323 I wlogin_sdk[P:286]: get_all_siginfo in mem
10-13 14:24:10.932 12918 14323 I wlogin_sdk[P:2]: WUserSigInfo::get_clone 1697167927
10-13 14:24:10.932 12918 14323 I wlogin_sdk[P:20]: skey in sigInfo MD***EV
10-13 14:24:10.933 12918 14323 I wlogin_sdk[P:23]: GetUserSigInfoTicket type:0x20 sig:64 key:0 create time:1697167582 expire time:1697174782
10-13 14:24:10.933 12918 14323 I wlogin_sdk[P:28]: 
10-13 14:24:10.933 12918 13242 I MSF.S.AppProcessManager: SendToApp process:com.tencent.mobileqq:openSdk fromServiceMsg: FromServiceMsg msName:getAlterTickets ssoSeq:75335 serviceCmd: appSeq:1 failCode:1000 cos t =0 needBoot=false to.len = 0 from.len = 0
10-13 14:24:10.934 12918 13242 I MSF.S.AppProcessManager: SendToApp PUSH process:com.tencent.mobileqq fromServiceMsg: FromServiceMsg msName:pushSetConfig ssoSeq:-1 serviceCmd:cmd_pushSetConfig appSeq:-1 failCode:1000 cost = 0 needBoot=false from.len = 0
10-13 14:24:10.935 30521 20173 D MSF.D.Proxy: onRecvServicePushResp, fromServiceMsg cmd = cmd_pushSetConfig, ssoSeq = -1, length = 0
10-13 14:24:10.940 12918 13200 D MSF.C.NetConnTag.true: pa ok: 75337
10-13 14:24:10.940 12918 13200 D MSF.C.DeepSleepDetector: [hasInDeepSleep] result: false, bgTime: 48, mCount: 1, interval: 60000
10-13 14:24:10.940 12918 13200 D MSF.C.NetConnTag.DualConnContext.true: tryDualConn
10-13 14:24:10.940 12918 13200 D MSF.C.NetConnTag.true: netSend ssoSeq:75337 uin:*2449 cmd:GxITOzQ2IDk+Dz8zMzZrKjgmDzUvLC0 75605 1aebaf2 socketEngineID: 0 socket: 28228338
10-13 14:24:10.946 12918 14323 D MSF.C.DeepSleepDetector: onProcessViewableChanged process: com.tencent.mobileqq:openSdk, state: true, at: 112270236
10-13 14:24:10.946 12918 14323 D MSF.C.DeepSleepDetector: lead to app state changed from: false, to: true
10-13 14:24:10.946 12918 14323 D MSF.C.DeepSleepDetector: [hasInDeepSleep] result: false, bgTime: 54, mCount: 1, interval: 60000
10-13 14:24:10.946 12918 14323 D MSF.C.DeepSleepDetector: [onAppForeground] isDeepSleep: false
10-13 14:24:10.946 12918 14323 D MSF.C.DeepSleepDetector: [reset] startTime = 0, count = 0.
10-13 14:24:10.957 12918 14323 D MSF.C.QuickSendManager: isSendQuickHBBackToForeground = false
10-13 14:24:10.959 30521 30521 D GuardManager: [process][put] onReceive: invoked.  process: com.tencent.mobileqq:openSdk
10-13 14:24:10.959 30521 30554 D GuardManager: [handleMessageForQQPluginFG] old: null, new: com.tencent.mobileqq:openSdk
10-13 14:24:10.959 30521 30521 D GuardManager: [process][ACTION_PLUGIN_FG] onReceive: invoked.  runningTimeAllowed: true
10-13 14:24:10.959 30521 30554 D GuardManager.GuardStateScheduler: [process] filterRealForegroundProcMap: invoked.  realProcMap: {com.tencent.mobileqq:openSdk=1697178250945}
10-13 14:24:10.962 30521 30554 D GuardManager: 848QQDT [updateStartTime] resetTime: 112270352
10-13 14:24:10.964 30521 30554 D GuardManager: 848QQDT [reportForegroundEvent] isLogin: true
10-13 14:24:10.965 30521 30554 D GuardManager.GuardStateScheduler: [process] filterRealForegroundProcMap: invoked.  realProcMap: {com.tencent.mobileqq:openSdk=1697178250945}
10-13 14:24:10.965 30521 30521 I AutoMonitor: onComponentCreate, component: com.tencent.mobileqq.app.CoreService@5108494 ,mCurState = 201
10-13 14:24:10.967 30521 30554 D BatteryStats.BgCpu: BackgroundCpuMonitor onAppForeground,sCountActivity = 0
10-13 14:24:10.967 30521 30547 D BatteryStats.BgCpu: bgPrintCpuCostSofar msfrecv=32[727],   fts=282[972]
10-13 14:24:10.968 30521 30554 I QzoneVerticalVideoPluginApk: ============== onAppForeground ==============
10-13 14:24:10.968 30521 30554 D PrivacyUtil: set application on foreground
10-13 14:24:10.969 30521 30554 I GuildLocalFocusServiceImpl: setAppForeground isAppOnForeground: true
10-13 14:24:10.969 30521 30554 W GuildTabSpecRedInfoServiceImpl: isGuildTabShow not show source=onApplicationForeground
10-13 14:24:10.970 30521 30554 D ProcessGuard: application Foreground
10-13 14:24:10.970 30521  9492 I ZPlanGuardManager: onApplicationForeground
10-13 14:24:10.971 30521  9492 I [zplan][ZPlanFeatureSwitch]: enableZPlanPreload preload disable, return false
10-13 14:24:10.972 30521  9492 I ZPlanGuardManager: startEngineIfNeed, enablefalse, isZplanReady=false
10-13 14:24:10.973 30521  1128 I ArkApp.ArkAppMgr: updateInstalledApps, onCheckNetwork available.
10-13 14:24:10.974 30521  1128 I ArkApp.ArkAppMgr: isAppNeedUpdate, need-update=true, app=com.tencent.map, last-update=1697167582581, delta=177, update-period=56, last-use-time=1697096564706
10-13 14:24:10.974 30521  9494 D PandoraEx.MonitorReporter: module[device], systemApi[TM#G_IM], scene[normal], strategy[ban], isSystemCall[false
10-13 14:24:10.974 30521  1128 I ArkApp.ArkAppMgr: isAppNeedUpdate, need-update=true, app=com.tencent.miniapp, last-update=1697167582587, delta=177, update-period=54, last-use-time=1697096564710
10-13 14:24:10.975 30521  1128 I ArkApp.ArkAppMgr: isAppNeedUpdate, need-update=true, app=com.tencent.mannounce, last-update=1697167582588, delta=177, update-period=50, last-use-time=1697096564714
10-13 14:24:10.975 30521  1128 I ArkApp.ArkAppMgr: isAppNeedUpdate, need-update=true, app=com.tencent.structmsg, last-update=1697167582588, delta=177, update-period=59, last-use-time=1697096564718
10-13 14:24:10.975 30521  1128 I ArkApp.ArkAppMgr: doUpdateInstalledApps, start to update, last-time=1697178250973, app-count=4, app-name-list=com.tencent.map;com.tencent.miniapp;com.tencent.mannounce;com.tencent.structmsg;.
10-13 14:24:10.976 30521  1128 I ArkApp.ArkAppMgr: compareVersionString: ver1=********,ver2=******** QueueKey:null
10-13 14:24:10.976 30521  9494 D PandoraEx.MonitorReporter: module[network], systemApi[TM#G_NET_TYPE], scene[normal], strategy[normal], isSystemCall[true
10-13 14:24:10.976 30521  1266 I ArkDict.DictMgr: getWordInitState, wordInitState=true
10-13 14:24:10.976 30521  1266 I AIDictConfig: onParse getDictInfoFromJSON  info.type=0, info.md5=A2A3DB23434C5A300064295FEA75543E, info.url=************************************************************************  info.name =dict1-4,  info.identifier =A2A3DB23434C5A300064295FEA75543E
10-13 14:24:10.977 30521  1266 I AIDictConfig: onParse getDictInfoFromJSON  info.type=1, info.md5=794982C4EE5F42F5CED87E347732A891, info.url=**********************************************************************  info.name =dict2,  info.identifier =794982C4EE5F42F5CED87E347732A891
10-13 14:24:10.977 30521  1266 I AIDictConfig: onParse getDictInfoFromJSON  info.type=2, info.md5=D899185ED0059F153405EE1CE5DA6E42, info.url=**********************************************************************  info.name =dict3,  info.identifier =D899185ED0059F153405EE1CE5DA6E42
10-13 14:24:10.977 30521  1266 I AIDictConfig: onParse getDictInfoFromJSON info.diffURL=*************************************************************************** info.diffMD5=594A9FE8E134A915F734B1E110C8B0ED, info.diffSourceMD5=CA20CC5EE963CC0BA99B3B1E01870892
10-13 14:24:10.977 30521  1266 I AIDictConfig: onParse getDictInfoFromJSON  info.type=3, info.md5=76506E86DAE3C640D05242352329F478, info.url=************************************************************************  info.name =dict4-4,  info.identifier =76506E86DAE3C640D05242352329F478
10-13 14:24:10.977 30521  1266 I AIDictConfig: onParse getDictInfoFromJSON info.diffURL=***************************************************************************** info.diffMD5=29F3189C6046768199355932952B0DB9, info.diffSourceMD5=F9A6DA264C07234FDE3CC44A3DCA91CE
10-13 14:24:10.977 30521  1266 I AIDictConfig: onParse getDictInfoFromJSON  info.type=4, info.md5=B59E44A42FD962CC1F8CBB48DC7EECB2, info.url=**********************************************************************  info.name =dict5,  info.identifier =B59E44A42FD962CC1F8CBB48DC7EECB2
10-13 14:24:10.977 30521  1266 I AIDictConfig: onParse getDictInfoFromJSON  info.type=6, info.md5=950B647F5B70AEE0B9D52A99EE2CC635, info.url=**********************************************************************  info.name =dict7,  info.identifier =950B647F5B70AEE0B9D52A99EE2CC635
10-13 14:24:10.977 30521  1266 I AIDictConfig: onParse getDictInfoFromJSON  info.type=7, info.md5=4E5DEDB782CE3476BBB75859A089AE18, info.url=**********************************************************************  info.name =dict8,  info.identifier =4E5DEDB782CE3476BBB75859A089AE18
10-13 14:24:10.977 30521  1266 I AIDictConfig: onParse getDictInfoFromJSON  info.type=5, info.md5=34633E6AEB3254786D1F8C697B1D3A22, info.url=**********************************************************************  info.name =dict9,  info.identifier =34633E6AEB3254786D1F8C697B1D3A22
10-13 14:24:10.977 30521  1266 I AIDictConfig: onParse getDictInfoFromJSON info.diffURL=*************************************************************************** info.diffMD5=E2618229AED8F0D84DA3FB606A0D0370, info.diffSourceMD5=46596DEF022C6D7C6B9CE9D712910240
10-13 14:24:10.977 30521  1266 I AIDictConfig: onParse getDictInfoFromJSON  info.type=8, info.md5=208B534736DF877488C2B5957E84A683, info.url=***************************************************************************  info.name =dict-daily,  info.identifier =208B534736DF877488C2B5957E84A683
10-13 14:24:10.977 30521  9494 D PandoraEx.MonitorReporter: module[device], systemApi[TM#G_SIM_OP], scene[normal], strategy[normal], isSystemCall[true
10-13 14:24:10.978 30521  1266 D AIDictConfig: mWordDictList list size =9
10-13 14:24:10.978 30521  1128 I ArkApp.ArkAppMgr: compareVersionString: ver1=*********,ver2=********* QueueKey:null
10-13 14:24:10.978 30521  1128 I ArkApp.ArkAppMgr: compareVersionString: ver1=*********,ver2=********* QueueKey:null
10-13 14:24:10.978 30521  9494 I PlayerCore: loadLib cpu arch:7
10-13 14:24:10.979 30521  9494 I PlayerCore: loadLibDefault loading TPCore-master
10-13 14:24:10.979 30521  1266 I ArkDict.Update: getEffectDictIdentifier, use base dict, dict-id=725-2018-09-04_16-55-48.561
10-13 14:24:10.979 30521  1266 I ArkDict.DictMgr: reloadWordData, dict already loaded, dict-id=725-2018-09-04_16-55-48.561
10-13 14:24:10.979 30521  1128 I ArkApp.ArkAppMgr: compareVersionString: ver1=********,ver2=******** QueueKey:null
10-13 14:24:10.980 30521  1128 I ArkApp.ArkAppMgr: compareVersionString: ver1=********,ver2=******** QueueKey:null
10-13 14:24:10.980 30521  1128 I ArkApp.ArkAppConfigMgr: ArkTemp.ArkSafe.getAppConfig app=com.tencent.map, cached config={"ver":138,"name":"腾讯地图","icon":"https:\/\/map.qq.com\/mobile\/images\/helplogo.png","entry":0,"flag":0,"type":0,"urlWhitelist":{"res":["*.map.gtimg.com","3gimg.qq.com","apis.map.qq.com","clientccos.map.qq.com","confinfo.map.qq.com","liteapp.map.qq.com","micro.map.qq.com","mwg.map.qq.com","rttsub.map.qq.com","shp.qpic.cn","softroute.map.qq.com","syn0.map.qq.com","multimedia.map.qq.com","mapdownload.sparta.html5.qq.com","apis-tj.map.qq.com","h5.map.qq.com","*.sparta.html5.qq.com","*ptlogin2.qq.com","*htdata.qq.com","*htdata2.qq.com","*pub.idqqimg.com\/qqmobile\/client\/ios\/webview*"],"nav":["apis.map.qq.com","map.wap.qq.com","mapdownload.map.qq.com","softroute.map.qq.com","syn0.map.qq.com","3gimg.qq.com","mapdownload.sparta.html5.qq.com","*.map.qq.com","map.qq.com","m.q.qq.com","test.map.qq.com","apis-tj.map.qq.com","map\/*","*ptlogin2.qq.com","*htdata.qq.com","*htdata2.qq.com","*pub.idqqimg.com\/qqmobile\/client\/ios\/webview*"]},"fwdViews":["*"]}, env=Product QueueKey:null
10-13 14:24:10.980 30521  1128 I ArkApp.ArkAppConfigMgr: ArkSafe.getAppConfigVersion app=com.tencent.map, cfgver=138, env=Product QueueKey:null
10-13 14:24:10.980 30521  1128 I ArkApp.ArkAppConfigMgr: ArkTemp.ArkSafe.getAppConfig app=com.tencent.miniapp, cached config={"ver":196,"name":"小程序","icon":"","entry":0,"flag":0,"type":0,"urlWhitelist":{"res":["*.picsz.qpic.cn","*.file.myqcloud.com\/*","*.q.qq.com\/*","*.qzone.qq.com\/*","*.core.chinacloudapi.cn\/*","*.qpic.cn","minigame.gtimg.cn","*ptlogin2.qq.com","*htdata.qq.com","*htdata2.qq.com","*pub.idqqimg.com\/qqmobile\/client\/ios\/webview*"],"nav":["open","*.q.qq.com","microapp","miniapp","docs.qq.com","*.qzone.qq.com","mqq.tenpay.com","qpay.qq.com","h5.qianbao.qq.com","i.qianbao.qq.com","myun.tenpay.com","*ptlogin2.qq.com","*htdata.qq.com","*htdata2.qq.com","*pub.idqqimg.com\/qqmobile\/client\/ios\/webview*"]},"fwdViews":["*"]}, env=Product QueueKey:null
10-13 14:24:10.980 30521  1128 I ArkApp.ArkAppConfigMgr: ArkSafe.getAppConfigVersion app=com.tencent.miniapp, cfgver=196, env=Product QueueKey:null
10-13 14:24:10.980 30521  1128 I ArkApp.ArkAppConfigMgr: ArkTemp.ArkSafe.getAppConfig app=com.tencent.mannounce, cached config={"ver":103,"name":"群公告","icon":"","entry":0,"flag":0,"type":0,"urlWhitelist":{"res":["qun.qq.com","gdynamic.qpic.cn","*ptlogin2.qq.com","*htdata.qq.com","*htdata2.qq.com","*pub.idqqimg.com\/qqmobile\/client\/ios\/webview*"],"nav":["web.qun.qq.com","qun\/OpenNounce","*ptlogin2.qq.com","*htdata.qq.com","*htdata2.qq.com","*pub.idqqimg.com\/qqmobile\/client\/ios\/webview*"]},"fwdViews":["*"]}, env=Product QueueKey:null
10-13 14:24:10.980 30521  1128 I ArkApp.ArkAppConfigMgr: ArkSafe.getAppConfigVersion app=com.tencent.mannounce, cfgver=103, env=Product QueueKey:null
10-13 14:24:10.980 30521  1128 I ArkApp.ArkAppConfigMgr: ArkTemp.ArkSafe.getAppConfig app=com.tencent.structmsg, cached config={"ver":151,"name":"结构化消息","icon":"","entry":0,"flag":8,"type":0,"urlWhitelist":{"res":[],"nav":[]},"fwdViews":["*"]}, env=Product QueueKey:null
10-13 14:24:10.980 30521  1128 I ArkApp.ArkAppConfigMgr: ArkSafe.getAppConfigVersion app=com.tencent.structmsg, cfgver=151, env=Product QueueKey:null
10-13 14:24:10.981 30521  1128 I ArkApp.ArkAppCGIMgr: queryAppInfoByAppNameBatch, request, req={"os":"android","platformVer":35,"minPlatformVer":2,"apps":[{"app":"com.tencent.map","ver":"********","cfgver":138},{"app":"com.tencent.miniapp","ver":"*********","cfgver":196},{"app":"com.tencent.mannounce","ver":"*********","cfgver":103},{"app":"com.tencent.structmsg","ver":"********","cfgver":151}],"qqVer":"8.8.90","supportTemplate":0}
10-13 14:24:10.981 30521  1128 I ArkApp.MultiProc: ArkMultiProc.sendAppMsg, cmd=ArkAppInfo.QueryAppInfo, msg={"os":"android","platformVer":35,"minPlatformVer":2,"apps":[{"app":"com.tencent.map","ver":"********","cfgver":138},{"app":"com.tencent.miniapp","ver":"*********","cfgver":196},{"app":"com.tencent.mannounce","ver":"*********","cfgver":103},{"app":"com.tencent.structmsg","ver":"********","cfgver":151}],"qqVer":"8.8.90","supportTemplate":0}, timeout=10000
10-13 14:24:10.982 12918 13200 D MSF.C.NetConnTag.true: pa ok: 75339
10-13 14:24:10.982 12918 13200 D MSF.C.NetConnTag.DualConnContext.true: tryDualConn
10-13 14:24:10.982 12918 13200 D MSF.C.NetConnTag.true: netSend ssoSeq:75339 uin:*2449 cmd:CzE7FSooDDQsLH4FLz03IwszIB00Pio 75767 1aebaf2 socketEngineID: 0 socket: 28228338
10-13 14:24:10.983 30521  9494 E PlayerCore: loadLibDefault failed to load TPCore-master,dlopen failed: library "libTPCore-master.so" not found
10-13 14:24:10.983 30521  9494 E PlayerCore: Failed to load native libs
10-13 14:24:10.983 30521  9494 I PlayerCore: TPNativeLibraryLoader load lib failed
10-13 14:24:10.983 30521  9494 E PlayerCore: TPNativeLibraryLoader isLibLoaded error:Failed to load native library
10-13 14:24:10.984 30521  9494 D VasAdvServlet: onSend cmd: trpc.sq_adv.official_account_adv_push.OfficialAccountAdvPush.AdvPush
10-13 14:24:10.998 12918 13200 D MSF.C.NetConnTag.true: pa ok: 75340
10-13 14:24:10.998 12918 13200 D MSF.C.NetConnTag.DualConnContext.true: tryDualConn
10-13 14:24:10.998 12918 13200 D MSF.C.NetConnTag.true: netSend ssoSeq:75340 uin:*2449 cmd:PjEgN3QrNAUrJyZ6NT4jMykqMTgFOSY5JTY+IAU5ISwVMyUnMnYKPCwqMz07NAQ5KSwlOi4ZISwaNiM8dBkhLBo2Izw 77144 1aebaf2 socketEngineID: 0 socket: 28228338
10-13 14:24:11.008 12918 13246 D MSF.C.NetConnTag.true: netRecv ssoSeq:75337 uin:*2449 cmd:GxITOzQ2IDk+Dz8zMzZrKjgmDzUvLC0 75953 cross:0 socketEngineID: 0 socket: 28228338
10-13 14:24:11.010 12918 13242 I MSF.S.AppProcessManager: SendToApp process:com.tencent.mobileqq:openSdk fromServiceMsg: FromServiceMsg msName:unknown ssoSeq:75337 serviceCmd:QQConnectLogin.pre_auth appSeq:2 failCode:1000 cos t =1 needBoot=false to.len = 181 from.len = 518
10-13 14:24:11.010  9365  9381 W ratelimit: Single process limit 250/s drop 289 lines.
10-13 14:24:11.010  9365  9381 D MSF.D.Proxy: onReceiveResp, fromServiceMsg = QQConnectLogin.pre_auth, ssoSeq = 75337, length = 518
10-13 14:24:11.011  9365  9365 D SDK_LOGIN.SSOPreAuthPresenter: preAuthWithRetry isSuccess=true, type=0, mPreAuthRetryCount=0, cmd=QQConnectLogin.pre_auth
10-13 14:24:11.011  9365  9365 D SDK_LOGIN.SSOPreAuthPresenter: preAuth mergeFrom success
10-13 14:24:11.011  9365  9365 D ForwardStatisticsReporter: KEY_PRE_AUTH=75, uin=2449
10-13 14:24:11.011  9365  9365 D SDK_LOGIN.SSOPreAuthPresenter: onPreAuthResponse
10-13 14:24:11.012  9365  9365 D SDK_LOGIN.SSOPreAuthPresenter: onPreAuthResponse Permission=Permission{mFlag=1, mTitle='获取你的详细资料, mDescription='昵称、头像、性别等信息, mIsNew=true, mApi=', mId=1010, mChecked=false}
10-13 14:24:11.012  9365  9365 D SDK_LOGIN.AuthMemoryCache: putPreAuthAppInfo=appName=进圈
10-13 14:24:11.012  9365  9365 D SDK_LOGIN.SSOPreAuthPresenter: onPreAuthResponse response.profiles.has()=false
10-13 14:24:11.012  9365  9365 D SDK_LOGIN.SSOLoginAction: preAuth onSuccess
10-13 14:24:11.012  9365  9365 D SDK_LOGIN.SSOLoginAction: unregisterExpiredCallback
10-13 14:24:11.012  9365  9365 D SDK_LOGIN.SSOLoginAction: unregisterExpiredReceiver mExpiredReceiver=com.tencent.open.agent.strategy.SSOLoginAction$12@3c5eba5
10-13 14:24:11.012  9365  9365 D SDK_LOGIN.SSOLoginAction: removeExpiredRunnable
10-13 14:24:11.013  9365  9365 D SDK_LOGIN.SSOLoginAction: routerToAuthActivity isForceToLogin=false, isNew=true
10-13 14:24:11.013  9365  9365 D SDK_LOGIN.AuthorityUtil: getPkgName=com.liquid.poros
10-13 14:24:11.013  9365  9365 D SDK_LOGIN.SSOLoginAction: getCallingPkgName pkgName=com.liquid.poros
10-13 14:24:11.013  9365  9365 D SDK_LOGIN.AuthorityUtil: getPkgName=com.liquid.poros
10-13 14:24:11.013  9365  9365 D SDK_LOGIN.BaseOpenSdkVirtualUtil: getAuthorizeSign.success
10-13 14:24:11.014  9365  9365 D PandoraEx.MonitorReporter: module[network], systemApi[NI#G_TY_NAME], scene[normal], strategy[normal], isSystemCall[true
10-13 14:24:11.014  9365  9365 D SDK_LOGIN.SSOLoginAction: go to auth UI
10-13 14:24:11.015  9365  9365 D JumpActivityHelper: JumpActivityHelper newInstance
10-13 14:24:11.015  9365  9365 I qqBaseActivity.AppStatusCallbackSingleton: initInjectVariable 之后，sInjectAppStatusCallbackList: com.tencent.mobileqq.app.AppStatusCallbackImpl@49d1dcc
10-13 14:24:11.016  9365  9365 I TeleScreen|JefsClass: intercept: 
10-13 14:24:11.016  9365  9501 D PandoraEx.MonitorReporter: module[network], systemApi[NI#G_TYPE], scene[normal], strategy[normal], isSystemCall[true
10-13 14:24:11.016  9365  9501 I System.out: begin to call ****** send due to user permission
10-13 14:24:11.019  9365  9501 D Linux   : [Posix_connect Debug]Process com.tencent.mobileqq:openSdk :8888 
10-13 14:24:11.025  9365  9365 E page.PageSwitchObserver: postAppearDetectionTask: unable to detect activity
10-13 14:24:11.025  9365  9365 I PERF_LOG: SM.onActivityPaused, scene is com.tencent.open.agent.AgentActivity
10-13 14:24:11.025  9365  9365 I app.AppEventReporter: onActivityPause(), activity=com.tencent.open.agent.AgentActivity@b3a2898
10-13 14:24:11.026  9365  9505 I UECPageStayReportManager: UECReportTimeLongTask time = 3
10-13 14:24:11.026  9013  9113 W ratelimit: Single process limit 250/s drop 3 lines.
10-13 14:24:11.026  9013  9113 I [ui]AppForegroundWatcher: 2/app in background
10-13 14:24:11.027  9013  9113 I [ui]LocalAgent: 2/sender = android.os.Messenger@bf9c617
10-13 14:24:11.027  9013  9113 I [ui]LocalAgent: 2/sendAppStatus isAppOnForeground:false sent:true
10-13 14:24:11.027  9365  9505 I UECPageStayReportManager: UECReportTimeLongTask time = 3
10-13 14:24:11.029 12918 13246 D MSF.C.NetConnTag.true: netRecv ssoSeq:75339 uin:*2449 cmd:CzE7FSooDDQsLH4FLz03IwszIB00Pio 76211 cross:0 socketEngineID: 0 socket: 28228338
10-13 14:24:11.031  9126  9209 W ratelimit: Single process limit 250/s drop 94 lines.
10-13 14:24:11.031  9126  9209 I [push]core: 2/app in background
10-13 14:24:11.032 12918 13242 I MSF.S.AppProcessManager: SendToApp process:com.tencent.mobileqq fromServiceMsg: FromServiceMsg msName:unknown ssoSeq:75339 serviceCmd:ArkAppInfo.QueryAppInfo appSeq:242 failCode:1000 cos t =0 needBoot=false to.len = 344 from.len = 779
10-13 14:24:11.034 30521 20173 D MSF.D.Proxy: onReceiveResp, fromServiceMsg = ArkAppInfo.QueryAppInfo, ssoSeq = 75339, length = 779
10-13 14:24:11.036 30521   758 I ArkApp.BusinessHandler: onReceive, cmd=ArkAppInfo.QueryAppInfo, app-msg=true, panelRequest=false, suc=true, delay=55, 
10-13 14:24:11.036 30521 30521 I ArkApp.ArkAppSSOIPCHandler: receive reply, cmd:ArkAppInfo.QueryAppInfo, success=true
10-13 14:24:11.036 30521 30521 I ArkApp.MultiProc: ArkMultiProc.sendAppMsg, success=true, data={"env":"work","msg":"ok","ret":0,"updateInterval":60,"data":{"apps":[{"app":"com.tencent.map","desc":"","sign":"","state":2,"type":0,"url":"","ver":"","updatePeriod":0,"config":null,"msg":"应用已是最新版本","ret":0,"bizsrc":""},{"app":"com.tencent.miniapp","desc":"","sign":"","state":2,"type":0,"url":"","ver":"","updatePeriod":0,"config":null,"msg":"应用已是最新版本","ret":0,"bizsrc":""},{"app":"com.tencent.mannounce","desc":"","sign":"","state":2,"type":0,"url":"","ver":"","updatePeriod":0,"config":null,"msg":"应用已是最新版本","ret":0,"bizsrc":""},{"app":"com.tencent.structmsg","desc":"","sign":"","state":2,"type":0,"url":"","ver":"","updatePeriod":0,"config":null,"msg":"应用已是最新版本","ret":0,"bizsrc":""}],"updateInterval":60}}
10-13 14:24:11.037 30521 30521 I ArkApp.ArkAppMgr: ArkSafe.putGlobalUpdatePeriod updateInterval=60 QueueKey:null
10-13 14:24:11.037 30521 30521 I ArkApp.ArkAppConfigMgr: ArkTemp.ArkSafe.getAppConfig app=com.tencent.map, cached config={"ver":138,"name":"腾讯地图","icon":"https:\/\/map.qq.com\/mobile\/images\/helplogo.png","entry":0,"flag":0,"type":0,"urlWhitelist":{"res":["*.map.gtimg.com","3gimg.qq.com","apis.map.qq.com","clientccos.map.qq.com","confinfo.map.qq.com","liteapp.map.qq.com","micro.map.qq.com","mwg.map.qq.com","rttsub.map.qq.com","shp.qpic.cn","softroute.map.qq.com","syn0.map.qq.com","multimedia.map.qq.com","mapdownload.sparta.html5.qq.com","apis-tj.map.qq.com","h5.map.qq.com","*.sparta.html5.qq.com","*ptlogin2.qq.com","*htdata.qq.com","*htdata2.qq.com","*pub.idqqimg.com\/qqmobile\/client\/ios\/webview*"],"nav":["apis.map.qq.com","map.wap.qq.com","mapdownload.map.qq.com","softroute.map.qq.com","syn0.map.qq.com","3gimg.qq.com","mapdownload.sparta.html5.qq.com","*.map.qq.com","map.qq.com","m.q.qq.com","test.map.qq.com","apis-tj.map.qq.com","map\/*","*ptlogin2.qq.com","*htdata.qq.com","*htdata2.qq.com","*pub.idqqimg.com\/qqmobile\/client\/ios\/webview*"]},"fwdViews":["*"]}, env=Product QueueKey:null
10-13 14:24:11.039 30521 30521 I ArkApp.ArkAppMgr: handleAppConfig, config need not update, load local, app=com.tencent.map, ver=138
10-13 14:24:11.039 30521 30521 I ArkApp.ArkAppMgr: handleAppUpdate, no update, app-name=com.tencent.map, local-ver=********
10-13 14:24:11.039 30521 30521 I ArkApp.ArkAppMgr: ArkSafe.putAppUpdateTime app=com.tencent.map, timeMillis=1697178251039 QueueKey:null
10-13 14:24:11.039 30521 30521 I ArkApp.DataReport: reportArkEngineEventToBeacon, app=com.tencent.map, event=ArkAppUpdateMonitor, success=true, usedTime=64, params={result=2, netType=1, appid=com.tencent.map, errorCode=0, first=0}
10-13 14:24:11.040 30521 30521 I ArkApp.ArkAppConfigMgr: ArkTemp.ArkSafe.getAppConfig app=com.tencent.miniapp, cached config={"ver":196,"name":"小程序","icon":"","entry":0,"flag":0,"type":0,"urlWhitelist":{"res":["*.picsz.qpic.cn","*.file.myqcloud.com\/*","*.q.qq.com\/*","*.qzone.qq.com\/*","*.core.chinacloudapi.cn\/*","*.qpic.cn","minigame.gtimg.cn","*ptlogin2.qq.com","*htdata.qq.com","*htdata2.qq.com","*pub.idqqimg.com\/qqmobile\/client\/ios\/webview*"],"nav":["open","*.q.qq.com","microapp","miniapp","docs.qq.com","*.qzone.qq.com","mqq.tenpay.com","qpay.qq.com","h5.qianbao.qq.com","i.qianbao.qq.com","myun.tenpay.com","*ptlogin2.qq.com","*htdata.qq.com","*htdata2.qq.com","*pub.idqqimg.com\/qqmobile\/client\/ios\/webview*"]},"fwdViews":["*"]}, env=Product QueueKey:null
10-13 14:24:11.040 30521 30521 I ArkApp.ArkAppMgr: handleAppConfig, config need not update, load local, app=com.tencent.miniapp, ver=196
10-13 14:24:11.040 30521 30521 I ArkApp.ArkAppMgr: handleAppUpdate, no update, app-name=com.tencent.miniapp, local-ver=*********
10-13 14:24:11.040 30521 30521 I ArkApp.ArkAppMgr: ArkSafe.putAppUpdateTime app=com.tencent.miniapp, timeMillis=1697178251040 QueueKey:null
10-13 14:24:11.040 30521 30521 I ArkApp.DataReport: reportArkEngineEventToBeacon, app=com.tencent.miniapp, event=ArkAppUpdateMonitor, success=true, usedTime=64, params={result=2, netType=1, appid=com.tencent.miniapp, errorCode=0, first=0}
10-13 14:24:11.040 30521 30521 I ArkApp.ArkAppConfigMgr: ArkTemp.ArkSafe.getAppConfig app=com.tencent.mannounce, cached config={"ver":103,"name":"群公告","icon":"","entry":0,"flag":0,"type":0,"urlWhitelist":{"res":["qun.qq.com","gdynamic.qpic.cn","*ptlogin2.qq.com","*htdata.qq.com","*htdata2.qq.com","*pub.idqqimg.com\/qqmobile\/client\/ios\/webview*"],"nav":["web.qun.qq.com","qun\/OpenNounce","*ptlogin2.qq.com","*htdata.qq.com","*htdata2.qq.com","*pub.idqqimg.com\/qqmobile\/client\/ios\/webview*"]},"fwdViews":["*"]}, env=Product QueueKey:null
10-13 14:24:11.040 30521 30521 I ArkApp.ArkAppMgr: handleAppConfig, config need not update, load local, app=com.tencent.mannounce, ver=103
10-13 14:24:11.040 30521 30521 I ArkApp.ArkAppMgr: handleAppUpdate, no update, app-name=com.tencent.mannounce, local-ver=*********
10-13 14:24:11.041 30521 30521 I ArkApp.ArkAppMgr: ArkSafe.putAppUpdateTime app=com.tencent.mannounce, timeMillis=1697178251041 QueueKey:null
10-13 14:24:11.042 30521 30521 I ArkApp.DataReport: reportArkEngineEventToBeacon, app=com.tencent.mannounce, event=ArkAppUpdateMonitor, success=true, usedTime=65, params={result=2, netType=1, appid=com.tencent.mannounce, errorCode=0, first=0}
10-13 14:24:11.043  9365  9365 I qqBaseActivity: initInjectVariable 之后，sInstanceCallbacks: com.tencent.mobileqq.app.lifecycle.MiniAIOBaseActivityLifecycleCallback@2f89bfe
10-13 14:24:11.043  9365  9365 I qqBaseActivity: initInjectVariable 之后，sInstanceCallbacks: com.tencent.mobileqq.app.lifecycle.DarkModeLifecycleImpl@7d5ff5f
10-13 14:24:11.043  9365  9365 I qqBaseActivity: initInjectVariable 之后，sInjectModuleProviderList: com.tencent.mobileqq.app.activitymodule.DefaultActivityModuleProvider@948c6b2
10-13 14:24:11.043 30521 30521 I ArkApp.ArkAppConfigMgr: ArkTemp.ArkSafe.getAppConfig app=com.tencent.structmsg, cached config={"ver":151,"name":"结构化消息","icon":"","entry":0,"flag":8,"type":0,"urlWhitelist":{"res":[],"nav":[]},"fwdViews":["*"]}, env=Product QueueKey:null
10-13 14:24:11.043 30521 30521 I ArkApp.ArkAppMgr: handleAppConfig, config need not update, load local, app=com.tencent.structmsg, ver=151
10-13 14:24:11.043 30521 30521 I ArkApp.ArkAppMgr: handleAppUpdate, no update, app-name=com.tencent.structmsg, local-ver=********
10-13 14:24:11.043 30521 30521 I ArkApp.ArkAppMgr: ArkSafe.putAppUpdateTime app=com.tencent.structmsg, timeMillis=1697178251043 QueueKey:null
10-13 14:24:11.043 30521 30521 I ArkApp.DataReport: reportArkEngineEventToBeacon, app=com.tencent.structmsg, event=ArkAppUpdateMonitor, success=true, usedTime=65, params={result=2, netType=1, appid=com.tencent.structmsg, errorCode=0, first=0}
10-13 14:24:11.043 30521 30521 I ArkApp.ArkAppMgr: runUpdateLocalAppTask, updateAppByName success, result=NoUpdate, app-name=com.tencent.map, app-version=********, update-period=0
10-13 14:24:11.043 30521 30521 I ArkApp.ArkAppMgr: runUpdateLocalAppTask, updateAppByName success, result=NoUpdate, app-name=com.tencent.miniapp, app-version=*********, update-period=0
10-13 14:24:11.043 30521 30521 I ArkApp.ArkAppMgr: runUpdateLocalAppTask, updateAppByName success, result=NoUpdate, app-name=com.tencent.mannounce, app-version=*********, update-period=0
10-13 14:24:11.044 30521 30521 I ArkApp.ArkAppMgr: runUpdateLocalAppTask, updateAppByName success, result=NoUpdate, app-name=com.tencent.structmsg, app-version=********, update-period=0
10-13 14:24:11.044  9365  9365 D LocaleManager: tryApplyLocaleIfNeeded, resLocale:zh_CN
10-13 14:24:11.044  9365  9365 D LocaleManager: queryCurrentLocale, currentLocale:zh_CN
10-13 14:24:11.044  9365  9365 I plugin_tag: onActivityCreated: com.tencent.open.agent.PublicFragmentActivityForOpenSDK@e8991fc#com.tencent.open.agent.OpenAuthorityFragment
10-13 14:24:11.046  9365  9365 D SDK_LOGIN.PublicFragmentActivityForOpenSDK: doOnCreate hashCode=243896828
10-13 14:24:11.046  9365  9365 I QBaseFragment: initInjectVariable 之后，sGlobalFragmentLifeCycleList: com.tencent.mobileqq.app.lifecycle.GlobalFragmentLifecycleCallback@5928eda
10-13 14:24:11.053  9365  9365 D ThemeNavigationBarUtil: [NavigationBar] setImmersiveNavigationBarColor activity=com.android.internal.policy.PhoneWindow@8fd4001 color=-1
10-13 14:24:11.055  9365  9365 I app.AppEventReporter: onActivityStarted(), activity=com.tencent.open.agent.PublicFragmentActivityForOpenSDK@e8991fc#com.tencent.open.agent.OpenAuthorityFragment@eddf0e7
10-13 14:24:11.055  9365  9365 D LocaleManager: tryApplyLocaleIfNeeded, resLocale:zh_CN
10-13 14:24:11.055  9365  9365 D LocaleManager: queryCurrentLocale, currentLocale:zh_CN
10-13 14:24:11.056  9365  9365 D SDK_LOGIN.OpenAuthorityFragment: onCreateView
10-13 14:24:11.056  9365  9365 D SkinEngine: get index : 34359743587
10-13 14:24:11.059  9365  9365 D SkinEngine: get index : 34359745245
10-13 14:24:11.059  9365  9365 D SkinEngine: get index : 34359759546
10-13 14:24:11.061  9365  9365 D SkinEngine: get index : 34359760917
10-13 14:24:11.072  9365  9365 D SkinEngine: get index : 34359767837
10-13 14:24:11.072  9365  9365 D SkinEngine: SkinEngine loadConstantState begin, resourceID -> 2130855240 , mFileName -> skin_header_bar_bg.9.png , mFilePath -> null, mResources.getValue -> TypedValue{t=0x3/d=0x731d "r/k/skin_header_bar_bg.9.png" a=8 r=0x7f024548}, cacheSize: 7
10-13 14:24:11.072  9365  9365 D SkinEngine: loadConstantState mDrawableCache put res, resourcesId : 2130855240
10-13 14:24:11.072  9365  9365 D SkinEngine: SkinEngine loadConstantState success, resourceID -> 2130855240 , mFileName -> skin_header_bar_bg.9.png , mFilePath -> null, mResources.getValue -> TypedValue{t=0x3/d=0x731d "r/k/skin_header_bar_bg.9.png" a=8 r=0x7f024548}, cacheSize: 8
10-13 14:24:11.073  9365  9365 D SkinEngine: get index : 4294970795
10-13 14:24:11.073  9365  9365 D SkinEngine: get index : 4294970796
10-13 14:24:11.074  9365  9365 D CompatibilityChangeReporter: Compat change id reported: 171228096; UID 10304; state: ENABLED
10-13 14:24:11.076  9365  9365 D SkinEngine: get index : 34359761508
10-13 14:24:11.078  9365  9365 D SkinEngine: get index : 34359745780
10-13 14:24:11.079  9365  9365 D open_log: addLoginHistory uin=2449
10-13 14:24:11.084 12918 13246 D MSF.C.NetConnTag.true: netRecv ssoSeq:75340 uin:*2449 cmd:PjEgN3QrNAUrJyZ6NT4jMykqMTgFOSY5JTY+IAU5ISwVMyUnMnYKPCwqMz07NAQ5KSwlOi4ZISwaNiM8dBkhLBo2Izw 75492 cross:0 socketEngineID: 0 socket: 28228338
10-13 14:24:11.085 12918 13242 I MSF.S.AppProcessManager: SendToApp process:com.tencent.mobileqq fromServiceMsg: FromServiceMsg msName:unknown ssoSeq:75340 serviceCmd:trpc.sq_adv.official_account_adv_push.OfficialAccountAdvPush.AdvPush appSeq:243 failCode:1000 cos t =0 needBoot=false to.len = 1669 from.len = 11
10-13 14:24:11.086 30521 20644 D MSF.D.Proxy: onReceiveResp, fromServiceMsg = trpc.sq_adv.official_account_adv_push.OfficialAccountAdvPush.AdvPush, ssoSeq = 75340, length = 11
10-13 14:24:11.086  9365  9365 D SDK_LOGIN.OpenAuthorityAccountView: -->initUI
10-13 14:24:11.086  9365  9365 D SkinEngine: get index : 34359743586
10-13 14:24:11.087  9365  9365 D SkinEngine: get index : 34359758915
10-13 14:24:11.087  9365  9365 D SDK_LOGIN.BaseAuthorityAccountView: -->initBaseUI
10-13 14:24:11.087  9365  9365 D SkinEngine: get index : 34359741650
10-13 14:24:11.088  9365  9365 D SkinEngine: get index : 34359743829
10-13 14:24:11.088  9365  9365 D SkinEngine: get index : 34359758990
10-13 14:24:11.089  9365  9365 D SkinEngine: get index : 34359745761
10-13 14:24:11.091  9365  9365 D SDK_LOGIN.BaseAuthorityAccountView: -->initOrUpdateAccountList
10-13 14:24:11.091  9365  9365 D SDK_LOGIN.BaseAuthorityAccountView:  第0帐号: 1757382449
10-13 14:24:11.091  9365  9365 D SDK_LOGIN.BaseAuthorityAccountView:  第1帐号: 2407462438
10-13 14:24:11.091  9365  9365 D SDK_LOGIN.BaseAuthorityAccountView:  第2帐号: 1544205781
10-13 14:24:11.091  9365  9365 D SDK_LOGIN.BaseAuthorityAccountView:  第3帐号: 1172546094
10-13 14:24:11.091  9365  9365 D SDK_LOGIN.BaseAuthorityAccountView:  第4帐号: 1755064021
10-13 14:24:11.091  9365  9365 D SDK_LOGIN.BaseAuthorityAccountView:  第5帐号: 3354219755
10-13 14:24:11.091  9365  9365 D SDK_LOGIN.BaseAuthorityAccountView:  第6帐号: 1668648233
10-13 14:24:11.091  9365  9365 D SDK_LOGIN.BaseAuthorityAccountView: -->updateDropDownViews
10-13 14:24:11.092  9365  9365 D SkinEngine: get index : 34359743831
10-13 14:24:11.092  9365  9365 D SkinEngine: get index : 34359745665
10-13 14:24:11.092  9365  9365 D SDK_LOGIN.BaseAuthorityAccountView: -->updateAccountFace uin=2449
10-13 14:24:11.093  9365  9386 E MD5     : loadso msfbootV2 true resultCode=262144 cost=1
10-13 14:24:11.099  9365  9365 D SDK_LOGIN.BaseAuthorityAccountView: -->updateAccountFace uin=2438
10-13 14:24:11.106  9365  9365 D SDK_LOGIN.BaseAuthorityAccountView: -->updateAccountFace uin=5781
10-13 14:24:11.113  9365  9365 D SDK_LOGIN.BaseAuthorityAccountView: -->updateAccountFace uin=6094
10-13 14:24:11.120  9365  9365 D SDK_LOGIN.BaseAuthorityAccountView: -->updateAccountFace uin=4021
10-13 14:24:11.121  9365  9386 I SharedPreferencesProxyManager: getProxyInner from mRemoteSPs
10-13 14:24:11.121  9365  9386 I SharedPreferencesProxy: create new ContentProviderClient: set_sp_mp
10-13 14:24:11.122 30521 20644 I SharedPreferencesProxyManager: getProxyInner from mLocalSPs
10-13 14:24:11.123  9365  9386 I SharedPreferencesProxy: create new ContentProviderClient: com.tencent.mobileqq_preferences
10-13 14:24:11.127  9365  9365 D SDK_LOGIN.BaseAuthorityAccountView: -->updateAccountFace uin=9755
10-13 14:24:11.134  9365  9365 D SDK_LOGIN.BaseAuthorityAccountView: -->updateAccountFace uin=8233
10-13 14:24:11.138  9365  9365 D SkinEngine: get index : 4294973627
10-13 14:24:11.138  9365  9365 D SkinEngine: get index : 4294969783
10-13 14:24:11.138  9365  9365 D SkinEngine: get index : 4294969784
10-13 14:24:11.139  9365  9365 D SkinEngine: get index : 4294969789
10-13 14:24:11.139  9365  9365 D SkinEngine: get index : 4294969793
10-13 14:24:11.139  9365  9365 D SkinEngine: get index : 4294969785
10-13 14:24:11.146  9365  9365 D SDK_LOGIN.OpenCardContainer: onFinishInflate java.lang.Throwable
10-13 14:24:11.146  9365  9365 D SDK_LOGIN.OpenCardContainer: 	at com.tencent.open.agent.OpenCardContainer.onFinishInflate(P:84)
10-13 14:24:11.146  9365  9365 D SDK_LOGIN.OpenCardContainer: 	at android.view.LayoutInflater.rInflate(LayoutInflater.java:1194)
10-13 14:24:11.146  9365  9365 D SDK_LOGIN.OpenCardContainer: 	at android.view.LayoutInflater.rInflateChildren(LayoutInflater.java:1142)
10-13 14:24:11.146  9365  9365 D SDK_LOGIN.OpenCardContainer: 	at android.view.LayoutInflater.rInflate(LayoutInflater.java:1184)
10-13 14:24:11.146  9365  9365 D SDK_LOGIN.OpenCardContainer: 	at android.view.LayoutInflater.rInflateChildren(LayoutInflater.java:1142)
10-13 14:24:11.146  9365  9365 D SDK_LOGIN.OpenCardContainer: 	at android.view.LayoutInflater.inflate(LayoutInflater.java:701)
10-13 14:24:11.146  9365  9365 D SDK_LOGIN.OpenCardContainer: 	at android.view.LayoutInflater.inflate(LayoutInflater.java:553)
10-13 14:24:11.146  9365  9365 D SDK_LOGIN.OpenCardContainer: 	at com.tencent.open.agent.OpenAuthorityFragment.onCreateView(P:103)
10-13 14:24:11.146  9365  9365 D SDK_LOGIN.OpenCardContainer: 	at androidx.fragment.app.Fragment.performCreateView(P:2699)
10-13 14:24:11.146  9365  9365 D SDK_LOGIN.OpenCardContainer: 	at androidx.fragment.app.FragmentStateManager.createView(P:320)
10-13 14:24:11.146  9365  9365 D SDK_LOGIN.OpenCardContainer: 	at androidx.fragment.app.FragmentManager.moveToState(P:1199)
10-13 14:24:11.146  9365  9365 D SDK_LOGIN.OpenCardContainer: 	at androidx.fragment.app.FragmentManager.moveToState(P:1368)
10-13 14:24:11.146  9365  9365 D SDK_LOGIN.OpenCardContainer: 	at androidx.fragment.app.FragmentManager.moveFragmentToExpectedState(P:1446)
10-13 14:24:11.146  9365  9365 D SDK_LOGIN.OpenCardContainer: 	at androidx.fragment.app.FragmentManager.moveToState(P:1509)
10-13 14:24:11.146  9365  9365 D SDK_LOGIN.OpenCardContainer: 	at androidx.fragment.app.BackStackRecord.executeOps(P:447)
10-13 14:24:11.146  9365  9365 D SDK_LOGIN.OpenCardContainer: 	at androidx.fragment.app.FragmentManager.executeOps(P:2181)
10-13 14:24:11.146  9365  9365 D SDK_LOGIN.OpenCardContainer: 	at androidx.fragment.app.FragmentManager.executeOpsTogether(P:2004)
10-13 14:24:11.146  9365  9365 D SDK_LOGIN.OpenCardContainer: 	at androidx.fragment.app.FragmentManager.removeRedundantOperationsAndExecute(P:1959)
10-13 14:24:11.146  9365  9365 D SDK_LOGIN.OpenCardContainer: 	at androidx.fragment.app.FragmentManager.execPendingActions(P:1861)
10-13 14:24:11.146  9365  9365 D SDK_LOGIN.OpenCardContainer: 	at androidx.fragment.app.FragmentManager.dispatchStateChange(P:2641)
10-13 14:24:11.146  9365  9365 D SDK_LOGIN.OpenCardContainer: 	at androidx.fragment.app.FragmentManager.dispatchActivityCreated(P:2589)
10-13 14:24:11.146  9365  9365 D SDK_LOGIN.OpenCardContainer: 	at androidx.fragment.app.FragmentController.dispatchActivityCreated(P:247)
10-13 14:24:11.146  9365  9365 D SDK_LOGIN.OpenCardContainer: 	at androidx.fragment.app.FragmentActivity.onStart(P:541)
10-13 14:24:11.146  9365  9365 D SDK_LOGIN.OpenCardContainer: 	at mqq.app.AppActivity.onStart(P:282)
10-13 14:24:11.146  9365  9365 D SDK_LOGIN.OpenCardContainer: 	at android.app.Instrumentation.callActivityOnStart(Instrumentation.java:1455)
10-13 14:24:11.146  9365  9365 D SDK_LOGIN.OpenCardContainer: 	at android.app.Activity.performStart(Activity.java:8388)
10-13 14:24:11.146  9365  9365 D SDK_LOGIN.OpenCardContainer: 	at android.app.ActivityThread.handleStartActivity(ActivityThread.java:3957)
10-13 14:24:11.146  9365  9365 D SDK_LOGIN.OpenCardContainer: 	at android.app.servertransaction.TransactionExecutor.performLifecycleSequence(TransactionExecutor.java:221)
10-13 14:24:11.146  9365  9365 D SDK_LOGIN.OpenCardContainer: 	at android.app.servertransaction.TransactionExecutor.cycleToPath(TransactionExecutor.java:201)
10-13 14:24:11.146  9365  9365 D SDK_LOGIN.OpenCardContainer: 	at android.app.servertransaction.TransactionExecutor.executeLifecycleState(TransactionExecutor.java:173)
10-13 14:24:11.146  9365  9365 D SDK_LOGIN.OpenCardContainer: 	at android.app.servertransaction.TransactionExecutor.execute(TransactionExecutor.java:97)
10-13 14:24:11.146  9365  9365 D SDK_LOGIN.OpenCardContainer: 	at android.app.ActivityThread$H.handleMessage(ActivityThread.java:2434)
10-13 14:24:11.146  9365  9365 D SDK_LOGIN.OpenCardContainer: 	at android.os.Handler.dispatchMessage(Handler.java:106)
10-13 14:24:11.146  9365  9365 D SDK_LOGIN.OpenCardContainer: 	at android.os.Looper.loopOnce(Looper.java:233)
10-13 14:24:11.146  9365  9365 D SDK_LOGIN.OpenCardContainer: 	at android.os.Looper.loop(Looper.java:334)
10-13 14:24:11.146  9365  9365 D SDK_LOGIN.OpenCardContainer: 	at android.app.ActivityThread.main(ActivityThread.java:8344)
10-13 14:24:11.146  9365  9365 D SDK_LOGIN.OpenCardContainer: 	at java.lang.reflect.Method.invoke(Native Method)
10-13 14:24:11.146  9365  9365 D SDK_LOGIN.OpenCardContainer: 	at com.android.internal.os.RuntimeInit$MethodAndArgsCaller.run(RuntimeInit.java:582)
10-13 14:24:11.146  9365  9365 D SDK_LOGIN.OpenCardContainer: 	at com.android.internal.os.ZygoteInit.main(ZygoteInit.java:1065)
10-13 14:24:11.147  9365  9365 I SharedPreferencesProxy: create new ContentProviderClient: accountList
10-13 14:24:11.147  9365  9365 I SharedPreferencesProxy: create new ContentProviderClient: uin_openid_store
10-13 14:24:11.147  9365  9365 I SharedPreferencesProxy: create new ContentProviderClient: openid_encrytoken
10-13 14:24:11.147  9365  9365 D SDK_LOGIN.BaseAuthorityPresenter: app=com.tencent.qqconnect.wtlogin.OpenSDKAppInterface@4c293d1, mWtLoginManager=mqq.app.WtloginManagerImpl@a3feb84
10-13 14:24:11.147  9365  9365 D SDK_LOGIN.OpenCardContainer: setPresenter java.lang.Throwable
10-13 14:24:11.147  9365  9365 D SDK_LOGIN.OpenCardContainer: 	at com.tencent.open.agent.OpenCardContainer.setPresenter(P:312)
10-13 14:24:11.147  9365  9365 D SDK_LOGIN.OpenCardContainer: 	at com.tencent.open.agent.OpenAuthorityFragment.a(P:228)
10-13 14:24:11.147  9365  9365 D SDK_LOGIN.OpenCardContainer: 	at com.tencent.open.agent.OpenAuthorityFragment.onCreateView(P:124)
10-13 14:24:11.147  9365  9365 D SDK_LOGIN.OpenCardContainer: 	at androidx.fragment.app.Fragment.performCreateView(P:2699)
10-13 14:24:11.147  9365  9365 D SDK_LOGIN.OpenCardContainer: 	at androidx.fragment.app.FragmentStateManager.createView(P:320)
10-13 14:24:11.147  9365  9365 D SDK_LOGIN.OpenCardContainer: 	at androidx.fragment.app.FragmentManager.moveToState(P:1199)
10-13 14:24:11.147  9365  9365 D SDK_LOGIN.OpenCardContainer: 	at androidx.fragment.app.FragmentManager.moveToState(P:1368)
10-13 14:24:11.147  9365  9365 D SDK_LOGIN.OpenCardContainer: 	at androidx.fragment.app.FragmentManager.moveFragmentToExpectedState(P:1446)
10-13 14:24:11.147  9365  9365 D SDK_LOGIN.OpenCardContainer: 	at androidx.fragment.app.FragmentManager.moveToState(P:1509)
10-13 14:24:11.147  9365  9365 D SDK_LOGIN.OpenCardContainer: 	at androidx.fragment.app.BackStackRecord.executeOps(P:447)
10-13 14:24:11.147  9365  9365 D SDK_LOGIN.OpenCardContainer: 	at androidx.fragment.app.FragmentManager.executeOps(P:2181)
10-13 14:24:11.147  9365  9365 D SDK_LOGIN.OpenCardContainer: 	at androidx.fragment.app.FragmentManager.executeOpsTogether(P:2004)
10-13 14:24:11.147  9365  9365 D SDK_LOGIN.OpenCardContainer: 	at androidx.fragment.app.FragmentManager.removeRedundantOperationsAndExecute(P:1959)
10-13 14:24:11.147  9365  9365 D SDK_LOGIN.OpenCardContainer: 	at androidx.fragment.app.FragmentManager.execPendingActions(P:1861)
10-13 14:24:11.147  9365  9365 D SDK_LOGIN.OpenCardContainer: 	at androidx.fragment.app.FragmentManager.dispatchStateChange(P:2641)
10-13 14:24:11.147  9365  9365 D SDK_LOGIN.OpenCardContainer: 	at androidx.fragment.app.FragmentManager.dispatchActivityCreated(P:2589)
