10-13 14:24:10.674  9365  9365 I GlobalDisplayMetricsManager: default width is 1080 currentWidth is 1080
10-13 14:24:10.675  9365  9365 I GlobalDisplayMetricsManager: sysCurDensityDpi is 480 sysDefultDensityDpi is 480
10-13 14:24:10.675  9365  9365 I GlobalDisplayMetricsManager: before displayMetrics is DisplayMetrics{density=3.0, width=1080, height=2182, scaledDensity=3.0, xdpi=403.411, ydpi=402.389}
10-13 14:24:10.675  9365  9365 I GlobalDisplayMetricsManager: after displayMetrics is DisplayMetrics{density=2.7, width=1080, height=2182, scaledDensity=2.7, xdpi=403.411, ydpi=402.389} hashCode is 189921584
10-13 14:24:10.675  9365  9365 D FontSettingManager: currentDm: 2.7, 2.7, 432
10-13 14:24:10.675  9365  9365 I Utils   : current process name: com.tencent.mobileqq:openSdk
10-13 14:24:10.676  9365  9365 I MMKV    : Disable checkProcessMode()
10-13 14:24:10.677  9365  9365 I MMKV    : <native-bridge.cpp:104::JNI_OnLoad> current API level = 31, libc++_shared=0
10-13 14:24:10.677  9365  9365 I MMKV    : <MMKV.cpp:165::initialize> version v1.2.12, page size 4096, arch arm64-v8a
10-13 14:24:10.677  9365  9365 I MMKV    : <MMKV.cpp:176::initialize> armv8 AES instructions is supported
10-13 14:24:10.677  9365  9365 I MMKV    : <MMKV.cpp:184::initialize> armv8 CRC32 instructions is supported
10-13 14:24:10.677  9365  9365 I MMKV    : <MMKV.cpp:207::initializeMMKV> root dir: /data/user/0/com.tencent.mobileqq/files/mmkv
10-13 14:24:10.678  9365  9365 I AutoMonitor: nextState -1, 0
10-13 14:24:10.679  9365  9365 D [DynamicFeature] LoadCompactDynamicFeature: [compact] load: invoked.  BuildConfig.IS_QRUN_COMPACT: false AppSetting.isQRunCompact(): false
10-13 14:24:10.679  9365  9365 I SharedPreferencesProxy: create new ContentProviderClient: hotpatch_preference
10-13 14:24:10.685  9365  9365 D PatchLogTag: DexPatchInstaller checkDexPatchConfigAndStatus patch config is null
10-13 14:24:10.685  9365  9365 D PatchLogTag: DexPatchInstaller installDexPatch Not inject patch, status=0
10-13 14:24:10.685  9365  9365 D VFSRegisterProxy: initConfig start!
10-13 14:24:10.685  9365  9365 I SharedPreferencesProxy: create new ContentProviderClient: StepUpdate
10-13 14:24:10.686  9365  9365 D VFSRegisterProxy: initConfig checkSP is called, return val = false
10-13 14:24:10.686  9365  9365 D VFSRegisterProxy: initConfig end!
10-13 14:24:10.687  9365  9365 D PandoraEx.ActivityMonitor: ActivityMonitor init success
10-13 14:24:10.687  9365  9365 D PandoraEx.Utils: convertAndUpdateConfig: Config{module[default_module], systemApi[null], rules[{}], specialPage[null], isBanAccess[false], isBanBackgroundAccess[false], isReportRealTime[false], reportSampleRate[1], configHighFrequency[null}
10-13 14:24:10.688  9365  9365 E PandoraEx.ConfigManager: initDefaultConfig initLevel is defaultConfig
10-13 14:24:10.688  9365  9365 D PandoraEx.Utils: convertAndUpdateConfig: Config{module[default_module], systemApi[null], rules[{back=Rule{scene[back], strategy[cache_only], highFreq[null], cacheTime[0], silenceTime[0], reportRate[0], legalPage[[]], illegalPage[[]]}, before=Rule{scene[before], strategy[ban], highFreq[null], cacheTime[0], silenceTime[0], reportRate[0], legalPage[[]], illegalPage[[]]}}], specialPage[null], isBanAccess[false], isBanBackgroundAccess[false], isReportRealTime[false], reportSampleRate[1], configHighFrequency[null}
10-13 14:24:10.688  9365  9365 D PandoraEx.Utils: convertAndUpdateConfig: Config{module[clipboard], systemApi[null], rules[{high_freq=Rule{scene[high_freq], strategy[normal], highFreq[ConfigHighFrequency{count[10], durationMillSecond[10000], actualDuration[0]}], cacheTime[0], silenceTime[0], reportRate[0], legalPage[[]], illegalPage[[]]}}], specialPage[null], isBanAccess[false], isBanBackgroundAccess[false], isReportRealTime[false], reportSampleRate[1], configHighFrequency[ConfigHighFrequency{count[10], durationMillSecond[10000], actualDuration[0]}}
10-13 14:24:10.688  9365  9365 D PandoraEx.Utils: convertAndUpdateConfig: Config{module[contact], systemApi[null], rules[{back=Rule{scene[back], strategy[cache_only], highFreq[null], cacheTime[0], silenceTime[0], reportRate[0], legalPage[[]], illegalPage[[]]}}], specialPage[null], isBanAccess[false], isBanBackgroundAccess[true], isReportRealTime[false], reportSampleRate[1], configHighFrequency[null}
10-13 14:24:10.688  9365  9365 D PandoraEx.Utils: convertAndUpdateConfig: Config{module[location], systemApi[null], rules[{back=Rule{scene[back], strategy[cache_only], highFreq[null], cacheTime[0], silenceTime[0], reportRate[0], legalPage[[]], illegalPage[[]]}}], specialPage[null], isBanAccess[false], isBanBackgroundAccess[true], isReportRealTime[false], reportSampleRate[1], configHighFrequency[null}
10-13 14:24:10.688  9365  9365 D PandoraEx.Utils: convertAndUpdateConfig: Config{module[device], systemApi[null], rules[{normal=Rule{scene[normal], strategy[storage], highFreq[null], cacheTime[-1], silenceTime[0], reportRate[0], legalPage[[]], illegalPage[[]]}}], specialPage[null], isBanAccess[false], isBanBackgroundAccess[false], isReportRealTime[false], reportSampleRate[1], configHighFrequency[null}
10-13 14:24:10.688  9365  9365 D PandoraEx.Utils: convertAndUpdateConfig: Config{module[network], systemApi[WI#G_MA_ADDR], rules[{normal=Rule{scene[normal], strategy[storage], highFreq[null], cacheTime[-1], silenceTime[0], reportRate[0], legalPage[[]], illegalPage[[]]}}], specialPage[null], isBanAccess[false], isBanBackgroundAccess[false], isReportRealTime[false], reportSampleRate[1], configHighFrequency[null}
10-13 14:24:10.688  9365  9365 D PandoraEx.Utils: convertAndUpdateConfig: Config{module[network], systemApi[NI#G_HW_ADDR], rules[{normal=Rule{scene[normal], strategy[storage], highFreq[null], cacheTime[-1], silenceTime[0], reportRate[0], legalPage[[]], illegalPage[[]]}}], specialPage[null], isBanAccess[false], isBanBackgroundAccess[false], isReportRealTime[false], reportSampleRate[1], configHighFrequency[null}
10-13 14:24:10.688  9365  9365 D PandoraEx.Utils: convertAndUpdateConfig: Config{module[device], systemApi[TM#G_LI_NUM], rules[{normal=Rule{scene[normal], strategy[normal], highFreq[null], cacheTime[10000], silenceTime[0], reportRate[0], legalPage[[]], illegalPage[[]]}}], specialPage[null], isBanAccess[false], isBanBackgroundAccess[false], isReportRealTime[false], reportSampleRate[1], configHighFrequency[null}
10-13 14:24:10.688  9365  9365 D PandoraEx.Utils: convertAndUpdateConfig: Config{module[device], systemApi[TM#G_SIM_OP], rules[{normal=Rule{scene[normal], strategy[normal], highFreq[null], cacheTime[10000], silenceTime[0], reportRate[0], legalPage[[]], illegalPage[[]]}}], specialPage[null], isBanAccess[false], isBanBackgroundAccess[false], isReportRealTime[false], reportSampleRate[1], configHighFrequency[null}
10-13 14:24:10.688  9365  9365 D PandoraEx.Utils: convertAndUpdateConfig: Config{module[device], systemApi[TM#G_SIM_SE_NUM], rules[{normal=Rule{scene[normal], strategy[normal], highFreq[null], cacheTime[10000], silenceTime[0], reportRate[0], legalPage[[]], illegalPage[[]]}}], specialPage[null], isBanAccess[false], isBanBackgroundAccess[false], isReportRealTime[false], reportSampleRate[1], configHighFrequency[null}
10-13 14:24:10.688  9365  9365 D PandoraEx.Utils: convertAndUpdateConfig: Config{module[sensor], systemApi[null], rules[{back=Rule{scene[back], strategy[normal], highFreq[null], cacheTime[0], silenceTime[0], reportRate[0], legalPage[[]], illegalPage[[]]}}], specialPage[null], isBanAccess[false], isBanBackgroundAccess[false], isReportRealTime[false], reportSampleRate[1], configHighFrequency[null}
10-13 14:24:10.688  9365  9365 D TraceUtil: config cost = 0.646875
10-13 14:24:10.688  9365  9365 D PandoraEx.Utils: convertAndUpdateConfig: Config{module[network], systemApi[WI#G_MA_ADDR], rules[{}], specialPage[null], isBanAccess[false], isBanBackgroundAccess[false], isReportRealTime[false], reportSampleRate[100000], configHighFrequency[null}
10-13 14:24:10.688  9365  9365 D PandoraEx.Utils: convertAndUpdateConfig: Config{module[network], systemApi[NI#G_HW_ADDR], rules[{}], specialPage[null], isBanAccess[false], isBanBackgroundAccess[false], isReportRealTime[false], reportSampleRate[100000], configHighFrequency[null}
10-13 14:24:10.688  9365  9365 D PandoraEx.Utils: convertAndUpdateConfig: Config{module[network], systemApi[NC#HAS_TRANS], rules[{normal=Rule{scene[normal], strategy[normal], highFreq[null], cacheTime[0], silenceTime[0], reportRate[0], legalPage[[]], illegalPage[[]]}, before=Rule{scene[before], strategy[ban], highFreq[null], cacheTime[0], silenceTime[0], reportRate[0], legalPage[[]], illegalPage[[]]}, back=Rule{scene[back], strategy[ban], highFreq[null], cacheTime[0], silenceTime[0], reportRate[0], legalPage[[]], illegalPage[[]]}}], specialPage[null], isBanAccess[false], isBanBackgroundAccess[false], isReportRealTime[false], reportSampleRate[100000], configHighFrequency[null}
10-13 14:24:10.688  9365  9365 D PandoraEx.Utils: convertAndUpdateConfig: Config{module[default_module], systemApi[null], rules[{}], specialPage[null], isBanAccess[false], isBanBackgroundAccess[false], isReportRealTime[false], reportSampleRate[100000], configHighFrequency[null}
10-13 14:24:10.688  9365  9365 D PandoraEx.Utils: convertAndUpdateConfig: Config{module[device], systemApi[null], rules[{}], specialPage[null], isBanAccess[false], isBanBackgroundAccess[false], isReportRealTime[false], reportSampleRate[100000], configHighFrequency[null}
10-13 14:24:10.688  9365  9365 D PandoraEx.Utils: convertAndUpdateConfig: Config{module[device], systemApi[TM#G_LI_NUM], rules[{}], specialPage[null], isBanAccess[false], isBanBackgroundAccess[false], isReportRealTime[false], reportSampleRate[100000], configHighFrequency[null}
10-13 14:24:10.688  9365  9365 D PandoraEx.Utils: convertAndUpdateConfig: Config{module[device], systemApi[TM#G_SIM_OP], rules[{}], specialPage[null], isBanAccess[false], isBanBackgroundAccess[false], isReportRealTime[false], reportSampleRate[100000], configHighFrequency[null}
10-13 14:24:10.688  9365  9365 D PandoraEx.Utils: convertAndUpdateConfig: Config{module[device], systemApi[TM#G_SIM_SE_NUM], rules[{}], specialPage[null], isBanAccess[false], isBanBackgroundAccess[false], isReportRealTime[false], reportSampleRate[100000], configHighFrequency[null}
10-13 14:24:10.688  9365  9365 D PandoraEx.Utils: convertAndUpdateConfig: Config{module[recorder], systemApi[null], rules[{normal=Rule{scene[normal], strategy[normal], highFreq[null], cacheTime[0], silenceTime[0], reportRate[0], legalPage[[]], illegalPage[[]]}, before=Rule{scene[before], strategy[ban], highFreq[null], cacheTime[0], silenceTime[0], reportRate[0], legalPage[[]], illegalPage[[]]}, back=Rule{scene[back], strategy[normal], highFreq[null], cacheTime[0], silenceTime[0], reportRate[0], legalPage[[]], illegalPage[[]]}}], specialPage[null], isBanAccess[false], isBanBackgroundAccess[false], isReportRealTime[false], reportSampleRate[1], configHighFrequency[null}
10-13 14:24:10.688  9365  9365 D PandoraEx.Utils: convertAndUpdateConfig: Config{module[camera], systemApi[null], rules[{normal=Rule{scene[normal], strategy[normal], highFreq[null], cacheTime[0], silenceTime[0], reportRate[0], legalPage[[]], illegalPage[[]]}, before=Rule{scene[before], strategy[ban], highFreq[null], cacheTime[0], silenceTime[0], reportRate[0], legalPage[[]], illegalPage[[]]}, back=Rule{scene[back], strategy[normal], highFreq[null], cacheTime[0], silenceTime[0], reportRate[0], legalPage[[]], illegalPage[[]]}}], specialPage[null], isBanAccess[false], isBanBackgroundAccess[false], isReportRealTime[false], reportSampleRate[1], configHighFrequency[null}
10-13 14:24:10.688  9365  9365 D PandoraEx.Utils: convertAndUpdateConfig: Config{module[contact], systemApi[null], rules[{normal=Rule{scene[normal], strategy[normal], highFreq[null], cacheTime[0], silenceTime[0], reportRate[0], legalPage[[]], illegalPage[[]]}, before=Rule{scene[before], strategy[ban], highFreq[null], cacheTime[0], silenceTime[0], reportRate[0], legalPage[[]], illegalPage[[]]}, back=Rule{scene[back], strategy[cache_only], highFreq[null], cacheTime[0], silenceTime[0], reportRate[0], legalPage[[]], illegalPage[[]]}}], specialPage[null], isBanAccess[false], isBanBackgroundAccess[false], isReportRealTime[false], reportSampleRate[100000], configHighFrequency[null}
10-13 14:24:10.688  9365  9365 D PandoraEx.Utils: convertAndUpdateConfig: Config{module[location], systemApi[null], rules[{normal=Rule{scene[normal], strategy[normal], highFreq[null], cacheTime[0], silenceTime[0], reportRate[0], legalPage[[]], illegalPage[[]]}, before=Rule{scene[before], strategy[ban], highFreq[null], cacheTime[0], silenceTime[0], reportRate[0], legalPage[[]], illegalPage[[]]}, back=Rule{scene[back], strategy[cache_only], highFreq[null], cacheTime[0], silenceTime[0], reportRate[0], legalPage[[]], illegalPage[[]]}}], specialPage[null], isBanAccess[false], isBanBackgroundAccess[false], isReportRealTime[false], reportSampleRate[100000], configHighFrequency[null}
10-13 14:24:10.688  9365  9365 D PandoraEx.Utils: convertAndUpdateConfig: Config{module[location], systemApi[WM#G_CON_INFO], rules[{normal=Rule{scene[normal], strategy[normal], highFreq[null], cacheTime[0], silenceTime[0], reportRate[0], legalPage[[]], illegalPage[[]]}, before=Rule{scene[before], strategy[ban], highFreq[null], cacheTime[0], silenceTime[0], reportRate[0], legalPage[[]], illegalPage[[]]}, back=Rule{scene[back], strategy[cache_only], highFreq[null], cacheTime[0], silenceTime[0], reportRate[0], legalPage[[]], illegalPage[[]]}}], specialPage[null], isBanAccess[false], isBanBackgroundAccess[false], isReportRealTime[false], reportSampleRate[300000], configHighFrequency[null}
10-13 14:24:10.688  9365  9365 D PandoraEx.Utils: convertAndUpdateConfig: Config{module[location], systemApi[TM#REQ_NW_SC#REC], rules[{normal=Rule{scene[normal], strategy[normal], highFreq[null], cacheTime[0], silenceTime[0], reportRate[0], legalPage[[]], illegalPage[[]]}, before=Rule{scene[before], strategy[ban], highFreq[null], cacheTime[0], silenceTime[0], reportRate[0], legalPage[[]], illegalPage[[]]}, back=Rule{scene[back], strategy[normal], highFreq[null], cacheTime[0], silenceTime[0], reportRate[0], legalPage[[]], illegalPage[[]]}}], specialPage[null], isBanAccess[false], isBanBackgroundAccess[false], isReportRealTime[false], reportSampleRate[100000], configHighFrequency[null}
10-13 14:24:10.688  9365  9365 D PandoraEx.Utils: convertAndUpdateConfig: Config{module[location], systemApi[BLS#STRT_SC#S], rules[{normal=Rule{scene[normal], strategy[normal], highFreq[null], cacheTime[0], silenceTime[0], reportRate[0], legalPage[[]], illegalPage[[]]}, before=Rule{scene[before], strategy[ban], highFreq[null], cacheTime[0], silenceTime[0], reportRate[0], legalPage[[]], illegalPage[[]]}, back=Rule{scene[back], strategy[normal], highFreq[null], cacheTime[0], silenceTime[0], reportRate[0], legalPage[[]], illegalPage[[]]}}], specialPage[null], isBanAccess[false], isBanBackgroundAccess[false], isReportRealTime[false], reportSampleRate[100000], configHighFrequency[null}
10-13 14:24:10.688  9365  9365 D PandoraEx.Utils: convertAndUpdateConfig: Config{module[location], systemApi[BLS#STRT_SC#LSS], rules[{normal=Rule{scene[normal], strategy[normal], highFreq[null], cacheTime[0], silenceTime[0], reportRate[0], legalPage[[]], illegalPage[[]]}, before=Rule{scene[before], strategy[ban], highFreq[null], cacheTime[0], silenceTime[0], reportRate[0], legalPage[[]], illegalPage[[]]}, back=Rule{scene[back], strategy[normal], highFreq[null], cacheTime[0], silenceTime[0], reportRate[0], legalPage[[]], illegalPage[[]]}}], specialPage[null], isBanAccess[false], isBanBackgroundAccess[false], isReportRealTime[false], reportSampleRate[100000], configHighFrequency[null}
10-13 14:24:10.689  9365  9365 D PandoraEx.Utils: convertAndUpdateConfig: Config{module[location], systemApi[BLS#STRT_SC#LSP], rules[{normal=Rule{scene[normal], strategy[normal], highFreq[null], cacheTime[0], silenceTime[0], reportRate[0], legalPage[[]], illegalPage[[]]}, before=Rule{scene[before], strategy[ban], highFreq[null], cacheTime[0], silenceTime[0], reportRate[0], legalPage[[]], illegalPage[[]]}, back=Rule{scene[back], strategy[normal], highFreq[null], cacheTime[0], silenceTime[0], reportRate[0], legalPage[[]], illegalPage[[]]}}], specialPage[null], isBanAccess[false], isBanBackgroundAccess[false], isReportRealTime[false], reportSampleRate[100000], configHighFrequency[null}
10-13 14:24:10.689  9365  9365 D PandoraEx.Utils: convertAndUpdateConfig: Config{module[location], systemApi[BA#STRT_DIS_COV], rules[{normal=Rule{scene[normal], strategy[normal], highFreq[null], cacheTime[0], silenceTime[0], reportRate[0], legalPage[[]], illegalPage[[]]}, before=Rule{scene[before], strategy[ban], highFreq[null], cacheTime[0], silenceTime[0], reportRate[0], legalPage[[]], illegalPage[[]]}, back=Rule{scene[back], strategy[normal], highFreq[null], cacheTime[0], silenceTime[0], reportRate[0], legalPage[[]], illegalPage[[]]}}], specialPage[null], isBanAccess[false], isBanBackgroundAccess[false], isReportRealTime[false], reportSampleRate[100000], configHighFrequency[null}
10-13 14:24:10.689  9365  9365 D PandoraEx.Utils: convertAndUpdateConfig: Config{module[location], systemApi[BA#STRT_LE_SC#L], rules[{normal=Rule{scene[normal], strategy[normal], highFreq[null], cacheTime[0], silenceTime[0], reportRate[0], legalPage[[]], illegalPage[[]]}, before=Rule{scene[before], strategy[ban], highFreq[null], cacheTime[0], silenceTime[0], reportRate[0], legalPage[[]], illegalPage[[]]}, back=Rule{scene[back], strategy[normal], highFreq[null], cacheTime[0], silenceTime[0], reportRate[0], legalPage[[]], illegalPage[[]]}}], specialPage[null], isBanAccess[false], isBanBackgroundAccess[false], isReportRealTime[false], reportSampleRate[100000], configHighFrequency[null}
10-13 14:24:10.689  9013  9200 D ChannelUtils: 未解析到相应的渠道号，使用默认内部渠道号
10-13 14:24:10.689  9013  9200 D ChannelUtils: channel 2---------------=unknown_channel
10-13 14:24:10.689  9365  9365 D PandoraEx.Utils: convertAndUpdateConfig: Config{module[location], systemApi[BA#STRT_LE_SC#UL], rules[{normal=Rule{scene[normal], strategy[normal], highFreq[null], cacheTime[0], silenceTime[0], reportRate[0], legalPage[[]], illegalPage[[]]}, before=Rule{scene[before], strategy[ban], highFreq[null], cacheTime[0], silenceTime[0], reportRate[0], legalPage[[]], illegalPage[[]]}, back=Rule{scene[back], strategy[normal], highFreq[null], cacheTime[0], silenceTime[0], reportRate[0], legalPage[[]], illegalPage[[]]}}], specialPage[null], isBanAccess[false], isBanBackgroundAccess[false], isReportRealTime[false], reportSampleRate[100000], configHighFrequency[null}
10-13 14:24:10.689  9365  9365 D PandoraEx.Utils: convertAndUpdateConfig: Config{module[location], systemApi[TM#G_SER_STATE], rules[{normal=Rule{scene[normal], strategy[normal], highFreq[null], cacheTime[0], silenceTime[0], reportRate[0], legalPage[[]], illegalPage[[]]}, before=Rule{scene[before], strategy[ban], highFreq[null], cacheTime[0], silenceTime[0], reportRate[0], legalPage[[]], illegalPage[[]]}, back=Rule{scene[back], strategy[normal], highFreq[null], cacheTime[0], silenceTime[0], reportRate[0], legalPage[[]], illegalPage[[]]}}], specialPage[null], isBanAccess[false], isBanBackgroundAccess[false], isReportRealTime[false], reportSampleRate[100000], configHighFrequency[null}
10-13 14:24:10.689  9365  9365 D PandoraEx.Utils: convertAndUpdateConfig: Config{module[location], systemApi[TM#LIS#PI], rules[{normal=Rule{scene[normal], strategy[normal], highFreq[null], cacheTime[0], silenceTime[0], reportRate[0], legalPage[[]], illegalPage[[]]}, before=Rule{scene[before], strategy[ban], highFreq[null], cacheTime[0], silenceTime[0], reportRate[0], legalPage[[]], illegalPage[[]]}, back=Rule{scene[back], strategy[normal], highFreq[null], cacheTime[0], silenceTime[0], reportRate[0], legalPage[[]], illegalPage[[]]}}], specialPage[null], isBanAccess[false], isBanBackgroundAccess[false], isReportRealTime[false], reportSampleRate[100000], configHighFrequency[null}
10-13 14:24:10.689  9013  9200 D ChannelUtils: channel 3-------------=unknown_channel
10-13 14:24:10.689  9365  9365 D PandoraEx.Utils: convertAndUpdateConfig: Config{module[network], systemApi[null], rules[{normal=Rule{scene[normal], strategy[normal], highFreq[null], cacheTime[0], silenceTime[0], reportRate[0], legalPage[[]], illegalPage[[]]}, before=Rule{scene[before], strategy[ban], highFreq[null], cacheTime[0], silenceTime[0], reportRate[0], legalPage[[]], illegalPage[[]]}, back=Rule{scene[back], strategy[normal], highFreq[null], cacheTime[0], silenceTime[0], reportRate[0], legalPage[[]], illegalPage[[]]}}], specialPage[null], isBanAccess[false], isBanBackgroundAccess[false], isReportRealTime[false], reportSampleRate[100000], configHighFrequency[null}
10-13 14:24:10.689  9365  9365 D PandoraEx.Utils: convertAndUpdateConfig: Config{module[network], systemApi[WI#G_BSSID], rules[{normal=Rule{scene[normal], strategy[normal], highFreq[null], cacheTime[0], silenceTime[0], reportRate[0], legalPage[[]], illegalPage[[]]}, before=Rule{scene[before], strategy[ban], highFreq[null], cacheTime[0], silenceTime[0], reportRate[0], legalPage[[]], illegalPage[[]]}, back=Rule{scene[back], strategy[normal], highFreq[null], cacheTime[0], silenceTime[0], reportRate[0], legalPage[[]], illegalPage[[]]}}], specialPage[null], isBanAccess[false], isBanBackgroundAccess[false], isReportRealTime[false], reportSampleRate[100000], configHighFrequency[null}
10-13 14:24:10.689  9365  9365 D PandoraEx.Utils: convertAndUpdateConfig: Config{module[network], systemApi[NI#G_TYPE], rules[{normal=Rule{scene[normal], strategy[normal], highFreq[null], cacheTime[0], silenceTime[0], reportRate[0], legalPage[[]], illegalPage[[]]}, before=Rule{scene[before], strategy[ban], highFreq[null], cacheTime[0], silenceTime[0], reportRate[0], legalPage[[]], illegalPage[[]]}, back=Rule{scene[back], strategy[normal], highFreq[null], cacheTime[0], silenceTime[0], reportRate[0], legalPage[[]], illegalPage[[]]}}], specialPage[null], isBanAccess[false], isBanBackgroundAccess[false], isReportRealTime[false], reportSampleRate[5000000], configHighFrequency[null}
10-13 14:24:10.689  9365  9365 D PandoraEx.Utils: convertAndUpdateConfig: Config{module[clipboard], systemApi[CM#G_PRI_CLIP_DESC], rules[{normal=Rule{scene[normal], strategy[normal], highFreq[null], cacheTime[0], silenceTime[0], reportRate[0], legalPage[[]], illegalPage[[]]}, before=Rule{scene[before], strategy[ban], highFreq[null], cacheTime[0], silenceTime[0], reportRate[0], legalPage[[]], illegalPage[[]]}, back=Rule{scene[back], strategy[cache_only], highFreq[null], cacheTime[0], silenceTime[0], reportRate[0], legalPage[[]], illegalPage[[]]}}], specialPage[null], isBanAccess[false], isBanBackgroundAccess[false], isReportRealTime[false], reportSampleRate[5000000], configHighFrequency[null}
10-13 14:24:10.689  9365  9365 D PandoraEx.Utils: convertAndUpdateConfig: Config{module[sensor], systemApi[null], rules[{normal=Rule{scene[normal], strategy[normal], highFreq[null], cacheTime[0], silenceTime[0], reportRate[0], legalPage[[]], illegalPage[[]]}, before=Rule{scene[before], strategy[ban], highFreq[null], cacheTime[0], silenceTime[0], reportRate[0], legalPage[[]], illegalPage[[]]}, back=Rule{scene[back], strategy[normal], highFreq[null], cacheTime[0], silenceTime[0], reportRate[0], legalPage[[]], illegalPage[[]]}}], specialPage[null], isBanAccess[false], isBanBackgroundAccess[false], isReportRealTime[false], reportSampleRate[100000], configHighFrequency[null}
10-13 14:24:10.689  9365  9365 D PandoraEx.Utils: convertAndUpdateConfig: Config{module[network], systemApi[WI#G_MA_ADDR], rules[{normal=Rule{scene[normal], strategy[storage], highFreq[null], cacheTime[-1], silenceTime[0], reportRate[0], legalPage[[]], illegalPage[[]]}, before=Rule{scene[before], strategy[ban], highFreq[null], cacheTime[0], silenceTime[0], reportRate[0], legalPage[[]], illegalPage[[]]}, back=Rule{scene[back], strategy[cache_only], highFreq[null], cacheTime[0], silenceTime[0], reportRate[0], legalPage[[]], illegalPage[[]]}}], specialPage[null], isBanAccess[false], isBanBackgroundAccess[false], isReportRealTime[false], reportSampleRate[20000], configHighFrequency[null}
10-13 14:24:10.689  9365  9365 D PandoraEx.Utils: convertAndUpdateConfig: Config{module[network], systemApi[NI#G_HW_ADDR], rules[{normal=Rule{scene[normal], strategy[storage], highFreq[null], cacheTime[-1], silenceTime[0], reportRate[0], legalPage[[]], illegalPage[[]]}, before=Rule{scene[before], strategy[ban], highFreq[null], cacheTime[0], silenceTime[0], reportRate[0], legalPage[[]], illegalPage[[]]}, back=Rule{scene[back], strategy[cache_only], highFreq[null], cacheTime[0], silenceTime[0], reportRate[0], legalPage[[]], illegalPage[[]]}}], specialPage[null], isBanAccess[false], isBanBackgroundAccess[false], isReportRealTime[false], reportSampleRate[20000], configHighFrequency[null}
10-13 14:24:10.689  9365  9365 D PandoraEx.Utils: convertAndUpdateConfig: Config{module[device], systemApi[BU#MODEL], rules[{normal=Rule{scene[normal], strategy[storage], highFreq[null], cacheTime[-1], silenceTime[0], reportRate[0], legalPage[[]], illegalPage[[]]}, before=Rule{scene[before], strategy[ban], highFreq[null], cacheTime[0], silenceTime[0], reportRate[0], legalPage[[]], illegalPage[[]]}, back=Rule{scene[back], strategy[cache_only], highFreq[null], cacheTime[0], silenceTime[0], reportRate[0], legalPage[[]], illegalPage[[]]}}], specialPage[null], isBanAccess[false], isBanBackgroundAccess[false], isReportRealTime[false], reportSampleRate[10000000], configHighFrequency[null}
10-13 14:24:10.689  9365  9365 D PandoraEx.Utils: convertAndUpdateConfig: Config{module[device], systemApi[TM#G_IM], rules[{normal=Rule{scene[normal], strategy[storage], highFreq[null], cacheTime[-1], silenceTime[0], reportRate[0], legalPage[[]], illegalPage[[]]}, before=Rule{scene[before], strategy[ban], highFreq[null], cacheTime[0], silenceTime[0], reportRate[0], legalPage[[]], illegalPage[[]]}, back=Rule{scene[back], strategy[cache_only], highFreq[null], cacheTime[0], silenceTime[0], reportRate[0], legalPage[[]], illegalPage[[]]}}], specialPage[null], isBanAccess[false], isBanBackgroundAccess[false], isReportRealTime[false], reportSampleRate[1000000], configHighFrequency[null}
10-13 14:24:10.689  9365  9365 D PandoraEx.Utils: convertAndUpdateConfig: Config{module[device], systemApi[TM#G_IM#I], rules[{normal=Rule{scene[normal], strategy[storage], highFreq[null], cacheTime[-1], silenceTime[0], reportRate[0], legalPage[[]], illegalPage[[]]}, before=Rule{scene[before], strategy[ban], highFreq[null], cacheTime[0], silenceTime[0], reportRate[0], legalPage[[]], illegalPage[[]]}, back=Rule{scene[back], strategy[cache_only], highFreq[null], cacheTime[0], silenceTime[0], reportRate[0], legalPage[[]], illegalPage[[]]}}], specialPage[null], isBanAccess[false], isBanBackgroundAccess[false], isReportRealTime[false], reportSampleRate[1000000], configHighFrequency[null}
10-13 14:24:10.689  9365  9365 D PandoraEx.Utils: convertAndUpdateConfig: Config{module[device], systemApi[TM#G_DID], rules[{normal=Rule{scene[normal], strategy[storage], highFreq[null], cacheTime[-1], silenceTime[0], reportRate[0], legalPage[[]], illegalPage[[]]}, before=Rule{scene[before], strategy[ban], highFreq[null], cacheTime[0], silenceTime[0], reportRate[0], legalPage[[]], illegalPage[[]]}, back=Rule{scene[back], strategy[cache_only], highFreq[null], cacheTime[0], silenceTime[0], reportRate[0], legalPage[[]], illegalPage[[]]}}], specialPage[null], isBanAccess[false], isBanBackgroundAccess[false], isReportRealTime[false], reportSampleRate[1000000], configHighFrequency[null}
10-13 14:24:10.689  9365  9365 D PandoraEx.Utils: convertAndUpdateConfig: Config{module[device], systemApi[TM#G_DID#I], rules[{normal=Rule{scene[normal], strategy[storage], highFreq[null], cacheTime[-1], silenceTime[0], reportRate[0], legalPage[[]], illegalPage[[]]}, before=Rule{scene[before], strategy[ban], highFreq[null], cacheTime[0], silenceTime[0], reportRate[0], legalPage[[]], illegalPage[[]]}, back=Rule{scene[back], strategy[cache_only], highFreq[null], cacheTime[0], silenceTime[0], reportRate[0], legalPage[[]], illegalPage[[]]}}], specialPage[null], isBanAccess[false], isBanBackgroundAccess[false], isReportRealTime[false], reportSampleRate[1000000], configHighFrequency[null}
10-13 14:24:10.689  9365  9365 D PandoraEx.Utils: convertAndUpdateConfig: Config{module[device], systemApi[TM#G_SID], rules[{normal=Rule{scene[normal], strategy[storage], highFreq[null], cacheTime[-1], silenceTime[0], reportRate[0], legalPage[[]], illegalPage[[]]}, before=Rule{scene[before], strategy[ban], highFreq[null], cacheTime[0], silenceTime[0], reportRate[0], legalPage[[]], illegalPage[[]]}, back=Rule{scene[back], strategy[cache_only], highFreq[null], cacheTime[0], silenceTime[0], reportRate[0], legalPage[[]], illegalPage[[]]}}], specialPage[null], isBanAccess[false], isBanBackgroundAccess[false], isReportRealTime[false], reportSampleRate[200000], configHighFrequency[null}
10-13 14:24:10.689  9365  9365 D PandoraEx.Utils: convertAndUpdateConfig: Config{module[device], systemApi[TM#G_MID], rules[{normal=Rule{scene[normal], strategy[storage], highFreq[null], cacheTime[-1], silenceTime[0], reportRate[0], legalPage[[]], illegalPage[[]]}, before=Rule{scene[before], strategy[ban], highFreq[null], cacheTime[0], silenceTime[0], reportRate[0], legalPage[[]], illegalPage[[]]}, back=Rule{scene[back], strategy[cache_only], highFreq[null], cacheTime[0], silenceTime[0], reportRate[0], legalPage[[]], illegalPage[[]]}}], specialPage[null], isBanAccess[false], isBanBackgroundAccess[false], isReportRealTime[false], reportSampleRate[300000], configHighFrequency[null}
10-13 14:24:10.689  9365  9365 D PandoraEx.Utils: convertAndUpdateConfig: Config{module[device], systemApi[TM#G_MID#I], rules[{normal=Rule{scene[normal], strategy[storage], highFreq[null], cacheTime[-1], silenceTime[0], reportRate[0], legalPage[[]], illegalPage[[]]}, before=Rule{scene[before], strategy[ban], highFreq[null], cacheTime[0], silenceTime[0], reportRate[0], legalPage[[]], illegalPage[[]]}, back=Rule{scene[back], strategy[cache_only], highFreq[null], cacheTime[0], silenceTime[0], reportRate[0], legalPage[[]], illegalPage[[]]}}], specialPage[null], isBanAccess[false], isBanBackgroundAccess[false], isReportRealTime[false], reportSampleRate[300000], configHighFrequency[null}
10-13 14:24:10.689  9365  9365 D PandoraEx.Utils: convertAndUpdateConfig: Config{module[device], systemApi[SE#G_AID], rules[{normal=Rule{scene[normal], strategy[storage], highFreq[null], cacheTime[-1], silenceTime[0], reportRate[0], legalPage[[]], illegalPage[[]]}, before=Rule{scene[before], strategy[ban], highFreq[null], cacheTime[0], silenceTime[0], reportRate[0], legalPage[[]], illegalPage[[]]}, back=Rule{scene[back], strategy[cache_only], highFreq[null], cacheTime[0], silenceTime[0], reportRate[0], legalPage[[]], illegalPage[[]]}}], specialPage[null], isBanAccess[false], isBanBackgroundAccess[false], isReportRealTime[false], reportSampleRate[500000], configHighFrequency[null}
10-13 14:24:10.689  9365  9365 D PandoraEx.Utils: convertAndUpdateConfig: Config{module[appinfo], systemApi[null], rules[{normal=Rule{scene[normal], strategy[normal], highFreq[null], cacheTime[0], silenceTime[0], reportRate[0], legalPage[[]], illegalPage[[]]}, before=Rule{scene[before], strategy[ban], highFreq[null], cacheTime[0], silenceTime[0], reportRate[0], legalPage[[]], illegalPage[[]]}, back=Rule{scene[back], strategy[normal], highFreq[null], cacheTime[0], silenceTime[0], reportRate[0], legalPage[[]], illegalPage[[]]}}], specialPage[null], isBanAccess[false], isBanBackgroundAccess[false], isReportRealTime[false], reportSampleRate[10000], configHighFrequency[null}
10-13 14:24:10.689  9365  9365 D PrivacyProtectionManager: getConfigFormMmkv begin
10-13 14:24:10.689  9365  9365 I MMKV    : Disable checkProcessMode()
10-13 14:24:10.690  9365  9365 D PandoraEx.PandoraExConfigMMKV: initMMKV at: /data/user/0/com.tencent.mobileqq/files/mmkv
10-13 14:24:10.690  9365  9365 D PrivacyMonitorConfigProcessor: [config] getConfigFormMMKV: PrivacyMonitorConfigBean{ configList = []}
10-13 14:24:10.690  9365  9365 I MMKV    : Disable checkProcessMode()
10-13 14:24:10.690  9365  9365 D PandoraEx.MMKVStrategy: initMMKV at: /data/user/0/com.tencent.mobileqq/files/mmkv
10-13 14:24:10.690  9365  9365 I SharedPreferencesProxy: create new ContentProviderClient: c_profile_sharepreference
10-13 14:24:10.690  9013  9200 I okhttp.OkHttpClient: --> POST http://poros-test.diffusenetwork.com/service/views/user/device_info?channel_name=unknown_channel&app=jinquan&hotfix_version=&nonce_str=43f2fd1d-1079-4cea-9e6a-d8d0e082c945&own_family_id=&device_id=68b3db9d-9ada-3174-a05a-cf26161b8c64&sign=lipv_BTpISISCsEldW_L6g&Latitude=&Longitude=&et=1697178250300&pkg_name=com.liquid.poros&biz=jinquan&version_name=2.0.2.3&device_serial=unknown&wifi_proxy=true&mac_addr=020000000000&user_id=&wifi_mac_addr=unknow&wifi_vpn=false&platform_name=Android&imei=&own_union_id=&android_id=24c40c57d13f0bc6&oaid=11df45db5cebdaab16293e7bdfbdfa05357a989197129dabf30bf8d0c19f85f3
10-13 14:24:10.691  9013  9200 I okhttp.OkHttpClient: Content-Length: 1031
10-13 14:24:10.691  9013  9200 I okhttp.OkHttpClient: Accept-Charset: UTF-8
10-13 14:24:10.691  9013  9200 I okhttp.OkHttpClient: Content-Type: application/x-www-form-urlencoded;charset=UTF-8
10-13 14:24:10.691  9013  9200 I okhttp.OkHttpClient: Connection: keep-alive
10-13 14:24:10.691  9013  9200 I okhttp.OkHttpClient: Accept: */*
10-13 14:24:10.691  9013  9200 I okhttp.OkHttpClient: channel_name: unknown_channel
10-13 14:24:10.691  9013  9200 I okhttp.OkHttpClient: app: jinquan
10-13 14:24:10.691  9013  9200 I okhttp.OkHttpClient: hotfix_version: 
10-13 14:24:10.691  9013  9200 I okhttp.OkHttpClient: nonce_str: 891cc97c-3f01-4235-a2a5-97730a61a61c
10-13 14:24:10.691  9013  9200 I okhttp.OkHttpClient: own_family_id: 
10-13 14:24:10.691  9013  9200 I okhttp.OkHttpClient: device_id: 68b3db9d-9ada-3174-a05a-cf26161b8c64
10-13 14:24:10.691  9013  9200 I okhttp.OkHttpClient: sign: gOd7jNoHipw42bxw-0n07Q
10-13 14:24:10.691  9013  9200 I okhttp.OkHttpClient: Latitude: 
10-13 14:24:10.691  9013  9200 I okhttp.OkHttpClient: Longitude: 
10-13 14:24:10.691  9013  9200 I okhttp.OkHttpClient: et: 1697178250300
10-13 14:24:10.691  9013  9200 I okhttp.OkHttpClient: pkg_name: com.liquid.poros
10-13 14:24:10.691  9013  9200 I okhttp.OkHttpClient: biz: jinquan
10-13 14:24:10.691  9013  9200 I okhttp.OkHttpClient: version_name: 2.0.2.3
10-13 14:24:10.691  9365  9365 D PandoraEx.PrivacyPolicyHelper: setPrivacyPolicyStatus, state=1
10-13 14:24:10.691  9013  9200 I okhttp.OkHttpClient: device_serial: unknown
10-13 14:24:10.691  9365  9365 D PrivacyProtectionManager: com.tencent.mobileqq:openSdk init privacy_protection successful
10-13 14:24:10.691  9013  9200 I okhttp.OkHttpClient: wifi_proxy: true
10-13 14:24:10.692  9013  9200 I okhttp.OkHttpClient: mac_addr: 020000000000
10-13 14:24:10.692  9013  9200 I okhttp.OkHttpClient: user_id: 
10-13 14:24:10.692  9013  9200 I okhttp.OkHttpClient: wifi_mac_addr: unknow
10-13 14:24:10.692  9013  9200 I okhttp.OkHttpClient: wifi_vpn: false
10-13 14:24:10.692  9013  9200 I okhttp.OkHttpClient: platform_name: Android
10-13 14:24:10.692  9013  9200 I okhttp.OkHttpClient: imei: 
10-13 14:24:10.692  9013  9200 I okhttp.OkHttpClient: own_union_id: 
10-13 14:24:10.692  9013  9200 I okhttp.OkHttpClient: android_id: 24c40c57d13f0bc6
10-13 14:24:10.692  9013  9200 I okhttp.OkHttpClient: oaid: 11df45db5cebdaab16293e7bdfbdfa05357a989197129dabf30bf8d0c19f85f3
10-13 14:24:10.692  9013  9200 I okhttp.OkHttpClient: User-Agent: Mozilla/5.0 (Linux; Android 12; V2118A Build/SP1A.210812.003; wv) AppleWebKit/537.36 (KHTML, like Gecko) Version/4.0 Chrome/91.0.4472.114 Mobile Safari/537.36
10-13 14:24:10.692  9013  9200 I okhttp.OkHttpClient: {"cpu_info":"AArch64 Processor rev 0 (aarch64)","cpu_abi_list":"arm64-v8a,armeabi-v7a,armeabi","client_type":"C","is_root":"false","operator":"lt","network":"NETWORK_WIFI","biz":"jinquan","platform_type":"debug","cpu_abi":"true","mac_addr":"020000000000","wifi_mac_addr":"unknow","system_version":"12","phone_manufacturer":"vivo","temperature":"0","platform_name":"Android","phone_display":"SP1A.210812.003 release-keys","oaid":"11df45db5cebdaab16293e7bdfbdfa05357a989197129dabf30bf8d0c19f85f3","total_capacity":"229 GB","channel_name":"unknown_channel","app":"jinquan","system_time":"1697178250463","device_id":"68b3db9d-9ada-3174-a05a-cf26161b8c64","event_time_str":"2023-10-13 14:24:10","remain_capacity":"37.34 GB","battery_rate":"0","phone_brand":"vivo","phone_model":"V2118A","version_name":"2.0.2.3","device_serial":"unknown","user_id":"","report_id":"9eaab50803884da9a772176ab1732dc6","display_metrics":"1080x2182","imei":"","android_id":"24c40c57d13f0bc6","cpu_core_num":"8","event_time":"1697178250463","total_ram":"8GB"}
10-13 14:24:10.692  9013  9200 I okhttp.OkHttpClient: --> END POST (1031-byte body)
10-13 14:24:10.693  9365  9365 I SharedPreferencesProxy: create new ContentProviderClient: dt_sdk_start
10-13 14:24:10.696  9365  9365 I NativeMemoryMonitor: load so res: true
10-13 14:24:10.697  9365  9365 D LIBNATIVE-MEMORY-LIBRARY-LIB: native-lib.cpp:initJniHook(49) >> mark: 2691516232, mark2: 2691516264
10-13 14:24:10.698  9365  9365 D LIBNATIVE-MEMORY-LIBRARY-LIB: FileHooker.cpp:hookFile(129) >> file hooked
10-13 14:24:10.701  9365  9365 D TeleScreen|JefsClass: JefsClassInjectUtil newInstance
10-13 14:24:10.708  9365  9365 D DtSdkInitStep: [setDtVideoSwitch] switch: true
10-13 14:24:10.708  9365  9365 D DtSdkInitStep: markToProceed
10-13 14:24:10.708  9365  9365 D DtSdkInitStep: 848QQDT initDTCost : 6 ms， from = 1
10-13 14:24:10.708  9365  9365 D AutoMonitor: LoadDex, cost=30 results: true
10-13 14:24:10.712  9365  9386 E 2g.outt : init
10-13 14:24:10.712  9365  9386 E 2g.outt : sync
10-13 14:24:10.713  9365  9365 D AutoMonitor: LoadModule, cost=4 results: true
10-13 14:24:10.713  9365  9365 D MSF.D.MonitorSocket: phoneDisplays: KOT49H|KTU84P, phoneModels: COOLPAD7295, appid: , version: , currVersion: *********75, process: , com.tencent.mobileqq:openSdk
10-13 14:24:10.714  9365  9365 I MSF.D.MonitorSocket: Socket imple class: java.net.SocksSocketImpl
10-13 14:24:10.714  9365  9365 D MSF.D.MonitorSocket:  Monitor Socket started.
10-13 14:24:10.715  9365  9386 I 2g.outt : vm onResult true
10-13 14:24:10.717  9365  9386 D PandoraEx.MonitorReporter: module[device], systemApi[SE#G_AID], scene[back], strategy[cache_only], isSystemCall[false
10-13 14:24:10.720  9365  9365 D AutoMonitor: OldApplication, cost=7 results: false
10-13 14:24:10.720  9365  9365 D AutoMonitor: [LoadDex, LoadModule, OldApplication, ManageThread], cost=41 results: false
10-13 14:24:10.721  9365  9386 D BeaconChannelProcessor: [parse] content: {"channel":1}
10-13 14:24:10.721  9365  9365 I AutoMonitor: updateVersion ProcFirstLaunchcom.tencent.mobileqq:openSdk 83e6c009 83e6c009
10-13 14:24:10.721  9365  9365 D AutoMonitor: Update, cost=1 results: true
10-13 14:24:10.721  9365  9365 D RdmInit : doStep process=com.tencent.mobileqq:openSdk, sRdmState=0
10-13 14:24:10.721  9365  9386 D QQBeaconReport: [start] useSocket: true
10-13 14:24:10.722  9365  9386 I beacon  : beacon logAble: false
10-13 14:24:10.722  9365  9386 D Qq******************] force: false, allow: true, init: false: 
10-13 14:24:10.722  9365  9386 I qimei   : beacon logAble: false
10-13 14:24:10.722  9365  9365 D mqq     : *2438 true 1696927136328 *2449 true 1697096552408
10-13 14:24:10.722  9365  9365 D mqq     : *9755 true 1694603073046 *2438 true 1696927136328
10-13 14:24:10.722  9365  9365 D mqq     : *8233 true 1689145378879 *9755 true 1694603073046
10-13 14:24:10.722  9365  9365 D mqq     : *5781 true 1696925839748 *8233 true 1689145378879
10-13 14:24:10.722  9365  9365 D mqq     : *5781 true 1696925839748 *9755 true 1694603073046
10-13 14:24:10.722  9365  9365 D mqq     : *5781 true 1696925839748 *2438 true 1696927136328
10-13 14:24:10.722  9365  9365 D mqq     : *4021 true 1694603087813 *5781 true 1696925839748
10-13 14:24:10.722  9365  9365 D mqq     : *4021 true 1694603087813 *8233 true 1689145378879
10-13 14:24:10.722  9365  9365 D mqq     : *4021 true 1694603087813 *9755 true 1694603073046
10-13 14:24:10.722  9365  9365 D mqq     : *6094 true 1694603096243 *4021 true 1694603087813
10-13 14:24:10.722  9365  9365 D mqq     : *6094 true 1694603096243 *2438 true 1696927136328
10-13 14:24:10.722  9365  9365 D mqq     : *6094 true 1694603096243 *5781 true 1696925839748
10-13 14:24:10.722  9365  9365 D QQCrashReportManager: CrashReport init started.
10-13 14:24:10.723  9365  9365 D QQCrashReportManager: SET CrashConfig publicVersionMergeSwitch=false| anrNeedThreadMonitor=false
10-13 14:24:10.723  9365  9365 D QQCrashReportManager: initCrashReport process=com.tencent.mobileqq:openSdk, pid=9365
10-13 14:24:10.723  9365  9365 D PandoraEx.MonitorReporter: module[device], systemApi[SE#G_AID], scene[back], strategy[cache_only], isSystemCall[false
10-13 14:24:10.725  9365  9386 D Qq******************] init. process: com.tencent.mobileqq:openSdk: 
10-13 14:24:10.725  9365  9386 I beacon  : logAble: false , SDKVersion: ********-hf4
10-13 14:24:10.725  9365  9365 D QQCrashReportManager: initNativeCrashReport process=com.tencent.mobileqq:openSdk, pid=9365
10-13 14:24:10.725  9365  9386 D QQBeaconReport: start Beacon & QIMEI SDK: isDebugVersion = false, appVersion: , appKey: 0S200MNJT807V3GE, log: false, userAllow: true
10-13 14:24:10.725  9365  9386 D DtSdkInitStep: init beacon-dt success ! cost : 17 ms
10-13 14:24:10.726  9365  9365 I native_eup: register native abi method success
10-13 14:24:10.735  9365  9415 E System  :  ******** DEPRECATED FUNCTIONALITY ********
10-13 14:24:10.735  9365  9415 E System  :  * The implementation of the KeyFactory.RSA algorithm from
10-13 14:24:10.735  9365  9415 E System  :  * the BC provider is deprecated in this version of Android.
10-13 14:24:10.735  9365  9415 E System  :  * It will be removed in a future version of Android and your
10-13 14:24:10.735  9365  9415 E System  :  * application will no longer be able to request it.  Please see
10-13 14:24:10.735  9365  9415 E System  :  * ****************************************************************************************
10-13 14:24:10.735  9365  9415 E System  :  * for more details.
10-13 14:24:10.738  9365  9365 D QQCrashReportManager: CrashReport init finished.
10-13 14:24:10.738  9365  9365 D AutoMonitor: Rdm, cost=17 results: true
10-13 14:24:10.738  9365  9365 D AutoMonitor: HackVm, cost=0 results: true
10-13 14:24:10.738  9365  9365 D mqq     : doInit begin withcom.tencent.mobileqq:openSdk
10-13 14:24:10.739  9365  9365 I SharedPreferencesProxy: create new ContentProviderClient: msf_sdk_proxy_factory
10-13 14:24:10.741  9365  9365 I MsfServiceSdk: vivo_v2118a create isUseNewProxy=false randomInt=58
10-13 14:24:10.742  9365  9365 D PandoraEx.MonitorReporter: module[network], systemApi[NI#G_TY_NAME], scene[back], strategy[normal], isSystemCall[true
10-13 14:24:10.742  9365  9365 D PandoraEx.MonitorReporter: module[network], systemApi[NI#G_TY_NAME], scene[back], strategy[normal], isSystemCall[true
10-13 14:24:10.742  9365  9365 I MSF.D.NetworkProvider: refresh currentAPN:. received networkInfo: CONNECTED :NetworkInfo: type: WIFI[], state: CONNECTED/CONNECTED, reason: (unspecified), extra: "流体, roaming: false, failover: false, isAvailable: true, isConnectedToProvisioningNetwork: true. ExtraNetInfo: null
10-13 14:24:10.742  9365  9365 D MSF.D.NetworkProvider: netchange NONE to WiFi
10-13 14:24:10.742  9365  9365 D MsfServiceSdk: MsfServiceSdk init proxyNew=false processName=com.tencent.mobileqq:openSdk
10-13 14:24:10.744  9365  9365 D MSF.D.Proxy: MSF_Alive_Log start service finish
10-13 14:24:10.745 12918 12918 D MSF.S.MsfService: MSF_Alive_Log serivce onStart: com.tencent.mobileqq:openSdk
10-13 14:24:10.746  9365  9365 D MSF.D.Proxy: threadID:2, threadName: main bind service finished true
10-13 14:24:10.746  9365  9365 D MobileQQ: createNewRuntime, needSaveLoginTime:false, forLogin:false, cnrType:5, process:null
10-13 14:24:10.746  9365  9365 D MSF.D.RemoteServiceProxy: linkToDeath
10-13 14:24:10.744  9365  9365 W qimei-thread-2: type=1400 audit(0.0:62025): avc: denied { read } for name="/" dev="dm-5" ino=2 scontext=u:r:untrusted_app_27:s0:c512,c768 tcontext=u:object_r:rootfs:s0 tclass=dir permissive=0 app=com.tencent.mobileqq
10-13 14:24:10.747  9365  9365 D MSF.D.Proxy: MSF_Alive_Log start service finish
10-13 14:24:10.748  9365  9365 D MSF.D.Proxy: threadID:2, threadName: main bind service finished true
10-13 14:24:10.748  9365  9365 I SharedPreferencesProxy: create new ContentProviderClient: sp_login_auto
10-13 14:24:10.749 12918 12918 D MSF.S.MsfService: MSF_Alive_Log serivce onStart: com.tencent.mobileqq:openSdk
10-13 14:24:10.750  9365  9365 D MobileQQ: createNewRuntime, canAutoOK: true uin : *2449
10-13 14:24:10.750  9365  9365 D SimpleTintManager: mThemeId is null, reinit
10-13 14:24:10.754 12918 12918 D NetConnInfoCenter: receive broadcast Intent { act=com.tencent.mobileqq.msf.startmsf flg=0x2010 pkg=com.tencent.mobileqq cmp=com.tencent.mobileqq/.msf.core.NetConnInfoCenter }, init = true
10-13 14:24:10.790  9013  9260 D apiRecord: 2023-10-13 14:24:10 |-| POST |-| http://poros-test.diffusenetwork.com/service/views/user/device_info?channel_name=unknown_channel&app=jinquan&hotfix_version=&nonce_str=43f2fd1d-1079-4cea-9e6a-d8d0e082c945&own_family_id=&device_id=68b3db9d-9ada-3174-a05a-cf26161b8c64&sign=lipv_BTpISISCsEldW_L6g&Latitude=&Longitude=&et=1697178250300&pkg_name=com.liquid.poros&biz=jinquan&version_name=2.0.2.3&device_serial=unknown&wifi_proxy=true&mac_addr=020000000000&user_id=&wifi_mac_addr=unknow&wifi_vpn=false&platform_name=Android&imei=&own_union_id=&android_id=24c40c57d13f0bc6&oaid=11df45db5cebdaab16293e7bdfbdfa05357a989197129dabf30bf8d0c19f85f3 |-| curl -X POST -H 'Accept-Charset: UTF-8' -H 'Connection: keep-alive' -H 'Accept: */*' -H 'channel_name: unknown_channel' -H 'app: jinquan' -H 'hotfix_version: ' -H 'nonce_str: 891cc97c-3f01-4235-a2a5-97730a61a61c' -H 'own_family_id: ' -H 'device_id: 68b3db9d-9ada-3174-a05a-cf26161b8c64' -H 'sign: gOd7jNoHipw42bxw-0n07Q' -H 'Latitude: ' -H 'Longitude: ' -H 'et: 1697178250300' -H 'pkg_name: com.liquid.poros' -H 'biz: jinquan' -H 'version_name: 2.0.2.3' -H 'device_serial: unknown' -H 'wifi_proxy: true' -H 'mac_addr: 020000000000' -H 'user_id: ' -H 'wifi_mac_addr: unknow' -H 'wifi_vpn: false' -H 'platform_name: Android' -H 'imei: ' -H 'own_union_id: ' -H 'android_id: 24c40c57d13f0bc6' -H 'oaid: 11df45db5cebdaab16293e7bdfbdfa05357a989197129dabf30bf8d0c19f85f3' -H 'User-Agent: Mozilla/5.0 (Linux; Android 12; V2118A Build/SP1A.210812.003; wv) AppleWebKit/537.36 (KHTML, like Gecko) Version/4.0 Chrome/91.0.4472.114 Mobile Safari/537.36' -H 'Content-Type: application/json;charset=utf-8' -H 'Content-Length: 1031' -H 'Host: poros-test.diffusenetwork.com' -H 'Accept-Encoding: gzip' --data-binary '{"cpu_info":"AArch64 Processor rev 0 (aarch64)","cpu_abi_list":"arm64-v8a,armeabi-v7a,armeabi","client_type":"C","is_root":"false","operator":"lt","network":"NETWORK_WIFI","biz":"jinquan","platform_type":"debug","cpu_abi":"true","mac_addr":"020000000000","wifi_mac_addr":"unknow","system_version":"12","phone_manufacturer":"vivo","temperature":"0","platform_name":"Android","phone_display":"SP1A.210812.003 release-keys","oaid":"11df45db5cebdaab16293e7bdfbdfa05357a989197129dabf30bf8d0c19f85f3","total_capacity":"229 GB","channel_name":"unknown_channel","app":"jinquan","system_time":"1697178250463","device_id":"68b3db9d-9ada-3174-a05a-cf26161b8c64","event_time_str":"2023-10-13 14:24:10","remain_capacity":"37.34 GB","battery_rate":"0","phone_brand":"vivo","phone_model":"V2118A","version_name":"2.0.2.3","device_serial":"unknown","user_id":"","report_id":"9eaab50803884da9a772176ab1732dc6","display_metrics":"1080x2182","imei":"","android_id":"24c40c57d13f0bc6","cpu_core_num":"8","event_time":"1697178250463","total_ram":"8GB"}' --compressed http://poros-test.diffusenetwork.com/service/views/user/device_info?channel_name=unknown_channel&app=jinquan&hotfix_version=&nonce_str=43f2fd1d-1079-4cea-9e6a-d8d0e082c945&own_family_id=&device_id=68b3db9d-9ada-3174-a05a-cf26161b8c64&sign=lipv_BTpISISCsEldW_L6g&Latitude=&Longitude=&et=1697178250300&pkg_name=com.liquid.poros&biz=jinquan&version_name=2.0.2.3&device_serial=unknown&wifi_proxy=true&mac_addr=020000000000&user_id=&wifi_mac_addr=unknow&wifi_vpn=false&platform_name=Android&imei=&own_union_id=&android_id=24c40c57d13f0bc6&oaid=11df45db5cebdaab16293e7bdfbdfa05357a989197129dabf30bf8d0c19f85f3 |-| {"code":0,"msg":"\u6210\u529f"}
10-13 14:24:10.791  9013  9200 I okhttp.OkHttpClient: <-- 200 OK http://poros-test.diffusenetwork.com/service/views/user/device_info?channel_name=unknown_channel&app=jinquan&hotfix_version=&nonce_str=43f2fd1d-1079-4cea-9e6a-d8d0e082c945&own_family_id=&device_id=68b3db9d-9ada-3174-a05a-cf26161b8c64&sign=lipv_BTpISISCsEldW_L6g&Latitude=&Longitude=&et=1697178250300&pkg_name=com.liquid.poros&biz=jinquan&version_name=2.0.2.3&device_serial=unknown&wifi_proxy=true&mac_addr=020000000000&user_id=&wifi_mac_addr=unknow&wifi_vpn=false&platform_name=Android&imei=&own_union_id=&android_id=24c40c57d13f0bc6&oaid=11df45db5cebdaab16293e7bdfbdfa05357a989197129dabf30bf8d0c19f85f3 (98ms)
10-13 14:24:10.791  9013  9200 I okhttp.OkHttpClient: Date: Fri, 13 Oct 2023 06:24:11 GMT
10-13 14:24:10.791  9013  9200 I okhttp.OkHttpClient: Content-Type: application/json
10-13 14:24:10.791  9013  9200 I okhttp.OkHttpClient: Content-Length: 32
10-13 14:24:10.791  9013  9200 I okhttp.OkHttpClient: x-envoy-upstream-service-time: 12
10-13 14:24:10.791  9013  9200 I okhttp.OkHttpClient: x-env-flow-enable: true
